<?xml version="1.0" encoding="ISO-8859-1" ?>
<link_info>
   <banner>TI ARM Linker PC v18.12.1.LTS</banner>
   <copyright>Copyright (c) 1996-2018 Texas Instruments Incorporated</copyright>
   <link_time>0x5f4ffac6</link_time>
   <link_errors>0x0</link_errors>
   <output_file>inc.out</output_file>
   <entry_point>
      <name>_c_int00_noargs</name>
      <address>0x2795</address>
   </entry_point>
   <input_file_list>
      <input_file id="fl-2">
         <path>.\</path>
         <kind>object</kind>
         <file>ADC14.obj</file>
         <name>ADC14.obj</name>
      </input_file>
      <input_file id="fl-3">
         <path>.\</path>
         <kind>object</kind>
         <file>ADCTA0Trigger.obj</file>
         <name>ADCTA0Trigger.obj</name>
      </input_file>
      <input_file id="fl-4">
         <path>.\</path>
         <kind>object</kind>
         <file>AP.obj</file>
         <name>AP.obj</name>
      </input_file>
      <input_file id="fl-5">
         <path>.\</path>
         <kind>object</kind>
         <file>Bump.obj</file>
         <name>Bump.obj</name>
      </input_file>
      <input_file id="fl-6">
         <path>.\</path>
         <kind>object</kind>
         <file>Clock.obj</file>
         <name>Clock.obj</name>
      </input_file>
      <input_file id="fl-7">
         <path>.\</path>
         <kind>object</kind>
         <file>CortexM.obj</file>
         <name>CortexM.obj</name>
      </input_file>
      <input_file id="fl-8">
         <path>.\</path>
         <kind>object</kind>
         <file>EUSCIA0.obj</file>
         <name>EUSCIA0.obj</name>
      </input_file>
      <input_file id="fl-9">
         <path>.\</path>
         <kind>object</kind>
         <file>FFT.obj</file>
         <name>FFT.obj</name>
      </input_file>
      <input_file id="fl-a">
         <path>.\</path>
         <kind>object</kind>
         <file>FIFO0.obj</file>
         <name>FIFO0.obj</name>
      </input_file>
      <input_file id="fl-b">
         <path>.\</path>
         <kind>object</kind>
         <file>FlashProgram.obj</file>
         <name>FlashProgram.obj</name>
      </input_file>
      <input_file id="fl-c">
         <path>.\</path>
         <kind>object</kind>
         <file>Fuzzy.obj</file>
         <name>Fuzzy.obj</name>
      </input_file>
      <input_file id="fl-d">
         <path>.\</path>
         <kind>object</kind>
         <file>GPIO.obj</file>
         <name>GPIO.obj</name>
      </input_file>
      <input_file id="fl-e">
         <path>.\</path>
         <kind>object</kind>
         <file>HDC2080.obj</file>
         <name>HDC2080.obj</name>
      </input_file>
      <input_file id="fl-f">
         <path>.\</path>
         <kind>object</kind>
         <file>I2CB1.obj</file>
         <name>I2CB1.obj</name>
      </input_file>
      <input_file id="fl-10">
         <path>.\</path>
         <kind>object</kind>
         <file>IRDistance.obj</file>
         <name>IRDistance.obj</name>
      </input_file>
      <input_file id="fl-11">
         <path>.\</path>
         <kind>object</kind>
         <file>LPF.obj</file>
         <name>LPF.obj</name>
      </input_file>
      <input_file id="fl-12">
         <path>.\</path>
         <kind>object</kind>
         <file>LaunchPad.obj</file>
         <name>LaunchPad.obj</name>
      </input_file>
      <input_file id="fl-13">
         <path>.\</path>
         <kind>object</kind>
         <file>Motor.obj</file>
         <name>Motor.obj</name>
      </input_file>
      <input_file id="fl-14">
         <path>.\</path>
         <kind>object</kind>
         <file>MotorSimple.obj</file>
         <name>MotorSimple.obj</name>
      </input_file>
      <input_file id="fl-15">
         <path>.\</path>
         <kind>object</kind>
         <file>Nokia5110.obj</file>
         <name>Nokia5110.obj</name>
      </input_file>
      <input_file id="fl-16">
         <path>.\</path>
         <kind>object</kind>
         <file>OPT3001.obj</file>
         <name>OPT3001.obj</name>
      </input_file>
      <input_file id="fl-17">
         <path>.\</path>
         <kind>object</kind>
         <file>PWM.obj</file>
         <name>PWM.obj</name>
      </input_file>
      <input_file id="fl-18">
         <path>.\</path>
         <kind>object</kind>
         <file>Reflectance.obj</file>
         <name>Reflectance.obj</name>
      </input_file>
      <input_file id="fl-19">
         <path>.\</path>
         <kind>object</kind>
         <file>SSD1306.obj</file>
         <name>SSD1306.obj</name>
      </input_file>
      <input_file id="fl-1a">
         <path>.\</path>
         <kind>object</kind>
         <file>Switch.obj</file>
         <name>Switch.obj</name>
      </input_file>
      <input_file id="fl-1b">
         <path>.\</path>
         <kind>object</kind>
         <file>SysTick.obj</file>
         <name>SysTick.obj</name>
      </input_file>
      <input_file id="fl-1c">
         <path>.\</path>
         <kind>object</kind>
         <file>TA3InputCapture.obj</file>
         <name>TA3InputCapture.obj</name>
      </input_file>
      <input_file id="fl-1d">
         <path>.\</path>
         <kind>object</kind>
         <file>TExaS.obj</file>
         <name>TExaS.obj</name>
      </input_file>
      <input_file id="fl-1e">
         <path>.\</path>
         <kind>object</kind>
         <file>TMP117.obj</file>
         <name>TMP117.obj</name>
      </input_file>
      <input_file id="fl-1f">
         <path>.\</path>
         <kind>object</kind>
         <file>Tachometer.obj</file>
         <name>Tachometer.obj</name>
      </input_file>
      <input_file id="fl-20">
         <path>.\</path>
         <kind>object</kind>
         <file>TimerA0.obj</file>
         <name>TimerA0.obj</name>
      </input_file>
      <input_file id="fl-21">
         <path>.\</path>
         <kind>object</kind>
         <file>TimerA1.obj</file>
         <name>TimerA1.obj</name>
      </input_file>
      <input_file id="fl-22">
         <path>.\</path>
         <kind>object</kind>
         <file>TimerA2.obj</file>
         <name>TimerA2.obj</name>
      </input_file>
      <input_file id="fl-23">
         <path>.\</path>
         <kind>object</kind>
         <file>UART0.obj</file>
         <name>UART0.obj</name>
      </input_file>
      <input_file id="fl-24">
         <path>.\</path>
         <kind>object</kind>
         <file>UART1.obj</file>
         <name>UART1.obj</name>
      </input_file>
      <input_file id="fl-25">
         <path>.\</path>
         <kind>object</kind>
         <file>Ultrasound.obj</file>
         <name>Ultrasound.obj</name>
      </input_file>
      <input_file id="fl-26">
         <path>.\</path>
         <kind>object</kind>
         <file>blinker.obj</file>
         <name>blinker.obj</name>
      </input_file>
      <input_file id="fl-27">
         <path>.\</path>
         <kind>object</kind>
         <file>bmi160.obj</file>
         <name>bmi160.obj</name>
      </input_file>
      <input_file id="fl-28">
         <path>.\</path>
         <kind>object</kind>
         <file>bmm150.obj</file>
         <name>bmm150.obj</name>
      </input_file>
      <input_file id="fl-29">
         <path>.\</path>
         <kind>object</kind>
         <file>fixed.obj</file>
         <name>fixed.obj</name>
      </input_file>
      <input_file id="fl-2a">
         <path>.\</path>
         <kind>object</kind>
         <file>incmain.obj</file>
         <name>incmain.obj</name>
      </input_file>
      <input_file id="fl-2b">
         <path>.\</path>
         <kind>object</kind>
         <file>odometry.obj</file>
         <name>odometry.obj</name>
      </input_file>
      <input_file id="fl-2c">
         <path>.\</path>
         <kind>object</kind>
         <file>opt3101.obj</file>
         <name>opt3101.obj</name>
      </input_file>
      <input_file id="fl-2d">
         <path>.\</path>
         <kind>object</kind>
         <file>startup_msp432p401r_ccs.obj</file>
         <name>startup_msp432p401r_ccs.obj</name>
      </input_file>
      <input_file id="fl-2e">
         <path>.\</path>
         <kind>object</kind>
         <file>system_msp432p401r.obj</file>
         <name>system_msp432p401r.obj</name>
      </input_file>
      <input_file id="fl-32">
         <kind>object</kind>
         <file>&lt;internal&gt;</file>
         <name>&lt;internal&gt;</name>
      </input_file>
      <input_file id="fl-e8">
         <path>E:\ti\ccs900\ccs\tools\compiler\ti-cgt-arm_18.12.1.LTS\lib\</path>
         <kind>archive</kind>
         <file>rtsv7M4_T_le_v4SPD16_eabi.lib</file>
         <name>fopen.c.obj</name>
      </input_file>
      <input_file id="fl-e9">
         <path>E:\ti\ccs900\ccs\tools\compiler\ti-cgt-arm_18.12.1.LTS\lib\</path>
         <kind>archive</kind>
         <file>rtsv7M4_T_le_v4SPD16_eabi.lib</file>
         <name>setvbuf.c.obj</name>
      </input_file>
      <input_file id="fl-ea">
         <path>E:\ti\ccs900\ccs\tools\compiler\ti-cgt-arm_18.12.1.LTS\lib\</path>
         <kind>archive</kind>
         <file>rtsv7M4_T_le_v4SPD16_eabi.lib</file>
         <name>memcpy_t2.asm.obj</name>
      </input_file>
      <input_file id="fl-eb">
         <path>E:\ti\ccs900\ccs\tools\compiler\ti-cgt-arm_18.12.1.LTS\lib\</path>
         <kind>archive</kind>
         <file>rtsv7M4_T_le_v4SPD16_eabi.lib</file>
         <name>memset_t2.asm.obj</name>
      </input_file>
      <input_file id="fl-ec">
         <path>E:\ti\ccs900\ccs\tools\compiler\ti-cgt-arm_18.12.1.LTS\lib\</path>
         <kind>archive</kind>
         <file>rtsv7M4_T_le_v4SPD16_eabi.lib</file>
         <name>copy_zero_init.c.obj</name>
      </input_file>
      <input_file id="fl-ed">
         <path>E:\ti\ccs900\ccs\tools\compiler\ti-cgt-arm_18.12.1.LTS\lib\</path>
         <kind>archive</kind>
         <file>rtsv7M4_T_le_v4SPD16_eabi.lib</file>
         <name>copy_decompress_none.c.obj</name>
      </input_file>
      <input_file id="fl-ee">
         <path>E:\ti\ccs900\ccs\tools\compiler\ti-cgt-arm_18.12.1.LTS\lib\</path>
         <kind>archive</kind>
         <file>rtsv7M4_T_le_v4SPD16_eabi.lib</file>
         <name>copy_decompress_lzss.c.obj</name>
      </input_file>
      <input_file id="fl-ef">
         <path>E:\ti\ccs900\ccs\tools\compiler\ti-cgt-arm_18.12.1.LTS\lib\</path>
         <kind>archive</kind>
         <file>rtsv7M4_T_le_v4SPD16_eabi.lib</file>
         <name>exit.c.obj</name>
      </input_file>
      <input_file id="fl-f0">
         <path>E:\ti\ccs900\ccs\tools\compiler\ti-cgt-arm_18.12.1.LTS\lib\</path>
         <kind>archive</kind>
         <file>rtsv7M4_T_le_v4SPD16_eabi.lib</file>
         <name>_lock.c.obj</name>
      </input_file>
      <input_file id="fl-f1">
         <path>E:\ti\ccs900\ccs\tools\compiler\ti-cgt-arm_18.12.1.LTS\lib\</path>
         <kind>archive</kind>
         <file>rtsv7M4_T_le_v4SPD16_eabi.lib</file>
         <name>defs.c.obj</name>
      </input_file>
      <input_file id="fl-f2">
         <path>E:\ti\ccs900\ccs\tools\compiler\ti-cgt-arm_18.12.1.LTS\lib\</path>
         <kind>archive</kind>
         <file>rtsv7M4_T_le_v4SPD16_eabi.lib</file>
         <name>memory.c.obj</name>
      </input_file>
      <input_file id="fl-f3">
         <path>E:\ti\ccs900\ccs\tools\compiler\ti-cgt-arm_18.12.1.LTS\lib\</path>
         <kind>archive</kind>
         <file>rtsv7M4_T_le_v4SPD16_eabi.lib</file>
         <name>open.c.obj</name>
      </input_file>
      <input_file id="fl-f4">
         <path>E:\ti\ccs900\ccs\tools\compiler\ti-cgt-arm_18.12.1.LTS\lib\</path>
         <kind>archive</kind>
         <file>rtsv7M4_T_le_v4SPD16_eabi.lib</file>
         <name>add_device.c.obj</name>
      </input_file>
      <input_file id="fl-f5">
         <path>E:\ti\ccs900\ccs\tools\compiler\ti-cgt-arm_18.12.1.LTS\lib\</path>
         <kind>archive</kind>
         <file>rtsv7M4_T_le_v4SPD16_eabi.lib</file>
         <name>boot_cortex_m.c.obj</name>
      </input_file>
      <input_file id="fl-f6">
         <path>E:\ti\ccs900\ccs\tools\compiler\ti-cgt-arm_18.12.1.LTS\lib\</path>
         <kind>archive</kind>
         <file>rtsv7M4_T_le_v4SPD16_eabi.lib</file>
         <name>fclose.c.obj</name>
      </input_file>
      <input_file id="fl-f7">
         <path>E:\ti\ccs900\ccs\tools\compiler\ti-cgt-arm_18.12.1.LTS\lib\</path>
         <kind>archive</kind>
         <file>rtsv7M4_T_le_v4SPD16_eabi.lib</file>
         <name>fflush.c.obj</name>
      </input_file>
      <input_file id="fl-f8">
         <path>E:\ti\ccs900\ccs\tools\compiler\ti-cgt-arm_18.12.1.LTS\lib\</path>
         <kind>archive</kind>
         <file>rtsv7M4_T_le_v4SPD16_eabi.lib</file>
         <name>getdevice.c.obj</name>
      </input_file>
      <input_file id="fl-f9">
         <path>E:\ti\ccs900\ccs\tools\compiler\ti-cgt-arm_18.12.1.LTS\lib\</path>
         <kind>archive</kind>
         <file>rtsv7M4_T_le_v4SPD16_eabi.lib</file>
         <name>autoinit.c.obj</name>
      </input_file>
      <input_file id="fl-fa">
         <path>E:\ti\ccs900\ccs\tools\compiler\ti-cgt-arm_18.12.1.LTS\lib\</path>
         <kind>archive</kind>
         <file>rtsv7M4_T_le_v4SPD16_eabi.lib</file>
         <name>pre_init.c.obj</name>
      </input_file>
      <input_file id="fl-fb">
         <path>E:\ti\ccs900\ccs\tools\compiler\ti-cgt-arm_18.12.1.LTS\lib\</path>
         <kind>archive</kind>
         <file>rtsv7M4_T_le_v4SPD16_eabi.lib</file>
         <name>cpy_tbl.c.obj</name>
      </input_file>
      <input_file id="fl-fc">
         <path>E:\ti\ccs900\ccs\tools\compiler\ti-cgt-arm_18.12.1.LTS\lib\</path>
         <kind>archive</kind>
         <file>rtsv7M4_T_le_v4SPD16_eabi.lib</file>
         <name>args_main.c.obj</name>
      </input_file>
      <input_file id="fl-fd">
         <path>E:\ti\ccs900\ccs\tools\compiler\ti-cgt-arm_18.12.1.LTS\lib\</path>
         <kind>archive</kind>
         <file>rtsv7M4_T_le_v4SPD16_eabi.lib</file>
         <name>strchr.c.obj</name>
      </input_file>
      <input_file id="fl-fe">
         <path>E:\ti\ccs900\ccs\tools\compiler\ti-cgt-arm_18.12.1.LTS\lib\</path>
         <kind>archive</kind>
         <file>rtsv7M4_T_le_v4SPD16_eabi.lib</file>
         <name>strcmp.c.obj</name>
      </input_file>
      <input_file id="fl-ff">
         <path>E:\ti\ccs900\ccs\tools\compiler\ti-cgt-arm_18.12.1.LTS\lib\</path>
         <kind>archive</kind>
         <file>rtsv7M4_T_le_v4SPD16_eabi.lib</file>
         <name>strncpy.c.obj</name>
      </input_file>
      <input_file id="fl-100">
         <path>E:\ti\ccs900\ccs\tools\compiler\ti-cgt-arm_18.12.1.LTS\lib\</path>
         <kind>archive</kind>
         <file>rtsv7M4_T_le_v4SPD16_eabi.lib</file>
         <name>write.c.obj</name>
      </input_file>
      <input_file id="fl-101">
         <path>E:\ti\ccs900\ccs\tools\compiler\ti-cgt-arm_18.12.1.LTS\lib\</path>
         <kind>archive</kind>
         <file>rtsv7M4_T_le_v4SPD16_eabi.lib</file>
         <name>host_device.c.obj</name>
      </input_file>
      <input_file id="fl-102">
         <path>E:\ti\ccs900\ccs\tools\compiler\ti-cgt-arm_18.12.1.LTS\lib\</path>
         <kind>archive</kind>
         <file>rtsv7M4_T_le_v4SPD16_eabi.lib</file>
         <name>remove.c.obj</name>
      </input_file>
      <input_file id="fl-103">
         <path>E:\ti\ccs900\ccs\tools\compiler\ti-cgt-arm_18.12.1.LTS\lib\</path>
         <kind>archive</kind>
         <file>rtsv7M4_T_le_v4SPD16_eabi.lib</file>
         <name>close.c.obj</name>
      </input_file>
      <input_file id="fl-104">
         <path>E:\ti\ccs900\ccs\tools\compiler\ti-cgt-arm_18.12.1.LTS\lib\</path>
         <kind>archive</kind>
         <file>rtsv7M4_T_le_v4SPD16_eabi.lib</file>
         <name>unlink.c.obj</name>
      </input_file>
      <input_file id="fl-105">
         <path>E:\ti\ccs900\ccs\tools\compiler\ti-cgt-arm_18.12.1.LTS\lib\</path>
         <kind>archive</kind>
         <file>rtsv7M4_T_le_v4SPD16_eabi.lib</file>
         <name>hostclose.c.obj</name>
      </input_file>
      <input_file id="fl-106">
         <path>E:\ti\ccs900\ccs\tools\compiler\ti-cgt-arm_18.12.1.LTS\lib\</path>
         <kind>archive</kind>
         <file>rtsv7M4_T_le_v4SPD16_eabi.lib</file>
         <name>hostlseek.c.obj</name>
      </input_file>
      <input_file id="fl-107">
         <path>E:\ti\ccs900\ccs\tools\compiler\ti-cgt-arm_18.12.1.LTS\lib\</path>
         <kind>archive</kind>
         <file>rtsv7M4_T_le_v4SPD16_eabi.lib</file>
         <name>hostopen.c.obj</name>
      </input_file>
      <input_file id="fl-108">
         <path>E:\ti\ccs900\ccs\tools\compiler\ti-cgt-arm_18.12.1.LTS\lib\</path>
         <kind>archive</kind>
         <file>rtsv7M4_T_le_v4SPD16_eabi.lib</file>
         <name>hostread.c.obj</name>
      </input_file>
      <input_file id="fl-109">
         <path>E:\ti\ccs900\ccs\tools\compiler\ti-cgt-arm_18.12.1.LTS\lib\</path>
         <kind>archive</kind>
         <file>rtsv7M4_T_le_v4SPD16_eabi.lib</file>
         <name>hostrename.c.obj</name>
      </input_file>
      <input_file id="fl-10a">
         <path>E:\ti\ccs900\ccs\tools\compiler\ti-cgt-arm_18.12.1.LTS\lib\</path>
         <kind>archive</kind>
         <file>rtsv7M4_T_le_v4SPD16_eabi.lib</file>
         <name>hostunlink.c.obj</name>
      </input_file>
      <input_file id="fl-10b">
         <path>E:\ti\ccs900\ccs\tools\compiler\ti-cgt-arm_18.12.1.LTS\lib\</path>
         <kind>archive</kind>
         <file>rtsv7M4_T_le_v4SPD16_eabi.lib</file>
         <name>hostwrite.c.obj</name>
      </input_file>
      <input_file id="fl-10c">
         <path>E:\ti\ccs900\ccs\tools\compiler\ti-cgt-arm_18.12.1.LTS\lib\</path>
         <kind>archive</kind>
         <file>rtsv7M4_T_le_v4SPD16_eabi.lib</file>
         <name>trgmsg.c.obj</name>
      </input_file>
      <input_file id="fl-10d">
         <path>E:\ti\ccs900\ccs\tools\compiler\ti-cgt-arm_18.12.1.LTS\lib\</path>
         <kind>archive</kind>
         <file>rtsv7M4_T_le_v4SPD16_eabi.lib</file>
         <name>strcpy.c.obj</name>
      </input_file>
      <input_file id="fl-10e">
         <path>E:\ti\ccs900\ccs\tools\compiler\ti-cgt-arm_18.12.1.LTS\lib\</path>
         <kind>archive</kind>
         <file>rtsv7M4_T_le_v4SPD16_eabi.lib</file>
         <name>strlen.c.obj</name>
      </input_file>
   </input_file_list>
   <object_component_list>
      <object_component id="oc-23">
         <name>.intvecs:retain</name>
         <load_address>0x0</load_address>
         <run_address>0x0</run_address>
         <size>0xe4</size>
         <input_file_ref idref="fl-2d"/>
      </object_component>
      <object_component id="oc-97">
         <name>.text</name>
         <load_address>0xe4</load_address>
         <run_address>0xe4</run_address>
         <size>0x6c8</size>
         <input_file_ref idref="fl-1d"/>
      </object_component>
      <object_component id="oc-85">
         <name>.text</name>
         <load_address>0x7ac</load_address>
         <run_address>0x7ac</run_address>
         <size>0x5b6</size>
         <input_file_ref idref="fl-8"/>
      </object_component>
      <object_component id="oc-d3">
         <name>.text</name>
         <load_address>0xd62</load_address>
         <run_address>0xd62</run_address>
         <size>0x2</size>
         <input_file_ref idref="fl-2a"/>
      </object_component>
      <object_component id="oc-a3">
         <name>.text</name>
         <load_address>0xd64</load_address>
         <run_address>0xd64</run_address>
         <size>0x51c</size>
         <input_file_ref idref="fl-2c"/>
      </object_component>
      <object_component id="oc-125">
         <name>.text</name>
         <load_address>0x1280</load_address>
         <run_address>0x1280</run_address>
         <size>0x3a4</size>
         <input_file_ref idref="fl-f"/>
      </object_component>
      <object_component id="oc-e5">
         <name>.text</name>
         <load_address>0x1624</load_address>
         <run_address>0x1624</run_address>
         <size>0x32c</size>
         <input_file_ref idref="fl-2e"/>
      </object_component>
      <object_component id="oc-9d">
         <name>.text</name>
         <load_address>0x1950</load_address>
         <run_address>0x1950</run_address>
         <size>0x2e8</size>
         <input_file_ref idref="fl-1e"/>
      </object_component>
      <object_component id="oc-12b">
         <name>.text</name>
         <load_address>0x1c38</load_address>
         <run_address>0x1c38</run_address>
         <size>0x1e0</size>
         <input_file_ref idref="fl-6"/>
      </object_component>
      <object_component id="oc-7f">
         <name>.text</name>
         <load_address>0x1e18</load_address>
         <run_address>0x1e18</run_address>
         <size>0x1d4</size>
         <input_file_ref idref="fl-1c"/>
      </object_component>
      <object_component id="oc-8b">
         <name>.text</name>
         <load_address>0x1fec</load_address>
         <run_address>0x1fec</run_address>
         <size>0x1a4</size>
         <input_file_ref idref="fl-24"/>
      </object_component>
      <object_component id="oc-102">
         <name>.text</name>
         <load_address>0x2190</load_address>
         <run_address>0x2190</run_address>
         <size>0x174</size>
         <input_file_ref idref="fl-a"/>
      </object_component>
      <object_component id="oc-91">
         <name>.text</name>
         <load_address>0x2304</load_address>
         <run_address>0x2304</run_address>
         <size>0x14c</size>
         <input_file_ref idref="fl-3"/>
      </object_component>
      <object_component id="oc-6d">
         <name>.text</name>
         <load_address>0x2450</load_address>
         <run_address>0x2450</run_address>
         <size>0xac</size>
         <input_file_ref idref="fl-20"/>
      </object_component>
      <object_component id="oc-73">
         <name>.text</name>
         <load_address>0x24fc</load_address>
         <run_address>0x24fc</run_address>
         <size>0xa8</size>
         <input_file_ref idref="fl-21"/>
      </object_component>
      <object_component id="oc-79">
         <name>.text</name>
         <load_address>0x25a4</load_address>
         <run_address>0x25a4</run_address>
         <size>0xa8</size>
         <input_file_ref idref="fl-22"/>
      </object_component>
      <object_component id="oc-37">
         <name>.text</name>
         <load_address>0x264c</load_address>
         <run_address>0x264c</run_address>
         <size>0x9c</size>
         <input_file_ref idref="fl-ea"/>
      </object_component>
      <object_component id="oc-14">
         <name>.text:decompress:lzss:__TI_decompress_lzss</name>
         <load_address>0x26e8</load_address>
         <run_address>0x26e8</run_address>
         <size>0x68</size>
         <input_file_ref idref="fl-ee"/>
      </object_component>
      <object_component id="oc-17c">
         <name>.text:__TI_auto_init_nobinit_nopinit:__TI_auto_init_nobinit_nopinit</name>
         <load_address>0x2750</load_address>
         <run_address>0x2750</run_address>
         <size>0x44</size>
         <input_file_ref idref="fl-f9"/>
      </object_component>
      <object_component id="oc-55">
         <name>.text:_c_int00_noargs:_c_int00_noargs</name>
         <load_address>0x2794</load_address>
         <run_address>0x2794</run_address>
         <size>0x34</size>
         <input_file_ref idref="fl-f5"/>
      </object_component>
      <object_component id="oc-43">
         <name>.text:decompress:ZI:__TI_zero_init_nomemset:__TI_zero_init_nomemset</name>
         <load_address>0x27c8</load_address>
         <run_address>0x27c8</run_address>
         <size>0x12</size>
         <input_file_ref idref="fl-ec"/>
      </object_component>
      <object_component id="oc-1a">
         <name>.text:decompress:none:__TI_decompress_none</name>
         <load_address>0x27da</load_address>
         <run_address>0x27da</run_address>
         <size>0xe</size>
         <input_file_ref idref="fl-ed"/>
      </object_component>
      <object_component id="oc-67">
         <name>.text</name>
         <load_address>0x27e8</load_address>
         <run_address>0x27e8</run_address>
         <size>0xe</size>
         <input_file_ref idref="fl-2d"/>
      </object_component>
      <object_component id="oc-cd">
         <name>.text:_system_pre_init</name>
         <load_address>0x27f6</load_address>
         <run_address>0x27f6</run_address>
         <size>0x4</size>
         <input_file_ref idref="fl-fa"/>
      </object_component>
      <object_component id="oc-170">
         <name>.text:abort:abort</name>
         <load_address>0x27fa</load_address>
         <run_address>0x27fa</run_address>
         <size>0x4</size>
         <input_file_ref idref="fl-ef"/>
      </object_component>
      <object_component id="oc-27d">
         <name>.cinit..data.load</name>
         <load_address>0x2800</load_address>
         <run_address>0x2800</run_address>
         <size>0x14</size>
      </object_component>
      <object_component id="oc-27b">
         <name>__TI_handler_table</name>
         <load_address>0x2814</load_address>
         <run_address>0x2814</run_address>
         <size>0xc</size>
      </object_component>
      <object_component id="oc-27e">
         <name>.cinit..bss.load</name>
         <load_address>0x2820</load_address>
         <run_address>0x2820</run_address>
         <size>0x8</size>
      </object_component>
      <object_component id="oc-27c">
         <name>__TI_cinit_table</name>
         <load_address>0x2828</load_address>
         <run_address>0x2828</run_address>
         <size>0x10</size>
      </object_component>
      <object_component id="oc-250">
         <name>.binit</name>
         <load_address>0x0</load_address>
         <run_address>0x0</run_address>
         <size>0x0</size>
      </object_component>
      <object_component id="oc-1e5">
         <name>.data</name>
         <load_address>0x200006c0</load_address>
         <run_address>0x200006c0</run_address>
         <size>0x18</size>
         <input_file_ref idref="fl-6"/>
      </object_component>
      <object_component id="oc-fd">
         <name>.data</name>
         <load_address>0x200006d8</load_address>
         <run_address>0x200006d8</run_address>
         <size>0xc</size>
         <input_file_ref idref="fl-1c"/>
      </object_component>
      <object_component id="oc-11b">
         <name>.data</name>
         <load_address>0x200006e4</load_address>
         <run_address>0x200006e4</run_address>
         <size>0xc</size>
         <input_file_ref idref="fl-1d"/>
      </object_component>
      <object_component id="oc-1ae">
         <name>.data</name>
         <load_address>0x200006f0</load_address>
         <run_address>0x200006f0</run_address>
         <size>0x4</size>
         <input_file_ref idref="fl-2e"/>
      </object_component>
      <object_component id="oc-1d0">
         <name>.bss:TxFifo0</name>
         <uninitialized>true</uninitialized>
         <run_address>0x20000600</run_address>
         <size>0x40</size>
         <input_file_ref idref="fl-a"/>
      </object_component>
      <object_component id="oc-1d5">
         <name>.bss:RxFifo0</name>
         <uninitialized>true</uninitialized>
         <run_address>0x20000640</run_address>
         <size>0x10</size>
         <input_file_ref idref="fl-a"/>
      </object_component>
      <object_component id="oc-13a">
         <name>.bss</name>
         <uninitialized>true</uninitialized>
         <run_address>0x2000065c</run_address>
         <size>0x8</size>
         <input_file_ref idref="fl-2c"/>
      </object_component>
      <object_component id="oc-114">
         <name>.common:FinishedTask</name>
         <uninitialized>true</uninitialized>
         <run_address>0x2000066c</run_address>
         <size>0x4</size>
      </object_component>
      <object_component id="oc-10b">
         <name>.common:Messageindexc</name>
         <uninitialized>true</uninitialized>
         <run_address>0x2000067c</run_address>
         <size>0x4</size>
      </object_component>
      <object_component id="oc-108">
         <name>.common:Messagec</name>
         <uninitialized>true</uninitialized>
         <run_address>0x20000664</run_address>
         <size>0x8</size>
      </object_component>
      <object_component id="oc-1cb">
         <name>.common:Tx0PutI</name>
         <uninitialized>true</uninitialized>
         <run_address>0x200006b8</run_address>
         <size>0x4</size>
      </object_component>
      <object_component id="oc-1ce">
         <name>.common:Tx0GetI</name>
         <uninitialized>true</uninitialized>
         <run_address>0x200006b4</run_address>
         <size>0x4</size>
      </object_component>
      <object_component id="oc-1cf">
         <name>.common:TxHistogram</name>
         <uninitialized>true</uninitialized>
         <run_address>0x20000500</run_address>
         <size>0x100</size>
      </object_component>
      <object_component id="oc-1d3">
         <name>.common:Rx0PutI</name>
         <uninitialized>true</uninitialized>
         <run_address>0x20000698</run_address>
         <size>0x4</size>
      </object_component>
      <object_component id="oc-1d4">
         <name>.common:Rx0GetI</name>
         <uninitialized>true</uninitialized>
         <run_address>0x20000694</run_address>
         <size>0x4</size>
      </object_component>
      <object_component id="oc-118">
         <name>.common:LogicData</name>
         <uninitialized>true</uninitialized>
         <run_address>0x200006bc</run_address>
         <size>0x1</size>
      </object_component>
      <object_component id="oc-11e">
         <name>.common:PeriodicTask2</name>
         <uninitialized>true</uninitialized>
         <run_address>0x2000068c</run_address>
         <size>0x4</size>
      </object_component>
      <object_component id="oc-131">
         <name>.common:Ptemperature</name>
         <uninitialized>true</uninitialized>
         <run_address>0x20000690</run_address>
         <size>0x4</size>
      </object_component>
      <object_component id="oc-ec">
         <name>.common:TimerA0Task</name>
         <uninitialized>true</uninitialized>
         <run_address>0x200006a8</run_address>
         <size>0x4</size>
      </object_component>
      <object_component id="oc-f5">
         <name>.common:TimerA1Task</name>
         <uninitialized>true</uninitialized>
         <run_address>0x200006ac</run_address>
         <size>0x4</size>
      </object_component>
      <object_component id="oc-f9">
         <name>.common:TimerA2Task</name>
         <uninitialized>true</uninitialized>
         <run_address>0x200006b0</run_address>
         <size>0x4</size>
      </object_component>
      <object_component id="oc-10d">
         <name>.common:RxPutI</name>
         <uninitialized>true</uninitialized>
         <run_address>0x200006a4</run_address>
         <size>0x4</size>
      </object_component>
      <object_component id="oc-110">
         <name>.common:RxGetI</name>
         <uninitialized>true</uninitialized>
         <run_address>0x200006a0</run_address>
         <size>0x4</size>
      </object_component>
      <object_component id="oc-111">
         <name>.common:RxFifoLost</name>
         <uninitialized>true</uninitialized>
         <run_address>0x2000069c</run_address>
         <size>0x4</size>
      </object_component>
      <object_component id="oc-112">
         <name>.common:RxFIFO</name>
         <uninitialized>true</uninitialized>
         <run_address>0x20000400</run_address>
         <size>0x100</size>
      </object_component>
      <object_component id="oc-13d">
         <name>.common:ChannelCount</name>
         <uninitialized>true</uninitialized>
         <run_address>0x20000650</run_address>
         <size>0xc</size>
      </object_component>
      <object_component id="oc-140">
         <name>.common:PTxChan</name>
         <uninitialized>true</uninitialized>
         <run_address>0x20000680</run_address>
         <size>0x4</size>
      </object_component>
      <object_component id="oc-141">
         <name>.common:Pdistances</name>
         <uninitialized>true</uninitialized>
         <run_address>0x20000688</run_address>
         <size>0x4</size>
      </object_component>
      <object_component id="oc-142">
         <name>.common:Pamplitudes</name>
         <uninitialized>true</uninitialized>
         <run_address>0x20000684</run_address>
         <size>0x4</size>
      </object_component>
      <object_component id="oc-143">
         <name>.common:ISRTime</name>
         <uninitialized>true</uninitialized>
         <run_address>0x20000678</run_address>
         <size>0x4</size>
      </object_component>
      <object_component id="oc-145">
         <name>.common:ISRLast</name>
         <uninitialized>true</uninitialized>
         <run_address>0x20000670</run_address>
         <size>0x4</size>
      </object_component>
      <object_component id="oc-144">
         <name>.common:ISRPeriod</name>
         <uninitialized>true</uninitialized>
         <run_address>0x20000674</run_address>
         <size>0x4</size>
      </object_component>
      <object_component id="oc-26">
         <name>.sysmem</name>
         <uninitialized>true</uninitialized>
         <run_address>0x20000000</run_address>
         <size>0x10</size>
         <input_file_ref idref="fl-f2"/>
      </object_component>
      <object_component id="oc-280">
         <name>.sysmem</name>
         <uninitialized>true</uninitialized>
         <run_address>0x20000000</run_address>
         <size>0x0</size>
      </object_component>
      <object_component id="oc-29">
         <name>.stack</name>
         <uninitialized>true</uninitialized>
         <run_address>0x2000fe00</run_address>
         <size>0x4</size>
         <input_file_ref idref="fl-f5"/>
      </object_component>
      <object_component id="oc-27f">
         <name>.stack</name>
         <uninitialized>true</uninitialized>
         <run_address>0x2000fe00</run_address>
         <size>0x0</size>
      </object_component>
      <object_component id="oc-1ef">
         <name>.debug_info</name>
         <load_address>0x0</load_address>
         <run_address>0x0</run_address>
         <size>0x52e</size>
         <input_file_ref idref="fl-2"/>
      </object_component>
      <object_component id="oc-1b4">
         <name>.debug_info</name>
         <load_address>0x52e</load_address>
         <run_address>0x52e</run_address>
         <size>0x37e2</size>
         <input_file_ref idref="fl-2"/>
      </object_component>
      <object_component id="oc-14e">
         <name>.debug_info</name>
         <load_address>0x3d10</load_address>
         <run_address>0x3d10</run_address>
         <size>0x26b</size>
         <input_file_ref idref="fl-2"/>
      </object_component>
      <object_component id="oc-1b9">
         <name>.debug_info</name>
         <load_address>0x3f7b</load_address>
         <run_address>0x3f7b</run_address>
         <size>0x1055</size>
         <input_file_ref idref="fl-2"/>
      </object_component>
      <object_component id="oc-32">
         <name>.debug_info</name>
         <load_address>0x4fd0</load_address>
         <run_address>0x4fd0</run_address>
         <size>0x84</size>
         <input_file_ref idref="fl-2"/>
      </object_component>
      <object_component id="oc-1be">
         <name>.debug_info</name>
         <load_address>0x5054</load_address>
         <run_address>0x5054</run_address>
         <size>0x297</size>
         <input_file_ref idref="fl-2"/>
      </object_component>
      <object_component id="oc-f0">
         <name>.debug_info</name>
         <load_address>0x52eb</load_address>
         <run_address>0x52eb</run_address>
         <size>0xbb</size>
         <input_file_ref idref="fl-2"/>
      </object_component>
      <object_component id="oc-115">
         <name>.debug_info</name>
         <load_address>0x53a6</load_address>
         <run_address>0x53a6</run_address>
         <size>0x56b</size>
         <input_file_ref idref="fl-3"/>
      </object_component>
      <object_component id="oc-92">
         <name>.debug_info</name>
         <load_address>0x5911</load_address>
         <run_address>0x5911</run_address>
         <size>0x201</size>
         <input_file_ref idref="fl-3"/>
      </object_component>
      <object_component id="oc-1e6">
         <name>.debug_info</name>
         <load_address>0x5b12</load_address>
         <run_address>0x5b12</run_address>
         <size>0x184</size>
         <input_file_ref idref="fl-6"/>
      </object_component>
      <object_component id="oc-12c">
         <name>.debug_info</name>
         <load_address>0x5c96</load_address>
         <run_address>0x5c96</run_address>
         <size>0x2a8</size>
         <input_file_ref idref="fl-6"/>
      </object_component>
      <object_component id="oc-109">
         <name>.debug_info</name>
         <load_address>0x5f3e</load_address>
         <run_address>0x5f3e</run_address>
         <size>0x67a</size>
         <input_file_ref idref="fl-8"/>
      </object_component>
      <object_component id="oc-86">
         <name>.debug_info</name>
         <load_address>0x65b8</load_address>
         <run_address>0x65b8</run_address>
         <size>0xdb5</size>
         <input_file_ref idref="fl-8"/>
      </object_component>
      <object_component id="oc-1cc">
         <name>.debug_info</name>
         <load_address>0x736d</load_address>
         <run_address>0x736d</run_address>
         <size>0x335</size>
         <input_file_ref idref="fl-a"/>
      </object_component>
      <object_component id="oc-1d1">
         <name>.debug_info</name>
         <load_address>0x76a2</load_address>
         <run_address>0x76a2</run_address>
         <size>0xce</size>
         <input_file_ref idref="fl-a"/>
      </object_component>
      <object_component id="oc-1d6">
         <name>.debug_info</name>
         <load_address>0x7770</load_address>
         <run_address>0x7770</run_address>
         <size>0xce</size>
         <input_file_ref idref="fl-a"/>
      </object_component>
      <object_component id="oc-103">
         <name>.debug_info</name>
         <load_address>0x783e</load_address>
         <run_address>0x783e</run_address>
         <size>0x3eb</size>
         <input_file_ref idref="fl-a"/>
      </object_component>
      <object_component id="oc-1e4">
         <name>.debug_info</name>
         <load_address>0x7c29</load_address>
         <run_address>0x7c29</run_address>
         <size>0x52e</size>
         <input_file_ref idref="fl-f"/>
      </object_component>
      <object_component id="oc-126">
         <name>.debug_info</name>
         <load_address>0x8157</load_address>
         <run_address>0x8157</run_address>
         <size>0x6b9</size>
         <input_file_ref idref="fl-f"/>
      </object_component>
      <object_component id="oc-101">
         <name>.debug_info</name>
         <load_address>0x8810</load_address>
         <run_address>0x8810</run_address>
         <size>0x544</size>
         <input_file_ref idref="fl-1c"/>
      </object_component>
      <object_component id="oc-fe">
         <name>.debug_info</name>
         <load_address>0x8d54</load_address>
         <run_address>0x8d54</run_address>
         <size>0x135</size>
         <input_file_ref idref="fl-1c"/>
      </object_component>
      <object_component id="oc-80">
         <name>.debug_info</name>
         <load_address>0x8e89</load_address>
         <run_address>0x8e89</run_address>
         <size>0x39b</size>
         <input_file_ref idref="fl-1c"/>
      </object_component>
      <object_component id="oc-119">
         <name>.debug_info</name>
         <load_address>0x9224</load_address>
         <run_address>0x9224</run_address>
         <size>0x583</size>
         <input_file_ref idref="fl-1d"/>
      </object_component>
      <object_component id="oc-11c">
         <name>.debug_info</name>
         <load_address>0x97a7</load_address>
         <run_address>0x97a7</run_address>
         <size>0x167</size>
         <input_file_ref idref="fl-1d"/>
      </object_component>
      <object_component id="oc-98">
         <name>.debug_info</name>
         <load_address>0x990e</load_address>
         <run_address>0x990e</run_address>
         <size>0x1322</size>
         <input_file_ref idref="fl-1d"/>
      </object_component>
      <object_component id="oc-120">
         <name>.debug_info</name>
         <load_address>0xac30</load_address>
         <run_address>0xac30</run_address>
         <size>0xc6</size>
         <input_file_ref idref="fl-1d"/>
      </object_component>
      <object_component id="oc-132">
         <name>.debug_info</name>
         <load_address>0xacf6</load_address>
         <run_address>0xacf6</run_address>
         <size>0x642</size>
         <input_file_ref idref="fl-1e"/>
      </object_component>
      <object_component id="oc-9e">
         <name>.debug_info</name>
         <load_address>0xb338</load_address>
         <run_address>0xb338</run_address>
         <size>0x9a5</size>
         <input_file_ref idref="fl-1e"/>
      </object_component>
      <object_component id="oc-135">
         <name>.debug_info</name>
         <load_address>0xbcdd</load_address>
         <run_address>0xbcdd</run_address>
         <size>0x122</size>
         <input_file_ref idref="fl-1e"/>
      </object_component>
      <object_component id="oc-ed">
         <name>.debug_info</name>
         <load_address>0xbdff</load_address>
         <run_address>0xbdff</run_address>
         <size>0x559</size>
         <input_file_ref idref="fl-20"/>
      </object_component>
      <object_component id="oc-6e">
         <name>.debug_info</name>
         <load_address>0xc358</load_address>
         <run_address>0xc358</run_address>
         <size>0x20a</size>
         <input_file_ref idref="fl-20"/>
      </object_component>
      <object_component id="oc-f6">
         <name>.debug_info</name>
         <load_address>0xc562</load_address>
         <run_address>0xc562</run_address>
         <size>0x559</size>
         <input_file_ref idref="fl-21"/>
      </object_component>
      <object_component id="oc-74">
         <name>.debug_info</name>
         <load_address>0xcabb</load_address>
         <run_address>0xcabb</run_address>
         <size>0x20a</size>
         <input_file_ref idref="fl-21"/>
      </object_component>
      <object_component id="oc-fa">
         <name>.debug_info</name>
         <load_address>0xccc5</load_address>
         <run_address>0xccc5</run_address>
         <size>0x559</size>
         <input_file_ref idref="fl-22"/>
      </object_component>
      <object_component id="oc-7a">
         <name>.debug_info</name>
         <load_address>0xd21e</load_address>
         <run_address>0xd21e</run_address>
         <size>0x20a</size>
         <input_file_ref idref="fl-22"/>
      </object_component>
      <object_component id="oc-10e">
         <name>.debug_info</name>
         <load_address>0xd428</load_address>
         <run_address>0xd428</run_address>
         <size>0x5b9</size>
         <input_file_ref idref="fl-24"/>
      </object_component>
      <object_component id="oc-8c">
         <name>.debug_info</name>
         <load_address>0xd9e1</load_address>
         <run_address>0xd9e1</run_address>
         <size>0x4ca</size>
         <input_file_ref idref="fl-24"/>
      </object_component>
      <object_component id="oc-d4">
         <name>.debug_info</name>
         <load_address>0xdeab</load_address>
         <run_address>0xdeab</run_address>
         <size>0xfb</size>
         <input_file_ref idref="fl-2a"/>
      </object_component>
      <object_component id="oc-13e">
         <name>.debug_info</name>
         <load_address>0xdfa6</load_address>
         <run_address>0xdfa6</run_address>
         <size>0x6dc</size>
         <input_file_ref idref="fl-2c"/>
      </object_component>
      <object_component id="oc-13b">
         <name>.debug_info</name>
         <load_address>0xe682</load_address>
         <run_address>0xe682</run_address>
         <size>0xe6</size>
         <input_file_ref idref="fl-2c"/>
      </object_component>
      <object_component id="oc-a4">
         <name>.debug_info</name>
         <load_address>0xe768</load_address>
         <run_address>0xe768</run_address>
         <size>0x117d</size>
         <input_file_ref idref="fl-2c"/>
      </object_component>
      <object_component id="oc-147">
         <name>.debug_info</name>
         <load_address>0xf8e5</load_address>
         <run_address>0xf8e5</run_address>
         <size>0x8b</size>
         <input_file_ref idref="fl-2c"/>
      </object_component>
      <object_component id="oc-ab">
         <name>.debug_info</name>
         <load_address>0xf970</load_address>
         <run_address>0xf970</run_address>
         <size>0x2c7</size>
         <input_file_ref idref="fl-2d"/>
      </object_component>
      <object_component id="oc-24">
         <name>.debug_info</name>
         <load_address>0xfc37</load_address>
         <run_address>0xfc37</run_address>
         <size>0xf3</size>
         <input_file_ref idref="fl-2d"/>
      </object_component>
      <object_component id="oc-68">
         <name>.debug_info</name>
         <load_address>0xfd2a</load_address>
         <run_address>0xfd2a</run_address>
         <size>0x1ba</size>
         <input_file_ref idref="fl-2d"/>
      </object_component>
      <object_component id="oc-1af">
         <name>.debug_info</name>
         <load_address>0xfee4</load_address>
         <run_address>0xfee4</run_address>
         <size>0xec</size>
         <input_file_ref idref="fl-2e"/>
      </object_component>
      <object_component id="oc-e6">
         <name>.debug_info</name>
         <load_address>0xffd0</load_address>
         <run_address>0xffd0</run_address>
         <size>0x25e</size>
         <input_file_ref idref="fl-2e"/>
      </object_component>
      <object_component id="oc-155">
         <name>.debug_info</name>
         <load_address>0x1022e</load_address>
         <run_address>0x1022e</run_address>
         <size>0x2c</size>
         <input_file_ref idref="fl-e8"/>
      </object_component>
      <object_component id="oc-39">
         <name>.debug_info</name>
         <load_address>0x1025a</load_address>
         <run_address>0x1025a</run_address>
         <size>0x11d</size>
         <input_file_ref idref="fl-ea"/>
      </object_component>
      <object_component id="oc-c6">
         <name>.debug_info</name>
         <load_address>0x10377</load_address>
         <run_address>0x10377</run_address>
         <size>0x2d8</size>
         <input_file_ref idref="fl-ec"/>
      </object_component>
      <object_component id="oc-47">
         <name>.debug_info</name>
         <load_address>0x1064f</load_address>
         <run_address>0x1064f</run_address>
         <size>0x1c3</size>
         <input_file_ref idref="fl-ec"/>
      </object_component>
      <object_component id="oc-c1">
         <name>.debug_info</name>
         <load_address>0x10812</load_address>
         <run_address>0x10812</run_address>
         <size>0x46</size>
         <input_file_ref idref="fl-ec"/>
      </object_component>
      <object_component id="oc-166">
         <name>.debug_info</name>
         <load_address>0x10858</load_address>
         <run_address>0x10858</run_address>
         <size>0x2c</size>
         <input_file_ref idref="fl-ec"/>
      </object_component>
      <object_component id="oc-42">
         <name>.debug_info</name>
         <load_address>0x10884</load_address>
         <run_address>0x10884</run_address>
         <size>0x2ac</size>
         <input_file_ref idref="fl-ed"/>
      </object_component>
      <object_component id="oc-1c">
         <name>.debug_info</name>
         <load_address>0x10b30</load_address>
         <run_address>0x10b30</run_address>
         <size>0x1ee</size>
         <input_file_ref idref="fl-ed"/>
      </object_component>
      <object_component id="oc-3d">
         <name>.debug_info</name>
         <load_address>0x10d1e</load_address>
         <run_address>0x10d1e</run_address>
         <size>0x46</size>
         <input_file_ref idref="fl-ed"/>
      </object_component>
      <object_component id="oc-b9">
         <name>.debug_info</name>
         <load_address>0x10d64</load_address>
         <run_address>0x10d64</run_address>
         <size>0x2c</size>
         <input_file_ref idref="fl-ed"/>
      </object_component>
      <object_component id="oc-b7">
         <name>.debug_info</name>
         <load_address>0x10d90</load_address>
         <run_address>0x10d90</run_address>
         <size>0x2a2</size>
         <input_file_ref idref="fl-ee"/>
      </object_component>
      <object_component id="oc-18">
         <name>.debug_info</name>
         <load_address>0x11032</load_address>
         <run_address>0x11032</run_address>
         <size>0x254</size>
         <input_file_ref idref="fl-ee"/>
      </object_component>
      <object_component id="oc-2d">
         <name>.debug_info</name>
         <load_address>0x11286</load_address>
         <run_address>0x11286</run_address>
         <size>0x60</size>
         <input_file_ref idref="fl-ee"/>
      </object_component>
      <object_component id="oc-15f">
         <name>.debug_info</name>
         <load_address>0x112e6</load_address>
         <run_address>0x112e6</run_address>
         <size>0x46</size>
         <input_file_ref idref="fl-ee"/>
      </object_component>
      <object_component id="oc-b2">
         <name>.debug_info</name>
         <load_address>0x1132c</load_address>
         <run_address>0x1132c</run_address>
         <size>0x39</size>
         <input_file_ref idref="fl-ee"/>
      </object_component>
      <object_component id="oc-171">
         <name>.debug_info</name>
         <load_address>0x11365</load_address>
         <run_address>0x11365</run_address>
         <size>0x126</size>
         <input_file_ref idref="fl-ef"/>
      </object_component>
      <object_component id="oc-ae">
         <name>.debug_info</name>
         <load_address>0x1148b</load_address>
         <run_address>0x1148b</run_address>
         <size>0x3b6</size>
         <input_file_ref idref="fl-f2"/>
      </object_component>
      <object_component id="oc-27">
         <name>.debug_info</name>
         <load_address>0x11841</load_address>
         <run_address>0x11841</run_address>
         <size>0x110</size>
         <input_file_ref idref="fl-f2"/>
      </object_component>
      <object_component id="oc-15a">
         <name>.debug_info</name>
         <load_address>0x11951</load_address>
         <run_address>0x11951</run_address>
         <size>0xb2</size>
         <input_file_ref idref="fl-f2"/>
      </object_component>
      <object_component id="oc-2a">
         <name>.debug_info</name>
         <load_address>0x11a03</load_address>
         <run_address>0x11a03</run_address>
         <size>0x10f</size>
         <input_file_ref idref="fl-f5"/>
      </object_component>
      <object_component id="oc-58">
         <name>.debug_info</name>
         <load_address>0x11b12</load_address>
         <run_address>0x11b12</run_address>
         <size>0x1ad</size>
         <input_file_ref idref="fl-f5"/>
      </object_component>
      <object_component id="oc-1fb">
         <name>.debug_info</name>
         <load_address>0x11cbf</load_address>
         <run_address>0x11cbf</run_address>
         <size>0x4b7</size>
         <input_file_ref idref="fl-f9"/>
      </object_component>
      <object_component id="oc-17d">
         <name>.debug_info</name>
         <load_address>0x12176</load_address>
         <run_address>0x12176</run_address>
         <size>0x1aa</size>
         <input_file_ref idref="fl-f9"/>
      </object_component>
      <object_component id="oc-22e">
         <name>.debug_info</name>
         <load_address>0x12320</load_address>
         <run_address>0x12320</run_address>
         <size>0x39</size>
         <input_file_ref idref="fl-f9"/>
      </object_component>
      <object_component id="oc-242">
         <name>.debug_info</name>
         <load_address>0x12359</load_address>
         <run_address>0x12359</run_address>
         <size>0x39</size>
         <input_file_ref idref="fl-f9"/>
      </object_component>
      <object_component id="oc-233">
         <name>.debug_info</name>
         <load_address>0x12392</load_address>
         <run_address>0x12392</run_address>
         <size>0x39</size>
         <input_file_ref idref="fl-f9"/>
      </object_component>
      <object_component id="oc-238">
         <name>.debug_info</name>
         <load_address>0x123cb</load_address>
         <run_address>0x123cb</run_address>
         <size>0xcd</size>
         <input_file_ref idref="fl-f9"/>
      </object_component>
      <object_component id="oc-cf">
         <name>.debug_info</name>
         <load_address>0x12498</load_address>
         <run_address>0x12498</run_address>
         <size>0x157</size>
         <input_file_ref idref="fl-fa"/>
      </object_component>
      <object_component id="oc-281">
         <name>.debug_info</name>
         <load_address>0x125ef</load_address>
         <run_address>0x125ef</run_address>
         <size>0x9f</size>
      </object_component>
      <object_component id="oc-21d">
         <name>.debug_line</name>
         <load_address>0x0</load_address>
         <run_address>0x0</run_address>
         <size>0x20</size>
         <input_file_ref idref="fl-2"/>
      </object_component>
      <object_component id="oc-1b7">
         <name>.debug_line</name>
         <load_address>0x20</load_address>
         <run_address>0x20</run_address>
         <size>0x57</size>
         <input_file_ref idref="fl-2"/>
      </object_component>
      <object_component id="oc-151">
         <name>.debug_line</name>
         <load_address>0x77</load_address>
         <run_address>0x77</run_address>
         <size>0x6f</size>
         <input_file_ref idref="fl-2"/>
      </object_component>
      <object_component id="oc-1bc">
         <name>.debug_line</name>
         <load_address>0xe6</load_address>
         <run_address>0xe6</run_address>
         <size>0x5a</size>
         <input_file_ref idref="fl-2"/>
      </object_component>
      <object_component id="oc-35">
         <name>.debug_line</name>
         <load_address>0x140</load_address>
         <run_address>0x140</run_address>
         <size>0x20</size>
         <input_file_ref idref="fl-2"/>
      </object_component>
      <object_component id="oc-1c1">
         <name>.debug_line</name>
         <load_address>0x160</load_address>
         <run_address>0x160</run_address>
         <size>0x73</size>
         <input_file_ref idref="fl-2"/>
      </object_component>
      <object_component id="oc-f3">
         <name>.debug_line</name>
         <load_address>0x1d3</load_address>
         <run_address>0x1d3</run_address>
         <size>0x70</size>
         <input_file_ref idref="fl-2"/>
      </object_component>
      <object_component id="oc-1de">
         <name>.debug_line</name>
         <load_address>0x243</load_address>
         <run_address>0x243</run_address>
         <size>0x36</size>
         <input_file_ref idref="fl-3"/>
      </object_component>
      <object_component id="oc-95">
         <name>.debug_line</name>
         <load_address>0x279</load_address>
         <run_address>0x279</run_address>
         <size>0x87</size>
         <input_file_ref idref="fl-3"/>
      </object_component>
      <object_component id="oc-21b">
         <name>.debug_line</name>
         <load_address>0x300</load_address>
         <run_address>0x300</run_address>
         <size>0x2e</size>
         <input_file_ref idref="fl-6"/>
      </object_component>
      <object_component id="oc-12f">
         <name>.debug_line</name>
         <load_address>0x32e</load_address>
         <run_address>0x32e</run_address>
         <size>0xfb</size>
         <input_file_ref idref="fl-6"/>
      </object_component>
      <object_component id="oc-1da">
         <name>.debug_line</name>
         <load_address>0x429</load_address>
         <run_address>0x429</run_address>
         <size>0x45</size>
         <input_file_ref idref="fl-8"/>
      </object_component>
      <object_component id="oc-89">
         <name>.debug_line</name>
         <load_address>0x46e</load_address>
         <run_address>0x46e</run_address>
         <size>0x3ac</size>
         <input_file_ref idref="fl-8"/>
      </object_component>
      <object_component id="oc-213">
         <name>.debug_line</name>
         <load_address>0x81a</load_address>
         <run_address>0x81a</run_address>
         <size>0x2e</size>
         <input_file_ref idref="fl-a"/>
      </object_component>
      <object_component id="oc-215">
         <name>.debug_line</name>
         <load_address>0x848</load_address>
         <run_address>0x848</run_address>
         <size>0x2e</size>
         <input_file_ref idref="fl-a"/>
      </object_component>
      <object_component id="oc-217">
         <name>.debug_line</name>
         <load_address>0x876</load_address>
         <run_address>0x876</run_address>
         <size>0x2e</size>
         <input_file_ref idref="fl-a"/>
      </object_component>
      <object_component id="oc-106">
         <name>.debug_line</name>
         <load_address>0x8a4</load_address>
         <run_address>0x8a4</run_address>
         <size>0x131</size>
         <input_file_ref idref="fl-a"/>
      </object_component>
      <object_component id="oc-219">
         <name>.debug_line</name>
         <load_address>0x9d5</load_address>
         <run_address>0x9d5</run_address>
         <size>0x20</size>
         <input_file_ref idref="fl-f"/>
      </object_component>
      <object_component id="oc-129">
         <name>.debug_line</name>
         <load_address>0x9f5</load_address>
         <run_address>0x9f5</run_address>
         <size>0x1c5</size>
         <input_file_ref idref="fl-f"/>
      </object_component>
      <object_component id="oc-1ca">
         <name>.debug_line</name>
         <load_address>0xbba</load_address>
         <run_address>0xbba</run_address>
         <size>0x20</size>
         <input_file_ref idref="fl-1c"/>
      </object_component>
      <object_component id="oc-1c8">
         <name>.debug_line</name>
         <load_address>0xbda</load_address>
         <run_address>0xbda</run_address>
         <size>0x38</size>
         <input_file_ref idref="fl-1c"/>
      </object_component>
      <object_component id="oc-83">
         <name>.debug_line</name>
         <load_address>0xc12</load_address>
         <run_address>0xc12</run_address>
         <size>0xe1</size>
         <input_file_ref idref="fl-1c"/>
      </object_component>
      <object_component id="oc-1e0">
         <name>.debug_line</name>
         <load_address>0xcf3</load_address>
         <run_address>0xcf3</run_address>
         <size>0x2e</size>
         <input_file_ref idref="fl-1d"/>
      </object_component>
      <object_component id="oc-1e2">
         <name>.debug_line</name>
         <load_address>0xd21</load_address>
         <run_address>0xd21</run_address>
         <size>0x2e</size>
         <input_file_ref idref="fl-1d"/>
      </object_component>
      <object_component id="oc-9b">
         <name>.debug_line</name>
         <load_address>0xd4f</load_address>
         <run_address>0xd4f</run_address>
         <size>0x621</size>
         <input_file_ref idref="fl-1d"/>
      </object_component>
      <object_component id="oc-123">
         <name>.debug_line</name>
         <load_address>0x1370</load_address>
         <run_address>0x1370</run_address>
         <size>0x35</size>
         <input_file_ref idref="fl-1d"/>
      </object_component>
      <object_component id="oc-1ea">
         <name>.debug_line</name>
         <load_address>0x13a5</load_address>
         <run_address>0x13a5</run_address>
         <size>0x59</size>
         <input_file_ref idref="fl-1e"/>
      </object_component>
      <object_component id="oc-a1">
         <name>.debug_line</name>
         <load_address>0x13fe</load_address>
         <run_address>0x13fe</run_address>
         <size>0x1ec</size>
         <input_file_ref idref="fl-1e"/>
      </object_component>
      <object_component id="oc-138">
         <name>.debug_line</name>
         <load_address>0x15ea</load_address>
         <run_address>0x15ea</run_address>
         <size>0x2f</size>
         <input_file_ref idref="fl-1e"/>
      </object_component>
      <object_component id="oc-1b3">
         <name>.debug_line</name>
         <load_address>0x1619</load_address>
         <run_address>0x1619</run_address>
         <size>0x30</size>
         <input_file_ref idref="fl-20"/>
      </object_component>
      <object_component id="oc-71">
         <name>.debug_line</name>
         <load_address>0x1649</load_address>
         <run_address>0x1649</run_address>
         <size>0x87</size>
         <input_file_ref idref="fl-20"/>
      </object_component>
      <object_component id="oc-1c4">
         <name>.debug_line</name>
         <load_address>0x16d0</load_address>
         <run_address>0x16d0</run_address>
         <size>0x30</size>
         <input_file_ref idref="fl-21"/>
      </object_component>
      <object_component id="oc-77">
         <name>.debug_line</name>
         <load_address>0x1700</load_address>
         <run_address>0x1700</run_address>
         <size>0x87</size>
         <input_file_ref idref="fl-21"/>
      </object_component>
      <object_component id="oc-1c6">
         <name>.debug_line</name>
         <load_address>0x1787</load_address>
         <run_address>0x1787</run_address>
         <size>0x30</size>
         <input_file_ref idref="fl-22"/>
      </object_component>
      <object_component id="oc-7d">
         <name>.debug_line</name>
         <load_address>0x17b7</load_address>
         <run_address>0x17b7</run_address>
         <size>0x87</size>
         <input_file_ref idref="fl-22"/>
      </object_component>
      <object_component id="oc-1dc">
         <name>.debug_line</name>
         <load_address>0x183e</load_address>
         <run_address>0x183e</run_address>
         <size>0x2e</size>
         <input_file_ref idref="fl-24"/>
      </object_component>
      <object_component id="oc-8f">
         <name>.debug_line</name>
         <load_address>0x186c</load_address>
         <run_address>0x186c</run_address>
         <size>0x16c</size>
         <input_file_ref idref="fl-24"/>
      </object_component>
      <object_component id="oc-d7">
         <name>.debug_line</name>
         <load_address>0x19d8</load_address>
         <run_address>0x19d8</run_address>
         <size>0x42</size>
         <input_file_ref idref="fl-2a"/>
      </object_component>
      <object_component id="oc-1ee">
         <name>.debug_line</name>
         <load_address>0x1a1a</load_address>
         <run_address>0x1a1a</run_address>
         <size>0x5a</size>
         <input_file_ref idref="fl-2c"/>
      </object_component>
      <object_component id="oc-1ec">
         <name>.debug_line</name>
         <load_address>0x1a74</load_address>
         <run_address>0x1a74</run_address>
         <size>0x30</size>
         <input_file_ref idref="fl-2c"/>
      </object_component>
      <object_component id="oc-a7">
         <name>.debug_line</name>
         <load_address>0x1aa4</load_address>
         <run_address>0x1aa4</run_address>
         <size>0x2cf</size>
         <input_file_ref idref="fl-2c"/>
      </object_component>
      <object_component id="oc-14a">
         <name>.debug_line</name>
         <load_address>0x1d73</load_address>
         <run_address>0x1d73</run_address>
         <size>0x20</size>
         <input_file_ref idref="fl-2c"/>
      </object_component>
      <object_component id="oc-14d">
         <name>.debug_line</name>
         <load_address>0x1d93</load_address>
         <run_address>0x1d93</run_address>
         <size>0x40</size>
         <input_file_ref idref="fl-2d"/>
      </object_component>
      <object_component id="oc-aa">
         <name>.debug_line</name>
         <load_address>0x1dd3</load_address>
         <run_address>0x1dd3</run_address>
         <size>0x40</size>
         <input_file_ref idref="fl-2d"/>
      </object_component>
      <object_component id="oc-6b">
         <name>.debug_line</name>
         <load_address>0x1e13</load_address>
         <run_address>0x1e13</run_address>
         <size>0x71</size>
         <input_file_ref idref="fl-2d"/>
      </object_component>
      <object_component id="oc-211">
         <name>.debug_line</name>
         <load_address>0x1e84</load_address>
         <run_address>0x1e84</run_address>
         <size>0x3b</size>
         <input_file_ref idref="fl-2e"/>
      </object_component>
      <object_component id="oc-e9">
         <name>.debug_line</name>
         <load_address>0x1ebf</load_address>
         <run_address>0x1ebf</run_address>
         <size>0x146</size>
         <input_file_ref idref="fl-2e"/>
      </object_component>
      <object_component id="oc-158">
         <name>.debug_line</name>
         <load_address>0x2005</load_address>
         <run_address>0x2005</run_address>
         <size>0x95</size>
         <input_file_ref idref="fl-e8"/>
      </object_component>
      <object_component id="oc-3b">
         <name>.debug_line</name>
         <load_address>0x209a</load_address>
         <run_address>0x209a</run_address>
         <size>0x88</size>
         <input_file_ref idref="fl-ea"/>
      </object_component>
      <object_component id="oc-16c">
         <name>.debug_line</name>
         <load_address>0x2122</load_address>
         <run_address>0x2122</run_address>
         <size>0x95</size>
         <input_file_ref idref="fl-ec"/>
      </object_component>
      <object_component id="oc-45">
         <name>.debug_line</name>
         <load_address>0x21b7</load_address>
         <run_address>0x21b7</run_address>
         <size>0x4f</size>
         <input_file_ref idref="fl-ec"/>
      </object_component>
      <object_component id="oc-c4">
         <name>.debug_line</name>
         <load_address>0x2206</load_address>
         <run_address>0x2206</run_address>
         <size>0x34</size>
         <input_file_ref idref="fl-ec"/>
      </object_component>
      <object_component id="oc-169">
         <name>.debug_line</name>
         <load_address>0x223a</load_address>
         <run_address>0x223a</run_address>
         <size>0x95</size>
         <input_file_ref idref="fl-ec"/>
      </object_component>
      <object_component id="oc-bf">
         <name>.debug_line</name>
         <load_address>0x22cf</load_address>
         <run_address>0x22cf</run_address>
         <size>0x20</size>
         <input_file_ref idref="fl-ed"/>
      </object_component>
      <object_component id="oc-1f">
         <name>.debug_line</name>
         <load_address>0x22ef</load_address>
         <run_address>0x22ef</run_address>
         <size>0x55</size>
         <input_file_ref idref="fl-ed"/>
      </object_component>
      <object_component id="oc-40">
         <name>.debug_line</name>
         <load_address>0x2344</load_address>
         <run_address>0x2344</run_address>
         <size>0x3a</size>
         <input_file_ref idref="fl-ed"/>
      </object_component>
      <object_component id="oc-bc">
         <name>.debug_line</name>
         <load_address>0x237e</load_address>
         <run_address>0x237e</run_address>
         <size>0x95</size>
         <input_file_ref idref="fl-ed"/>
      </object_component>
      <object_component id="oc-165">
         <name>.debug_line</name>
         <load_address>0x2413</load_address>
         <run_address>0x2413</run_address>
         <size>0x20</size>
         <input_file_ref idref="fl-ee"/>
      </object_component>
      <object_component id="oc-17">
         <name>.debug_line</name>
         <load_address>0x2433</load_address>
         <run_address>0x2433</run_address>
         <size>0xa9</size>
         <input_file_ref idref="fl-ee"/>
      </object_component>
      <object_component id="oc-30">
         <name>.debug_line</name>
         <load_address>0x24dc</load_address>
         <run_address>0x24dc</run_address>
         <size>0x3a</size>
         <input_file_ref idref="fl-ee"/>
      </object_component>
      <object_component id="oc-162">
         <name>.debug_line</name>
         <load_address>0x2516</load_address>
         <run_address>0x2516</run_address>
         <size>0x9d</size>
         <input_file_ref idref="fl-ee"/>
      </object_component>
      <object_component id="oc-b5">
         <name>.debug_line</name>
         <load_address>0x25b3</load_address>
         <run_address>0x25b3</run_address>
         <size>0x99</size>
         <input_file_ref idref="fl-ee"/>
      </object_component>
      <object_component id="oc-174">
         <name>.debug_line</name>
         <load_address>0x264c</load_address>
         <run_address>0x264c</run_address>
         <size>0x3c</size>
         <input_file_ref idref="fl-ef"/>
      </object_component>
      <object_component id="oc-154">
         <name>.debug_line</name>
         <load_address>0x2688</load_address>
         <run_address>0x2688</run_address>
         <size>0x115</size>
         <input_file_ref idref="fl-f2"/>
      </object_component>
      <object_component id="oc-ad">
         <name>.debug_line</name>
         <load_address>0x279d</load_address>
         <run_address>0x279d</run_address>
         <size>0x2c</size>
         <input_file_ref idref="fl-f2"/>
      </object_component>
      <object_component id="oc-15d">
         <name>.debug_line</name>
         <load_address>0x27c9</load_address>
         <run_address>0x27c9</run_address>
         <size>0x2c</size>
         <input_file_ref idref="fl-f2"/>
      </object_component>
      <object_component id="oc-b1">
         <name>.debug_line</name>
         <load_address>0x27f5</load_address>
         <run_address>0x27f5</run_address>
         <size>0x33</size>
         <input_file_ref idref="fl-f5"/>
      </object_component>
      <object_component id="oc-5a">
         <name>.debug_line</name>
         <load_address>0x2828</load_address>
         <run_address>0x2828</run_address>
         <size>0x45</size>
         <input_file_ref idref="fl-f5"/>
      </object_component>
      <object_component id="oc-22d">
         <name>.debug_line</name>
         <load_address>0x286d</load_address>
         <run_address>0x286d</run_address>
         <size>0xc2</size>
         <input_file_ref idref="fl-f9"/>
      </object_component>
      <object_component id="oc-180">
         <name>.debug_line</name>
         <load_address>0x292f</load_address>
         <run_address>0x292f</run_address>
         <size>0x6f</size>
         <input_file_ref idref="fl-f9"/>
      </object_component>
      <object_component id="oc-231">
         <name>.debug_line</name>
         <load_address>0x299e</load_address>
         <run_address>0x299e</run_address>
         <size>0x2e</size>
         <input_file_ref idref="fl-f9"/>
      </object_component>
      <object_component id="oc-245">
         <name>.debug_line</name>
         <load_address>0x29cc</load_address>
         <run_address>0x29cc</run_address>
         <size>0x9d</size>
         <input_file_ref idref="fl-f9"/>
      </object_component>
      <object_component id="oc-236">
         <name>.debug_line</name>
         <load_address>0x2a69</load_address>
         <run_address>0x2a69</run_address>
         <size>0x9a</size>
         <input_file_ref idref="fl-f9"/>
      </object_component>
      <object_component id="oc-23b">
         <name>.debug_line</name>
         <load_address>0x2b03</load_address>
         <run_address>0x2b03</run_address>
         <size>0x96</size>
         <input_file_ref idref="fl-f9"/>
      </object_component>
      <object_component id="oc-ce">
         <name>.debug_line</name>
         <load_address>0x2b99</load_address>
         <run_address>0x2b99</run_address>
         <size>0x40</size>
         <input_file_ref idref="fl-fa"/>
      </object_component>
      <object_component id="oc-21c">
         <name>.debug_abbrev</name>
         <load_address>0x0</load_address>
         <run_address>0x0</run_address>
         <size>0x71</size>
         <input_file_ref idref="fl-2"/>
      </object_component>
      <object_component id="oc-1b6">
         <name>.debug_abbrev</name>
         <load_address>0x71</load_address>
         <run_address>0x71</run_address>
         <size>0xbd</size>
         <input_file_ref idref="fl-2"/>
      </object_component>
      <object_component id="oc-150">
         <name>.debug_abbrev</name>
         <load_address>0x12e</load_address>
         <run_address>0x12e</run_address>
         <size>0x69</size>
         <input_file_ref idref="fl-2"/>
      </object_component>
      <object_component id="oc-1bb">
         <name>.debug_abbrev</name>
         <load_address>0x197</load_address>
         <run_address>0x197</run_address>
         <size>0x97</size>
         <input_file_ref idref="fl-2"/>
      </object_component>
      <object_component id="oc-34">
         <name>.debug_abbrev</name>
         <load_address>0x22e</load_address>
         <run_address>0x22e</run_address>
         <size>0x1f</size>
         <input_file_ref idref="fl-2"/>
      </object_component>
      <object_component id="oc-1c0">
         <name>.debug_abbrev</name>
         <load_address>0x24d</load_address>
         <run_address>0x24d</run_address>
         <size>0x5c</size>
         <input_file_ref idref="fl-2"/>
      </object_component>
      <object_component id="oc-f2">
         <name>.debug_abbrev</name>
         <load_address>0x2a9</load_address>
         <run_address>0x2a9</run_address>
         <size>0x24</size>
         <input_file_ref idref="fl-2"/>
      </object_component>
      <object_component id="oc-1dd">
         <name>.debug_abbrev</name>
         <load_address>0x2cd</load_address>
         <run_address>0x2cd</run_address>
         <size>0xa0</size>
         <input_file_ref idref="fl-3"/>
      </object_component>
      <object_component id="oc-117">
         <name>.debug_abbrev</name>
         <load_address>0x36d</load_address>
         <run_address>0x36d</run_address>
         <size>0x7b</size>
         <input_file_ref idref="fl-3"/>
      </object_component>
      <object_component id="oc-21a">
         <name>.debug_abbrev</name>
         <load_address>0x3e8</load_address>
         <run_address>0x3e8</run_address>
         <size>0x29</size>
         <input_file_ref idref="fl-6"/>
      </object_component>
      <object_component id="oc-1e8">
         <name>.debug_abbrev</name>
         <load_address>0x411</load_address>
         <run_address>0x411</run_address>
         <size>0xa9</size>
         <input_file_ref idref="fl-6"/>
      </object_component>
      <object_component id="oc-1d9">
         <name>.debug_abbrev</name>
         <load_address>0x4ba</load_address>
         <run_address>0x4ba</run_address>
         <size>0xd7</size>
         <input_file_ref idref="fl-8"/>
      </object_component>
      <object_component id="oc-10c">
         <name>.debug_abbrev</name>
         <load_address>0x591</load_address>
         <run_address>0x591</run_address>
         <size>0x15d</size>
         <input_file_ref idref="fl-8"/>
      </object_component>
      <object_component id="oc-212">
         <name>.debug_abbrev</name>
         <load_address>0x6ee</load_address>
         <run_address>0x6ee</run_address>
         <size>0x65</size>
         <input_file_ref idref="fl-a"/>
      </object_component>
      <object_component id="oc-214">
         <name>.debug_abbrev</name>
         <load_address>0x753</load_address>
         <run_address>0x753</run_address>
         <size>0x27</size>
         <input_file_ref idref="fl-a"/>
      </object_component>
      <object_component id="oc-216">
         <name>.debug_abbrev</name>
         <load_address>0x77a</load_address>
         <run_address>0x77a</run_address>
         <size>0x27</size>
         <input_file_ref idref="fl-a"/>
      </object_component>
      <object_component id="oc-1d8">
         <name>.debug_abbrev</name>
         <load_address>0x7a1</load_address>
         <run_address>0x7a1</run_address>
         <size>0xa9</size>
         <input_file_ref idref="fl-a"/>
      </object_component>
      <object_component id="oc-218">
         <name>.debug_abbrev</name>
         <load_address>0x84a</load_address>
         <run_address>0x84a</run_address>
         <size>0x71</size>
         <input_file_ref idref="fl-f"/>
      </object_component>
      <object_component id="oc-1e3">
         <name>.debug_abbrev</name>
         <load_address>0x8bb</load_address>
         <run_address>0x8bb</run_address>
         <size>0xa6</size>
         <input_file_ref idref="fl-f"/>
      </object_component>
      <object_component id="oc-1c9">
         <name>.debug_abbrev</name>
         <load_address>0x961</load_address>
         <run_address>0x961</run_address>
         <size>0x8a</size>
         <input_file_ref idref="fl-1c"/>
      </object_component>
      <object_component id="oc-1c7">
         <name>.debug_abbrev</name>
         <load_address>0x9eb</load_address>
         <run_address>0x9eb</run_address>
         <size>0x29</size>
         <input_file_ref idref="fl-1c"/>
      </object_component>
      <object_component id="oc-100">
         <name>.debug_abbrev</name>
         <load_address>0xa14</load_address>
         <run_address>0xa14</run_address>
         <size>0x7b</size>
         <input_file_ref idref="fl-1c"/>
      </object_component>
      <object_component id="oc-1df">
         <name>.debug_abbrev</name>
         <load_address>0xa8f</load_address>
         <run_address>0xa8f</run_address>
         <size>0x97</size>
         <input_file_ref idref="fl-1d"/>
      </object_component>
      <object_component id="oc-1e1">
         <name>.debug_abbrev</name>
         <load_address>0xb26</load_address>
         <run_address>0xb26</run_address>
         <size>0x29</size>
         <input_file_ref idref="fl-1d"/>
      </object_component>
      <object_component id="oc-11f">
         <name>.debug_abbrev</name>
         <load_address>0xb4f</load_address>
         <run_address>0xb4f</run_address>
         <size>0xe5</size>
         <input_file_ref idref="fl-1d"/>
      </object_component>
      <object_component id="oc-122">
         <name>.debug_abbrev</name>
         <load_address>0xc34</load_address>
         <run_address>0xc34</run_address>
         <size>0x33</size>
         <input_file_ref idref="fl-1d"/>
      </object_component>
      <object_component id="oc-1e9">
         <name>.debug_abbrev</name>
         <load_address>0xc67</load_address>
         <run_address>0xc67</run_address>
         <size>0xbd</size>
         <input_file_ref idref="fl-1e"/>
      </object_component>
      <object_component id="oc-134">
         <name>.debug_abbrev</name>
         <load_address>0xd24</load_address>
         <run_address>0xd24</run_address>
         <size>0x110</size>
         <input_file_ref idref="fl-1e"/>
      </object_component>
      <object_component id="oc-137">
         <name>.debug_abbrev</name>
         <load_address>0xe34</load_address>
         <run_address>0xe34</run_address>
         <size>0x33</size>
         <input_file_ref idref="fl-1e"/>
      </object_component>
      <object_component id="oc-1b2">
         <name>.debug_abbrev</name>
         <load_address>0xe67</load_address>
         <run_address>0xe67</run_address>
         <size>0x97</size>
         <input_file_ref idref="fl-20"/>
      </object_component>
      <object_component id="oc-ef">
         <name>.debug_abbrev</name>
         <load_address>0xefe</load_address>
         <run_address>0xefe</run_address>
         <size>0x7b</size>
         <input_file_ref idref="fl-20"/>
      </object_component>
      <object_component id="oc-1c3">
         <name>.debug_abbrev</name>
         <load_address>0xf79</load_address>
[...]
         <name>TExaS_Set4</name>
         <value>0x45b</value>
         <object_component_ref idref="oc-97"/>
      </symbol>
      <symbol id="sm-2d9">
         <name>TExaS_Set5</name>
         <value>0x45d</value>
         <object_component_ref idref="oc-97"/>
      </symbol>
      <symbol id="sm-2da">
         <name>TExaS_Set6</name>
         <value>0x475</value>
         <object_component_ref idref="oc-97"/>
      </symbol>
      <symbol id="sm-2db">
         <name>TExaS_ScopeErrLostData</name>
         <value>0x200006e4</value>
         <object_component_ref idref="oc-11b"/>
      </symbol>
      <symbol id="sm-2dc">
         <name>PeriodicTask2_Stop</name>
         <value>0x333</value>
         <object_component_ref idref="oc-97"/>
      </symbol>
      <symbol id="sm-2dd">
         <name>LogicAnalyzer_P10</name>
         <value>0x1c5</value>
         <object_component_ref idref="oc-97"/>
      </symbol>
      <symbol id="sm-2de">
         <name>TExaS_Init</name>
         <value>0x5b5</value>
         <object_component_ref idref="oc-97"/>
      </symbol>
      <symbol id="sm-2df">
         <name>UART_InChar</name>
         <value>0x39d</value>
         <object_component_ref idref="oc-97"/>
      </symbol>
      <symbol id="sm-2e0">
         <name>LogicAnalyzer</name>
         <value>0xe5</value>
         <object_component_ref idref="oc-97"/>
      </symbol>
      <symbol id="sm-2e1">
         <name>LogicAnalyzer_P4_765320</name>
         <value>0x147</value>
         <object_component_ref idref="oc-97"/>
      </symbol>
      <symbol id="sm-2e2">
         <name>T32_INT1_IRQHandler</name>
         <value>0x323</value>
         <object_component_ref idref="oc-97"/>
      </symbol>
      <symbol id="sm-2e3">
         <name>UART_Init</name>
         <value>0x343</value>
         <object_component_ref idref="oc-97"/>
      </symbol>
      <symbol id="sm-2e4">
         <name>LogicAnalyzer_P2_7654</name>
         <value>0x10b</value>
         <object_component_ref idref="oc-97"/>
      </symbol>
      <symbol id="sm-2e5">
         <name>UART_OutChar</name>
         <value>0x3ad</value>
         <object_component_ref idref="oc-97"/>
      </symbol>
      <symbol id="sm-2e6">
         <name>TExaS_Set</name>
         <value>0x413</value>
         <object_component_ref idref="oc-97"/>
      </symbol>
      <symbol id="sm-31e">
         <name>Ptemperature</name>
         <value>0x20000690</value>
      </symbol>
      <symbol id="sm-31f">
         <name>TMP117_Reset</name>
         <value>0x1bd1</value>
         <object_component_ref idref="oc-9d"/>
      </symbol>
      <symbol id="sm-320">
         <name>PORT4_IRQHandler</name>
         <value>0x1bf3</value>
         <object_component_ref idref="oc-9d"/>
      </symbol>
      <symbol id="sm-321">
         <name>TMP117_ReadTemperature</name>
         <value>0x1be1</value>
         <object_component_ref idref="oc-9d"/>
      </symbol>
      <symbol id="sm-322">
         <name>TMP117_Arm</name>
         <value>0x1b95</value>
         <object_component_ref idref="oc-9d"/>
      </symbol>
      <symbol id="sm-323">
         <name>TMP117_Init</name>
         <value>0x1b27</value>
         <object_component_ref idref="oc-9d"/>
      </symbol>
      <symbol id="sm-33c">
         <name>TimerA0Task</name>
         <value>0x200006a8</value>
      </symbol>
      <symbol id="sm-33d">
         <name>TimerA0_Init</name>
         <value>0x2451</value>
         <object_component_ref idref="oc-6d"/>
      </symbol>
      <symbol id="sm-33e">
         <name>TA0_0_IRQHandler</name>
         <value>0x24cb</value>
         <object_component_ref idref="oc-6d"/>
      </symbol>
      <symbol id="sm-33f">
         <name>TimerA0_Stop</name>
         <value>0x24b5</value>
         <object_component_ref idref="oc-6d"/>
      </symbol>
      <symbol id="sm-358">
         <name>TimerA1Task</name>
         <value>0x200006ac</value>
      </symbol>
      <symbol id="sm-359">
         <name>TimerA1_Init</name>
         <value>0x24fd</value>
         <object_component_ref idref="oc-73"/>
      </symbol>
      <symbol id="sm-35a">
         <name>TA1_0_IRQHandler</name>
         <value>0x256f</value>
         <object_component_ref idref="oc-73"/>
      </symbol>
      <symbol id="sm-35b">
         <name>TimerA1_Stop</name>
         <value>0x255b</value>
         <object_component_ref idref="oc-73"/>
      </symbol>
      <symbol id="sm-374">
         <name>TimerA2Task</name>
         <value>0x200006b0</value>
      </symbol>
      <symbol id="sm-375">
         <name>TimerA2_Init</name>
         <value>0x25a5</value>
         <object_component_ref idref="oc-79"/>
      </symbol>
      <symbol id="sm-376">
         <name>TA2_0_IRQHandler</name>
         <value>0x2617</value>
         <object_component_ref idref="oc-79"/>
      </symbol>
      <symbol id="sm-377">
         <name>TimerA2_Stop</name>
         <value>0x2603</value>
         <object_component_ref idref="oc-79"/>
      </symbol>
      <symbol id="sm-3a9">
         <name>RxPutI</name>
         <value>0x200006a4</value>
      </symbol>
      <symbol id="sm-3aa">
         <name>RxGetI</name>
         <value>0x200006a0</value>
      </symbol>
      <symbol id="sm-3ab">
         <name>RxFifoLost</name>
         <value>0x2000069c</value>
      </symbol>
      <symbol id="sm-3ac">
         <name>RxFIFO</name>
         <value>0x20000400</value>
      </symbol>
      <symbol id="sm-3ad">
         <name>RxFifo_Get</name>
         <value>0x2045</value>
         <object_component_ref idref="oc-8b"/>
      </symbol>
      <symbol id="sm-3ae">
         <name>UART1_OutChar</name>
         <value>0x20f9</value>
         <object_component_ref idref="oc-8b"/>
      </symbol>
      <symbol id="sm-3af">
         <name>UART1_InChar</name>
         <value>0x20e7</value>
         <object_component_ref idref="oc-8b"/>
      </symbol>
      <symbol id="sm-3b0">
         <name>UART1_InStatus</name>
         <value>0x207b</value>
         <object_component_ref idref="oc-8b"/>
      </symbol>
      <symbol id="sm-3b1">
         <name>EUSCIA2_IRQHandler</name>
         <value>0x2115</value>
         <object_component_ref idref="oc-8b"/>
      </symbol>
      <symbol id="sm-3b2">
         <name>UART1_OutString</name>
         <value>0x212b</value>
         <object_component_ref idref="oc-8b"/>
      </symbol>
      <symbol id="sm-3b3">
         <name>RxFifo_Put</name>
         <value>0x1fff</value>
         <object_component_ref idref="oc-8b"/>
      </symbol>
      <symbol id="sm-3b4">
         <name>UART1_Init</name>
         <value>0x208b</value>
         <object_component_ref idref="oc-8b"/>
      </symbol>
      <symbol id="sm-3b5">
         <name>UART1_FinishOutput</name>
         <value>0x2149</value>
         <object_component_ref idref="oc-8b"/>
      </symbol>
      <symbol id="sm-3b6">
         <name>RxFifo_Init</name>
         <value>0x1fed</value>
         <object_component_ref idref="oc-8b"/>
      </symbol>
      <symbol id="sm-3c5">
         <name>main</name>
         <value>0xd63</value>
         <object_component_ref idref="oc-d3"/>
      </symbol>
      <symbol id="sm-417">
         <name>ChannelCount</name>
         <value>0x20000650</value>
      </symbol>
      <symbol id="sm-418">
         <name>PTxChan</name>
         <value>0x20000680</value>
      </symbol>
      <symbol id="sm-419">
         <name>Pdistances</name>
         <value>0x20000688</value>
      </symbol>
      <symbol id="sm-41a">
         <name>Pamplitudes</name>
         <value>0x20000684</value>
      </symbol>
      <symbol id="sm-41b">
         <name>ISRTime</name>
         <value>0x20000678</value>
      </symbol>
      <symbol id="sm-41c">
         <name>ISRLast</name>
         <value>0x20000670</value>
      </symbol>
      <symbol id="sm-41d">
         <name>ISRPeriod</name>
         <value>0x20000674</value>
      </symbol>
      <symbol id="sm-41e">
         <name>OPT3101_CheckDistanceSensor</name>
         <value>0x10fd</value>
         <object_component_ref idref="oc-a3"/>
      </symbol>
      <symbol id="sm-41f">
         <name>OPT3101_ReadMeasurement</name>
         <value>0x1087</value>
         <object_component_ref idref="oc-a3"/>
      </symbol>
      <symbol id="sm-420">
         <name>OPT3101_StartMeasurement</name>
         <value>0x1039</value>
         <object_component_ref idref="oc-a3"/>
      </symbol>
      <symbol id="sm-421">
         <name>OPT3101_GetMeasurement</name>
         <value>0x1115</value>
         <object_component_ref idref="oc-a3"/>
      </symbol>
      <symbol id="sm-422">
         <name>OPT3101_CalibrateInternalCrosstalk</name>
         <value>0xf57</value>
         <object_component_ref idref="oc-a3"/>
      </symbol>
      <symbol id="sm-423">
         <name>OPT3101_Setup</name>
         <value>0xe2d</value>
         <object_component_ref idref="oc-a3"/>
      </symbol>
      <symbol id="sm-424">
         <name>OPT3101_MeasurementError</name>
         <value>0x109f</value>
         <object_component_ref idref="oc-a3"/>
      </symbol>
      <symbol id="sm-425">
         <name>OPT3101_ArmInterrupts</name>
         <value>0x1197</value>
         <object_component_ref idref="oc-a3"/>
      </symbol>
      <symbol id="sm-426">
         <name>OPT3101_ReadRegister</name>
         <value>0xd65</value>
         <object_component_ref idref="oc-a3"/>
      </symbol>
      <symbol id="sm-427">
         <name>OPT3101_GetDistanceMillimeters</name>
         <value>0x10e7</value>
         <object_component_ref idref="oc-a3"/>
      </symbol>
      <symbol id="sm-428">
         <name>OPT3101_Init</name>
         <value>0xdcf</value>
         <object_component_ref idref="oc-a3"/>
      </symbol>
      <symbol id="sm-429">
         <name>OPT3101_GetAmplitude</name>
         <value>0x10c9</value>
         <object_component_ref idref="oc-a3"/>
      </symbol>
      <symbol id="sm-42a">
         <name>PORT6_IRQHandler</name>
         <value>0x11ed</value>
         <object_component_ref idref="oc-a3"/>
      </symbol>
      <symbol id="sm-42b">
         <name>OPT3101_StartMeasurementChannel</name>
         <value>0x1047</value>
         <object_component_ref idref="oc-a3"/>
      </symbol>
      <symbol id="sm-42c">
         <name>OPT3101_GetPhase</name>
         <value>0x10dd</value>
         <object_component_ref idref="oc-a3"/>
      </symbol>
      <symbol id="sm-42d">
         <name>OPT3101_WriteRegister</name>
         <value>0xd95</value>
         <object_component_ref idref="oc-a3"/>
      </symbol>
      <symbol id="sm-42e">
         <name>OPT3101_GetTxChannel</name>
         <value>0x10bf</value>
         <object_component_ref idref="oc-a3"/>
      </symbol>
      <symbol id="sm-443">
         <name>Reset_Handler</name>
         <value>0x27e9</value>
         <object_component_ref idref="oc-67"/>
      </symbol>
      <symbol id="sm-444">
         <name>Default_Handler</name>
         <value>0x27f5</value>
         <object_component_ref idref="oc-67"/>
      </symbol>
      <symbol id="sm-445">
         <name>interruptVectors</name>
         <value>0x0</value>
         <object_component_ref idref="oc-23"/>
      </symbol>
      <symbol id="sm-48b">
         <name>SystemInit</name>
         <value>0x1899</value>
         <object_component_ref idref="oc-e5"/>
      </symbol>
      <symbol id="sm-48c">
         <name>SystemCoreClockUpdate</name>
         <value>0x1625</value>
         <object_component_ref idref="oc-e5"/>
      </symbol>
      <symbol id="sm-48d">
         <name>SystemCoreClock</name>
         <value>0x200006f0</value>
         <object_component_ref idref="oc-1ae"/>
      </symbol>
      <symbol id="sm-4af">
         <name>memcpy</name>
         <value>0x264d</value>
         <object_component_ref idref="oc-37"/>
      </symbol>
      <symbol id="sm-4b0">
         <name>__aeabi_memcpy</name>
         <value>0x264d</value>
         <object_component_ref idref="oc-37"/>
      </symbol>
      <symbol id="sm-4b1">
         <name>__aeabi_memcpy8</name>
         <value>0x264d</value>
         <object_component_ref idref="oc-37"/>
      </symbol>
      <symbol id="sm-4b2">
         <name>__aeabi_memcpy4</name>
         <value>0x264d</value>
         <object_component_ref idref="oc-37"/>
      </symbol>
      <symbol id="sm-4cc">
         <name>__TI_zero_init_nomemset</name>
         <value>0x27c9</value>
         <object_component_ref idref="oc-43"/>
      </symbol>
      <symbol id="sm-4e3">
         <name>__TI_decompress_none</name>
         <value>0x27db</value>
         <object_component_ref idref="oc-1a"/>
      </symbol>
      <symbol id="sm-506">
         <name>__TI_decompress_lzss</name>
         <value>0x26e9</value>
         <object_component_ref idref="oc-14"/>
      </symbol>
      <symbol id="sm-511">
         <name>C$$EXIT</name>
         <value>0x27fb</value>
         <object_component_ref idref="oc-170"/>
      </symbol>
      <symbol id="sm-512">
         <name>abort</name>
         <value>0x27fb</value>
         <object_component_ref idref="oc-170"/>
      </symbol>
      <symbol id="sm-524">
         <name>_sys_memory</name>
         <value>0x20000000</value>
         <object_component_ref idref="oc-26"/>
      </symbol>
      <symbol id="sm-539">
         <name>__stack</name>
         <value>0x2000fe00</value>
         <object_component_ref idref="oc-29"/>
      </symbol>
      <symbol id="sm-53a">
         <name>_c_int00_noargs</name>
         <value>0x2795</value>
         <object_component_ref idref="oc-55"/>
      </symbol>
      <symbol id="sm-565">
         <name>__TI_auto_init_nobinit_nopinit</name>
         <value>0x2751</value>
         <object_component_ref idref="oc-17c"/>
      </symbol>
      <symbol id="sm-56f">
         <name>_system_pre_init</name>
         <value>0x27f7</value>
         <object_component_ref idref="oc-cd"/>
      </symbol>
      <symbol id="sm-584">
         <name>__TI_static_base__</name>
         <value>0x0</value>
      </symbol>
      <symbol id="sm-587">
         <name>__mpu_init</name>
         <value>0x0</value>
      </symbol>
      <symbol id="sm-588">
         <name>_system_post_cinit</name>
         <value>0x0</value>
      </symbol>
      <symbol id="sm-589">
         <name>NMI_Handler</name>
         <value>0x27f5</value>
      </symbol>
      <symbol id="sm-58a">
         <name>HardFault_Handler</name>
         <value>0x27f5</value>
      </symbol>
      <symbol id="sm-58b">
         <name>MemManage_Handler</name>
         <value>0x27f5</value>
      </symbol>
      <symbol id="sm-58c">
         <name>BusFault_Handler</name>
         <value>0x27f5</value>
      </symbol>
      <symbol id="sm-58d">
         <name>UsageFault_Handler</name>
         <value>0x27f5</value>
      </symbol>
      <symbol id="sm-58e">
         <name>SVC_Handler</name>
         <value>0x27f5</value>
      </symbol>
      <symbol id="sm-58f">
         <name>DebugMon_Handler</name>
         <value>0x27f5</value>
      </symbol>
      <symbol id="sm-590">
         <name>PendSV_Handler</name>
         <value>0x27f5</value>
      </symbol>
      <symbol id="sm-591">
         <name>SysTick_Handler</name>
         <value>0x27f5</value>
      </symbol>
      <symbol id="sm-592">
         <name>PSS_IRQHandler</name>
         <value>0x27f5</value>
      </symbol>
      <symbol id="sm-593">
         <name>CS_IRQHandler</name>
         <value>0x27f5</value>
      </symbol>
      <symbol id="sm-594">
         <name>PCM_IRQHandler</name>
         <value>0x27f5</value>
      </symbol>
      <symbol id="sm-595">
         <name>WDT_A_IRQHandler</name>
         <value>0x27f5</value>
      </symbol>
      <symbol id="sm-596">
         <name>FPU_IRQHandler</name>
         <value>0x27f5</value>
      </symbol>
      <symbol id="sm-597">
         <name>FLCTL_IRQHandler</name>
         <value>0x27f5</value>
      </symbol>
      <symbol id="sm-598">
         <name>COMP_E0_IRQHandler</name>
         <value>0x27f5</value>
      </symbol>
      <symbol id="sm-599">
         <name>COMP_E1_IRQHandler</name>
         <value>0x27f5</value>
      </symbol>
      <symbol id="sm-59a">
         <name>TA0_0_IRQHandler</name>
         <value>0x24cb</value>
      </symbol>
      <symbol id="sm-59b">
         <name>TA0_N_IRQHandler</name>
         <value>0x27f5</value>
      </symbol>
      <symbol id="sm-59c">
         <name>TA1_0_IRQHandler</name>
         <value>0x256f</value>
      </symbol>
      <symbol id="sm-59d">
         <name>TA1_N_IRQHandler</name>
         <value>0x27f5</value>
      </symbol>
      <symbol id="sm-59e">
         <name>TA2_0_IRQHandler</name>
         <value>0x2617</value>
      </symbol>
      <symbol id="sm-59f">
         <name>TA2_N_IRQHandler</name>
         <value>0x27f5</value>
      </symbol>
      <symbol id="sm-5a0">
         <name>TA3_0_IRQHandler</name>
         <value>0x1ea5</value>
      </symbol>
      <symbol id="sm-5a1">
         <name>TA3_N_IRQHandler</name>
         <value>0x1ebf</value>
      </symbol>
      <symbol id="sm-5a2">
         <name>EUSCIA0_IRQHandler</name>
         <value>0x83d</value>
      </symbol>
      <symbol id="sm-5a3">
         <name>EUSCIA1_IRQHandler</name>
         <value>0x27f5</value>
      </symbol>
      <symbol id="sm-5a4">
         <name>EUSCIA2_IRQHandler</name>
         <value>0x2115</value>
      </symbol>
      <symbol id="sm-5a5">
         <name>EUSCIA3_IRQHandler</name>
         <value>0x27f5</value>
      </symbol>
      <symbol id="sm-5a6">
         <name>EUSCIB0_IRQHandler</name>
         <value>0x27f5</value>
      </symbol>
      <symbol id="sm-5a7">
         <name>EUSCIB1_IRQHandler</name>
         <value>0x27f5</value>
      </symbol>
      <symbol id="sm-5a8">
         <name>EUSCIB2_IRQHandler</name>
         <value>0x27f5</value>
      </symbol>
      <symbol id="sm-5a9">
         <name>EUSCIB3_IRQHandler</name>
         <value>0x27f5</value>
      </symbol>
      <symbol id="sm-5aa">
         <name>ADC14_IRQHandler</name>
         <value>0x23e7</value>
      </symbol>
      <symbol id="sm-5ab">
         <name>T32_INT1_IRQHandler</name>
         <value>0x323</value>
      </symbol>
      <symbol id="sm-5ac">
         <name>T32_INT2_IRQHandler</name>
         <value>0x27f5</value>
      </symbol>
      <symbol id="sm-5ad">
         <name>T32_INTC_IRQHandler</name>
         <value>0x27f5</value>
      </symbol>
      <symbol id="sm-5ae">
         <name>AES256_IRQHandler</name>
         <value>0x27f5</value>
      </symbol>
      <symbol id="sm-5af">
         <name>RTC_C_IRQHandler</name>
         <value>0x27f5</value>
      </symbol>
      <symbol id="sm-5b0">
         <name>DMA_ERR_IRQHandler</name>
         <value>0x27f5</value>
      </symbol>
      <symbol id="sm-5b1">
         <name>DMA_INT3_IRQHandler</name>
         <value>0x27f5</value>
      </symbol>
      <symbol id="sm-5b2">
         <name>DMA_INT2_IRQHandler</name>
         <value>0x27f5</value>
      </symbol>
      <symbol id="sm-5b3">
         <name>DMA_INT1_IRQHandler</name>
         <value>0x27f5</value>
      </symbol>
      <symbol id="sm-5b4">
         <name>DMA_INT0_IRQHandler</name>
         <value>0x27f5</value>
      </symbol>
      <symbol id="sm-5b5">
         <name>PORT1_IRQHandler</name>
         <value>0x27f5</value>
      </symbol>
      <symbol id="sm-5b6">
         <name>PORT2_IRQHandler</name>
         <value>0x27f5</value>
      </symbol>
      <symbol id="sm-5b7">
         <name>PORT3_IRQHandler</name>
         <value>0x27f5</value>
      </symbol>
      <symbol id="sm-5b8">
         <name>PORT4_IRQHandler</name>
         <value>0x1bf3</value>
      </symbol>
      <symbol id="sm-5b9">
         <name>PORT5_IRQHandler</name>
         <value>0x27f5</value>
      </symbol>
      <symbol id="sm-5ba">
         <name>PORT6_IRQHandler</name>
         <value>0x11ed</value>
      </symbol>
   </symbol_table>
   <title>Link successful</title>
</link_info>
