<?xml version="1.0" encoding="ISO-8859-1" ?>
<link_info>
   <banner>TI ARM Linker Unix v20.2.7.LTS</banner>
   <copyright>Copyright (c) 1996-2018 Texas Instruments Incorporated</copyright>
   <link_time>0x644704aa</link_time>
   <link_errors>0x0</link_errors>
   <output_file>MiddleSense.out</output_file>
   <entry_point>
      <name>_c_int00_noargs</name>
      <address>0x7ce9</address>
   </entry_point>
   <input_file_list>
      <input_file id="fl-1">
         <path>./</path>
         <kind>object</kind>
         <file>Bump.obj</file>
         <name>Bump.obj</name>
      </input_file>
      <input_file id="fl-2">
         <path>./</path>
         <kind>object</kind>
         <file>Clock.obj</file>
         <name>Clock.obj</name>
      </input_file>
      <input_file id="fl-3">
         <path>./</path>
         <kind>object</kind>
         <file>CortexM.obj</file>
         <name>CortexM.obj</name>
      </input_file>
      <input_file id="fl-4">
         <path>./</path>
         <kind>object</kind>
         <file>CustomMotor.obj</file>
         <name>CustomMotor.obj</name>
      </input_file>
      <input_file id="fl-5">
         <path>./</path>
         <kind>object</kind>
         <file>Dist.obj</file>
         <name>Dist.obj</name>
      </input_file>
      <input_file id="fl-6">
         <path>./</path>
         <kind>object</kind>
         <file>FFT.obj</file>
         <name>FFT.obj</name>
      </input_file>
      <input_file id="fl-7">
         <path>./</path>
         <kind>object</kind>
         <file>I2CB1.obj</file>
         <name>I2CB1.obj</name>
      </input_file>
      <input_file id="fl-8">
         <path>./</path>
         <kind>object</kind>
         <file>LPF.obj</file>
         <name>LPF.obj</name>
      </input_file>
      <input_file id="fl-9">
         <path>./</path>
         <kind>object</kind>
         <file>Lab21_OPT3101_TestMain.obj</file>
         <name>Lab21_OPT3101_TestMain.obj</name>
      </input_file>
      <input_file id="fl-a">
         <path>./</path>
         <kind>object</kind>
         <file>LaunchPad.obj</file>
         <name>LaunchPad.obj</name>
      </input_file>
      <input_file id="fl-b">
         <path>./</path>
         <kind>object</kind>
         <file>Motor.obj</file>
         <name>Motor.obj</name>
      </input_file>
      <input_file id="fl-c">
         <path>./</path>
         <kind>object</kind>
         <file>PWM.obj</file>
         <name>PWM.obj</name>
      </input_file>
      <input_file id="fl-d">
         <path>./</path>
         <kind>object</kind>
         <file>SSD1306.obj</file>
         <name>SSD1306.obj</name>
      </input_file>
      <input_file id="fl-e">
         <path>./</path>
         <kind>object</kind>
         <file>TA3InputCapture.obj</file>
         <name>TA3InputCapture.obj</name>
      </input_file>
      <input_file id="fl-f">
         <path>./</path>
         <kind>object</kind>
         <file>Tachometer.obj</file>
         <name>Tachometer.obj</name>
      </input_file>
      <input_file id="fl-10">
         <path>./</path>
         <kind>object</kind>
         <file>blinker.obj</file>
         <name>blinker.obj</name>
      </input_file>
      <input_file id="fl-11">
         <path>./</path>
         <kind>object</kind>
         <file>fixed.obj</file>
         <name>fixed.obj</name>
      </input_file>
      <input_file id="fl-12">
         <path>./</path>
         <kind>object</kind>
         <file>main.obj</file>
         <name>main.obj</name>
      </input_file>
      <input_file id="fl-13">
         <path>./</path>
         <kind>object</kind>
         <file>odometry.obj</file>
         <name>odometry.obj</name>
      </input_file>
      <input_file id="fl-14">
         <path>./</path>
         <kind>object</kind>
         <file>opt3101.obj</file>
         <name>opt3101.obj</name>
      </input_file>
      <input_file id="fl-15">
         <path>./</path>
         <kind>object</kind>
         <file>pidController.obj</file>
         <name>pidController.obj</name>
      </input_file>
      <input_file id="fl-16">
         <path>./</path>
         <kind>object</kind>
         <file>startup_msp432p401r_ccs.obj</file>
         <name>startup_msp432p401r_ccs.obj</name>
      </input_file>
      <input_file id="fl-17">
         <path>./</path>
         <kind>object</kind>
         <file>system_msp432p401r.obj</file>
         <name>system_msp432p401r.obj</name>
      </input_file>
      <input_file id="fl-1b">
         <kind>object</kind>
         <file>&lt;internal&gt;</file>
         <name>&lt;internal&gt;</name>
      </input_file>
      <input_file id="fl-d1">
         <path>/Applications/ti/ccs1210/ccs/tools/compiler/ti-cgt-arm_20.2.7.LTS/lib/</path>
         <kind>archive</kind>
         <file>rtsv7M4_T_le_v4SPD16_eabi.lib</file>
         <name>s_sin.c.obj</name>
      </input_file>
      <input_file id="fl-d2">
         <path>/Applications/ti/ccs1210/ccs/tools/compiler/ti-cgt-arm_20.2.7.LTS/lib/</path>
         <kind>archive</kind>
         <file>rtsv7M4_T_le_v4SPD16_eabi.lib</file>
         <name>printf.c.obj</name>
      </input_file>
      <input_file id="fl-d3">
         <path>/Applications/ti/ccs1210/ccs/tools/compiler/ti-cgt-arm_20.2.7.LTS/lib/</path>
         <kind>archive</kind>
         <file>rtsv7M4_T_le_v4SPD16_eabi.lib</file>
         <name>_printfi.c.obj</name>
      </input_file>
      <input_file id="fl-d4">
         <path>/Applications/ti/ccs1210/ccs/tools/compiler/ti-cgt-arm_20.2.7.LTS/lib/</path>
         <kind>archive</kind>
         <file>rtsv7M4_T_le_v4SPD16_eabi.lib</file>
         <name>fputc.c.obj</name>
      </input_file>
      <input_file id="fl-d5">
         <path>/Applications/ti/ccs1210/ccs/tools/compiler/ti-cgt-arm_20.2.7.LTS/lib/</path>
         <kind>archive</kind>
         <file>rtsv7M4_T_le_v4SPD16_eabi.lib</file>
         <name>fputs.c.obj</name>
      </input_file>
      <input_file id="fl-d6">
         <path>/Applications/ti/ccs1210/ccs/tools/compiler/ti-cgt-arm_20.2.7.LTS/lib/</path>
         <kind>archive</kind>
         <file>rtsv7M4_T_le_v4SPD16_eabi.lib</file>
         <name>_io_perm.c.obj</name>
      </input_file>
      <input_file id="fl-d7">
         <path>/Applications/ti/ccs1210/ccs/tools/compiler/ti-cgt-arm_20.2.7.LTS/lib/</path>
         <kind>archive</kind>
         <file>rtsv7M4_T_le_v4SPD16_eabi.lib</file>
         <name>setvbuf.c.obj</name>
      </input_file>
      <input_file id="fl-d8">
         <path>/Applications/ti/ccs1210/ccs/tools/compiler/ti-cgt-arm_20.2.7.LTS/lib/</path>
         <kind>archive</kind>
         <file>rtsv7M4_T_le_v4SPD16_eabi.lib</file>
         <name>fd_add_t2.asm.obj</name>
      </input_file>
      <input_file id="fl-d9">
         <path>/Applications/ti/ccs1210/ccs/tools/compiler/ti-cgt-arm_20.2.7.LTS/lib/</path>
         <kind>archive</kind>
         <file>rtsv7M4_T_le_v4SPD16_eabi.lib</file>
         <name>fd_cmp_t2.asm.obj</name>
      </input_file>
      <input_file id="fl-da">
         <path>/Applications/ti/ccs1210/ccs/tools/compiler/ti-cgt-arm_20.2.7.LTS/lib/</path>
         <kind>archive</kind>
         <file>rtsv7M4_T_le_v4SPD16_eabi.lib</file>
         <name>fd_div_t2.asm.obj</name>
      </input_file>
      <input_file id="fl-db">
         <path>/Applications/ti/ccs1210/ccs/tools/compiler/ti-cgt-arm_20.2.7.LTS/lib/</path>
         <kind>archive</kind>
         <file>rtsv7M4_T_le_v4SPD16_eabi.lib</file>
         <name>fd_mul_t2.asm.obj</name>
      </input_file>
      <input_file id="fl-dc">
         <path>/Applications/ti/ccs1210/ccs/tools/compiler/ti-cgt-arm_20.2.7.LTS/lib/</path>
         <kind>archive</kind>
         <file>rtsv7M4_T_le_v4SPD16_eabi.lib</file>
         <name>fd_toi_t2.asm.obj</name>
      </input_file>
      <input_file id="fl-dd">
         <path>/Applications/ti/ccs1210/ccs/tools/compiler/ti-cgt-arm_20.2.7.LTS/lib/</path>
         <kind>archive</kind>
         <file>rtsv7M4_T_le_v4SPD16_eabi.lib</file>
         <name>fs_tod_t2.asm.obj</name>
      </input_file>
      <input_file id="fl-de">
         <path>/Applications/ti/ccs1210/ccs/tools/compiler/ti-cgt-arm_20.2.7.LTS/lib/</path>
         <kind>archive</kind>
         <file>rtsv7M4_T_le_v4SPD16_eabi.lib</file>
         <name>i_tofd_t2.asm.obj</name>
      </input_file>
      <input_file id="fl-df">
         <path>/Applications/ti/ccs1210/ccs/tools/compiler/ti-cgt-arm_20.2.7.LTS/lib/</path>
         <kind>archive</kind>
         <file>rtsv7M4_T_le_v4SPD16_eabi.lib</file>
         <name>memcpy_t2.asm.obj</name>
      </input_file>
      <input_file id="fl-e0">
         <path>/Applications/ti/ccs1210/ccs/tools/compiler/ti-cgt-arm_20.2.7.LTS/lib/</path>
         <kind>archive</kind>
         <file>rtsv7M4_T_le_v4SPD16_eabi.lib</file>
         <name>u_tofd_t2.asm.obj</name>
      </input_file>
      <input_file id="fl-e1">
         <path>/Applications/ti/ccs1210/ccs/tools/compiler/ti-cgt-arm_20.2.7.LTS/lib/</path>
         <kind>archive</kind>
         <file>rtsv7M4_T_le_v4SPD16_eabi.lib</file>
         <name>memset_t2.asm.obj</name>
      </input_file>
      <input_file id="fl-e2">
         <path>/Applications/ti/ccs1210/ccs/tools/compiler/ti-cgt-arm_20.2.7.LTS/lib/</path>
         <kind>archive</kind>
         <file>rtsv7M4_T_le_v4SPD16_eabi.lib</file>
         <name>ull_div_t2.asm.obj</name>
      </input_file>
      <input_file id="fl-e3">
         <path>/Applications/ti/ccs1210/ccs/tools/compiler/ti-cgt-arm_20.2.7.LTS/lib/</path>
         <kind>archive</kind>
         <file>rtsv7M4_T_le_v4SPD16_eabi.lib</file>
         <name>copy_zero_init.c.obj</name>
      </input_file>
      <input_file id="fl-e4">
         <path>/Applications/ti/ccs1210/ccs/tools/compiler/ti-cgt-arm_20.2.7.LTS/lib/</path>
         <kind>archive</kind>
         <file>rtsv7M4_T_le_v4SPD16_eabi.lib</file>
         <name>copy_decompress_none.c.obj</name>
      </input_file>
      <input_file id="fl-e5">
         <path>/Applications/ti/ccs1210/ccs/tools/compiler/ti-cgt-arm_20.2.7.LTS/lib/</path>
         <kind>archive</kind>
         <file>rtsv7M4_T_le_v4SPD16_eabi.lib</file>
         <name>copy_decompress_lzss.c.obj</name>
      </input_file>
      <input_file id="fl-e6">
         <path>/Applications/ti/ccs1210/ccs/tools/compiler/ti-cgt-arm_20.2.7.LTS/lib/</path>
         <kind>archive</kind>
         <file>rtsv7M4_T_le_v4SPD16_eabi.lib</file>
         <name>exit.c.obj</name>
      </input_file>
      <input_file id="fl-e7">
         <path>/Applications/ti/ccs1210/ccs/tools/compiler/ti-cgt-arm_20.2.7.LTS/lib/</path>
         <kind>archive</kind>
         <file>rtsv7M4_T_le_v4SPD16_eabi.lib</file>
         <name>_lock.c.obj</name>
      </input_file>
      <input_file id="fl-e8">
         <path>/Applications/ti/ccs1210/ccs/tools/compiler/ti-cgt-arm_20.2.7.LTS/lib/</path>
         <kind>archive</kind>
         <file>rtsv7M4_T_le_v4SPD16_eabi.lib</file>
         <name>_ltoa.c.obj</name>
      </input_file>
      <input_file id="fl-e9">
         <path>/Applications/ti/ccs1210/ccs/tools/compiler/ti-cgt-arm_20.2.7.LTS/lib/</path>
         <kind>archive</kind>
         <file>rtsv7M4_T_le_v4SPD16_eabi.lib</file>
         <name>atoi.c.obj</name>
      </input_file>
      <input_file id="fl-ea">
         <path>/Applications/ti/ccs1210/ccs/tools/compiler/ti-cgt-arm_20.2.7.LTS/lib/</path>
         <kind>archive</kind>
         <file>rtsv7M4_T_le_v4SPD16_eabi.lib</file>
         <name>ctype.c.obj</name>
      </input_file>
      <input_file id="fl-eb">
         <path>/Applications/ti/ccs1210/ccs/tools/compiler/ti-cgt-arm_20.2.7.LTS/lib/</path>
         <kind>archive</kind>
         <file>rtsv7M4_T_le_v4SPD16_eabi.lib</file>
         <name>defs.c.obj</name>
      </input_file>
      <input_file id="fl-ec">
         <path>/Applications/ti/ccs1210/ccs/tools/compiler/ti-cgt-arm_20.2.7.LTS/lib/</path>
         <kind>archive</kind>
         <file>rtsv7M4_T_le_v4SPD16_eabi.lib</file>
         <name>memccpy.c.obj</name>
      </input_file>
      <input_file id="fl-ed">
         <path>/Applications/ti/ccs1210/ccs/tools/compiler/ti-cgt-arm_20.2.7.LTS/lib/</path>
         <kind>archive</kind>
         <file>rtsv7M4_T_le_v4SPD16_eabi.lib</file>
         <name>memchr.c.obj</name>
      </input_file>
      <input_file id="fl-ee">
         <path>/Applications/ti/ccs1210/ccs/tools/compiler/ti-cgt-arm_20.2.7.LTS/lib/</path>
         <kind>archive</kind>
         <file>rtsv7M4_T_le_v4SPD16_eabi.lib</file>
         <name>memory.c.obj</name>
      </input_file>
      <input_file id="fl-ef">
         <path>/Applications/ti/ccs1210/ccs/tools/compiler/ti-cgt-arm_20.2.7.LTS/lib/</path>
         <kind>archive</kind>
         <file>rtsv7M4_T_le_v4SPD16_eabi.lib</file>
         <name>strchr.c.obj</name>
      </input_file>
      <input_file id="fl-f0">
         <path>/Applications/ti/ccs1210/ccs/tools/compiler/ti-cgt-arm_20.2.7.LTS/lib/</path>
         <kind>archive</kind>
         <file>rtsv7M4_T_le_v4SPD16_eabi.lib</file>
         <name>strlen.c.obj</name>
      </input_file>
      <input_file id="fl-f1">
         <path>/Applications/ti/ccs1210/ccs/tools/compiler/ti-cgt-arm_20.2.7.LTS/lib/</path>
         <kind>archive</kind>
         <file>rtsv7M4_T_le_v4SPD16_eabi.lib</file>
         <name>k_rem_pio2.c.obj</name>
      </input_file>
      <input_file id="fl-f2">
         <path>/Applications/ti/ccs1210/ccs/tools/compiler/ti-cgt-arm_20.2.7.LTS/lib/</path>
         <kind>archive</kind>
         <file>rtsv7M4_T_le_v4SPD16_eabi.lib</file>
         <name>boot_cortex_m.c.obj</name>
      </input_file>
      <input_file id="fl-f3">
         <path>/Applications/ti/ccs1210/ccs/tools/compiler/ti-cgt-arm_20.2.7.LTS/lib/</path>
         <kind>archive</kind>
         <file>rtsv7M4_T_le_v4SPD16_eabi.lib</file>
         <name>write.c.obj</name>
      </input_file>
      <input_file id="fl-f4">
         <path>/Applications/ti/ccs1210/ccs/tools/compiler/ti-cgt-arm_20.2.7.LTS/lib/</path>
         <kind>archive</kind>
         <file>rtsv7M4_T_le_v4SPD16_eabi.lib</file>
         <name>host_device.c.obj</name>
      </input_file>
      <input_file id="fl-f5">
         <path>/Applications/ti/ccs1210/ccs/tools/compiler/ti-cgt-arm_20.2.7.LTS/lib/</path>
         <kind>archive</kind>
         <file>rtsv7M4_T_le_v4SPD16_eabi.lib</file>
         <name>errno.c.obj</name>
      </input_file>
      <input_file id="fl-f6">
         <path>/Applications/ti/ccs1210/ccs/tools/compiler/ti-cgt-arm_20.2.7.LTS/lib/</path>
         <kind>archive</kind>
         <file>rtsv7M4_T_le_v4SPD16_eabi.lib</file>
         <name>wcslen.c.obj</name>
      </input_file>
      <input_file id="fl-f7">
         <path>/Applications/ti/ccs1210/ccs/tools/compiler/ti-cgt-arm_20.2.7.LTS/lib/</path>
         <kind>archive</kind>
         <file>rtsv7M4_T_le_v4SPD16_eabi.lib</file>
         <name>k_cos.c.obj</name>
      </input_file>
      <input_file id="fl-f8">
         <path>/Applications/ti/ccs1210/ccs/tools/compiler/ti-cgt-arm_20.2.7.LTS/lib/</path>
         <kind>archive</kind>
         <file>rtsv7M4_T_le_v4SPD16_eabi.lib</file>
         <name>k_sin.c.obj</name>
      </input_file>
      <input_file id="fl-f9">
         <path>/Applications/ti/ccs1210/ccs/tools/compiler/ti-cgt-arm_20.2.7.LTS/lib/</path>
         <kind>archive</kind>
         <file>rtsv7M4_T_le_v4SPD16_eabi.lib</file>
         <name>s_floor.c.obj</name>
      </input_file>
      <input_file id="fl-fa">
         <path>/Applications/ti/ccs1210/ccs/tools/compiler/ti-cgt-arm_20.2.7.LTS/lib/</path>
         <kind>archive</kind>
         <file>rtsv7M4_T_le_v4SPD16_eabi.lib</file>
         <name>s_frexp.c.obj</name>
      </input_file>
      <input_file id="fl-fb">
         <path>/Applications/ti/ccs1210/ccs/tools/compiler/ti-cgt-arm_20.2.7.LTS/lib/</path>
         <kind>archive</kind>
         <file>rtsv7M4_T_le_v4SPD16_eabi.lib</file>
         <name>s_scalbn.c.obj</name>
      </input_file>
      <input_file id="fl-fc">
         <path>/Applications/ti/ccs1210/ccs/tools/compiler/ti-cgt-arm_20.2.7.LTS/lib/</path>
         <kind>archive</kind>
         <file>rtsv7M4_T_le_v4SPD16_eabi.lib</file>
         <name>fflush.c.obj</name>
      </input_file>
      <input_file id="fl-fd">
         <path>/Applications/ti/ccs1210/ccs/tools/compiler/ti-cgt-arm_20.2.7.LTS/lib/</path>
         <kind>archive</kind>
         <file>rtsv7M4_T_le_v4SPD16_eabi.lib</file>
         <name>fopen.c.obj</name>
      </input_file>
      <input_file id="fl-fe">
         <path>/Applications/ti/ccs1210/ccs/tools/compiler/ti-cgt-arm_20.2.7.LTS/lib/</path>
         <kind>archive</kind>
         <file>rtsv7M4_T_le_v4SPD16_eabi.lib</file>
         <name>fseek.c.obj</name>
      </input_file>
      <input_file id="fl-ff">
         <path>/Applications/ti/ccs1210/ccs/tools/compiler/ti-cgt-arm_20.2.7.LTS/lib/</path>
         <kind>archive</kind>
         <file>rtsv7M4_T_le_v4SPD16_eabi.lib</file>
         <name>div0.asm.obj</name>
      </input_file>
      <input_file id="fl-100">
         <path>/Applications/ti/ccs1210/ccs/tools/compiler/ti-cgt-arm_20.2.7.LTS/lib/</path>
         <kind>archive</kind>
         <file>rtsv7M4_T_le_v4SPD16_eabi.lib</file>
         <name>autoinit.c.obj</name>
      </input_file>
      <input_file id="fl-101">
         <path>/Applications/ti/ccs1210/ccs/tools/compiler/ti-cgt-arm_20.2.7.LTS/lib/</path>
         <kind>archive</kind>
         <file>rtsv7M4_T_le_v4SPD16_eabi.lib</file>
         <name>pre_init.c.obj</name>
      </input_file>
      <input_file id="fl-102">
         <path>/Applications/ti/ccs1210/ccs/tools/compiler/ti-cgt-arm_20.2.7.LTS/lib/</path>
         <kind>archive</kind>
         <file>rtsv7M4_T_le_v4SPD16_eabi.lib</file>
         <name>cpy_tbl.c.obj</name>
      </input_file>
      <input_file id="fl-103">
         <path>/Applications/ti/ccs1210/ccs/tools/compiler/ti-cgt-arm_20.2.7.LTS/lib/</path>
         <kind>archive</kind>
         <file>rtsv7M4_T_le_v4SPD16_eabi.lib</file>
         <name>args_main.c.obj</name>
      </input_file>
      <input_file id="fl-104">
         <path>/Applications/ti/ccs1210/ccs/tools/compiler/ti-cgt-arm_20.2.7.LTS/lib/</path>
         <kind>archive</kind>
         <file>rtsv7M4_T_le_v4SPD16_eabi.lib</file>
         <name>hostclose.c.obj</name>
      </input_file>
      <input_file id="fl-105">
         <path>/Applications/ti/ccs1210/ccs/tools/compiler/ti-cgt-arm_20.2.7.LTS/lib/</path>
         <kind>archive</kind>
         <file>rtsv7M4_T_le_v4SPD16_eabi.lib</file>
         <name>hostlseek.c.obj</name>
      </input_file>
      <input_file id="fl-106">
         <path>/Applications/ti/ccs1210/ccs/tools/compiler/ti-cgt-arm_20.2.7.LTS/lib/</path>
         <kind>archive</kind>
         <file>rtsv7M4_T_le_v4SPD16_eabi.lib</file>
         <name>hostopen.c.obj</name>
      </input_file>
      <input_file id="fl-107">
         <path>/Applications/ti/ccs1210/ccs/tools/compiler/ti-cgt-arm_20.2.7.LTS/lib/</path>
         <kind>archive</kind>
         <file>rtsv7M4_T_le_v4SPD16_eabi.lib</file>
         <name>hostread.c.obj</name>
      </input_file>
      <input_file id="fl-108">
         <path>/Applications/ti/ccs1210/ccs/tools/compiler/ti-cgt-arm_20.2.7.LTS/lib/</path>
         <kind>archive</kind>
         <file>rtsv7M4_T_le_v4SPD16_eabi.lib</file>
         <name>hostrename.c.obj</name>
      </input_file>
      <input_file id="fl-109">
         <path>/Applications/ti/ccs1210/ccs/tools/compiler/ti-cgt-arm_20.2.7.LTS/lib/</path>
         <kind>archive</kind>
         <file>rtsv7M4_T_le_v4SPD16_eabi.lib</file>
         <name>hostunlink.c.obj</name>
      </input_file>
      <input_file id="fl-10a">
         <path>/Applications/ti/ccs1210/ccs/tools/compiler/ti-cgt-arm_20.2.7.LTS/lib/</path>
         <kind>archive</kind>
         <file>rtsv7M4_T_le_v4SPD16_eabi.lib</file>
         <name>hostwrite.c.obj</name>
      </input_file>
      <input_file id="fl-10b">
         <path>/Applications/ti/ccs1210/ccs/tools/compiler/ti-cgt-arm_20.2.7.LTS/lib/</path>
         <kind>archive</kind>
         <file>rtsv7M4_T_le_v4SPD16_eabi.lib</file>
         <name>trgmsg.c.obj</name>
      </input_file>
      <input_file id="fl-10c">
         <path>/Applications/ti/ccs1210/ccs/tools/compiler/ti-cgt-arm_20.2.7.LTS/lib/</path>
         <kind>archive</kind>
         <file>rtsv7M4_T_le_v4SPD16_eabi.lib</file>
         <name>open.c.obj</name>
      </input_file>
      <input_file id="fl-10d">
         <path>/Applications/ti/ccs1210/ccs/tools/compiler/ti-cgt-arm_20.2.7.LTS/lib/</path>
         <kind>archive</kind>
         <file>rtsv7M4_T_le_v4SPD16_eabi.lib</file>
         <name>lseek.c.obj</name>
      </input_file>
      <input_file id="fl-10e">
         <path>/Applications/ti/ccs1210/ccs/tools/compiler/ti-cgt-arm_20.2.7.LTS/lib/</path>
         <kind>archive</kind>
         <file>rtsv7M4_T_le_v4SPD16_eabi.lib</file>
         <name>s_copysign.c.obj</name>
      </input_file>
      <input_file id="fl-10f">
         <path>/Applications/ti/ccs1210/ccs/tools/compiler/ti-cgt-arm_20.2.7.LTS/lib/</path>
         <kind>archive</kind>
         <file>rtsv7M4_T_le_v4SPD16_eabi.lib</file>
         <name>fclose.c.obj</name>
      </input_file>
      <input_file id="fl-110">
         <path>/Applications/ti/ccs1210/ccs/tools/compiler/ti-cgt-arm_20.2.7.LTS/lib/</path>
         <kind>archive</kind>
         <file>rtsv7M4_T_le_v4SPD16_eabi.lib</file>
         <name>getdevice.c.obj</name>
      </input_file>
      <input_file id="fl-111">
         <path>/Applications/ti/ccs1210/ccs/tools/compiler/ti-cgt-arm_20.2.7.LTS/lib/</path>
         <kind>archive</kind>
         <file>rtsv7M4_T_le_v4SPD16_eabi.lib</file>
         <name>strcmp.c.obj</name>
      </input_file>
      <input_file id="fl-112">
         <path>/Applications/ti/ccs1210/ccs/tools/compiler/ti-cgt-arm_20.2.7.LTS/lib/</path>
         <kind>archive</kind>
         <file>rtsv7M4_T_le_v4SPD16_eabi.lib</file>
         <name>strcpy.c.obj</name>
      </input_file>
      <input_file id="fl-113">
         <path>/Applications/ti/ccs1210/ccs/tools/compiler/ti-cgt-arm_20.2.7.LTS/lib/</path>
         <kind>archive</kind>
         <file>rtsv7M4_T_le_v4SPD16_eabi.lib</file>
         <name>strncpy.c.obj</name>
      </input_file>
      <input_file id="fl-114">
         <path>/Applications/ti/ccs1210/ccs/tools/compiler/ti-cgt-arm_20.2.7.LTS/lib/</path>
         <kind>archive</kind>
         <file>rtsv7M4_T_le_v4SPD16_eabi.lib</file>
         <name>remove.c.obj</name>
      </input_file>
      <input_file id="fl-115">
         <path>/Applications/ti/ccs1210/ccs/tools/compiler/ti-cgt-arm_20.2.7.LTS/lib/</path>
         <kind>archive</kind>
         <file>rtsv7M4_T_le_v4SPD16_eabi.lib</file>
         <name>close.c.obj</name>
      </input_file>
      <input_file id="fl-116">
         <path>/Applications/ti/ccs1210/ccs/tools/compiler/ti-cgt-arm_20.2.7.LTS/lib/</path>
         <kind>archive</kind>
         <file>rtsv7M4_T_le_v4SPD16_eabi.lib</file>
         <name>unlink.c.obj</name>
      </input_file>
   </input_file_list>
   <object_component_list>
      <object_component id="oc-26">
         <name>.intvecs:retain</name>
         <load_address>0x0</load_address>
         <run_address>0x0</run_address>
         <size>0xe4</size>
         <input_file_ref idref="fl-16"/>
      </object_component>
      <object_component id="oc-200">
         <name>.text</name>
         <load_address>0xe4</load_address>
         <run_address>0xe4</run_address>
         <size>0x1340</size>
         <input_file_ref idref="fl-d"/>
      </object_component>
      <object_component id="oc-140">
         <name>.text</name>
         <load_address>0x1424</load_address>
         <run_address>0x1424</run_address>
         <size>0xbf8</size>
         <input_file_ref idref="fl-13"/>
      </object_component>
      <object_component id="oc-308">
         <name>.text:__TI_printfi</name>
         <load_address>0x201c</load_address>
         <run_address>0x201c</run_address>
         <size>0xa4e</size>
         <input_file_ref idref="fl-d3"/>
      </object_component>
      <object_component id="oc-330">
         <name>.text:_nop</name>
         <load_address>0x2a6a</load_address>
         <run_address>0x2a6a</run_address>
         <size>0x2</size>
         <input_file_ref idref="fl-e7"/>
      </object_component>
      <object_component id="oc-1c1">
         <name>.text:__kernel_rem_pio2</name>
         <load_address>0x2a6c</load_address>
         <run_address>0x2a6c</run_address>
         <size>0x738</size>
         <input_file_ref idref="fl-f1"/>
      </object_component>
      <object_component id="oc-128">
         <name>.text:sin</name>
         <load_address>0x31a4</load_address>
         <run_address>0x31a4</run_address>
         <size>0x5e0</size>
         <input_file_ref idref="fl-d1"/>
      </object_component>
      <object_component id="oc-1d6">
         <name>.text</name>
         <load_address>0x3784</load_address>
         <run_address>0x3784</run_address>
         <size>0x5d0</size>
         <input_file_ref idref="fl-8"/>
      </object_component>
      <object_component id="oc-76">
         <name>.text</name>
         <load_address>0x3d54</load_address>
         <run_address>0x3d54</run_address>
         <size>0x51c</size>
         <input_file_ref idref="fl-14"/>
      </object_component>
      <object_component id="oc-326">
         <name>.text</name>
         <load_address>0x4270</load_address>
         <run_address>0x4270</run_address>
         <size>0x3f0</size>
         <input_file_ref idref="fl-c"/>
      </object_component>
      <object_component id="oc-c9">
         <name>.text</name>
         <load_address>0x4660</load_address>
         <run_address>0x4660</run_address>
         <size>0x3a4</size>
         <input_file_ref idref="fl-7"/>
      </object_component>
      <object_component id="oc-b8">
         <name>.text</name>
         <load_address>0x4a04</load_address>
         <run_address>0x4a04</run_address>
         <size>0x334</size>
         <input_file_ref idref="fl-17"/>
      </object_component>
      <object_component id="oc-3c6">
         <name>.text:_pconv_a</name>
         <load_address>0x4d38</load_address>
         <run_address>0x4d38</run_address>
         <size>0x270</size>
         <input_file_ref idref="fl-d3"/>
      </object_component>
      <object_component id="oc-1e6">
         <name>.text</name>
         <load_address>0x4fa8</load_address>
         <run_address>0x4fa8</run_address>
         <size>0x230</size>
         <input_file_ref idref="fl-11"/>
      </object_component>
      <object_component id="oc-cf">
         <name>.text</name>
         <load_address>0x51d8</load_address>
         <run_address>0x51d8</run_address>
         <size>0x1e0</size>
         <input_file_ref idref="fl-2"/>
      </object_component>
      <object_component id="oc-12e">
         <name>.text</name>
         <load_address>0x53b8</load_address>
         <run_address>0x53b8</run_address>
         <size>0x1d8</size>
         <input_file_ref idref="fl-4"/>
      </object_component>
      <object_component id="oc-70">
         <name>.text</name>
         <load_address>0x5590</load_address>
         <run_address>0x5590</run_address>
         <size>0x1d4</size>
         <input_file_ref idref="fl-e"/>
      </object_component>
      <object_component id="oc-3b4">
         <name>.text:_pconv_g</name>
         <load_address>0x5764</load_address>
         <run_address>0x5764</run_address>
         <size>0x1d0</size>
         <input_file_ref idref="fl-d3"/>
      </object_component>
      <object_component id="oc-1b7">
         <name>.text</name>
         <load_address>0x5934</load_address>
         <run_address>0x5934</run_address>
         <size>0x1b6</size>
         <input_file_ref idref="fl-d8"/>
      </object_component>
      <object_component id="oc-497">
         <name>.text</name>
         <load_address>0x5aea</load_address>
         <run_address>0x5aea</run_address>
         <size>0x2</size>
         <input_file_ref idref="fl-ff"/>
      </object_component>
      <object_component id="oc-13a">
         <name>.text</name>
         <load_address>0x5aec</load_address>
         <run_address>0x5aec</run_address>
         <size>0x174</size>
         <input_file_ref idref="fl-5"/>
      </object_component>
      <object_component id="oc-1b1">
         <name>.text:__kernel_sin</name>
         <load_address>0x5c60</load_address>
         <run_address>0x5c60</run_address>
         <size>0x174</size>
         <input_file_ref idref="fl-f8"/>
      </object_component>
      <object_component id="oc-1c7">
         <name>.text:__kernel_cos</name>
         <load_address>0x5dd4</load_address>
         <run_address>0x5dd4</run_address>
         <size>0x170</size>
         <input_file_ref idref="fl-f7"/>
      </object_component>
      <object_component id="oc-a6">
         <name>.text</name>
         <load_address>0x5f44</load_address>
         <run_address>0x5f44</run_address>
         <size>0x150</size>
         <input_file_ref idref="fl-12"/>
      </object_component>
      <object_component id="oc-1f8">
         <name>.text</name>
         <load_address>0x6094</load_address>
         <run_address>0x6094</run_address>
         <size>0x13c</size>
         <input_file_ref idref="fl-f"/>
      </object_component>
      <object_component id="oc-3c0">
         <name>.text:_pconv_e</name>
         <load_address>0x61d0</load_address>
         <run_address>0x61d0</run_address>
         <size>0x13c</size>
         <input_file_ref idref="fl-d3"/>
      </object_component>
      <object_component id="oc-10f">
         <name>.text</name>
         <load_address>0x630c</load_address>
         <run_address>0x630c</run_address>
         <size>0x136</size>
         <input_file_ref idref="fl-da"/>
      </object_component>
      <object_component id="oc-439">
         <name>.text:fcvt</name>
         <load_address>0x6444</load_address>
         <run_address>0x6444</run_address>
         <size>0x124</size>
         <input_file_ref idref="fl-d3"/>
      </object_component>
      <object_component id="oc-3e8">
         <name>.text:fputs</name>
         <load_address>0x6568</load_address>
         <run_address>0x6568</run_address>
         <size>0x114</size>
         <input_file_ref idref="fl-d5"/>
      </object_component>
      <object_component id="oc-26b">
         <name>.text:scalbn</name>
         <load_address>0x667c</load_address>
         <run_address>0x667c</run_address>
         <size>0x110</size>
         <input_file_ref idref="fl-fb"/>
      </object_component>
      <object_component id="oc-523">
         <name>.text:aligned_alloc</name>
         <load_address>0x678c</load_address>
         <run_address>0x678c</run_address>
         <size>0x100</size>
         <input_file_ref idref="fl-ee"/>
      </object_component>
      <object_component id="oc-123">
         <name>.text</name>
         <load_address>0x688c</load_address>
         <run_address>0x688c</run_address>
         <size>0xfc</size>
         <input_file_ref idref="fl-db"/>
      </object_component>
      <object_component id="oc-22d">
         <name>.text</name>
         <load_address>0x6988</load_address>
         <run_address>0x6988</run_address>
         <size>0xf8</size>
         <input_file_ref idref="fl-a"/>
      </object_component>
      <object_component id="oc-271">
         <name>.text:floor</name>
         <load_address>0x6a80</load_address>
         <run_address>0x6a80</run_address>
         <size>0xf8</size>
         <input_file_ref idref="fl-f9"/>
      </object_component>
      <object_component id="oc-4e1">
         <name>.text:free</name>
         <load_address>0x6b78</load_address>
         <run_address>0x6b78</run_address>
         <size>0xe4</size>
         <input_file_ref idref="fl-ee"/>
      </object_component>
      <object_component id="oc-225">
         <name>.text</name>
         <load_address>0x6c5c</load_address>
         <run_address>0x6c5c</run_address>
         <size>0xe0</size>
         <input_file_ref idref="fl-b"/>
      </object_component>
      <object_component id="oc-4bb">
         <name>.text:setvbuf</name>
         <load_address>0x6d3c</load_address>
         <run_address>0x6d3c</run_address>
         <size>0xdc</size>
         <input_file_ref idref="fl-d7"/>
      </object_component>
      <object_component id="oc-3ae">
         <name>.text:_ltostr</name>
         <load_address>0x6e18</load_address>
         <run_address>0x6e18</run_address>
         <size>0xb1</size>
         <input_file_ref idref="fl-d3"/>
      </object_component>
      <object_component id="oc-3a">
         <name>.text</name>
         <load_address>0x6eca</load_address>
         <run_address>0x6eca</run_address>
         <size>0x9c</size>
         <input_file_ref idref="fl-df"/>
      </object_component>
      <object_component id="oc-420">
         <name>.text</name>
         <load_address>0x6f66</load_address>
         <run_address>0x6f66</run_address>
         <size>0x96</size>
         <input_file_ref idref="fl-e2"/>
      </object_component>
      <object_component id="oc-3ef">
         <name>.text:fputc</name>
         <load_address>0x6ffc</load_address>
         <run_address>0x6ffc</run_address>
         <size>0x8c</size>
         <input_file_ref idref="fl-d4"/>
      </object_component>
      <object_component id="oc-1bc">
         <name>.text:__aeabi_cdcmple</name>
         <load_address>0x7088</load_address>
         <run_address>0x7088</run_address>
         <size>0x86</size>
         <input_file_ref idref="fl-d9"/>
      </object_component>
      <object_component id="oc-277">
         <name>.text:__aeabi_cdrcmple</name>
         <load_address>0x710e</load_address>
         <run_address>0x710e</run_address>
         <size>0x86</size>
         <input_file_ref idref="fl-d9"/>
      </object_component>
      <object_component id="oc-9a">
         <name>.text</name>
         <load_address>0x7194</load_address>
         <run_address>0x7194</run_address>
         <size>0x7a</size>
         <input_file_ref idref="fl-e1"/>
      </object_component>
      <object_component id="oc-52a">
         <name>.text:__TI_closefile</name>
         <load_address>0x7210</load_address>
         <run_address>0x7210</run_address>
         <size>0x74</size>
         <input_file_ref idref="fl-10f"/>
      </object_component>
      <object_component id="oc-56b">
         <name>.text:split</name>
         <load_address>0x7284</load_address>
         <run_address>0x7284</run_address>
         <size>0x70</size>
         <input_file_ref idref="fl-ee"/>
      </object_component>
      <object_component id="oc-432">
         <name>.text:_mcpy</name>
         <load_address>0x72f4</load_address>
         <run_address>0x72f4</run_address>
         <size>0x6e</size>
         <input_file_ref idref="fl-d3"/>
      </object_component>
      <object_component id="oc-21f">
         <name>.text</name>
         <load_address>0x7364</load_address>
         <run_address>0x7364</run_address>
         <size>0x6c</size>
         <input_file_ref idref="fl-1"/>
      </object_component>
      <object_component id="oc-55a">
         <name>.text:HOSTrename</name>
         <load_address>0x73d0</load_address>
         <run_address>0x73d0</run_address>
         <size>0x6c</size>
         <input_file_ref idref="fl-108"/>
      </object_component>
      <object_component id="oc-54e">
         <name>.text:HOSTlseek</name>
         <load_address>0x743c</load_address>
         <run_address>0x743c</run_address>
         <size>0x68</size>
         <input_file_ref idref="fl-105"/>
      </object_component>
      <object_component id="oc-17">
         <name>.text:decompress:lzss:__TI_decompress_lzss</name>
         <load_address>0x74a4</load_address>
         <run_address>0x74a4</run_address>
         <size>0x68</size>
         <input_file_ref idref="fl-e5"/>
      </object_component>
      <object_component id="oc-206">
         <name>.text:printf</name>
         <load_address>0x750c</load_address>
         <run_address>0x750c</run_address>
         <size>0x68</size>
         <input_file_ref idref="fl-d2"/>
      </object_component>
      <object_component id="oc-447">
         <name>.text:frexp</name>
         <load_address>0x7574</load_address>
         <run_address>0x7574</run_address>
         <size>0x64</size>
         <input_file_ref idref="fl-fa"/>
      </object_component>
      <object_component id="oc-4b5">
         <name>.text:fseek</name>
         <load_address>0x75d8</load_address>
         <run_address>0x75d8</run_address>
         <size>0x64</size>
         <input_file_ref idref="fl-fe"/>
      </object_component>
      <object_component id="oc-470">
         <name>.text:__TI_wrt_ok</name>
         <load_address>0x763c</load_address>
         <run_address>0x763c</run_address>
         <size>0x62</size>
         <input_file_ref idref="fl-d6"/>
      </object_component>
      <object_component id="oc-536">
         <name>.text:HOSTopen</name>
         <load_address>0x76a0</load_address>
         <run_address>0x76a0</run_address>
         <size>0x60</size>
         <input_file_ref idref="fl-106"/>
      </object_component>
      <object_component id="oc-572">
         <name>.text:close</name>
         <load_address>0x7700</load_address>
         <run_address>0x7700</run_address>
         <size>0x5c</size>
         <input_file_ref idref="fl-115"/>
      </object_component>
      <object_component id="oc-542">
         <name>.text:HOSTread</name>
         <load_address>0x775c</load_address>
         <run_address>0x775c</run_address>
         <size>0x58</size>
         <input_file_ref idref="fl-107"/>
      </object_component>
      <object_component id="oc-548">
         <name>.text:HOSTwrite</name>
         <load_address>0x77b4</load_address>
         <run_address>0x77b4</run_address>
         <size>0x58</size>
         <input_file_ref idref="fl-10a"/>
      </object_component>
      <object_component id="oc-219">
         <name>.text</name>
         <load_address>0x780c</load_address>
         <run_address>0x780c</run_address>
         <size>0x58</size>
         <input_file_ref idref="fl-10"/>
      </object_component>
      <object_component id="oc-3ba">
         <name>.text:_pconv_f</name>
         <load_address>0x7864</load_address>
         <run_address>0x7864</run_address>
         <size>0x56</size>
         <input_file_ref idref="fl-d3"/>
      </object_component>
      <object_component id="oc-426">
         <name>.text:__TI_ltoa</name>
         <load_address>0x78ba</load_address>
         <run_address>0x78ba</run_address>
         <size>0x54</size>
         <input_file_ref idref="fl-e8"/>
      </object_component>
      <object_component id="oc-42c">
         <name>.text:_ecpy</name>
         <load_address>0x790e</load_address>
         <run_address>0x790e</run_address>
         <size>0x52</size>
         <input_file_ref idref="fl-d3"/>
      </object_component>
      <object_component id="oc-47c">
         <name>.text:__TI_doflush</name>
         <load_address>0x7960</load_address>
         <run_address>0x7960</run_address>
         <size>0x4c</size>
         <input_file_ref idref="fl-fc"/>
      </object_component>
      <object_component id="oc-3a8">
         <name>.text:atoi</name>
         <load_address>0x79ac</load_address>
         <run_address>0x79ac</run_address>
         <size>0x4c</size>
         <input_file_ref idref="fl-e9"/>
      </object_component>
      <object_component id="oc-151">
         <name>.text:exit</name>
         <load_address>0x79f8</load_address>
         <run_address>0x79f8</run_address>
         <size>0x48</size>
         <input_file_ref idref="fl-e6"/>
      </object_component>
      <object_component id="oc-114">
         <name>.text</name>
         <load_address>0x7a40</load_address>
         <run_address>0x7a40</run_address>
         <size>0x48</size>
         <input_file_ref idref="fl-dc"/>
      </object_component>
      <object_component id="oc-53c">
         <name>.text:HOSTclose</name>
         <load_address>0x7a88</load_address>
         <run_address>0x7a88</run_address>
         <size>0x44</size>
         <input_file_ref idref="fl-104"/>
      </object_component>
      <object_component id="oc-554">
         <name>.text:HOSTunlink</name>
         <load_address>0x7acc</load_address>
         <run_address>0x7acc</run_address>
         <size>0x44</size>
         <input_file_ref idref="fl-109"/>
      </object_component>
      <object_component id="oc-157">
         <name>.text:__TI_auto_init_nobinit_nopinit:__TI_auto_init_nobinit_nopinit</name>
         <load_address>0x7b10</load_address>
         <run_address>0x7b10</run_address>
         <size>0x44</size>
         <input_file_ref idref="fl-100"/>
      </object_component>
      <object_component id="oc-5aa">
         <name>.text:getdevice</name>
         <load_address>0x7b54</load_address>
         <run_address>0x7b54</run_address>
         <size>0x44</size>
         <input_file_ref idref="fl-110"/>
      </object_component>
      <object_component id="oc-43f">
         <name>.text:_fcpy</name>
         <load_address>0x7b98</load_address>
         <run_address>0x7b98</run_address>
         <size>0x3e</size>
         <input_file_ref idref="fl-d3"/>
      </object_component>
      <object_component id="oc-583">
         <name>.text:__TI_writemsg</name>
         <load_address>0x7bd8</load_address>
         <run_address>0x7bd8</run_address>
         <size>0x38</size>
         <input_file_ref idref="fl-10b"/>
      </object_component>
      <object_component id="oc-11e">
         <name>.text</name>
         <load_address>0x7c10</load_address>
         <run_address>0x7c10</run_address>
         <size>0x38</size>
         <input_file_ref idref="fl-dd"/>
      </object_component>
      <object_component id="oc-5cc">
         <name>.text:strncpy</name>
         <load_address>0x7c48</load_address>
         <run_address>0x7c48</run_address>
         <size>0x36</size>
         <input_file_ref idref="fl-113"/>
      </object_component>
      <object_component id="oc-4ed">
         <name>.text:__TI_cleanup</name>
         <load_address>0x7c80</load_address>
         <run_address>0x7c80</run_address>
         <size>0x34</size>
         <input_file_ref idref="fl-fd"/>
      </object_component>
      <object_component id="oc-589">
         <name>.text:__TI_readmsg</name>
         <load_address>0x7cb4</load_address>
         <run_address>0x7cb4</run_address>
         <size>0x34</size>
         <input_file_ref idref="fl-10b"/>
      </object_component>
      <object_component id="oc-58">
         <name>.text:_c_int00_noargs:_c_int00_noargs</name>
         <load_address>0x7ce8</load_address>
         <run_address>0x7ce8</run_address>
         <size>0x34</size>
         <input_file_ref idref="fl-f2"/>
      </object_component>
      <object_component id="oc-5d2">
         <name>.text:finddevice</name>
         <load_address>0x7d1c</load_address>
         <run_address>0x7d1c</run_address>
         <size>0x30</size>
         <input_file_ref idref="fl-110"/>
      </object_component>
      <object_component id="oc-119">
         <name>.text</name>
         <load_address>0x7d4c</load_address>
         <run_address>0x7d4c</run_address>
         <size>0x2e</size>
         <input_file_ref idref="fl-de"/>
      </object_component>
      <object_component id="oc-578">
         <name>.text:unlink</name>
         <load_address>0x7d7c</load_address>
         <run_address>0x7d7c</run_address>
         <size>0x2c</size>
         <input_file_ref idref="fl-116"/>
      </object_component>
      <object_component id="oc-51c">
         <name>.text:free_list_insert</name>
         <load_address>0x7da8</load_address>
         <run_address>0x7da8</run_address>
         <size>0x28</size>
         <input_file_ref idref="fl-ee"/>
      </object_component>
      <object_component id="oc-4d9">
         <name>.text:lseek</name>
         <load_address>0x7dd0</load_address>
         <run_address>0x7dd0</run_address>
         <size>0x28</size>
         <input_file_ref idref="fl-10d"/>
      </object_component>
      <object_component id="oc-482">
         <name>.text:write</name>
         <load_address>0x7df8</load_address>
         <run_address>0x7df8</run_address>
         <size>0x28</size>
         <input_file_ref idref="fl-f3"/>
      </object_component>
      <object_component id="oc-134">
         <name>.text</name>
         <load_address>0x7e20</load_address>
         <run_address>0x7e20</run_address>
         <size>0x24</size>
         <input_file_ref idref="fl-3"/>
      </object_component>
      <object_component id="oc-476">
         <name>.text:memchr</name>
         <load_address>0x7e44</load_address>
         <run_address>0x7e44</run_address>
         <size>0x20</size>
         <input_file_ref idref="fl-ed"/>
      </object_component>
      <object_component id="oc-10a">
         <name>.text</name>
         <load_address>0x7e64</load_address>
         <run_address>0x7e64</run_address>
         <size>0x20</size>
         <input_file_ref idref="fl-e0"/>
      </object_component>
      <object_component id="oc-516">
         <name>.text:free_list_remove</name>
         <load_address>0x7e84</load_address>
         <run_address>0x7e84</run_address>
         <size>0x1c</size>
         <input_file_ref idref="fl-ee"/>
      </object_component>
      <object_component id="oc-3cc">
         <name>.text:memccpy</name>
         <load_address>0x7ea0</load_address>
         <run_address>0x7ea0</run_address>
         <size>0x1c</size>
         <input_file_ref idref="fl-ec"/>
      </object_component>
      <object_component id="oc-357">
         <name>.text:copysign</name>
         <load_address>0x7ebc</load_address>
         <run_address>0x7ebc</run_address>
         <size>0x1a</size>
         <input_file_ref idref="fl-10e"/>
      </object_component>
      <object_component id="oc-5e9">
         <name>.text:strcmp</name>
         <load_address>0x7ed6</load_address>
         <run_address>0x7ed6</run_address>
         <size>0x18</size>
         <input_file_ref idref="fl-111"/>
      </object_component>
      <object_component id="oc-44d">
         <name>.text:strchr</name>
         <load_address>0x7eee</load_address>
         <run_address>0x7eee</run_address>
         <size>0x16</size>
         <input_file_ref idref="fl-ef"/>
      </object_component>
      <object_component id="oc-59d">
         <name>.text:strcpy</name>
         <load_address>0x7f04</load_address>
         <run_address>0x7f04</run_address>
         <size>0x14</size>
         <input_file_ref idref="fl-112"/>
      </object_component>
      <object_component id="oc-3a2">
         <name>.text:strlen</name>
         <load_address>0x7f18</load_address>
         <run_address>0x7f18</run_address>
         <size>0x14</size>
         <input_file_ref idref="fl-f0"/>
      </object_component>
      <object_component id="oc-3d2">
         <name>.text:wcslen</name>
         <load_address>0x7f2c</load_address>
         <run_address>0x7f2c</run_address>
         <size>0x12</size>
         <input_file_ref idref="fl-f6"/>
      </object_component>
      <object_component id="oc-1d">
         <name>.text:decompress:none:__TI_decompress_none</name>
         <load_address>0x7f3e</load_address>
         <run_address>0x7f3e</run_address>
         <size>0xe</size>
         <input_file_ref idref="fl-e4"/>
      </object_component>
      <object_component id="oc-6a">
         <name>.text</name>
         <load_address>0x7f4c</load_address>
         <run_address>0x7f4c</run_address>
         <size>0xe</size>
         <input_file_ref idref="fl-16"/>
      </object_component>
      <object_component id="oc-4c">
         <name>.text:decompress:ZI:__TI_zero_init</name>
         <load_address>0x7f5a</load_address>
         <run_address>0x7f5a</run_address>
         <size>0xc</size>
         <input_file_ref idref="fl-e3"/>
      </object_component>
      <object_component id="oc-351">
         <name>.text:__aeabi_errno_addr</name>
         <load_address>0x7f68</load_address>
         <run_address>0x7f68</run_address>
         <size>0x8</size>
         <input_file_ref idref="fl-f5"/>
      </object_component>
      <object_component id="oc-4e7">
         <name>.text:malloc</name>
         <load_address>0x7f70</load_address>
         <run_address>0x7f70</run_address>
         <size>0x8</size>
         <input_file_ref idref="fl-ee"/>
      </object_component>
      <object_component id="oc-317">
         <name>.text:_outc</name>
         <load_address>0x7f78</load_address>
         <run_address>0x7f78</run_address>
         <size>0x4</size>
         <input_file_ref idref="fl-d2"/>
      </object_component>
      <object_component id="oc-311">
         <name>.text:_outs</name>
         <load_address>0x7f7c</load_address>
         <run_address>0x7f7c</run_address>
         <size>0x4</size>
         <input_file_ref idref="fl-d2"/>
      </object_component>
      <object_component id="oc-a0">
         <name>.text:_system_pre_init</name>
         <load_address>0x7f80</load_address>
         <run_address>0x7f80</run_address>
         <size>0x4</size>
         <input_file_ref idref="fl-101"/>
      </object_component>
      <object_component id="oc-14b">
         <name>.text:abort:abort</name>
         <load_address>0x7f84</load_address>
         <run_address>0x7f84</run_address>
         <size>0x4</size>
         <input_file_ref idref="fl-e6"/>
      </object_component>
      <object_component id="oc-2ad">
         <name>.const:SinTab2</name>
         <load_address>0x7f88</load_address>
         <run_address>0x7f88</run_address>
         <size>0x2000</size>
         <input_file_ref idref="fl-11"/>
      </object_component>
      <object_component id="oc-2aa">
         <name>.const:SinTab</name>
         <load_address>0x9f88</load_address>
         <run_address>0x9f88</run_address>
         <size>0xc48</size>
         <input_file_ref idref="fl-11"/>
      </object_component>
      <object_component id="oc-2d8">
         <name>.const:ASCII</name>
         <load_address>0xabd0</load_address>
         <run_address>0xabd0</run_address>
         <size>0x1e0</size>
         <input_file_ref idref="fl-d"/>
      </object_component>
      <object_component id="oc-27c">
         <name>.const:$O1$$</name>
         <load_address>0xadb0</load_address>
         <run_address>0xadb0</run_address>
         <size>0x158</size>
         <input_file_ref idref="fl-f1"/>
      </object_component>
      <object_component id="oc-41b">
         <name>.const:.string:_ctypes_</name>
         <load_address>0xaf08</load_address>
         <run_address>0xaf08</run_address>
         <size>0x101</size>
         <input_file_ref idref="fl-ea"/>
      </object_component>
      <object_component id="oc-2de">
         <name>.const:.string:postmask</name>
         <load_address>0xb009</load_address>
         <run_address>0xb009</run_address>
         <size>0x8</size>
         <input_file_ref idref="fl-d"/>
      </object_component>
      <object_component id="oc-2db">
         <name>.const:.string:premask</name>
         <load_address>0xb011</load_address>
         <run_address>0xb011</run_address>
         <size>0x8</size>
         <input_file_ref idref="fl-d"/>
      </object_component>
      <object_component id="oc-2d3">
         <name>.const:.string:init5</name>
         <load_address>0xb019</load_address>
         <run_address>0xb019</run_address>
         <size>0x6</size>
         <input_file_ref idref="fl-d"/>
      </object_component>
      <object_component id="oc-2e1">
         <name>.const:.string:dlist1</name>
         <load_address>0xb01f</load_address>
         <run_address>0xb01f</run_address>
         <size>0x5</size>
         <input_file_ref idref="fl-d"/>
      </object_component>
      <object_component id="oc-2c7">
         <name>.const:.string:init1</name>
         <load_address>0xb024</load_address>
         <run_address>0xb024</run_address>
         <size>0x4</size>
         <input_file_ref idref="fl-d"/>
      </object_component>
      <object_component id="oc-2ca">
         <name>.const:.string:init2</name>
         <load_address>0xb028</load_address>
         <run_address>0xb028</run_address>
         <size>0x4</size>
         <input_file_ref idref="fl-d"/>
      </object_component>
      <object_component id="oc-2cd">
         <name>.const:.string:init3</name>
         <load_address>0xb02c</load_address>
         <run_address>0xb02c</run_address>
         <size>0x4</size>
         <input_file_ref idref="fl-d"/>
      </object_component>
      <object_component id="oc-2d0">
         <name>.const:.string:init4b</name>
         <load_address>0xb030</load_address>
         <run_address>0xb030</run_address>
         <size>0x3</size>
         <input_file_ref idref="fl-d"/>
      </object_component>
      <object_component id="oc-2e7">
         <name>.const:.string:scrollList1b</name>
         <load_address>0xb033</load_address>
         <run_address>0xb033</run_address>
         <size>0x3</size>
         <input_file_ref idref="fl-d"/>
      </object_component>
      <object_component id="oc-2ed">
         <name>.const:.string:scrollList2b</name>
         <load_address>0xb036</load_address>
         <run_address>0xb036</run_address>
         <size>0x3</size>
         <input_file_ref idref="fl-d"/>
      </object_component>
      <object_component id="oc-2e4">
         <name>.const:.string:scrollList1a</name>
         <load_address>0xb039</load_address>
         <run_address>0xb039</run_address>
         <size>0x2</size>
         <input_file_ref idref="fl-d"/>
      </object_component>
      <object_component id="oc-2ea">
         <name>.const:.string:scrollList2a</name>
         <load_address>0xb03b</load_address>
         <run_address>0xb03b</run_address>
         <size>0x2</size>
         <input_file_ref idref="fl-d"/>
      </object_component>
      <object_component id="oc-2f0">
         <name>.const:.string:scrollList3a</name>
         <load_address>0xb03d</load_address>
         <run_address>0xb03d</run_address>
         <size>0x2</size>
         <input_file_ref idref="fl-d"/>
      </object_component>
      <object_component id="oc-2f3">
         <name>.const:.string:scrollList3b</name>
         <load_address>0xb03f</load_address>
         <run_address>0xb03f</run_address>
         <size>0x2</size>
         <input_file_ref idref="fl-d"/>
      </object_component>
      <object_component id="oc-2f6">
         <name>.const:.string:scrollList3c</name>
         <load_address>0xb041</load_address>
         <run_address>0xb041</run_address>
         <size>0x2</size>
         <input_file_ref idref="fl-d"/>
      </object_component>
      <object_component id="oc-2f9">
         <name>.const:.string:scrollList4a</name>
         <load_address>0xb043</load_address>
         <run_address>0xb043</run_address>
         <size>0x2</size>
         <input_file_ref idref="fl-d"/>
      </object_component>
      <object_component id="oc-2fc">
         <name>.const:.string:scrollList4b</name>
         <load_address>0xb045</load_address>
         <run_address>0xb045</run_address>
         <size>0x2</size>
         <input_file_ref idref="fl-d"/>
      </object_component>
      <object_component id="oc-2ff">
         <name>.const:.string:scrollList4c</name>
         <load_address>0xb047</load_address>
         <run_address>0xb047</run_address>
         <size>0x2</size>
         <input_file_ref idref="fl-d"/>
      </object_component>
      <object_component id="oc-629">
         <name>.cinit..data.load</name>
         <load_address>0xb050</load_address>
         <run_address>0xb050</run_address>
         <size>0x82</size>
      </object_component>
      <object_component id="oc-627">
         <name>__TI_handler_table</name>
         <load_address>0xb0d4</load_address>
         <run_address>0xb0d4</run_address>
         <size>0xc</size>
      </object_component>
      <object_component id="oc-62a">
         <name>.cinit..bss.load</name>
         <load_address>0xb0e0</load_address>
         <run_address>0xb0e0</run_address>
         <size>0x8</size>
      </object_component>
      <object_component id="oc-628">
         <name>__TI_cinit_table</name>
         <load_address>0xb0e8</load_address>
         <run_address>0xb0e8</run_address>
         <size>0x10</size>
      </object_component>
      <object_component id="oc-5fb">
         <name>.binit</name>
         <load_address>0x0</load_address>
         <run_address>0x0</run_address>
         <size>0x0</size>
      </object_component>
      <object_component id="oc-1a2">
         <name>.data</name>
         <load_address>0x20003ca0</load_address>
         <run_address>0x20003ca0</run_address>
         <size>0x18</size>
         <input_file_ref idref="fl-2"/>
      </object_component>
      <object_component id="oc-302">
         <name>.data</name>
         <load_address>0x20003d10</load_address>
         <run_address>0x20003d10</run_address>
         <size>0x4</size>
         <input_file_ref idref="fl-d"/>
      </object_component>
      <object_component id="oc-bf">
         <name>.data</name>
         <load_address>0x20003cd4</load_address>
         <run_address>0x20003cd4</run_address>
         <size>0xc</size>
         <input_file_ref idref="fl-e"/>
      </object_component>
      <object_component id="oc-2be">
         <name>.data</name>
         <load_address>0x20003cec</load_address>
         <run_address>0x20003cec</run_address>
         <size>0xa</size>
         <input_file_ref idref="fl-f"/>
      </object_component>
      <object_component id="oc-146">
         <name>.data</name>
         <load_address>0x20003ce0</load_address>
         <run_address>0x20003ce0</run_address>
         <size>0xc</size>
         <input_file_ref idref="fl-12"/>
      </object_component>
      <object_component id="oc-1ec">
         <name>.data</name>
         <load_address>0x20003d08</load_address>
         <run_address>0x20003d08</run_address>
         <size>0x8</size>
         <input_file_ref idref="fl-13"/>
      </object_component>
      <object_component id="oc-189">
         <name>.data</name>
         <load_address>0x20003d18</load_address>
         <run_address>0x20003d18</run_address>
         <size>0x4</size>
         <input_file_ref idref="fl-17"/>
      </object_component>
      <object_component id="oc-240">
         <name>.data:$O1$$</name>
         <load_address>0x20003cc8</load_address>
         <run_address>0x20003cc8</run_address>
         <size>0xc</size>
         <input_file_ref idref="fl-e6"/>
      </object_component>
      <object_component id="oc-243">
         <name>.data:$O1$$</name>
         <load_address>0x20003cf8</load_address>
         <run_address>0x20003cf8</run_address>
         <size>0x8</size>
         <input_file_ref idref="fl-e7"/>
      </object_component>
      <object_component id="oc-30e">
         <name>.data:_ftable</name>
         <load_address>0x20003ae8</load_address>
         <run_address>0x20003ae8</run_address>
         <size>0xf0</size>
         <input_file_ref idref="fl-eb"/>
      </object_component>
      <object_component id="oc-530">
         <name>.data</name>
         <load_address>0x20003cb8</load_address>
         <run_address>0x20003cb8</run_address>
         <size>0x10</size>
         <input_file_ref idref="fl-eb"/>
      </object_component>
      <object_component id="oc-566">
         <name>.data:$O1$$</name>
         <load_address>0x20003d00</load_address>
         <run_address>0x20003d00</run_address>
         <size>0x8</size>
         <input_file_ref idref="fl-ee"/>
      </object_component>
      <object_component id="oc-500">
         <name>.data:_device</name>
         <load_address>0x20003bd8</load_address>
         <run_address>0x20003bd8</run_address>
         <size>0x78</size>
         <input_file_ref idref="fl-f4"/>
      </object_component>
      <object_component id="oc-4c7">
         <name>.data:_stream</name>
         <load_address>0x20003c50</load_address>
         <run_address>0x20003c50</run_address>
         <size>0x50</size>
         <input_file_ref idref="fl-f4"/>
      </object_component>
      <object_component id="oc-40d">
         <name>.data</name>
         <load_address>0x20003d14</load_address>
         <run_address>0x20003d14</run_address>
         <size>0x4</size>
         <input_file_ref idref="fl-f5"/>
      </object_component>
      <object_component id="oc-d5">
         <name>.bss</name>
         <uninitialized>true</uninitialized>
         <run_address>0x2000360c</run_address>
         <size>0x8</size>
         <input_file_ref idref="fl-14"/>
      </object_component>
      <object_component id="oc-5b4">
         <name>.bss:_CIOBUF_</name>
         <uninitialized>true</uninitialized>
         <run_address>0x20003400</run_address>
         <size>0x120</size>
         <input_file_ref idref="fl-10b"/>
      </object_component>
      <object_component id="oc-1df">
         <name>.common:Distances</name>
         <uninitialized>true</uninitialized>
         <run_address>0x20003600</run_address>
         <size>0xc</size>
      </object_component>
      <object_component id="oc-1e0">
         <name>.common:Amplitudes</name>
         <uninitialized>true</uninitialized>
         <run_address>0x200035e8</run_address>
         <size>0xc</size>
      </object_component>
      <object_component id="oc-1dc">
         <name>.common:TxChannel</name>
         <uninitialized>true</uninitialized>
         <run_address>0x20003698</run_address>
         <size>0x4</size>
      </object_component>
      <object_component id="oc-1e1">
         <name>.common:channel</name>
         <uninitialized>true</uninitialized>
         <run_address>0x200036a0</run_address>
         <size>0x4</size>
      </object_component>
      <object_component id="oc-1e2">
         <name>.common:i</name>
         <uninitialized>true</uninitialized>
         <run_address>0x200036bc</run_address>
         <size>0x4</size>
      </object_component>
      <object_component id="oc-294">
         <name>.common:Size</name>
         <uninitialized>true</uninitialized>
         <run_address>0x2000368c</run_address>
         <size>0x4</size>
      </object_component>
      <object_component id="oc-293">
         <name>.common:x</name>
         <uninitialized>true</uninitialized>
         <run_address>0x20000000</run_address>
         <size>0x1000</size>
      </object_component>
      <object_component id="oc-290">
         <name>.common:Pt</name>
         <uninitialized>true</uninitialized>
         <run_address>0x20003668</run_address>
         <size>0x4</size>
      </object_component>
      <object_component id="oc-296">
         <name>.common:I1</name>
         <uninitialized>true</uninitialized>
         <run_address>0x20003620</run_address>
         <size>0x4</size>
      </object_component>
      <object_component id="oc-295">
         <name>.common:LPFSum</name>
         <uninitialized>true</uninitialized>
         <run_address>0x20003634</run_address>
         <size>0x4</size>
      </object_component>
      <object_component id="oc-298">
         <name>.common:x2</name>
         <uninitialized>true</uninitialized>
         <run_address>0x20001000</run_address>
         <size>0x1000</size>
      </object_component>
      <object_component id="oc-297">
         <name>.common:Pt2</name>
         <uninitialized>true</uninitialized>
         <run_address>0x2000366c</run_address>
         <size>0x4</size>
      </object_component>
      <object_component id="oc-299">
         <name>.common:LPFSum2</name>
         <uninitialized>true</uninitialized>
         <run_address>0x20003638</run_address>
         <size>0x4</size>
      </object_component>
      <object_component id="oc-29b">
         <name>.common:x3</name>
         <uninitialized>true</uninitialized>
         <run_address>0x20002000</run_address>
         <size>0x1000</size>
      </object_component>
      <object_component id="oc-29a">
         <name>.common:Pt3</name>
         <uninitialized>true</uninitialized>
         <run_address>0x20003670</run_address>
         <size>0x4</size>
      </object_component>
      <object_component id="oc-29c">
         <name>.common:LPFSum3</name>
         <uninitialized>true</uninitialized>
         <run_address>0x2000363c</run_address>
         <size>0x4</size>
      </object_component>
      <object_component id="oc-29f">
         <name>.common:u1</name>
         <uninitialized>true</uninitialized>
         <run_address>0x200036c8</run_address>
         <size>0x4</size>
      </object_component>
      <object_component id="oc-29e">
         <name>.common:u2</name>
         <uninitialized>true</uninitialized>
         <run_address>0x200036cc</run_address>
         <size>0x4</size>
      </object_component>
      <object_component id="oc-29d">
         <name>.common:u3</name>
         <uninitialized>true</uninitialized>
         <run_address>0x200036d0</run_address>
         <size>0x4</size>
      </object_component>
      <object_component id="oc-2d7">
         <name>.common:buffer</name>
         <uninitialized>true</uninitialized>
         <run_address>0x20003000</run_address>
         <size>0x400</size>
      </object_component>
      <object_component id="oc-2c4">
         <name>.common:vccstate</name>
         <uninitialized>true</uninitialized>
         <run_address>0x200036d4</run_address>
         <size>0x4</size>
      </object_component>
      <object_component id="oc-2d6">
         <name>.common:rotation</name>
         <uninitialized>true</uninitialized>
         <run_address>0x200036c4</run_address>
         <size>0x4</size>
      </object_component>
      <object_component id="oc-305">
         <name>.common:StartX</name>
         <uninitialized>true</uninitialized>
         <run_address>0x200036d8</run_address>
         <size>0x2</size>
      </object_component>
      <object_component id="oc-306">
         <name>.common:StartY</name>
         <uninitialized>true</uninitialized>
         <run_address>0x200036da</run_address>
         <size>0x2</size>
      </object_component>
      <object_component id="oc-2ba">
         <name>.common:Tachometer_FirstRightTime</name>
         <uninitialized>true</uninitialized>
         <run_address>0x200036de</run_address>
         <size>0x2</size>
      </object_component>
      <object_component id="oc-2bd">
         <name>.common:Tachometer_SecondRightTime</name>
         <uninitialized>true</uninitialized>
         <run_address>0x200036e2</run_address>
         <size>0x2</size>
      </object_component>
      <object_component id="oc-2c1">
         <name>.common:Tachometer_FirstLeftTime</name>
         <uninitialized>true</uninitialized>
         <run_address>0x200036dc</run_address>
         <size>0x2</size>
      </object_component>
      <object_component id="oc-2c2">
         <name>.common:Tachometer_SecondLeftTime</name>
         <uninitialized>true</uninitialized>
         <run_address>0x200036e0</run_address>
         <size>0x2</size>
      </object_component>
      <object_component id="oc-1ef">
         <name>.common:Robotx</name>
         <uninitialized>true</uninitialized>
         <run_address>0x20003680</run_address>
         <size>0x4</size>
      </object_component>
      <object_component id="oc-1f2">
         <name>.common:Roboty</name>
         <uninitialized>true</uninitialized>
         <run_address>0x20003684</run_address>
         <size>0x4</size>
      </object_component>
      <object_component id="oc-1f3">
         <name>.common:Robottheta</name>
         <uninitialized>true</uninitialized>
         <run_address>0x2000367c</run_address>
         <size>0x4</size>
      </object_component>
      <object_component id="oc-1f4">
         <name>.common:Lr</name>
         <uninitialized>true</uninitialized>
         <run_address>0x2000364c</run_address>
         <size>0x4</size>
      </object_component>
      <object_component id="oc-1f5">
         <name>.common:Rr</name>
         <uninitialized>true</uninitialized>
         <run_address>0x20003688</run_address>
         <size>0x4</size>
      </object_component>
      <object_component id="oc-1fe">
         <name>.common:L</name>
         <uninitialized>true</uninitialized>
         <run_address>0x20003630</run_address>
         <size>0x4</size>
      </object_component>
      <object_component id="oc-1ff">
         <name>.common:R</name>
         <uninitialized>true</uninitialized>
         <run_address>0x20003674</run_address>
         <size>0x4</size>
      </object_component>
      <object_component id="oc-1f6">
         <name>.common:dtheta</name>
         <uninitialized>true</uninitialized>
         <run_address>0x200036b0</run_address>
         <size>0x4</size>
      </object_component>
      <object_component id="oc-1f7">
         <name>.common:dz</name>
         <uninitialized>true</uninitialized>
         <run_address>0x200036b4</run_address>
         <size>0x4</size>
      </object_component>
      <object_component id="oc-22b">
         <name>.common:Action</name>
         <uninitialized>true</uninitialized>
         <run_address>0x200036e4</run_address>
         <size>0x1</size>
      </object_component>
      <object_component id="oc-20f">
         <name>.common:LeftDir</name>
         <uninitialized>true</uninitialized>
         <run_address>0x200036e6</run_address>
         <size>0x1</size>
      </object_component>
      <object_component id="oc-212">
         <name>.common:LeftSteps</name>
         <uninitialized>true</uninitialized>
         <run_address>0x20003648</run_address>
         <size>0x4</size>
      </object_component>
      <object_component id="oc-213">
         <name>.common:LastLeftSteps</name>
         <uninitialized>true</uninitialized>
         <run_address>0x20003640</run_address>
         <size>0x4</size>
      </object_component>
      <object_component id="oc-210">
         <name>.common:TotalLeftSteps</name>
         <uninitialized>true</uninitialized>
         <run_address>0x20003690</run_address>
         <size>0x4</size>
      </object_component>
      <object_component id="oc-20c">
         <name>.common:RightDir</name>
         <uninitialized>true</uninitialized>
         <run_address>0x200036e7</run_address>
         <size>0x1</size>
      </object_component>
      <object_component id="oc-214">
         <name>.common:RightSteps</name>
         <uninitialized>true</uninitialized>
         <run_address>0x20003678</run_address>
         <size>0x4</size>
      </object_component>
      <object_component id="oc-215">
         <name>.common:LastRightSteps</name>
         <uninitialized>true</uninitialized>
         <run_address>0x20003644</run_address>
         <size>0x4</size>
      </object_component>
      <object_component id="oc-20d">
         <name>.common:TotalRightSteps</name>
         <uninitialized>true</uninitialized>
         <run_address>0x20003694</run_address>
         <size>0x4</size>
      </object_component>
      <object_component id="oc-216">
         <name>.common:MyX</name>
         <uninitialized>true</uninitialized>
         <run_address>0x20003654</run_address>
         <size>0x4</size>
      </object_component>
      <object_component id="oc-217">
         <name>.common:MyY</name>
         <uninitialized>true</uninitialized>
         <run_address>0x20003658</run_address>
         <size>0x4</size>
      </object_component>
      <object_component id="oc-218">
         <name>.common:MyTheta</name>
         <uninitialized>true</uninitialized>
         <run_address>0x20003650</run_address>
         <size>0x4</size>
      </object_component>
      <object_component id="oc-22c">
         <name>.common:Error</name>
         <uninitialized>true</uninitialized>
         <run_address>0x2000361c</run_address>
         <size>0x4</size>
      </object_component>
      <object_component id="oc-237">
         <name>.common:goal</name>
         <uninitialized>true</uninitialized>
         <run_address>0x200036b8</run_address>
         <size>0x4</size>
      </object_component>
      <object_component id="oc-234">
         <name>.common:lastgoal</name>
         <uninitialized>true</uninitialized>
         <run_address>0x200036c0</run_address>
         <size>0x4</size>
      </object_component>
      <object_component id="oc-235">
         <name>.common:badCount</name>
         <uninitialized>true</uninitialized>
         <run_address>0x2000369c</run_address>
         <size>0x4</size>
      </object_component>
      <object_component id="oc-233">
         <name>.common:desiredX</name>
         <uninitialized>true</uninitialized>
         <run_address>0x200036a8</run_address>
         <size>0x4</size>
      </object_component>
      <object_component id="oc-238">
         <name>.common:desiredY</name>
         <uninitialized>true</uninitialized>
         <run_address>0x200036ac</run_address>
         <size>0x4</size>
      </object_component>
      <object_component id="oc-239">
         <name>.common:desiredTh</name>
         <uninitialized>true</uninitialized>
         <run_address>0x200036a4</run_address>
         <size>0x4</size>
      </object_component>
      <object_component id="oc-236">
         <name>.common:Goal</name>
         <uninitialized>true</uninitialized>
         <run_address>0x200036e5</run_address>
         <size>0x1</size>
      </object_component>
      <object_component id="oc-d8">
         <name>.common:ChannelCount</name>
         <uninitialized>true</uninitialized>
         <run_address>0x200035f4</run_address>
         <size>0xc</size>
      </object_component>
      <object_component id="oc-db">
         <name>.common:PTxChan</name>
         <uninitialized>true</uninitialized>
         <run_address>0x2000365c</run_address>
         <size>0x4</size>
      </object_component>
      <object_component id="oc-dc">
         <name>.common:Pdistances</name>
         <uninitialized>true</uninitialized>
         <run_address>0x20003664</run_address>
         <size>0x4</size>
      </object_component>
      <object_component id="oc-dd">
         <name>.common:Pamplitudes</name>
         <uninitialized>true</uninitialized>
         <run_address>0x20003660</run_address>
         <size>0x4</size>
      </object_component>
      <object_component id="oc-de">
         <name>.common:ISRTime</name>
         <uninitialized>true</uninitialized>
         <run_address>0x2000362c</run_address>
         <size>0x4</size>
      </object_component>
      <object_component id="oc-e0">
         <name>.common:ISRLast</name>
         <uninitialized>true</uninitialized>
         <run_address>0x20003624</run_address>
         <size>0x4</size>
      </object_component>
      <object_component id="oc-df">
         <name>.common:ISRPeriod</name>
         <uninitialized>true</uninitialized>
         <run_address>0x20003628</run_address>
         <size>0x4</size>
      </object_component>
      <object_component id="oc-20e">
         <name>.common:LeftTach</name>
         <uninitialized>true</uninitialized>
         <run_address>0x200035c0</run_address>
         <size>0x14</size>
      </object_component>
      <object_component id="oc-211">
         <name>.common:RightTach</name>
         <uninitialized>true</uninitialized>
         <run_address>0x200035d4</run_address>
         <size>0x14</size>
      </object_component>
      <object_component id="oc-57e">
         <name>.common:__TI_tmpnams</name>
         <uninitialized>true</uninitialized>
         <run_address>0x20003520</run_address>
         <size>0xa0</size>
      </object_component>
      <object_component id="oc-58f">
         <name>.common:parmbuf</name>
         <uninitialized>true</uninitialized>
         <run_address>0x20003614</run_address>
         <size>0x8</size>
      </object_component>
      <object_component id="oc-29">
         <name>.sysmem</name>
         <uninitialized>true</uninitialized>
         <run_address>0x200036e8</run_address>
         <size>0x10</size>
         <input_file_ref idref="fl-ee"/>
      </object_component>
      <object_component id="oc-62d">
         <name>.sysmem</name>
         <uninitialized>true</uninitialized>
         <run_address>0x200036e8</run_address>
         <size>0x0</size>
      </object_component>
      <object_component id="oc-2c">
         <name>.stack</name>
         <uninitialized>true</uninitialized>
         <run_address>0x2000fe00</run_address>
         <size>0x4</size>
         <input_file_ref idref="fl-f2"/>
      </object_component>
      <object_component id="oc-62c">
         <name>.stack</name>
         <uninitialized>true</uninitialized>
         <run_address>0x2000fe00</run_address>
         <size>0x0</size>
      </object_component>
      <object_component id="oc-1aa">
         <name>.debug_info</name>
         <load_address>0x0</load_address>
         <run_address>0x0</run_address>
         <size>0x52e</size>
         <input_file_ref idref="fl-1"/>
      </object_component>
      <object_component id="oc-220">
         <name>.debug_info</name>
         <load_address>0x52e</load_address>
         <run_address>0x52e</run_address>
         <size>0x162</size>
         <input_file_ref idref="fl-1"/>
      </object_component>
      <object_component id="oc-196">
         <name>.debug_info</name>
         <load_address>0x690</load_address>
         <run_address>0x690</run_address>
         <size>0x37e2</size>
         <input_file_ref idref="fl-1"/>
      </object_component>
      <object_component id="oc-e9">
         <name>.debug_info</name>
         <load_address>0x3e72</load_address>
         <run_address>0x3e72</run_address>
         <size>0x26b</size>
         <input_file_ref idref="fl-1"/>
      </object_component>
      <object_component id="oc-19b">
         <name>.debug_info</name>
         <load_address>0x40dd</load_address>
         <run_address>0x40dd</run_address>
         <size>0x1055</size>
         <input_file_ref idref="fl-1"/>
      </object_component>
      <object_component id="oc-35">
         <name>.debug_info</name>
         <load_address>0x5132</load_address>
         <run_address>0x5132</run_address>
         <size>0x84</size>
         <input_file_ref idref="fl-1"/>
      </object_component>
      <object_component id="oc-18f">
         <name>.debug_info</name>
         <load_address>0x51b6</load_address>
         <run_address>0x51b6</run_address>
         <size>0x2a4</size>
         <input_file_ref idref="fl-1"/>
      </object_component>
      <object_component id="oc-c3">
         <name>.debug_info</name>
         <load_address>0x545a</load_address>
         <run_address>0x545a</run_address>
         <size>0xbb</size>
         <input_file_ref idref="fl-1"/>
      </object_component>
      <object_component id="oc-1a3">
         <name>.debug_info</name>
         <load_address>0x5515</load_address>
         <run_address>0x5515</run_address>
         <size>0x18b</size>
         <input_file_ref idref="fl-2"/>
      </object_component>
      <object_component id="oc-d0">
         <name>.debug_info</name>
         <load_address>0x56a0</load_address>
         <run_address>0x56a0</run_address>
         <size>0x2af</size>
         <input_file_ref idref="fl-2"/>
      </object_component>
      <object_component id="oc-136">
         <name>.debug_info</name>
         <load_address>0x594f</load_address>
         <run_address>0x594f</run_address>
         <size>0x270</size>
         <input_file_ref idref="fl-3"/>
      </object_component>
      <object_component id="oc-12f">
         <name>.debug_info</name>
         <load_address>0x5bbf</load_address>
         <run_address>0x5bbf</run_address>
         <size>0x546</size>
         <input_file_ref idref="fl-4"/>
      </object_component>
      <object_component id="oc-1dd">
         <name>.debug_info</name>
[...]
         <object_component_ref idref="oc-3a"/>
      </symbol>
      <symbol id="sm-9e5">
         <name>__aeabi_memcpy4</name>
         <value>0x6ecb</value>
         <object_component_ref idref="oc-3a"/>
      </symbol>
      <symbol id="sm-9ef">
         <name>__aeabi_ui2d</name>
         <value>0x7e65</value>
         <object_component_ref idref="oc-10a"/>
      </symbol>
      <symbol id="sm-9fe">
         <name>__aeabi_memset</name>
         <value>0x7197</value>
         <object_component_ref idref="oc-9a"/>
      </symbol>
      <symbol id="sm-9ff">
         <name>memset</name>
         <value>0x719d</value>
         <object_component_ref idref="oc-9a"/>
      </symbol>
      <symbol id="sm-a00">
         <name>__aeabi_memset8</name>
         <value>0x7197</value>
         <object_component_ref idref="oc-9a"/>
      </symbol>
      <symbol id="sm-a01">
         <name>__aeabi_memset4</name>
         <value>0x7197</value>
         <object_component_ref idref="oc-9a"/>
      </symbol>
      <symbol id="sm-a02">
         <name>__aeabi_memclr8</name>
         <value>0x7195</value>
         <object_component_ref idref="oc-9a"/>
      </symbol>
      <symbol id="sm-a03">
         <name>__aeabi_memclr4</name>
         <value>0x7195</value>
         <object_component_ref idref="oc-9a"/>
      </symbol>
      <symbol id="sm-a04">
         <name>__aeabi_memclr</name>
         <value>0x7195</value>
         <object_component_ref idref="oc-9a"/>
      </symbol>
      <symbol id="sm-a11">
         <name>__aeabi_uldivmod</name>
         <value>0x6f67</value>
         <object_component_ref idref="oc-420"/>
      </symbol>
      <symbol id="sm-a23">
         <name>__TI_zero_init</name>
         <value>0x7f5b</value>
         <object_component_ref idref="oc-4c"/>
      </symbol>
      <symbol id="sm-a3a">
         <name>__TI_decompress_none</name>
         <value>0x7f3f</value>
         <object_component_ref idref="oc-1d"/>
      </symbol>
      <symbol id="sm-a5d">
         <name>__TI_decompress_lzss</name>
         <value>0x74a5</value>
         <object_component_ref idref="oc-17"/>
      </symbol>
      <symbol id="sm-a83">
         <name>C$$EXIT</name>
         <value>0x7f85</value>
         <object_component_ref idref="oc-14b"/>
      </symbol>
      <symbol id="sm-a84">
         <name>abort</name>
         <value>0x7f85</value>
         <object_component_ref idref="oc-14b"/>
      </symbol>
      <symbol id="sm-a85">
         <name>__TI_dtors_ptr</name>
         <value>0x20003ccc</value>
         <object_component_ref idref="oc-240"/>
      </symbol>
      <symbol id="sm-a86">
         <name>__TI_cleanup_ptr</name>
         <value>0x20003cc8</value>
         <object_component_ref idref="oc-240"/>
      </symbol>
      <symbol id="sm-a87">
         <name>__TI_enable_exit_profile_output</name>
         <value>0x20003cd0</value>
         <object_component_ref idref="oc-240"/>
      </symbol>
      <symbol id="sm-a88">
         <name>exit</name>
         <value>0x79f9</value>
         <object_component_ref idref="oc-151"/>
      </symbol>
      <symbol id="sm-a9d">
         <name>_nop</name>
         <value>0x2a6b</value>
         <object_component_ref idref="oc-330"/>
      </symbol>
      <symbol id="sm-a9e">
         <name>_lock</name>
         <value>0x20003cf8</value>
         <object_component_ref idref="oc-243"/>
      </symbol>
      <symbol id="sm-a9f">
         <name>_unlock</name>
         <value>0x20003cfc</value>
         <object_component_ref idref="oc-243"/>
      </symbol>
      <symbol id="sm-aae">
         <name>__TI_ltoa</name>
         <value>0x78bb</value>
         <object_component_ref idref="oc-426"/>
      </symbol>
      <symbol id="sm-ac4">
         <name>atoi</name>
         <value>0x79ad</value>
         <object_component_ref idref="oc-3a8"/>
      </symbol>
      <symbol id="sm-acf">
         <name>_ctypes_</name>
         <value>0xaf08</value>
         <object_component_ref idref="oc-41b"/>
      </symbol>
      <symbol id="sm-ae4">
         <name>__TI_tmpnams</name>
         <value>0x20003520</value>
      </symbol>
      <symbol id="sm-ae5">
         <name>__aeabi_stdout</name>
         <value>0x20003cc0</value>
         <object_component_ref idref="oc-530"/>
      </symbol>
      <symbol id="sm-ae6">
         <name>__aeabi_stderr</name>
         <value>0x20003cc4</value>
         <object_component_ref idref="oc-530"/>
      </symbol>
      <symbol id="sm-ae7">
         <name>__aeabi_stdin</name>
         <value>0x20003cbc</value>
         <object_component_ref idref="oc-530"/>
      </symbol>
      <symbol id="sm-ae8">
         <name>_ftable</name>
         <value>0x20003ae8</value>
         <object_component_ref idref="oc-30e"/>
      </symbol>
      <symbol id="sm-ae9">
         <name>__TI_ft_end</name>
         <value>0x20003cb8</value>
         <object_component_ref idref="oc-530"/>
      </symbol>
      <symbol id="sm-af9">
         <name>memccpy</name>
         <value>0x7ea1</value>
         <object_component_ref idref="oc-3cc"/>
      </symbol>
      <symbol id="sm-b09">
         <name>memchr</name>
         <value>0x7e45</value>
         <object_component_ref idref="oc-476"/>
      </symbol>
      <symbol id="sm-b92">
         <name>_sys_memory</name>
         <value>0x200036e8</value>
         <object_component_ref idref="oc-29"/>
      </symbol>
      <symbol id="sm-b93">
         <name>free</name>
         <value>0x6b79</value>
         <object_component_ref idref="oc-4e1"/>
      </symbol>
      <symbol id="sm-b94">
         <name>memalign</name>
         <value>0x678d</value>
         <object_component_ref idref="oc-523"/>
      </symbol>
      <symbol id="sm-b95">
         <name>malloc</name>
         <value>0x7f71</value>
         <object_component_ref idref="oc-4e7"/>
      </symbol>
      <symbol id="sm-b96">
         <name>aligned_alloc</name>
         <value>0x678d</value>
         <object_component_ref idref="oc-523"/>
      </symbol>
      <symbol id="sm-ba6">
         <name>strchr</name>
         <value>0x7eef</value>
         <object_component_ref idref="oc-44d"/>
      </symbol>
      <symbol id="sm-bb4">
         <name>strlen</name>
         <value>0x7f19</value>
         <object_component_ref idref="oc-3a2"/>
      </symbol>
      <symbol id="sm-c24">
         <name>__kernel_rem_pio2</name>
         <value>0x2a6d</value>
         <object_component_ref idref="oc-1c1"/>
      </symbol>
      <symbol id="sm-c37">
         <name>__stack</name>
         <value>0x2000fe00</value>
         <object_component_ref idref="oc-2c"/>
      </symbol>
      <symbol id="sm-c38">
         <name>_c_int00_noargs</name>
         <value>0x7ce9</value>
         <object_component_ref idref="oc-58"/>
      </symbol>
      <symbol id="sm-c52">
         <name>write</name>
         <value>0x7df9</value>
         <object_component_ref idref="oc-482"/>
      </symbol>
      <symbol id="sm-c63">
         <name>_stream</name>
         <value>0x20003c50</value>
         <object_component_ref idref="oc-4c7"/>
      </symbol>
      <symbol id="sm-c64">
         <name>_device</name>
         <value>0x20003bd8</value>
         <object_component_ref idref="oc-500"/>
      </symbol>
      <symbol id="sm-c7a">
         <name>__aeabi_errno_addr</name>
         <value>0x7f69</value>
         <object_component_ref idref="oc-351"/>
      </symbol>
      <symbol id="sm-c7b">
         <name>errno</name>
         <value>0x20003d14</value>
         <object_component_ref idref="oc-40d"/>
      </symbol>
      <symbol id="sm-c94">
         <name>wcslen</name>
         <value>0x7f2d</value>
         <object_component_ref idref="oc-3d2"/>
      </symbol>
      <symbol id="sm-caa">
         <name>__kernel_cos</name>
         <value>0x5dd5</value>
         <object_component_ref idref="oc-1c7"/>
      </symbol>
      <symbol id="sm-cc1">
         <name>__kernel_sin</name>
         <value>0x5c61</value>
         <object_component_ref idref="oc-1b1"/>
      </symbol>
      <symbol id="sm-cde">
         <name>floorl</name>
         <value>0x6a81</value>
         <object_component_ref idref="oc-271"/>
      </symbol>
      <symbol id="sm-cdf">
         <name>floor</name>
         <value>0x6a81</value>
         <object_component_ref idref="oc-271"/>
      </symbol>
      <symbol id="sm-cf5">
         <name>frexpl</name>
         <value>0x7575</value>
         <object_component_ref idref="oc-447"/>
      </symbol>
      <symbol id="sm-cf6">
         <name>frexp</name>
         <value>0x7575</value>
         <object_component_ref idref="oc-447"/>
      </symbol>
      <symbol id="sm-d13">
         <name>scalbn</name>
         <value>0x667d</value>
         <object_component_ref idref="oc-26b"/>
      </symbol>
      <symbol id="sm-d14">
         <name>scalbnl</name>
         <value>0x667d</value>
         <object_component_ref idref="oc-26b"/>
      </symbol>
      <symbol id="sm-d15">
         <name>ldexpl</name>
         <value>0x667d</value>
         <object_component_ref idref="oc-26b"/>
      </symbol>
      <symbol id="sm-d16">
         <name>ldexp</name>
         <value>0x667d</value>
         <object_component_ref idref="oc-26b"/>
      </symbol>
      <symbol id="sm-d26">
         <name>__TI_doflush</name>
         <value>0x7961</value>
         <object_component_ref idref="oc-47c"/>
      </symbol>
      <symbol id="sm-d36">
         <name>__TI_cleanup</name>
         <value>0x7c81</value>
         <object_component_ref idref="oc-4ed"/>
      </symbol>
      <symbol id="sm-d48">
         <name>fseek</name>
         <value>0x75d9</value>
         <object_component_ref idref="oc-4b5"/>
      </symbol>
      <symbol id="sm-d52">
         <name>__aeabi_idiv0</name>
         <value>0x5aeb</value>
         <object_component_ref idref="oc-497"/>
      </symbol>
      <symbol id="sm-d53">
         <name>__aeabi_ldiv0</name>
         <value>0x5aeb</value>
         <object_component_ref idref="oc-497"/>
      </symbol>
      <symbol id="sm-d7b">
         <name>__TI_auto_init_nobinit_nopinit</name>
         <value>0x7b11</value>
         <object_component_ref idref="oc-157"/>
      </symbol>
      <symbol id="sm-d85">
         <name>_system_pre_init</name>
         <value>0x7f81</value>
         <object_component_ref idref="oc-a0"/>
      </symbol>
      <symbol id="sm-d98">
         <name>HOSTclose</name>
         <value>0x7a89</value>
         <object_component_ref idref="oc-53c"/>
      </symbol>
      <symbol id="sm-da9">
         <name>HOSTlseek</name>
         <value>0x743d</value>
         <object_component_ref idref="oc-54e"/>
      </symbol>
      <symbol id="sm-dbb">
         <name>parmbuf</name>
         <value>0x20003614</value>
      </symbol>
      <symbol id="sm-dbc">
         <name>HOSTopen</name>
         <value>0x76a1</value>
         <object_component_ref idref="oc-536"/>
      </symbol>
      <symbol id="sm-dcd">
         <name>HOSTread</name>
         <value>0x775d</value>
         <object_component_ref idref="oc-542"/>
      </symbol>
      <symbol id="sm-dde">
         <name>HOSTrename</name>
         <value>0x73d1</value>
         <object_component_ref idref="oc-55a"/>
      </symbol>
      <symbol id="sm-def">
         <name>HOSTunlink</name>
         <value>0x7acd</value>
         <object_component_ref idref="oc-554"/>
      </symbol>
      <symbol id="sm-e00">
         <name>HOSTwrite</name>
         <value>0x77b5</value>
         <object_component_ref idref="oc-548"/>
      </symbol>
      <symbol id="sm-e24">
         <name>__TI_readmsg</name>
         <value>0x7cb5</value>
         <object_component_ref idref="oc-589"/>
      </symbol>
      <symbol id="sm-e25">
         <name>C$$IO$$</name>
         <value>0x7c07</value>
         <object_component_ref idref="oc-583"/>
      </symbol>
      <symbol id="sm-e26">
         <name>__CIOBUF_</name>
         <value>0x20003400</value>
         <object_component_ref idref="oc-5b4"/>
      </symbol>
      <symbol id="sm-e27">
         <name>__TI_writemsg</name>
         <value>0x7bd9</value>
         <object_component_ref idref="oc-583"/>
      </symbol>
      <symbol id="sm-e38">
         <name>lseek</name>
         <value>0x7dd1</value>
         <object_component_ref idref="oc-4d9"/>
      </symbol>
      <symbol id="sm-e42">
         <name>copysign</name>
         <value>0x7ebd</value>
         <object_component_ref idref="oc-357"/>
      </symbol>
      <symbol id="sm-e43">
         <name>copysignl</name>
         <value>0x7ebd</value>
         <object_component_ref idref="oc-357"/>
      </symbol>
      <symbol id="sm-e58">
         <name>__TI_closefile</name>
         <value>0x7211</value>
         <object_component_ref idref="oc-52a"/>
      </symbol>
      <symbol id="sm-e7b">
         <name>finddevice</name>
         <value>0x7d1d</value>
         <object_component_ref idref="oc-5d2"/>
      </symbol>
      <symbol id="sm-e7c">
         <name>getdevice</name>
         <value>0x7b55</value>
         <object_component_ref idref="oc-5aa"/>
      </symbol>
      <symbol id="sm-e8b">
         <name>strcmp</name>
         <value>0x7ed7</value>
         <object_component_ref idref="oc-5e9"/>
      </symbol>
      <symbol id="sm-e99">
         <name>strcpy</name>
         <value>0x7f05</value>
         <object_component_ref idref="oc-59d"/>
      </symbol>
      <symbol id="sm-ea9">
         <name>strncpy</name>
         <value>0x7c49</value>
         <object_component_ref idref="oc-5cc"/>
      </symbol>
      <symbol id="sm-ebe">
         <name>close</name>
         <value>0x7701</value>
         <object_component_ref idref="oc-572"/>
      </symbol>
      <symbol id="sm-ece">
         <name>unlink</name>
         <value>0x7d7d</value>
         <object_component_ref idref="oc-578"/>
      </symbol>
      <symbol id="sm-ecf">
         <name>__TI_static_base__</name>
         <value>0x0</value>
      </symbol>
      <symbol id="sm-ed2">
         <name>__mpu_init</name>
         <value>0x0</value>
      </symbol>
      <symbol id="sm-ed3">
         <name>_system_post_cinit</name>
         <value>0x0</value>
      </symbol>
      <symbol id="sm-ed4">
         <name>NMI_Handler</name>
         <value>0x7f59</value>
      </symbol>
      <symbol id="sm-ed5">
         <name>HardFault_Handler</name>
         <value>0x7f59</value>
      </symbol>
      <symbol id="sm-ed6">
         <name>MemManage_Handler</name>
         <value>0x7f59</value>
      </symbol>
      <symbol id="sm-ed7">
         <name>BusFault_Handler</name>
         <value>0x7f59</value>
      </symbol>
      <symbol id="sm-ed8">
         <name>UsageFault_Handler</name>
         <value>0x7f59</value>
      </symbol>
      <symbol id="sm-ed9">
         <name>SVC_Handler</name>
         <value>0x7f59</value>
      </symbol>
      <symbol id="sm-eda">
         <name>DebugMon_Handler</name>
         <value>0x7f59</value>
      </symbol>
      <symbol id="sm-edb">
         <name>PendSV_Handler</name>
         <value>0x7f59</value>
      </symbol>
      <symbol id="sm-edc">
         <name>SysTick_Handler</name>
         <value>0x7f59</value>
      </symbol>
      <symbol id="sm-edd">
         <name>PSS_IRQHandler</name>
         <value>0x7f59</value>
      </symbol>
      <symbol id="sm-ede">
         <name>CS_IRQHandler</name>
         <value>0x7f59</value>
      </symbol>
      <symbol id="sm-edf">
         <name>PCM_IRQHandler</name>
         <value>0x7f59</value>
      </symbol>
      <symbol id="sm-ee0">
         <name>WDT_A_IRQHandler</name>
         <value>0x7f59</value>
      </symbol>
      <symbol id="sm-ee1">
         <name>FPU_IRQHandler</name>
         <value>0x7f59</value>
      </symbol>
      <symbol id="sm-ee2">
         <name>FLCTL_IRQHandler</name>
         <value>0x7f59</value>
      </symbol>
      <symbol id="sm-ee3">
         <name>COMP_E0_IRQHandler</name>
         <value>0x7f59</value>
      </symbol>
      <symbol id="sm-ee4">
         <name>COMP_E1_IRQHandler</name>
         <value>0x7f59</value>
      </symbol>
      <symbol id="sm-ee5">
         <name>TA0_0_IRQHandler</name>
         <value>0x7f59</value>
      </symbol>
      <symbol id="sm-ee6">
         <name>TA0_N_IRQHandler</name>
         <value>0x7f59</value>
      </symbol>
      <symbol id="sm-ee7">
         <name>TA1_0_IRQHandler</name>
         <value>0x7f59</value>
      </symbol>
      <symbol id="sm-ee8">
         <name>TA1_N_IRQHandler</name>
         <value>0x7f59</value>
      </symbol>
      <symbol id="sm-ee9">
         <name>TA2_0_IRQHandler</name>
         <value>0x7f59</value>
      </symbol>
      <symbol id="sm-eea">
         <name>TA2_N_IRQHandler</name>
         <value>0x7f59</value>
      </symbol>
      <symbol id="sm-eeb">
         <name>TA3_0_IRQHandler</name>
         <value>0x561d</value>
      </symbol>
      <symbol id="sm-eec">
         <name>TA3_N_IRQHandler</name>
         <value>0x5637</value>
      </symbol>
      <symbol id="sm-eed">
         <name>EUSCIA0_IRQHandler</name>
         <value>0x7f59</value>
      </symbol>
      <symbol id="sm-eee">
         <name>EUSCIA1_IRQHandler</name>
         <value>0x7f59</value>
      </symbol>
      <symbol id="sm-eef">
         <name>EUSCIA2_IRQHandler</name>
         <value>0x7f59</value>
      </symbol>
      <symbol id="sm-ef0">
         <name>EUSCIA3_IRQHandler</name>
         <value>0x7f59</value>
      </symbol>
      <symbol id="sm-ef1">
         <name>EUSCIB0_IRQHandler</name>
         <value>0x7f59</value>
      </symbol>
      <symbol id="sm-ef2">
         <name>EUSCIB1_IRQHandler</name>
         <value>0x7f59</value>
      </symbol>
      <symbol id="sm-ef3">
         <name>EUSCIB2_IRQHandler</name>
         <value>0x7f59</value>
      </symbol>
      <symbol id="sm-ef4">
         <name>EUSCIB3_IRQHandler</name>
         <value>0x7f59</value>
      </symbol>
      <symbol id="sm-ef5">
         <name>ADC14_IRQHandler</name>
         <value>0x7f59</value>
      </symbol>
      <symbol id="sm-ef6">
         <name>T32_INT1_IRQHandler</name>
         <value>0x7f59</value>
      </symbol>
      <symbol id="sm-ef7">
         <name>T32_INT2_IRQHandler</name>
         <value>0x7f59</value>
      </symbol>
      <symbol id="sm-ef8">
         <name>T32_INTC_IRQHandler</name>
         <value>0x7f59</value>
      </symbol>
      <symbol id="sm-ef9">
         <name>AES256_IRQHandler</name>
         <value>0x7f59</value>
      </symbol>
      <symbol id="sm-efa">
         <name>RTC_C_IRQHandler</name>
         <value>0x7f59</value>
      </symbol>
      <symbol id="sm-efb">
         <name>DMA_ERR_IRQHandler</name>
         <value>0x7f59</value>
      </symbol>
      <symbol id="sm-efc">
         <name>DMA_INT3_IRQHandler</name>
         <value>0x7f59</value>
      </symbol>
      <symbol id="sm-efd">
         <name>DMA_INT2_IRQHandler</name>
         <value>0x7f59</value>
      </symbol>
      <symbol id="sm-efe">
         <name>DMA_INT1_IRQHandler</name>
         <value>0x7f59</value>
      </symbol>
      <symbol id="sm-eff">
         <name>DMA_INT0_IRQHandler</name>
         <value>0x7f59</value>
      </symbol>
      <symbol id="sm-f00">
         <name>PORT1_IRQHandler</name>
         <value>0x7f59</value>
      </symbol>
      <symbol id="sm-f01">
         <name>PORT2_IRQHandler</name>
         <value>0x7f59</value>
      </symbol>
      <symbol id="sm-f02">
         <name>PORT3_IRQHandler</name>
         <value>0x7f59</value>
      </symbol>
      <symbol id="sm-f03">
         <name>PORT4_IRQHandler</name>
         <value>0x7f59</value>
      </symbol>
      <symbol id="sm-f04">
         <name>PORT5_IRQHandler</name>
         <value>0x7f59</value>
      </symbol>
      <symbol id="sm-f05">
         <name>PORT6_IRQHandler</name>
         <value>0x41dd</value>
      </symbol>
      <symbol id="sm-f06">
         <name>remove</name>
         <value>0x7d7d</value>
      </symbol>
   </symbol_table>
   <title>Link successful</title>
</link_info>
