******************************************************************************
                  TI ARM Linker PC v20.2.7                     
******************************************************************************
>> Linked Sun Apr 23 14:31:08 2023

OUTPUT FILE NAME:   <_PID_Motor_Control.out>
ENTRY POINT SYMBOL: "_c_int00_noargs"  address: 00004409


MEMORY CONFIGURATION

         name            origin    length      used     unused   attr    fill
----------------------  --------  ---------  --------  --------  ----  --------
  MAIN                  00000000   00040000  0000486d  0003b793  R  X
  INFO                  00200000   00004000  00000000  00004000  R  X
  SRAM_CODE             01000000   00010000  00000a7e  0000f582  RW X
  SRAM_DATA             20000000   00010000  00000a7e  0000f582  RW  


SEGMENT ALLOCATION MAP

run origin  load origin   length   init length attrs members
----------  ----------- ---------- ----------- ----- -------
00000000    00000000    00004870   00004870    r-x
  00000000    00000000    000000e4   000000e4    r-- .intvecs
  000000e4    000000e4    000045e8   000045e8    r-x .text
  000046cc    000046cc    00000101   00000101    r-- .const
  000047d0    000047d0    000000a0   000000a0    r-- .cinit
20000000    20000000    0000087e   00000000    rw-
  20000000    20000000    00000400   00000000    rw- .sysmem
  20000400    20000400    00000244   00000000    rw- .data
  20000644    20000644    0000023a   00000000    rw- .bss
2000fe00    2000fe00    00000200   00000000    rw-
  2000fe00    2000fe00    00000200   00000000    rw- .stack


SECTION ALLOCATION MAP

 output                                  attributes/
section   page    origin      length       input sections
--------  ----  ----------  ----------   ----------------
.intvecs   0    00000000    000000e4     
                  00000000    000000e4     startup_msp432p401r_ccs.obj (.intvecs:retain)

.text      0    000000e4    000045e8     
                  000000e4    00000a4e     rtsv7M4_T_le_v4SPD16_eabi.lib : _printfi.c.obj (.text:__TI_printfi)
                  00000b32    00000002                                   : _lock.c.obj (.text:_nop)
                  00000b34    000006c8     UART0.obj (.text)
                  000011fc    000003f0     PWM.obj (.text)
                  000015ec    00000334     system_msp432p401r.obj (.text)
                  00001920    00000278     PID_Motor.obj (.text)
                  00001b98    00000270     rtsv7M4_T_le_v4SPD16_eabi.lib : _printfi.c.obj (.text:_pconv_a)
                  00001e08    000001e0     Clock.obj (.text)
                  00001fe8    000001d4     TA3InputCapture.obj (.text)
                  000021bc    000001d0     rtsv7M4_T_le_v4SPD16_eabi.lib : _printfi.c.obj (.text:_pconv_g)
                  0000238c    000001b6                                   : fd_add_t2.asm.obj (.text)
                  00002542    00000002                                   : div0.asm.obj (.text)
                  00002544    0000018c     Motor.obj (.text)
                  000026d0    0000013c     Tachometer.obj (.text)
                  0000280c    0000013c     rtsv7M4_T_le_v4SPD16_eabi.lib : _printfi.c.obj (.text:_pconv_e)
                  00002948    00000136                                   : fd_div_t2.asm.obj (.text)
                  00002a7e    00000002     --HOLE-- [fill = 0]
                  00002a80    00000124                                   : _printfi.c.obj (.text:fcvt)
                  00002ba4    00000114                                   : fputs.c.obj (.text:fputs)
                  00002cb8    00000110                                   : fopen.c.obj (.text:_openfile)
                  00002dc8    00000110                                   : s_scalbn.c.obj (.text:scalbn)
                  00002ed8    00000100                                   : memory.c.obj (.text:aligned_alloc)
                  00002fd8    000000fc                                   : fd_mul_t2.asm.obj (.text)
                  000030d4    000000e4                                   : memory.c.obj (.text:free)
                  000031b8    000000dc                                   : setvbuf.c.obj (.text:setvbuf)
                  00003294    000000bc                                   : open.c.obj (.text:open)
                  00003350    000000b8                                   : add_device.c.obj (.text:add_device)
                  00003408    000000b1                                   : _printfi.c.obj (.text:_ltostr)
                  000034b9    00000003     --HOLE-- [fill = 0]
                  000034bc    000000a8     TimerA1.obj (.text)
                  00003564    0000009c     rtsv7M4_T_le_v4SPD16_eabi.lib : fopen.c.obj (.text:fopen)
                  00003600    0000009c                                   : memcpy_t2.asm.obj (.text)
                  0000369c    00000096                                   : ull_div_t2.asm.obj (.text)
                  00003732    00000002     --HOLE-- [fill = 0]
                  00003734    0000008c                                   : fputc.c.obj (.text:fputc)
                  000037c0    00000086                                   : fd_cmp_t2.asm.obj (.text:__aeabi_cdcmple)
                  00003846    00000086                                   : fd_cmp_t2.asm.obj (.text:__aeabi_cdrcmple)
                  000038cc    00000084     Bump.obj (.text)
                  00003950    0000007a     rtsv7M4_T_le_v4SPD16_eabi.lib : memset_t2.asm.obj (.text)
                  000039ca    00000002     --HOLE-- [fill = 0]
                  000039cc    00000074                                   : fclose.c.obj (.text:__TI_closefile)
                  00003a40    00000070                                   : memory.c.obj (.text:split)
                  00003ab0    0000006e                                   : _printfi.c.obj (.text:_mcpy)
                  00003b1e    00000002     --HOLE-- [fill = 0]
                  00003b20    0000006c                                   : hostrename.c.obj (.text:HOSTrename)
                  00003b8c    00000068                                   : hostlseek.c.obj (.text:HOSTlseek)
                  00003bf4    00000068                                   : copy_decompress_lzss.c.obj (.text:decompress:lzss:__TI_decompress_lzss)
                  00003c5c    00000068                                   : printf.c.obj (.text:printf)
                  00003cc4    00000064                                   : s_frexp.c.obj (.text:frexp)
                  00003d28    00000064                                   : fseek.c.obj (.text:fseek)
                  00003d8c    00000062                                   : _io_perm.c.obj (.text:__TI_wrt_ok)
                  00003dee    00000002     --HOLE-- [fill = 0]
                  00003df0    00000060                                   : hostopen.c.obj (.text:HOSTopen)
                  00003e50    00000060     main.obj (.text)
                  00003eb0    0000005c     rtsv7M4_T_le_v4SPD16_eabi.lib : close.c.obj (.text:close)
                  00003f0c    00000058                                   : hostread.c.obj (.text:HOSTread)
                  00003f64    00000058                                   : hostwrite.c.obj (.text:HOSTwrite)
                  00003fbc    00000056                                   : _printfi.c.obj (.text:_pconv_f)
                  00004012    00000054                                   : _ltoa.c.obj (.text:__TI_ltoa)
                  00004066    00000052                                   : _printfi.c.obj (.text:_ecpy)
                  000040b8    0000004c                                   : fflush.c.obj (.text:__TI_doflush)
                  00004104    0000004c                                   : atoi.c.obj (.text:atoi)
                  00004150    00000048                                   : exit.c.obj (.text:exit)
                  00004198    00000048                                   : fd_toi_t2.asm.obj (.text)
                  000041e0    00000044                                   : hostclose.c.obj (.text:HOSTclose)
                  00004224    00000044                                   : hostunlink.c.obj (.text:HOSTunlink)
                  00004268    00000044                                   : autoinit.c.obj (.text:__TI_auto_init_nobinit_nopinit:__TI_auto_init_nobinit_nopinit)
                  000042ac    00000044                                   : getdevice.c.obj (.text:getdevice)
                  000042f0    0000003e                                   : _printfi.c.obj (.text:_fcpy)
                  0000432e    00000002     --HOLE-- [fill = 0]
                  00004330    00000038                                   : trgmsg.c.obj (.text:__TI_writemsg)
                  00004368    00000036                                   : strncpy.c.obj (.text:strncpy)
                  0000439e    00000002     --HOLE-- [fill = 0]
                  000043a0    00000034                                   : fopen.c.obj (.text:__TI_cleanup)
                  000043d4    00000034                                   : trgmsg.c.obj (.text:__TI_readmsg)
                  00004408    00000034                                   : boot_cortex_m.c.obj (.text:_c_int00_noargs:_c_int00_noargs)
                  0000443c    00000034                                   : fopen.c.obj (.text:freopen)
                  00004470    00000030                                   : getdevice.c.obj (.text:finddevice)
                  000044a0    0000002e                                   : i_tofd_t2.asm.obj (.text)
                  000044ce    00000002     --HOLE-- [fill = 0]
                  000044d0    0000002c                                   : unlink.c.obj (.text:unlink)
                  000044fc    00000028                                   : memory.c.obj (.text:free_list_insert)
                  00004524    00000028                                   : lseek.c.obj (.text:lseek)
                  0000454c    00000028                                   : write.c.obj (.text:write)
                  00004574    00000024     CortexM.obj (.text)
                  00004598    00000020     rtsv7M4_T_le_v4SPD16_eabi.lib : memchr.c.obj (.text:memchr)
                  000045b8    0000001c                                   : copy_zero_init.c.obj (.text:decompress:ZI:__TI_zero_init_nomemset:__TI_zero_init_nomemset)
                  000045d4    0000001c                                   : memory.c.obj (.text:free_list_remove)
                  000045f0    0000001c                                   : memccpy.c.obj (.text:memccpy)
                  0000460c    0000001a                                   : s_copysign.c.obj (.text:copysign)
                  00004626    00000018                                   : strcmp.c.obj (.text:strcmp)
                  0000463e    00000016                                   : strchr.c.obj (.text:strchr)
                  00004654    00000014                                   : strcpy.c.obj (.text:strcpy)
                  00004668    00000014                                   : strlen.c.obj (.text:strlen)
                  0000467c    00000012                                   : wcslen.c.obj (.text:wcslen)
                  0000468e    0000000e                                   : copy_decompress_none.c.obj (.text:decompress:none:__TI_decompress_none)
                  0000469c    0000000e     startup_msp432p401r_ccs.obj (.text)
                  000046aa    00000002     --HOLE-- [fill = 0]
                  000046ac    00000008     rtsv7M4_T_le_v4SPD16_eabi.lib : errno.c.obj (.text:__aeabi_errno_addr)
                  000046b4    00000008                                   : memory.c.obj (.text:malloc)
                  000046bc    00000004                                   : printf.c.obj (.text:_outc)
                  000046c0    00000004                                   : printf.c.obj (.text:_outs)
                  000046c4    00000004                                   : pre_init.c.obj (.text:_system_pre_init)
                  000046c8    00000004                                   : exit.c.obj (.text:abort:abort)

.const     0    000046cc    00000101     
                  000046cc    00000101     rtsv7M4_T_le_v4SPD16_eabi.lib : ctype.c.obj (.const:.string:_ctypes_)

.cinit     0    000047d0    000000a0     
                  000047d0    00000079     (.cinit..data.load) [load image, compression = lzss]
                  00004849    00000003     --HOLE-- [fill = 0]
                  0000484c    0000000c     (__TI_handler_table)
                  00004858    00000008     (.cinit..bss.load) [load image, compression = zero_init]
                  00004860    00000010     (__TI_cinit_table)

.init_array 
*          0    00000000    00000000     UNINITIALIZED

.binit     0    00000000    00000000     

.sysmem    0    20000000    00000400     UNINITIALIZED
                  20000000    00000010     rtsv7M4_T_le_v4SPD16_eabi.lib : memory.c.obj (.sysmem)
                  20000010    000003f0     --HOLE--

.data      0    20000400    00000244     UNINITIALIZED
                  20000400    000000f0     rtsv7M4_T_le_v4SPD16_eabi.lib : defs.c.obj (.data:_ftable)
                  200004f0    00000078                                   : host_device.c.obj (.data:_device)
                  20000568    00000050                                   : host_device.c.obj (.data:_stream)
                  200005b8    00000019     PID_Motor.obj (.data)
                  200005d1    00000003     --HOLE--
                  200005d4    00000018     Clock.obj (.data)
                  200005ec    00000010     rtsv7M4_T_le_v4SPD16_eabi.lib : defs.c.obj (.data)
                  200005fc    0000000c                                   : exit.c.obj (.data:$O1$$)
                  20000608    0000000c     TA3InputCapture.obj (.data)
                  20000614    0000000a     Tachometer.obj (.data)
                  2000061e    00000002     --HOLE--
                  20000620    00000008     rtsv7M4_T_le_v4SPD16_eabi.lib : _lock.c.obj (.data:$O1$$)
                  20000628    00000008                                   : memory.c.obj (.data:$O1$$)
                  20000630    00000004                                   : add_device.c.obj (.data)
                  20000634    00000004                                   : errno.c.obj (.data)
                  20000638    00000004                                   : fopen.c.obj (.data)
                  2000063c    00000004                                   : open.c.obj (.data)
                  20000640    00000004     system_msp432p401r.obj (.data)

.bss       0    20000644    0000023a     UNINITIALIZED
                  20000644    00000120     rtsv7M4_T_le_v4SPD16_eabi.lib : trgmsg.c.obj (.bss:_CIOBUF_)
                  20000764    000000a0     (.common:__TI_tmpnams)
                  20000804    00000014     (.common:LeftTach)
                  20000818    00000014     (.common:RightTach)
                  2000082c    00000008     (.common:Messageb)
                  20000834    00000008     (.common:parmbuf)
                  2000083c    00000004     (.common:Error_L)
                  20000840    00000004     (.common:Error_R)
                  20000844    00000004     (.common:Kd)
                  20000848    00000004     (.common:Ki)
                  2000084c    00000004     (.common:Kp)
                  20000850    00000004     (.common:LeftSteps)
                  20000854    00000004     (.common:Messageindexb)
                  20000858    00000004     (.common:RightSteps)
                  2000085c    00000004     (.common:TimerA1Task)
                  20000860    00000004     (.common:UL)
                  20000864    00000004     (.common:UR)
                  20000868    00000004     (.common:t)
                  2000086c    00000002     (.common:ActualL)
                  2000086e    00000002     (.common:ActualR)
                  20000870    00000002     (.common:DesiredL)
                  20000872    00000002     (.common:DesiredR)
                  20000874    00000002     (.common:Tachometer_FirstLeftTime)
                  20000876    00000002     (.common:Tachometer_FirstRightTime)
                  20000878    00000002     (.common:Tachometer_SecondLeftTime)
                  2000087a    00000002     (.common:Tachometer_SecondRightTime)
                  2000087c    00000001     (.common:LeftDir)
                  2000087d    00000001     (.common:RightDir)

.stack     0    2000fe00    00000200     UNINITIALIZED
                  2000fe00    00000004     rtsv7M4_T_le_v4SPD16_eabi.lib : boot_cortex_m.c.obj (.stack)
                  2000fe04    000001fc     --HOLE--

__llvm_prf_cnts 
*          0    20000000    00000000     UNINITIALIZED

MODULE SUMMARY

       Module                        code    ro data   rw data
       ------                        ----    -------   -------
    .\
       UART0.obj                     1736    0         24     
       PWM.obj                       1008    0         0      
       PID_Motor.obj                 632     0         230    
       system_msp432p401r.obj        820     0         8      
       Clock.obj                     480     0         48     
       TA3InputCapture.obj           468     0         24     
       Motor.obj                     396     0         0      
       Tachometer.obj                316     0         36     
       startup_msp432p401r_ccs.obj   14      228       0      
       TimerA1.obj                   168     0         8      
       Bump.obj                      132     0         0      
       main.obj                      96      0         0      
       CortexM.obj                   36      0         0      
    +--+-----------------------------+-------+---------+---------+
       Total:                        6302    228       378    
                                                              
    C:\ti\ccs1210\ccs\tools\compiler\ti-cgt-arm_20.2.7.LTS\lib\rtsv7M4_T_le_v4SPD16_eabi.lib
       _printfi.c.obj                4851    0         0      
       defs.c.obj                    0       0         832    
       memory.c.obj                  672     0         16     
       trgmsg.c.obj                  108     0         576    
       fopen.c.obj                   532     0         8      
       fd_add_t2.asm.obj             438     0         0      
       host_device.c.obj             0       0         400    
       fd_div_t2.asm.obj             310     0         0      
       fputs.c.obj                   276     0         0      
       s_scalbn.c.obj                272     0         0      
       fd_cmp_t2.asm.obj             268     0         0      
       ctype.c.obj                   0       257       0      
       fd_mul_t2.asm.obj             252     0         0      
       setvbuf.c.obj                 220     0         0      
       open.c.obj                    188     0         8      
       add_device.c.obj              184     0         8      
       memcpy_t2.asm.obj             156     0         0      
       ull_div_t2.asm.obj            150     0         0      
       fputc.c.obj                   140     0         0      
       memset_t2.asm.obj             122     0         0      
       fclose.c.obj                  116     0         0      
       getdevice.c.obj               116     0         0      
       hostopen.c.obj                96      0         16     
       printf.c.obj                  112     0         0      
       hostrename.c.obj              108     0         0      
       copy_decompress_lzss.c.obj    104     0         0      
       hostlseek.c.obj               104     0         0      
       exit.c.obj                    76      0         24     
       fseek.c.obj                   100     0         0      
       s_frexp.c.obj                 100     0         0      
       _io_perm.c.obj                98      0         0      
       close.c.obj                   92      0         0      
       hostread.c.obj                88      0         0      
       hostwrite.c.obj               88      0         0      
       _ltoa.c.obj                   84      0         0      
       atoi.c.obj                    76      0         0      
       fflush.c.obj                  76      0         0      
       fd_toi_t2.asm.obj             72      0         0      
       autoinit.c.obj                68      0         0      
       hostclose.c.obj               68      0         0      
       hostunlink.c.obj              68      0         0      
       strncpy.c.obj                 54      0         0      
       boot_cortex_m.c.obj           52      0         0      
       i_tofd_t2.asm.obj             46      0         0      
       unlink.c.obj                  44      0         0      
       lseek.c.obj                   40      0         0      
       write.c.obj                   40      0         0      
       memchr.c.obj                  32      0         0      
       copy_zero_init.c.obj          28      0         0      
       memccpy.c.obj                 28      0         0      
       s_copysign.c.obj              26      0         0      
       strcmp.c.obj                  24      0         0      
       strchr.c.obj                  22      0         0      
       strcpy.c.obj                  20      0         0      
       strlen.c.obj                  20      0         0      
       _lock.c.obj                   2       0         16     
       wcslen.c.obj                  18      0         0      
       errno.c.obj                   8       0         8      
       copy_decompress_none.c.obj    14      0         0      
       pre_init.c.obj                4       0         0      
       div0.asm.obj                  2       0         0      
    +--+-----------------------------+-------+---------+---------+
       Total:                        11573   257       1912   
                                                              
       Heap:                         0       0         2048   
       Stack:                        0       0         1024   
       Linker Generated:             0       157       0      
    +--+-----------------------------+-------+---------+---------+
       Grand Total:                  17875   642       5362   


LINKER GENERATED COPY TABLES

__TI_cinit_table @ 00004860 records: 2, size/record: 8, table size: 16
	.data: load addr=000047d0, load size=00000079 bytes, run addr=20000400, run size=00000244 bytes, compression=lzss
	.bss: load addr=00004858, load size=00000008 bytes, run addr=20000644, run size=0000023a bytes, compression=zero_init


LINKER GENERATED HANDLER TABLE

__TI_handler_table @ 0000484c records: 3, size/record: 4, table size: 12
	index: 0, handler: __TI_decompress_lzss
	index: 1, handler: __TI_decompress_none
	index: 2, handler: __TI_zero_init


GLOBAL SYMBOLS: SORTED ALPHABETICALLY BY Name 

address   name                           
-------   ----                           
000046a9  ADC14_IRQHandler               
000046a9  AES256_IRQHandler              
2000086c  ActualL                        
2000086e  ActualR                        
000038cd  Bump_Init                      
0000391f  Bump_Read                      
000046a9  BusFault_Handler               
000046c9  C$$EXIT                        
0000435f  C$$IO$$                        
000046a9  COMP_E0_IRQHandler             
000046a9  COMP_E1_IRQHandler             
200005dc  CPMwait                        
000046a9  CS_IRQHandler                  
20000608  CaptureTask0                   
2000060c  CaptureTask1                   
20000610  CaptureTask2                   
200005d4  ClockFrequency                 
00001f5d  Clock_Delay1ms                 
00001f33  Clock_Delay1us                 
00001f1f  Clock_GetFreq                  
00001e09  Clock_Init48MHz                
200005e8  Crystalstable                  
000046a9  DMA_ERR_IRQHandler             
000046a9  DMA_INT0_IRQHandler            
000046a9  DMA_INT1_IRQHandler            
000046a9  DMA_INT2_IRQHandler            
000046a9  DMA_INT3_IRQHandler            
000046a9  DebugMon_Handler               
000046a9  Default_Handler                
20000870  DesiredL                       
20000872  DesiredR                       
00004575  DisableInterrupts              
000046a9  EUSCIA0_IRQHandler             
000046a9  EUSCIA1_IRQHandler             
000046a9  EUSCIA2_IRQHandler             
000046a9  EUSCIA3_IRQHandler             
000046a9  EUSCIB0_IRQHandler             
000046a9  EUSCIB1_IRQHandler             
000046a9  EUSCIB2_IRQHandler             
000046a9  EUSCIB3_IRQHandler             
0000457b  EnableInterrupts               
0000458b  EndCritical                    
2000083c  Error_L                        
200005c8  Error_L_chng                   
200005c0  Error_L_prev                   
200005b8  Error_L_sum                    
20000840  Error_R                        
200005cc  Error_R_chng                   
200005c4  Error_R_prev                   
200005bc  Error_R_sum                    
000046a9  FLCTL_IRQHandler               
000046a9  FPU_IRQHandler                 
000041e1  HOSTclose                      
00003b8d  HOSTlseek                      
00003df1  HOSTopen                       
00003f0d  HOSTread                       
00003b21  HOSTrename                     
00004225  HOSTunlink                     
00003f65  HOSTwrite                      
000046a9  HardFault_Handler              
200005e4  IFlags                         
20000844  Kd                             
20000848  Ki                             
2000084c  Kp                             
2000087c  LeftDir                        
20000850  LeftSteps                      
20000804  LeftTach                       
000046a9  MemManage_Handler              
2000082c  Messageb                       
20000854  Messageindexb                  
0000267f  Motor_Backward                 
000025f3  Motor_Forward                  
00002545  Motor_Init                     
00002651  Motor_Left                     
00002623  Motor_Right                    
000025d9  Motor_Stop                     
000046a9  NMI_Handler                    
000046a9  PCM_IRQHandler                 
000019bf  PID_Motor_Forward              
00001963  PID_Motor_Init                 
00001b0b  PID_Motor_Stop                 
00001983  PID_Motor_Target               
000046a9  PORT1_IRQHandler               
000046a9  PORT2_IRQHandler               
000046a9  PORT3_IRQHandler               
000046a9  PORT4_IRQHandler               
000046a9  PORT5_IRQHandler               
000046a9  PORT6_IRQHandler               
000046a9  PSS_IRQHandler                 
0000137b  PWM_Duty1                      
0000139b  PWM_Duty2                      
00001353  PWM_Duty3                      
00001367  PWM_Duty4                      
000011fd  PWM_Init1                      
00001263  PWM_Init12                     
000012e7  PWM_Init34                     
000014e3  PWM_RobotArmDuty0              
00001509  PWM_RobotArmDuty1              
0000152f  PWM_RobotArmDuty2              
00001503  PWM_RobotArmGetDuty0           
00001529  PWM_RobotArmGetDuty1           
0000154f  PWM_RobotArmGetDuty2           
000013bb  PWM_RobotArmInit               
000046a9  PendSV_Handler                 
200005e0  Postwait                       
200005d8  Prewait                        
000046a9  RTC_C_IRQHandler               
0000469d  Reset_Handler                  
2000087d  RightDir                       
20000858  RightSteps                     
20000818  RightTach                      
000046a9  SVC_Handler                    
00004581  StartCritical                  
000046a9  SysTick_Handler                
20000640  SystemCoreClock                
000015ed  SystemCoreClockUpdate          
00001865  SystemInit                     
000046a9  T32_INT1_IRQHandler            
000046a9  T32_INT2_IRQHandler            
000046a9  T32_INTC_IRQHandler            
000046a9  TA0_0_IRQHandler               
000046a9  TA0_N_IRQHandler               
0000352f  TA1_0_IRQHandler               
0000352f  TA1_0_IRQHandler               
000046a9  TA1_N_IRQHandler               
000046a9  TA2_0_IRQHandler               
000046a9  TA2_N_IRQHandler               
00002075  TA3_0_IRQHandler               
00002075  TA3_0_IRQHandler               
0000208f  TA3_N_IRQHandler               
0000208f  TA3_N_IRQHandler               
20000874  Tachometer_FirstLeftTime       
20000876  Tachometer_FirstRightTime      
00002787  Tachometer_Get                 
0000275d  Tachometer_Init                
2000061d  Tachometer_LeftDir             
20000618  Tachometer_LeftSteps           
2000061c  Tachometer_RightDir            
20000614  Tachometer_RightSteps          
20000878  Tachometer_SecondLeftTime      
2000087a  Tachometer_SecondRightTime     
2000085c  TimerA1Task                    
000034bd  TimerA1_Init                   
0000351b  TimerA1_Stop                   
00001ff5  TimerA3Capture_Init01          
000020cf  TimerA3Capture_Init02          
00000b7d  UART0_InChar                   
00001011  UART0_InString                 
00000bc7  UART0_InUDec                   
00000ec5  UART0_InUHex                   
00000b35  UART0_Init                     
00001171  UART0_Initprintf               
00000b8d  UART0_OutChar                  
00000c7b  UART0_OutSDec                  
00000ba9  UART0_OutString                
00000c4b  UART0_OutUDec                  
00000dc1  UART0_OutUDec4                 
00000e19  UART0_OutUDec5                 
00000e51  UART0_OutUFix1                 
00000e79  UART0_OutUFix2                 
00000f89  UART0_OutUHex                  
00000ff5  UART0_OutUHex2                 
20000860  UL                             
20000864  UR                             
000046a9  UsageFault_Handler             
4000480c  WDTCTL_SYM                     
000046a9  WDT_A_IRQHandler               
00004593  WaitForInterrupt               
20000644  __CIOBUF_                      
20010000  __STACK_END                    
00000200  __STACK_SIZE                   
00000400  __SYSMEM_SIZE                  
00004860  __TI_CINIT_Base                
00004870  __TI_CINIT_Limit               
0000484c  __TI_Handler_Table_Base        
00004858  __TI_Handler_Table_Limit       
00004269  __TI_auto_init_nobinit_nopinit 
000043a1  __TI_cleanup                   
200005fc  __TI_cleanup_ptr               
000039cd  __TI_closefile                 
00003bf5  __TI_decompress_lzss           
0000468f  __TI_decompress_none           
000040b9  __TI_doflush                   
20000600  __TI_dtors_ptr                 
20000604  __TI_enable_exit_profile_output
200005ec  __TI_ft_end                    
00004013  __TI_ltoa                      
ffffffff  __TI_pprof_out_hndl            
000000e5  __TI_printfi                   
ffffffff  __TI_prof_data_size            
ffffffff  __TI_prof_data_start           
000043d5  __TI_readmsg                   
00000000  __TI_static_base__             
20000764  __TI_tmpnams                   
00004331  __TI_writemsg                  
00003d8d  __TI_wrt_ok                    
000045b9  __TI_zero_init_nomemset        
000037c1  __aeabi_cdcmpeq                
000037c1  __aeabi_cdcmple                
00003847  __aeabi_cdrcmple               
00004199  __aeabi_d2iz                   
00002397  __aeabi_dadd                   
00002949  __aeabi_ddiv                   
00002fd9  __aeabi_dmul                   
0000238d  __aeabi_dsub                   
000046ad  __aeabi_errno_addr             
000044a1  __aeabi_i2d                    
00002543  __aeabi_idiv0                  
00002543  __aeabi_ldiv0                  
00003951  __aeabi_memclr                 
00003951  __aeabi_memclr4                
00003951  __aeabi_memclr8                
00003601  __aeabi_memcpy                 
00003601  __aeabi_memcpy4                
00003601  __aeabi_memcpy8                
00003953  __aeabi_memset                 
00003953  __aeabi_memset4                
00003953  __aeabi_memset8                
200005f8  __aeabi_stderr                 
200005f0  __aeabi_stdin                  
200005f4  __aeabi_stdout                 
0000369d  __aeabi_uldivmod               
ffffffff  __binit__                      
ffffffff  __c_args__                     
UNDEFED   __mpu_init                     
2000fe00  __stack                        
20000000  __start___llvm_prf_cnts        
20000000  __stop___llvm_prf_cnts         
00004409  _c_int00_noargs                
000046cc  _ctypes_                       
200004f0  _device                        
20000400  _ftable                        
20000620  _lock                          
00000b33  _nop                           
20000568  _stream                        
20000000  _sys_memory                    
UNDEFED   _system_post_cinit             
000046c5  _system_pre_init               
20000624  _unlock                        
000046c9  abort                          
00003351  add_device                     
00002ed9  aligned_alloc                  
00004105  atoi                           
00001921  avg                            
ffffffff  binit                          
00003eb1  close                          
0000460d  copysign                       
0000460d  copysignl                      
00001f25  delay                          
20000634  errno                          
00004151  exit                           
000010ab  ferror                         
0000108b  fgetc                          
00004471  finddevice                     
00003565  fopen                          
00003735  fputc                          
00002ba5  fputs                          
000030d5  free                           
0000443d  freopen                        
00003cc5  frexp                          
00003cc5  frexpl                         
00003d29  fseek                          
000042ad  getdevice                      
200005d0  i                              
00000000  interruptVectors               
00002dc9  ldexp                          
00002dc9  ldexpl                         
00004525  lseek                          
00003e51  main                           
000046b5  malloc                         
00002ed9  memalign                       
000045f1  memccpy                        
00004599  memchr                         
00003601  memcpy                         
00003959  memset                         
00003295  open                           
00000fcd  outnibble                      
20000834  parmbuf                        
00003c5d  printf                         
00003735  putc                           
000044d1  remove                         
00002dc9  scalbn                         
00002dc9  scalbnl                        
000031b9  setvbuf                        
0000463f  strchr                         
00004627  strcmp                         
00004655  strcpy                         
00004669  strlen                         
00004369  strncpy                        
20000868  t                              
00001fe9  ta3dummy                       
00002717  tachometerLeftInt              
000026d1  tachometerRightInt             
000010c9  uart_close                     
00001147  uart_lseek                     
000010b9  uart_open                      
000010db  uart_read                      
00001163  uart_rename                    
00001157  uart_unlink                    
00001105  uart_write                     
000044d1  unlink                         
0000467d  wcslen                         
0000454d  write                          


GLOBAL SYMBOLS: SORTED BY Symbol Address 

address   name                           
-------   ----                           
00000000  __TI_static_base__             
00000000  interruptVectors               
000000e5  __TI_printfi                   
00000200  __STACK_SIZE                   
00000400  __SYSMEM_SIZE                  
00000b33  _nop                           
00000b35  UART0_Init                     
00000b7d  UART0_InChar                   
00000b8d  UART0_OutChar                  
00000ba9  UART0_OutString                
00000bc7  UART0_InUDec                   
00000c4b  UART0_OutUDec                  
00000c7b  UART0_OutSDec                  
00000dc1  UART0_OutUDec4                 
00000e19  UART0_OutUDec5                 
00000e51  UART0_OutUFix1                 
00000e79  UART0_OutUFix2                 
00000ec5  UART0_InUHex                   
00000f89  UART0_OutUHex                  
00000fcd  outnibble                      
00000ff5  UART0_OutUHex2                 
00001011  UART0_InString                 
0000108b  fgetc                          
000010ab  ferror                         
000010b9  uart_open                      
000010c9  uart_close                     
000010db  uart_read                      
00001105  uart_write                     
00001147  uart_lseek                     
00001157  uart_unlink                    
00001163  uart_rename                    
00001171  UART0_Initprintf               
000011fd  PWM_Init1                      
00001263  PWM_Init12                     
000012e7  PWM_Init34                     
00001353  PWM_Duty3                      
00001367  PWM_Duty4                      
0000137b  PWM_Duty1                      
0000139b  PWM_Duty2                      
000013bb  PWM_RobotArmInit               
000014e3  PWM_RobotArmDuty0              
00001503  PWM_RobotArmGetDuty0           
00001509  PWM_RobotArmDuty1              
00001529  PWM_RobotArmGetDuty1           
0000152f  PWM_RobotArmDuty2              
0000154f  PWM_RobotArmGetDuty2           
000015ed  SystemCoreClockUpdate          
00001865  SystemInit                     
00001921  avg                            
00001963  PID_Motor_Init                 
00001983  PID_Motor_Target               
000019bf  PID_Motor_Forward              
00001b0b  PID_Motor_Stop                 
00001e09  Clock_Init48MHz                
00001f1f  Clock_GetFreq                  
00001f25  delay                          
00001f33  Clock_Delay1us                 
00001f5d  Clock_Delay1ms                 
00001fe9  ta3dummy                       
00001ff5  TimerA3Capture_Init01          
00002075  TA3_0_IRQHandler               
00002075  TA3_0_IRQHandler               
0000208f  TA3_N_IRQHandler               
0000208f  TA3_N_IRQHandler               
000020cf  TimerA3Capture_Init02          
0000238d  __aeabi_dsub                   
00002397  __aeabi_dadd                   
00002543  __aeabi_idiv0                  
00002543  __aeabi_ldiv0                  
00002545  Motor_Init                     
000025d9  Motor_Stop                     
000025f3  Motor_Forward                  
00002623  Motor_Right                    
00002651  Motor_Left                     
0000267f  Motor_Backward                 
000026d1  tachometerRightInt             
00002717  tachometerLeftInt              
0000275d  Tachometer_Init                
00002787  Tachometer_Get                 
00002949  __aeabi_ddiv                   
00002ba5  fputs                          
00002dc9  ldexp                          
00002dc9  ldexpl                         
00002dc9  scalbn                         
00002dc9  scalbnl                        
00002ed9  aligned_alloc                  
00002ed9  memalign                       
00002fd9  __aeabi_dmul                   
000030d5  free                           
000031b9  setvbuf                        
00003295  open                           
00003351  add_device                     
000034bd  TimerA1_Init                   
0000351b  TimerA1_Stop                   
0000352f  TA1_0_IRQHandler               
0000352f  TA1_0_IRQHandler               
00003565  fopen                          
00003601  __aeabi_memcpy                 
00003601  __aeabi_memcpy4                
00003601  __aeabi_memcpy8                
00003601  memcpy                         
0000369d  __aeabi_uldivmod               
00003735  fputc                          
00003735  putc                           
000037c1  __aeabi_cdcmpeq                
000037c1  __aeabi_cdcmple                
00003847  __aeabi_cdrcmple               
000038cd  Bump_Init                      
0000391f  Bump_Read                      
00003951  __aeabi_memclr                 
00003951  __aeabi_memclr4                
00003951  __aeabi_memclr8                
00003953  __aeabi_memset                 
00003953  __aeabi_memset4                
00003953  __aeabi_memset8                
00003959  memset                         
000039cd  __TI_closefile                 
00003b21  HOSTrename                     
00003b8d  HOSTlseek                      
00003bf5  __TI_decompress_lzss           
00003c5d  printf                         
00003cc5  frexp                          
00003cc5  frexpl                         
00003d29  fseek                          
00003d8d  __TI_wrt_ok                    
00003df1  HOSTopen                       
00003e51  main                           
00003eb1  close                          
00003f0d  HOSTread                       
00003f65  HOSTwrite                      
00004013  __TI_ltoa                      
000040b9  __TI_doflush                   
00004105  atoi                           
00004151  exit                           
00004199  __aeabi_d2iz                   
000041e1  HOSTclose                      
00004225  HOSTunlink                     
00004269  __TI_auto_init_nobinit_nopinit 
000042ad  getdevice                      
00004331  __TI_writemsg                  
0000435f  C$$IO$$                        
00004369  strncpy                        
000043a1  __TI_cleanup                   
000043d5  __TI_readmsg                   
00004409  _c_int00_noargs                
0000443d  freopen                        
00004471  finddevice                     
000044a1  __aeabi_i2d                    
000044d1  remove                         
000044d1  unlink                         
00004525  lseek                          
0000454d  write                          
00004575  DisableInterrupts              
0000457b  EnableInterrupts               
00004581  StartCritical                  
0000458b  EndCritical                    
00004593  WaitForInterrupt               
00004599  memchr                         
000045b9  __TI_zero_init_nomemset        
000045f1  memccpy                        
0000460d  copysign                       
0000460d  copysignl                      
00004627  strcmp                         
0000463f  strchr                         
00004655  strcpy                         
00004669  strlen                         
0000467d  wcslen                         
0000468f  __TI_decompress_none           
0000469d  Reset_Handler                  
000046a9  ADC14_IRQHandler               
000046a9  AES256_IRQHandler              
000046a9  BusFault_Handler               
000046a9  COMP_E0_IRQHandler             
000046a9  COMP_E1_IRQHandler             
000046a9  CS_IRQHandler                  
000046a9  DMA_ERR_IRQHandler             
000046a9  DMA_INT0_IRQHandler            
000046a9  DMA_INT1_IRQHandler            
000046a9  DMA_INT2_IRQHandler            
000046a9  DMA_INT3_IRQHandler            
000046a9  DebugMon_Handler               
000046a9  Default_Handler                
000046a9  EUSCIA0_IRQHandler             
000046a9  EUSCIA1_IRQHandler             
000046a9  EUSCIA2_IRQHandler             
000046a9  EUSCIA3_IRQHandler             
000046a9  EUSCIB0_IRQHandler             
000046a9  EUSCIB1_IRQHandler             
000046a9  EUSCIB2_IRQHandler             
000046a9  EUSCIB3_IRQHandler             
000046a9  FLCTL_IRQHandler               
000046a9  FPU_IRQHandler                 
000046a9  HardFault_Handler              
000046a9  MemManage_Handler              
000046a9  NMI_Handler                    
000046a9  PCM_IRQHandler                 
000046a9  PORT1_IRQHandler               
000046a9  PORT2_IRQHandler               
000046a9  PORT3_IRQHandler               
000046a9  PORT4_IRQHandler               
000046a9  PORT5_IRQHandler               
000046a9  PORT6_IRQHandler               
000046a9  PSS_IRQHandler                 
000046a9  PendSV_Handler                 
000046a9  RTC_C_IRQHandler               
000046a9  SVC_Handler                    
000046a9  SysTick_Handler                
000046a9  T32_INT1_IRQHandler            
000046a9  T32_INT2_IRQHandler            
000046a9  T32_INTC_IRQHandler            
000046a9  TA0_0_IRQHandler               
000046a9  TA0_N_IRQHandler               
000046a9  TA1_N_IRQHandler               
000046a9  TA2_0_IRQHandler               
000046a9  TA2_N_IRQHandler               
000046a9  UsageFault_Handler             
000046a9  WDT_A_IRQHandler               
000046ad  __aeabi_errno_addr             
000046b5  malloc                         
000046c5  _system_pre_init               
000046c9  C$$EXIT                        
000046c9  abort                          
000046cc  _ctypes_                       
0000484c  __TI_Handler_Table_Base        
00004858  __TI_Handler_Table_Limit       
00004860  __TI_CINIT_Base                
00004870  __TI_CINIT_Limit               
20000000  __start___llvm_prf_cnts        
20000000  __stop___llvm_prf_cnts         
20000000  _sys_memory                    
20000400  _ftable                        
200004f0  _device                        
20000568  _stream                        
200005b8  Error_L_sum                    
200005bc  Error_R_sum                    
200005c0  Error_L_prev                   
200005c4  Error_R_prev                   
200005c8  Error_L_chng                   
200005cc  Error_R_chng                   
200005d0  i                              
200005d4  ClockFrequency                 
200005d8  Prewait                        
200005dc  CPMwait                        
200005e0  Postwait                       
200005e4  IFlags                         
200005e8  Crystalstable                  
200005ec  __TI_ft_end                    
200005f0  __aeabi_stdin                  
200005f4  __aeabi_stdout                 
200005f8  __aeabi_stderr                 
200005fc  __TI_cleanup_ptr               
20000600  __TI_dtors_ptr                 
20000604  __TI_enable_exit_profile_output
20000608  CaptureTask0                   
2000060c  CaptureTask1                   
20000610  CaptureTask2                   
20000614  Tachometer_RightSteps          
20000618  Tachometer_LeftSteps           
2000061c  Tachometer_RightDir            
2000061d  Tachometer_LeftDir             
20000620  _lock                          
20000624  _unlock                        
20000634  errno                          
20000640  SystemCoreClock                
20000644  __CIOBUF_                      
20000764  __TI_tmpnams                   
20000804  LeftTach                       
20000818  RightTach                      
2000082c  Messageb                       
20000834  parmbuf                        
2000083c  Error_L                        
20000840  Error_R                        
20000844  Kd                             
20000848  Ki                             
2000084c  Kp                             
20000850  LeftSteps                      
20000854  Messageindexb                  
20000858  RightSteps                     
2000085c  TimerA1Task                    
20000860  UL                             
20000864  UR                             
20000868  t                              
2000086c  ActualL                        
2000086e  ActualR                        
20000870  DesiredL                       
20000872  DesiredR                       
20000874  Tachometer_FirstLeftTime       
20000876  Tachometer_FirstRightTime      
20000878  Tachometer_SecondLeftTime      
2000087a  Tachometer_SecondRightTime     
2000087c  LeftDir                        
2000087d  RightDir                       
2000fe00  __stack                        
20010000  __STACK_END                    
4000480c  WDTCTL_SYM                     
ffffffff  __TI_pprof_out_hndl            
ffffffff  __TI_prof_data_size            
ffffffff  __TI_prof_data_start           
ffffffff  __binit__                      
ffffffff  __c_args__                     
ffffffff  binit                          
UNDEFED   __mpu_init                     
UNDEFED   _system_post_cinit             

[303 symbols]
