******************************************************************************
                  TI ARM Linker PC v20.2.7                     
******************************************************************************
>> Linked Sun Apr 23 12:49:06 2023

OUTPUT FILE NAME:   <Odometry.out>
ENTRY POINT SYMBOL: "_c_int00_noargs"  address: 00006509


MEMORY CONFIGURATION

         name            origin    length      used     unused   attr    fill
----------------------  --------  ---------  --------  --------  ----  --------
  MAIN                  00000000   00040000  000097b1  0003684f  R  X
  INFO                  00200000   00004000  00000000  00004000  R  X
  SRAM_CODE             01000000   00010000  00000e90  0000f170  RW X
  SRAM_DATA             20000000   00010000  00000e90  0000f170  RW  


SEGMENT ALLOCATION MAP

run origin  load origin   length   init length attrs members
----------  ----------- ---------- ----------- ----- -------
00000000    00000000    000097b8   000097b8    r-x
  00000000    00000000    000000e4   000000e4    r-- .intvecs
  000000e4    000000e4    000066b4   000066b4    r-x .text
  00006798    00006798    00002f69   00002f69    r-- .const
  00009708    00009708    000000b0   000000b0    r-- .cinit
20000000    20000000    00000c94   00000000    rw-
  20000000    20000000    0000065c   00000000    rw- .bss
  20000660    20000660    00000400   00000000    rw- .sysmem
  20000a60    20000a60    00000234   00000000    rw- .data
2000fe00    2000fe00    00000200   00000000    rw-
  2000fe00    2000fe00    00000200   00000000    rw- .stack


SECTION ALLOCATION MAP

 output                                  attributes/
section   page    origin      length       input sections
--------  ----  ----------  ----------   ----------------
.intvecs   0    00000000    000000e4     
                  00000000    000000e4     startup_msp432p401r_ccs.obj (.intvecs:retain)

.text      0    000000e4    000066b4     
                  000000e4    00001340     SSD1306.obj (.text)
                  00001424    00000bf8     odometry.obj (.text)
                  0000201c    00000a4e     rtsv7M4_T_le_v4SPD16_eabi.lib : _printfi.c.obj (.text:__TI_printfi)
                  00002a6a    00000002                                   : _lock.c.obj (.text:_nop)
                  00002a6c    000006c8     UART0.obj (.text)
                  00003134    000003f0     PWM.obj (.text)
                  00003524    0000032c     system_msp432p401r.obj (.text)
                  00003850    00000270     rtsv7M4_T_le_v4SPD16_eabi.lib : _printfi.c.obj (.text:_pconv_a)
                  00003ac0    00000230     fixed.obj (.text)
                  00003cf0    000001e0     Clock.obj (.text)
                  00003ed0    000001d4     TA3InputCapture.obj (.text)
                  000040a4    000001d0     rtsv7M4_T_le_v4SPD16_eabi.lib : _printfi.c.obj (.text:_pconv_g)
                  00004274    000001b6                                   : fd_add_t2.asm.obj (.text)
                  0000442a    00000002                                   : div0.asm.obj (.text)
                  0000442c    0000018c     Motor.obj (.text)
                  000045b8    0000013c     Tachometer.obj (.text)
                  000046f4    0000013c     rtsv7M4_T_le_v4SPD16_eabi.lib : _printfi.c.obj (.text:_pconv_e)
                  00004830    00000136                                   : fd_div_t2.asm.obj (.text)
                  00004966    00000002     --HOLE-- [fill = 0]
                  00004968    00000128     OdometryTest-Bronco.obj (.text)
                  00004a90    00000124     rtsv7M4_T_le_v4SPD16_eabi.lib : _printfi.c.obj (.text:fcvt)
                  00004bb4    00000114                                   : fputs.c.obj (.text:fputs)
                  00004cc8    00000110                                   : fopen.c.obj (.text:_openfile)
                  00004dd8    00000110                                   : s_scalbn.c.obj (.text:scalbn)
                  00004ee8    00000100                                   : memory.c.obj (.text:aligned_alloc)
                  00004fe8    000000fc                                   : fd_mul_t2.asm.obj (.text)
                  000050e4    000000f8     LaunchPad.obj (.text)
                  000051dc    000000e4     rtsv7M4_T_le_v4SPD16_eabi.lib : memory.c.obj (.text:free)
                  000052c0    000000dc                                   : setvbuf.c.obj (.text:setvbuf)
                  0000539c    000000bc                                   : open.c.obj (.text:open)
                  00005458    000000b8                                   : add_device.c.obj (.text:add_device)
                  00005510    000000b1                                   : _printfi.c.obj (.text:_ltostr)
                  000055c1    00000003     --HOLE-- [fill = 0]
                  000055c4    000000a8     TimerA1.obj (.text)
                  0000566c    0000009c     rtsv7M4_T_le_v4SPD16_eabi.lib : fopen.c.obj (.text:fopen)
                  00005708    0000009c                                   : memcpy_t2.asm.obj (.text)
                  000057a4    00000096                                   : ull_div_t2.asm.obj (.text)
                  0000583a    00000002     --HOLE-- [fill = 0]
                  0000583c    0000008c                                   : fputc.c.obj (.text:fputc)
                  000058c8    00000086                                   : fd_cmp_t2.asm.obj (.text:__aeabi_cdcmple)
                  0000594e    00000086                                   : fd_cmp_t2.asm.obj (.text:__aeabi_cdrcmple)
                  000059d4    00000084     Bump.obj (.text)
                  00005a58    0000007a     rtsv7M4_T_le_v4SPD16_eabi.lib : memset_t2.asm.obj (.text)
                  00005ad2    00000002     --HOLE-- [fill = 0]
                  00005ad4    00000074                                   : fclose.c.obj (.text:__TI_closefile)
                  00005b48    00000070                                   : memory.c.obj (.text:split)
                  00005bb8    0000006e                                   : _printfi.c.obj (.text:_mcpy)
                  00005c26    00000002     --HOLE-- [fill = 0]
                  00005c28    0000006c                                   : hostrename.c.obj (.text:HOSTrename)
                  00005c94    00000068                                   : hostlseek.c.obj (.text:HOSTlseek)
                  00005cfc    00000068                                   : copy_decompress_lzss.c.obj (.text:decompress:lzss:__TI_decompress_lzss)
                  00005d64    00000068                                   : printf.c.obj (.text:printf)
                  00005dcc    00000064                                   : s_frexp.c.obj (.text:frexp)
                  00005e30    00000064                                   : fseek.c.obj (.text:fseek)
                  00005e94    00000062                                   : _io_perm.c.obj (.text:__TI_wrt_ok)
                  00005ef6    00000002     --HOLE-- [fill = 0]
                  00005ef8    00000060                                   : hostopen.c.obj (.text:HOSTopen)
                  00005f58    0000005c                                   : close.c.obj (.text:close)
                  00005fb4    00000058                                   : hostread.c.obj (.text:HOSTread)
                  0000600c    00000058                                   : hostwrite.c.obj (.text:HOSTwrite)
                  00006064    00000058     blinker.obj (.text)
                  000060bc    00000056     rtsv7M4_T_le_v4SPD16_eabi.lib : _printfi.c.obj (.text:_pconv_f)
                  00006112    00000054                                   : _ltoa.c.obj (.text:__TI_ltoa)
                  00006166    00000052                                   : _printfi.c.obj (.text:_ecpy)
                  000061b8    0000004c                                   : fflush.c.obj (.text:__TI_doflush)
                  00006204    0000004c                                   : atoi.c.obj (.text:atoi)
                  00006250    00000048                                   : exit.c.obj (.text:exit)
                  00006298    00000048                                   : fd_toi_t2.asm.obj (.text)
                  000062e0    00000044                                   : hostclose.c.obj (.text:HOSTclose)
                  00006324    00000044                                   : hostunlink.c.obj (.text:HOSTunlink)
                  00006368    00000044                                   : autoinit.c.obj (.text:__TI_auto_init_nobinit_nopinit:__TI_auto_init_nobinit_nopinit)
                  000063ac    00000044                                   : getdevice.c.obj (.text:getdevice)
                  000063f0    0000003e                                   : _printfi.c.obj (.text:_fcpy)
                  0000642e    00000002     --HOLE-- [fill = 0]
                  00006430    00000038                                   : trgmsg.c.obj (.text:__TI_writemsg)
                  00006468    00000036                                   : strncpy.c.obj (.text:strncpy)
                  0000649e    00000002     --HOLE-- [fill = 0]
                  000064a0    00000034                                   : fopen.c.obj (.text:__TI_cleanup)
                  000064d4    00000034                                   : trgmsg.c.obj (.text:__TI_readmsg)
                  00006508    00000034                                   : boot_cortex_m.c.obj (.text:_c_int00_noargs:_c_int00_noargs)
                  0000653c    00000034                                   : fopen.c.obj (.text:freopen)
                  00006570    00000030                                   : getdevice.c.obj (.text:finddevice)
                  000065a0    0000002e                                   : i_tofd_t2.asm.obj (.text)
                  000065ce    00000002     --HOLE-- [fill = 0]
                  000065d0    0000002c                                   : unlink.c.obj (.text:unlink)
                  000065fc    00000028                                   : memory.c.obj (.text:free_list_insert)
                  00006624    00000028                                   : lseek.c.obj (.text:lseek)
                  0000664c    00000028                                   : write.c.obj (.text:write)
                  00006674    00000020                                   : memchr.c.obj (.text:memchr)
                  00006694    0000001c                                   : memory.c.obj (.text:free_list_remove)
                  000066b0    0000001c                                   : memccpy.c.obj (.text:memccpy)
                  000066cc    0000001a                                   : s_copysign.c.obj (.text:copysign)
                  000066e6    00000018                                   : strcmp.c.obj (.text:strcmp)
                  000066fe    00000016                                   : strchr.c.obj (.text:strchr)
                  00006714    00000014                                   : strcpy.c.obj (.text:strcpy)
                  00006728    00000014                                   : strlen.c.obj (.text:strlen)
                  0000673c    00000012                                   : wcslen.c.obj (.text:wcslen)
                  0000674e    0000000e                                   : copy_decompress_none.c.obj (.text:decompress:none:__TI_decompress_none)
                  0000675c    0000000e     startup_msp432p401r_ccs.obj (.text)
                  0000676a    0000000c     rtsv7M4_T_le_v4SPD16_eabi.lib : copy_zero_init.c.obj (.text:decompress:ZI:__TI_zero_init)
                  00006776    00000002     --HOLE-- [fill = 0]
                  00006778    00000008                                   : errno.c.obj (.text:__aeabi_errno_addr)
                  00006780    00000008                                   : memory.c.obj (.text:malloc)
                  00006788    00000004                                   : printf.c.obj (.text:_outc)
                  0000678c    00000004                                   : printf.c.obj (.text:_outs)
                  00006790    00000004                                   : pre_init.c.obj (.text:_system_pre_init)
                  00006794    00000004                                   : exit.c.obj (.text:abort:abort)

.const     0    00006798    00002f69     
                  00006798    00002000     fixed.obj (.const:SinTab2)
                  00008798    00000c48     fixed.obj (.const:SinTab)
                  000093e0    000001e0     SSD1306.obj (.const:ASCII)
                  000095c0    00000101     rtsv7M4_T_le_v4SPD16_eabi.lib : ctype.c.obj (.const:.string:_ctypes_)
                  000096c1    00000008     SSD1306.obj (.const:.string:postmask)
                  000096c9    00000008     SSD1306.obj (.const:.string:premask)
                  000096d1    00000006     SSD1306.obj (.const:.string:init5)
                  000096d7    00000005     SSD1306.obj (.const:.string:dlist1)
                  000096dc    00000004     SSD1306.obj (.const:.string:init1)
                  000096e0    00000004     SSD1306.obj (.const:.string:init2)
                  000096e4    00000004     SSD1306.obj (.const:.string:init3)
                  000096e8    00000003     SSD1306.obj (.const:.string:init4b)
                  000096eb    00000003     SSD1306.obj (.const:.string:scrollList1b)
                  000096ee    00000003     SSD1306.obj (.const:.string:scrollList2b)
                  000096f1    00000002     SSD1306.obj (.const:.string:scrollList1a)
                  000096f3    00000002     SSD1306.obj (.const:.string:scrollList2a)
                  000096f5    00000002     SSD1306.obj (.const:.string:scrollList3a)
                  000096f7    00000002     SSD1306.obj (.const:.string:scrollList3b)
                  000096f9    00000002     SSD1306.obj (.const:.string:scrollList3c)
                  000096fb    00000002     SSD1306.obj (.const:.string:scrollList4a)
                  000096fd    00000002     SSD1306.obj (.const:.string:scrollList4b)
                  000096ff    00000002     SSD1306.obj (.const:.string:scrollList4c)

.cinit     0    00009708    000000b0     
                  00009708    00000086     (.cinit..data.load) [load image, compression = lzss]
                  0000978e    00000002     --HOLE-- [fill = 0]
                  00009790    0000000c     (__TI_handler_table)
                  0000979c    00000004     --HOLE-- [fill = 0]
                  000097a0    00000008     (.cinit..bss.load) [load image, compression = zero_init]
                  000097a8    00000010     (__TI_cinit_table)

.init_array 
*          0    00000000    00000000     UNINITIALIZED

.binit     0    00000000    00000000     

.bss       0    20000000    0000065c     UNINITIALIZED
                  20000000    00000400     (.common:buffer)
                  20000400    00000120     rtsv7M4_T_le_v4SPD16_eabi.lib : trgmsg.c.obj (.bss:_CIOBUF_)
                  20000520    000000a0     (.common:__TI_tmpnams)
                  200005c0    00000008     (.common:Messageb)
                  200005c8    00000008     (.common:parmbuf)
                  200005d0    00000004     (.common:Error)
                  200005d4    00000004     (.common:L)
                  200005d8    00000004     (.common:LastLeftSteps)
                  200005dc    00000004     (.common:LastRightSteps)
                  200005e0    00000004     (.common:LeftSteps)
                  200005e4    00000004     (.common:Lr)
                  200005e8    00000004     (.common:Messageindexb)
                  200005ec    00000004     (.common:MyTheta)
                  200005f0    00000004     (.common:MyX)
                  200005f4    00000004     (.common:MyY)
                  200005f8    00000004     (.common:R)
                  200005fc    00000004     (.common:RightSteps)
                  20000600    00000004     (.common:Robottheta)
                  20000604    00000004     (.common:Robotx)
                  20000608    00000004     (.common:Roboty)
                  2000060c    00000004     (.common:Rr)
                  20000610    00000004     (.common:TimerA1Task)
                  20000614    00000004     (.common:TotalLeftSteps)
                  20000618    00000004     (.common:TotalRightSteps)
                  2000061c    00000004     (.common:badCount)
                  20000620    00000004     (.common:desiredTh)
                  20000624    00000004     (.common:desiredX)
                  20000628    00000004     (.common:desiredY)
                  2000062c    00000004     (.common:dtheta)
                  20000630    00000004     (.common:dz)
                  20000634    00000004     (.common:goal)
                  20000638    00000004     (.common:lastgoal)
                  2000063c    00000004     (.common:result)
                  20000640    00000004     (.common:rotation)
                  20000644    00000004     (.common:vccstate)
                  20000648    00000002     (.common:LeftTach)
                  2000064a    00000002     (.common:RightTach)
                  2000064c    00000002     (.common:StartX)
                  2000064e    00000002     (.common:StartY)
                  20000650    00000002     (.common:Tachometer_FirstLeftTime)
                  20000652    00000002     (.common:Tachometer_FirstRightTime)
                  20000654    00000002     (.common:Tachometer_SecondLeftTime)
                  20000656    00000002     (.common:Tachometer_SecondRightTime)
                  20000658    00000001     (.common:Action)
                  20000659    00000001     (.common:Goal)
                  2000065a    00000001     (.common:LeftDir)
                  2000065b    00000001     (.common:RightDir)

.sysmem    0    20000660    00000400     UNINITIALIZED
                  20000660    00000010     rtsv7M4_T_le_v4SPD16_eabi.lib : memory.c.obj (.sysmem)
                  20000670    000003f0     --HOLE--

.data      0    20000a60    00000234     UNINITIALIZED
                  20000a60    000000f0     rtsv7M4_T_le_v4SPD16_eabi.lib : defs.c.obj (.data:_ftable)
                  20000b50    00000078                                   : host_device.c.obj (.data:_device)
                  20000bc8    00000050                                   : host_device.c.obj (.data:_stream)
                  20000c18    00000018     Clock.obj (.data)
                  20000c30    00000010     rtsv7M4_T_le_v4SPD16_eabi.lib : defs.c.obj (.data)
                  20000c40    0000000c                                   : exit.c.obj (.data:$O1$$)
                  20000c4c    0000000c     TA3InputCapture.obj (.data)
                  20000c58    0000000a     Tachometer.obj (.data)
                  20000c62    00000002     --HOLE--
                  20000c64    00000008     rtsv7M4_T_le_v4SPD16_eabi.lib : _lock.c.obj (.data:$O1$$)
                  20000c6c    00000008                                   : memory.c.obj (.data:$O1$$)
                  20000c74    00000008     odometry.obj (.data)
                  20000c7c    00000004     SSD1306.obj (.data)
                  20000c80    00000004     rtsv7M4_T_le_v4SPD16_eabi.lib : add_device.c.obj (.data)
                  20000c84    00000004                                   : errno.c.obj (.data)
                  20000c88    00000004                                   : fopen.c.obj (.data)
                  20000c8c    00000004                                   : open.c.obj (.data)
                  20000c90    00000004     system_msp432p401r.obj (.data)

.stack     0    2000fe00    00000200     UNINITIALIZED
                  2000fe00    00000004     rtsv7M4_T_le_v4SPD16_eabi.lib : boot_cortex_m.c.obj (.stack)
                  2000fe04    000001fc     --HOLE--

__llvm_prf_cnts 
*          0    20000000    00000000     UNINITIALIZED

MODULE SUMMARY

       Module                        code    ro data   rw data
       ------                        ----    -------   -------
    .\
       fixed.obj                     560     11336     0      
       SSD1306.obj                   4928    544       2080   
       odometry.obj                  3064    0         232    
       UART0.obj                     1736    0         24     
       PWM.obj                       1008    0         0      
       system_msp432p401r.obj        812     0         8      
       Clock.obj                     480     0         48     
       TA3InputCapture.obj           468     0         24     
       Motor.obj                     396     0         0      
       Tachometer.obj                316     0         36     
       OdometryTest-Bronco.obj       296     0         8      
       LaunchPad.obj                 248     0         0      
       startup_msp432p401r_ccs.obj   14      228       0      
       TimerA1.obj                   168     0         8      
       Bump.obj                      132     0         0      
       blinker.obj                   88      0         0      
    +--+-----------------------------+-------+---------+---------+
       Total:                        14714   12108     2468   
                                                              
    C:\ti\ccs1210\ccs\tools\compiler\ti-cgt-arm_20.2.7.LTS\lib\rtsv7M4_T_le_v4SPD16_eabi.lib
       _printfi.c.obj                4851    0         0      
       defs.c.obj                    0       0         832    
       memory.c.obj                  672     0         16     
       trgmsg.c.obj                  108     0         576    
       fopen.c.obj                   532     0         8      
       fd_add_t2.asm.obj             438     0         0      
       host_device.c.obj             0       0         400    
       fd_div_t2.asm.obj             310     0         0      
       fputs.c.obj                   276     0         0      
       s_scalbn.c.obj                272     0         0      
       fd_cmp_t2.asm.obj             268     0         0      
       ctype.c.obj                   0       257       0      
       fd_mul_t2.asm.obj             252     0         0      
       setvbuf.c.obj                 220     0         0      
       open.c.obj                    188     0         8      
       add_device.c.obj              184     0         8      
       memcpy_t2.asm.obj             156     0         0      
       ull_div_t2.asm.obj            150     0         0      
       fputc.c.obj                   140     0         0      
       memset_t2.asm.obj             122     0         0      
       fclose.c.obj                  116     0         0      
       getdevice.c.obj               116     0         0      
       hostopen.c.obj                96      0         16     
       printf.c.obj                  112     0         0      
       hostrename.c.obj              108     0         0      
       copy_decompress_lzss.c.obj    104     0         0      
       hostlseek.c.obj               104     0         0      
       exit.c.obj                    76      0         24     
       fseek.c.obj                   100     0         0      
       s_frexp.c.obj                 100     0         0      
       _io_perm.c.obj                98      0         0      
       close.c.obj                   92      0         0      
       hostread.c.obj                88      0         0      
       hostwrite.c.obj               88      0         0      
       _ltoa.c.obj                   84      0         0      
       atoi.c.obj                    76      0         0      
       fflush.c.obj                  76      0         0      
       fd_toi_t2.asm.obj             72      0         0      
       autoinit.c.obj                68      0         0      
       hostclose.c.obj               68      0         0      
       hostunlink.c.obj              68      0         0      
       strncpy.c.obj                 54      0         0      
       boot_cortex_m.c.obj           52      0         0      
       i_tofd_t2.asm.obj             46      0         0      
       unlink.c.obj                  44      0         0      
       lseek.c.obj                   40      0         0      
       write.c.obj                   40      0         0      
       memchr.c.obj                  32      0         0      
       memccpy.c.obj                 28      0         0      
       s_copysign.c.obj              26      0         0      
       strcmp.c.obj                  24      0         0      
       strchr.c.obj                  22      0         0      
       strcpy.c.obj                  20      0         0      
       strlen.c.obj                  20      0         0      
       _lock.c.obj                   2       0         16     
       wcslen.c.obj                  18      0         0      
       errno.c.obj                   8       0         8      
       copy_decompress_none.c.obj    14      0         0      
       copy_zero_init.c.obj          12      0         0      
       pre_init.c.obj                4       0         0      
       div0.asm.obj                  2       0         0      
    +--+-----------------------------+-------+---------+---------+
       Total:                        11557   257       1912   
                                                              
       Heap:                         0       0         2048   
       Stack:                        0       0         1024   
       Linker Generated:             0       170       0      
    +--+-----------------------------+-------+---------+---------+
       Grand Total:                  26271   12535     7452   


LINKER GENERATED COPY TABLES

__TI_cinit_table @ 000097a8 records: 2, size/record: 8, table size: 16
	.data: load addr=00009708, load size=00000086 bytes, run addr=20000a60, run size=00000234 bytes, compression=lzss
	.bss: load addr=000097a0, load size=00000008 bytes, run addr=20000000, run size=0000065c bytes, compression=zero_init


LINKER GENERATED HANDLER TABLE

__TI_handler_table @ 00009790 records: 3, size/record: 4, table size: 12
	index: 0, handler: __TI_decompress_lzss
	index: 1, handler: __TI_decompress_none
	index: 2, handler: __TI_zero_init


GLOBAL SYMBOLS: SORTED ALPHABETICALLY BY Name 

address   name                           
-------   ----                           
00006769  ADC14_IRQHandler               
00006769  AES256_IRQHandler              
20000658  Action                         
00006065  Blinker_Init                   
0000608f  Blinker_Output                 
000059d5  Bump_Init                      
00005a27  Bump_Read                      
00006769  BusFault_Handler               
00006795  C$$EXIT                        
0000645f  C$$IO$$                        
00006769  COMP_E0_IRQHandler             
00006769  COMP_E1_IRQHandler             
20000c20  CPMwait                        
00006769  CS_IRQHandler                  
20000c4c  CaptureTask0                   
20000c50  CaptureTask1                   
20000c54  CaptureTask2                   
00001fbd  CheckGoal                      
20000c18  ClockFrequency                 
00003e45  Clock_Delay1ms                 
00003e1b  Clock_Delay1us                 
00003e07  Clock_GetFreq                  
00003cf1  Clock_Init48MHz                
20000c2c  Crystalstable                  
20000c7c  CurrentX                       
20000c7e  CurrentY                       
00006769  DMA_ERR_IRQHandler             
00006769  DMA_INT0_IRQHandler            
00006769  DMA_INT1_IRQHandler            
00006769  DMA_INT2_IRQHandler            
00006769  DMA_INT3_IRQHandler            
00006769  DebugMon_Handler               
00006769  Default_Handler                
000017e5  Display                        
000018eb  Display_Serial                 
00006769  EUSCIA0_IRQHandler             
00006769  EUSCIA1_IRQHandler             
00006769  EUSCIA2_IRQHandler             
00006769  EUSCIA3_IRQHandler             
00006769  EUSCIB0_IRQHandler             
00006769  EUSCIB1_IRQHandler             
00006769  EUSCIB2_IRQHandler             
00006769  EUSCIB3_IRQHandler             
200005d0  Error                          
00006769  FLCTL_IRQHandler               
00006769  FPU_IRQHandler                 
00001a5b  Forward                        
00001b23  ForwardUntilCrash              
00001f1d  ForwardUntilThStatus           
00001b97  ForwardUntilX                  
00001c19  ForwardUntilXStart             
00001c93  ForwardUntilXStatus            
00001d0d  ForwardUntilY                  
00001d8d  ForwardUntilYStart             
00001dbb  ForwardUntilYStatus            
20000659  Goal                           
000062e1  HOSTclose                      
00005c95  HOSTlseek                      
00005ef9  HOSTopen                       
00005fb5  HOSTread                       
00005c29  HOSTrename                     
00006325  HOSTunlink                     
0000600d  HOSTwrite                      
00006769  HardFault_Handler              
00001a7b  HardLeft                       
00001a9b  HardRight                      
20000c28  IFlags                         
200005d4  L                              
200005d8  LastLeftSteps                  
200005dc  LastRightSteps                 
000050e5  LaunchPad_Init                 
00005155  LaunchPad_Input                
00005173  LaunchPad_LED                  
00005191  LaunchPad_Output               
2000065a  LeftDir                        
200005e0  LeftSteps                      
20000648  LeftTach                       
200005e4  Lr                             
00006769  MemManage_Handler              
200005c0  Messageb                       
200005e8  Messageindexb                  
20000c74  MotorFast                      
20000c78  MotorSlow                      
00004567  Motor_Backward                 
000044db  Motor_Forward                  
0000442d  Motor_Init                     
00004539  Motor_Left                     
0000450b  Motor_Right                    
000044c1  Motor_Stop                     
200005ec  MyTheta                        
200005f0  MyX                            
200005f4  MyY                            
00006769  NMI_Handler                    
00001711  Odometry_Get                   
00001701  Odometry_GetAngle              
000016f5  Odometry_GetX                  
000016fb  Odometry_GetY                  
0000143d  Odometry_Init                  
00001425  Odometry_SetPower              
0000145d  Odometry_Update                
00006769  PCM_IRQHandler                 
00006769  PORT1_IRQHandler               
00006769  PORT2_IRQHandler               
00006769  PORT3_IRQHandler               
00006769  PORT4_IRQHandler               
00006769  PORT5_IRQHandler               
00006769  PORT6_IRQHandler               
00006769  PSS_IRQHandler                 
000032b3  PWM_Duty1                      
000032d3  PWM_Duty2                      
0000328b  PWM_Duty3                      
0000329f  PWM_Duty4                      
00003135  PWM_Init1                      
0000319b  PWM_Init12                     
0000321f  PWM_Init34                     
0000341b  PWM_RobotArmDuty0              
00003441  PWM_RobotArmDuty1              
00003467  PWM_RobotArmDuty2              
0000343b  PWM_RobotArmGetDuty0           
00003461  PWM_RobotArmGetDuty1           
00003487  PWM_RobotArmGetDuty2           
000032f3  PWM_RobotArmInit               
00006769  PendSV_Handler                 
20000c24  Postwait                       
20000c1c  Prewait                        
200005f8  R                              
00006769  RTC_C_IRQHandler               
0000675d  Reset_Handler                  
2000065b  RightDir                       
200005fc  RightSteps                     
2000064a  RightTach                      
20000600  Robottheta                     
20000604  Robotx                         
20000608  Roboty                         
2000060c  Rr                             
00000501  SSD1306_Clear                  
000004c1  SSD1306_ClearBuffer            
00000f1d  SSD1306_Dim                    
00000dd7  SSD1306_DisplayBuffer          
000003c3  SSD1306_DrawChar               
00000799  SSD1306_DrawFastHLine          
000009bd  SSD1306_DrawFastVLine          
00000555  SSD1306_DrawFullImage          
00000255  SSD1306_DrawPixel              
00000471  SSD1306_DrawString             
00000dd3  SSD1306_GetBuffer              
00000cd5  SSD1306_GetPixel               
0000014f  SSD1306_Init                   
00000f07  SSD1306_InvertDisplay          
00000fc9  SSD1306_OutChar                
000012cb  SSD1306_OutHex7                
00001105  SSD1306_OutSDec                
000011dd  SSD1306_OutSFix1               
000010ef  SSD1306_OutString              
000010f9  SSD1306_OutUDec                
00001329  SSD1306_OutUDec16              
000013c5  SSD1306_OutUDec2               
00001129  SSD1306_OutUFix1               
00001301  SSD1306_OutUHex7               
000005b9  SSD1306_PrintBMP               
00000f4f  SSD1306_SetCursor              
000008ab  SSD1306_drawFastHLineInternal  
00000ad5  SSD1306_drawFastVLineInternal  
00000ebd  SSD1306_startscrolldiagleft    
00000e79  SSD1306_startscrolldiagright   
00000e43  SSD1306_startscrollleft        
00000e11  SSD1306_startscrollright       
00000efd  SSD1306_stopscroll             
00006769  SVC_Handler                    
00008798  SinTab                         
00006798  SinTab2                        
00001ac1  SoftLeft                       
00001e35  SoftLeftUntilTh                
00001eed  SoftLeftUntilThStart           
00001ae5  SoftRight                      
2000064c  StartX                         
2000064e  StartY                         
00001a45  StopUntilBumperTouched         
00006769  SysTick_Handler                
20000c90  SystemCoreClock                
00003525  SystemCoreClockUpdate          
00003799  SystemInit                     
00006769  T32_INT1_IRQHandler            
00006769  T32_INT2_IRQHandler            
00006769  T32_INTC_IRQHandler            
00006769  TA0_0_IRQHandler               
00006769  TA0_N_IRQHandler               
00005637  TA1_0_IRQHandler               
00005637  TA1_0_IRQHandler               
00006769  TA1_N_IRQHandler               
00006769  TA2_0_IRQHandler               
00006769  TA2_N_IRQHandler               
00003f5d  TA3_0_IRQHandler               
00003f5d  TA3_0_IRQHandler               
00003f77  TA3_N_IRQHandler               
00003f77  TA3_N_IRQHandler               
20000650  Tachometer_FirstLeftTime       
20000652  Tachometer_FirstRightTime      
0000466f  Tachometer_Get                 
00004645  Tachometer_Init                
20000c61  Tachometer_LeftDir             
20000c5c  Tachometer_LeftSteps           
20000c60  Tachometer_RightDir            
20000c58  Tachometer_RightSteps          
20000654  Tachometer_SecondLeftTime      
20000656  Tachometer_SecondRightTime     
20000610  TimerA1Task                    
000055c5  TimerA1_Init                   
00005623  TimerA1_Stop                   
00003edd  TimerA3Capture_Init01          
00003fb7  TimerA3Capture_Init02          
20000614  TotalLeftSteps                 
20000618  TotalRightSteps                
00002ab5  UART0_InChar                   
00002f49  UART0_InString                 
00002aff  UART0_InUDec                   
00002dfd  UART0_InUHex                   
00002a6d  UART0_Init                     
000030a9  UART0_Initprintf               
00002ac5  UART0_OutChar                  
00002bb3  UART0_OutSDec                  
00002ae1  UART0_OutString                
00002b83  UART0_OutUDec                  
00002cf9  UART0_OutUDec4                 
00002d51  UART0_OutUDec5                 
00002d89  UART0_OutUFix1                 
00002db1  UART0_OutUFix2                 
00002ec1  UART0_OutUHex                  
00002f2d  UART0_OutUHex2                 
00001771  UpdatePosition                 
00006769  UsageFault_Handler             
4000480c  WDTCTL_SYM                     
00006769  WDT_A_IRQHandler               
000019d1  WaitUntilBumperTouched         
20000400  __CIOBUF_                      
20010000  __STACK_END                    
00000200  __STACK_SIZE                   
00000400  __SYSMEM_SIZE                  
000097a8  __TI_CINIT_Base                
000097b8  __TI_CINIT_Limit               
00009790  __TI_Handler_Table_Base        
0000979c  __TI_Handler_Table_Limit       
00006369  __TI_auto_init_nobinit_nopinit 
000064a1  __TI_cleanup                   
20000c40  __TI_cleanup_ptr               
00005ad5  __TI_closefile                 
00005cfd  __TI_decompress_lzss           
0000674f  __TI_decompress_none           
000061b9  __TI_doflush                   
20000c44  __TI_dtors_ptr                 
20000c48  __TI_enable_exit_profile_output
20000c30  __TI_ft_end                    
00006113  __TI_ltoa                      
ffffffff  __TI_pprof_out_hndl            
0000201d  __TI_printfi                   
ffffffff  __TI_prof_data_size            
ffffffff  __TI_prof_data_start           
000064d5  __TI_readmsg                   
00000000  __TI_static_base__             
20000520  __TI_tmpnams                   
00006431  __TI_writemsg                  
00005e95  __TI_wrt_ok                    
0000676b  __TI_zero_init                 
000058c9  __aeabi_cdcmpeq                
000058c9  __aeabi_cdcmple                
0000594f  __aeabi_cdrcmple               
00006299  __aeabi_d2iz                   
0000427f  __aeabi_dadd                   
00004831  __aeabi_ddiv                   
00004fe9  __aeabi_dmul                   
00004275  __aeabi_dsub                   
00006779  __aeabi_errno_addr             
000065a1  __aeabi_i2d                    
0000442b  __aeabi_idiv0                  
0000442b  __aeabi_ldiv0                  
00005a59  __aeabi_memclr                 
00005a59  __aeabi_memclr4                
00005a59  __aeabi_memclr8                
00005709  __aeabi_memcpy                 
00005709  __aeabi_memcpy4                
00005709  __aeabi_memcpy8                
00005a5b  __aeabi_memset                 
00005a5b  __aeabi_memset4                
00005a5b  __aeabi_memset8                
20000c3c  __aeabi_stderr                 
20000c34  __aeabi_stdin                  
20000c38  __aeabi_stdout                 
000057a5  __aeabi_uldivmod               
ffffffff  __binit__                      
ffffffff  __c_args__                     
UNDEFED   __mpu_init                     
2000fe00  __stack                        
20000000  __start___llvm_prf_cnts        
20000000  __stop___llvm_prf_cnts         
00006509  _c_int00_noargs                
000095c0  _ctypes_                       
20000b50  _device                        
20000a60  _ftable                        
20000c64  _lock                          
00002a6b  _nop                           
20000bc8  _stream                        
20000660  _sys_memory                    
UNDEFED   _system_post_cinit             
00006791  _system_pre_init               
20000c68  _unlock                        
00006795  abort                          
0000174d  abs                            
00005459  add_device                     
00004ee9  aligned_alloc                  
00006205  atoi                           
2000061c  badCount                       
ffffffff  binit                          
20000000  buffer                         
00005f59  close                          
000066cd  copysign                       
000066cd  copysignl                      
00003e0d  delay                          
20000620  desiredTh                      
20000624  desiredX                       
20000628  desiredY                       
2000062c  dtheta                         
20000630  dz                             
20000c84  errno                          
00006251  exit                           
00002fe3  ferror                         
00002fc3  fgetc                          
00006571  finddevice                     
00003b39  fixed_cos                      
00003c43  fixed_cos2                     
00003ac1  fixed_sin                      
00003bb5  fixed_sin2                     
0000566d  fopen                          
0000583d  fputc                          
00004bb5  fputs                          
000051dd  free                           
0000653d  freopen                        
00005dcd  frexp                          
00005dcd  frexpl                         
00005e31  fseek                          
000063ad  getdevice                      
20000634  goal                           
00000000  interruptVectors               
20000638  lastgoal                       
00004dd9  ldexp                          
00004dd9  ldexpl                         
00006625  lseek                          
00004969  main                           
00006781  malloc                         
00004ee9  memalign                       
000066b1  memccpy                        
00006675  memchr                         
00005709  memcpy                         
00005a61  memset                         
0000539d  open                           
00002f05  outnibble                      
200005c8  parmbuf                        
00005d65  printf                         
0000583d  putc                           
000065d1  remove                         
2000063c  result                         
20000640  rotation                       
00004dd9  scalbn                         
00004dd9  scalbnl                        
000052c1  setvbuf                        
000000f1  ssd1306_Testcommandwrite       
00000107  ssd1306_command                
00000117  ssd1306_command1               
00000127  ssd1306_commandList            
000066ff  strchr                         
000066e7  strcmp                         
00006715  strcpy                         
00006729  strlen                         
00006469  strncpy                        
00003ed1  ta3dummy                       
000045ff  tachometerLeftInt              
000045b9  tachometerRightInt             
00003001  uart_close                     
0000307f  uart_lseek                     
00002ff1  uart_open                      
00003013  uart_read                      
0000309b  uart_rename                    
0000308f  uart_unlink                    
0000303d  uart_write                     
000065d1  unlink                         
20000644  vccstate                       
0000673d  wcslen                         
0000664d  write                          


GLOBAL SYMBOLS: SORTED BY Symbol Address 

address   name                           
-------   ----                           
00000000  __TI_static_base__             
00000000  interruptVectors               
000000f1  ssd1306_Testcommandwrite       
00000107  ssd1306_command                
00000117  ssd1306_command1               
00000127  ssd1306_commandList            
0000014f  SSD1306_Init                   
00000200  __STACK_SIZE                   
00000255  SSD1306_DrawPixel              
000003c3  SSD1306_DrawChar               
00000400  __SYSMEM_SIZE                  
00000471  SSD1306_DrawString             
000004c1  SSD1306_ClearBuffer            
00000501  SSD1306_Clear                  
00000555  SSD1306_DrawFullImage          
000005b9  SSD1306_PrintBMP               
00000799  SSD1306_DrawFastHLine          
000008ab  SSD1306_drawFastHLineInternal  
000009bd  SSD1306_DrawFastVLine          
00000ad5  SSD1306_drawFastVLineInternal  
00000cd5  SSD1306_GetPixel               
00000dd3  SSD1306_GetBuffer              
00000dd7  SSD1306_DisplayBuffer          
00000e11  SSD1306_startscrollright       
00000e43  SSD1306_startscrollleft        
00000e79  SSD1306_startscrolldiagright   
00000ebd  SSD1306_startscrolldiagleft    
00000efd  SSD1306_stopscroll             
00000f07  SSD1306_InvertDisplay          
00000f1d  SSD1306_Dim                    
00000f4f  SSD1306_SetCursor              
00000fc9  SSD1306_OutChar                
000010ef  SSD1306_OutString              
000010f9  SSD1306_OutUDec                
00001105  SSD1306_OutSDec                
00001129  SSD1306_OutUFix1               
000011dd  SSD1306_OutSFix1               
000012cb  SSD1306_OutHex7                
00001301  SSD1306_OutUHex7               
00001329  SSD1306_OutUDec16              
000013c5  SSD1306_OutUDec2               
00001425  Odometry_SetPower              
0000143d  Odometry_Init                  
0000145d  Odometry_Update                
000016f5  Odometry_GetX                  
000016fb  Odometry_GetY                  
00001701  Odometry_GetAngle              
00001711  Odometry_Get                   
0000174d  abs                            
00001771  UpdatePosition                 
000017e5  Display                        
000018eb  Display_Serial                 
000019d1  WaitUntilBumperTouched         
00001a45  StopUntilBumperTouched         
00001a5b  Forward                        
00001a7b  HardLeft                       
00001a9b  HardRight                      
00001ac1  SoftLeft                       
00001ae5  SoftRight                      
00001b23  ForwardUntilCrash              
00001b97  ForwardUntilX                  
00001c19  ForwardUntilXStart             
00001c93  ForwardUntilXStatus            
00001d0d  ForwardUntilY                  
00001d8d  ForwardUntilYStart             
00001dbb  ForwardUntilYStatus            
00001e35  SoftLeftUntilTh                
00001eed  SoftLeftUntilThStart           
00001f1d  ForwardUntilThStatus           
00001fbd  CheckGoal                      
0000201d  __TI_printfi                   
00002a6b  _nop                           
00002a6d  UART0_Init                     
00002ab5  UART0_InChar                   
00002ac5  UART0_OutChar                  
00002ae1  UART0_OutString                
00002aff  UART0_InUDec                   
00002b83  UART0_OutUDec                  
00002bb3  UART0_OutSDec                  
00002cf9  UART0_OutUDec4                 
00002d51  UART0_OutUDec5                 
00002d89  UART0_OutUFix1                 
00002db1  UART0_OutUFix2                 
00002dfd  UART0_InUHex                   
00002ec1  UART0_OutUHex                  
00002f05  outnibble                      
00002f2d  UART0_OutUHex2                 
00002f49  UART0_InString                 
00002fc3  fgetc                          
00002fe3  ferror                         
00002ff1  uart_open                      
00003001  uart_close                     
00003013  uart_read                      
0000303d  uart_write                     
0000307f  uart_lseek                     
0000308f  uart_unlink                    
0000309b  uart_rename                    
000030a9  UART0_Initprintf               
00003135  PWM_Init1                      
0000319b  PWM_Init12                     
0000321f  PWM_Init34                     
0000328b  PWM_Duty3                      
0000329f  PWM_Duty4                      
000032b3  PWM_Duty1                      
000032d3  PWM_Duty2                      
000032f3  PWM_RobotArmInit               
0000341b  PWM_RobotArmDuty0              
0000343b  PWM_RobotArmGetDuty0           
00003441  PWM_RobotArmDuty1              
00003461  PWM_RobotArmGetDuty1           
00003467  PWM_RobotArmDuty2              
00003487  PWM_RobotArmGetDuty2           
00003525  SystemCoreClockUpdate          
00003799  SystemInit                     
00003ac1  fixed_sin                      
00003b39  fixed_cos                      
00003bb5  fixed_sin2                     
00003c43  fixed_cos2                     
00003cf1  Clock_Init48MHz                
00003e07  Clock_GetFreq                  
00003e0d  delay                          
00003e1b  Clock_Delay1us                 
00003e45  Clock_Delay1ms                 
00003ed1  ta3dummy                       
00003edd  TimerA3Capture_Init01          
00003f5d  TA3_0_IRQHandler               
00003f5d  TA3_0_IRQHandler               
00003f77  TA3_N_IRQHandler               
00003f77  TA3_N_IRQHandler               
00003fb7  TimerA3Capture_Init02          
00004275  __aeabi_dsub                   
0000427f  __aeabi_dadd                   
0000442b  __aeabi_idiv0                  
0000442b  __aeabi_ldiv0                  
0000442d  Motor_Init                     
000044c1  Motor_Stop                     
000044db  Motor_Forward                  
0000450b  Motor_Right                    
00004539  Motor_Left                     
00004567  Motor_Backward                 
000045b9  tachometerRightInt             
000045ff  tachometerLeftInt              
00004645  Tachometer_Init                
0000466f  Tachometer_Get                 
00004831  __aeabi_ddiv                   
00004969  main                           
00004bb5  fputs                          
00004dd9  ldexp                          
00004dd9  ldexpl                         
00004dd9  scalbn                         
00004dd9  scalbnl                        
00004ee9  aligned_alloc                  
00004ee9  memalign                       
00004fe9  __aeabi_dmul                   
000050e5  LaunchPad_Init                 
00005155  LaunchPad_Input                
00005173  LaunchPad_LED                  
00005191  LaunchPad_Output               
000051dd  free                           
000052c1  setvbuf                        
0000539d  open                           
00005459  add_device                     
000055c5  TimerA1_Init                   
00005623  TimerA1_Stop                   
00005637  TA1_0_IRQHandler               
00005637  TA1_0_IRQHandler               
0000566d  fopen                          
00005709  __aeabi_memcpy                 
00005709  __aeabi_memcpy4                
00005709  __aeabi_memcpy8                
00005709  memcpy                         
000057a5  __aeabi_uldivmod               
0000583d  fputc                          
0000583d  putc                           
000058c9  __aeabi_cdcmpeq                
000058c9  __aeabi_cdcmple                
0000594f  __aeabi_cdrcmple               
000059d5  Bump_Init                      
00005a27  Bump_Read                      
00005a59  __aeabi_memclr                 
00005a59  __aeabi_memclr4                
00005a59  __aeabi_memclr8                
00005a5b  __aeabi_memset                 
00005a5b  __aeabi_memset4                
00005a5b  __aeabi_memset8                
00005a61  memset                         
00005ad5  __TI_closefile                 
00005c29  HOSTrename                     
00005c95  HOSTlseek                      
00005cfd  __TI_decompress_lzss           
00005d65  printf                         
00005dcd  frexp                          
00005dcd  frexpl                         
00005e31  fseek                          
00005e95  __TI_wrt_ok                    
00005ef9  HOSTopen                       
00005f59  close                          
00005fb5  HOSTread                       
0000600d  HOSTwrite                      
00006065  Blinker_Init                   
0000608f  Blinker_Output                 
00006113  __TI_ltoa                      
000061b9  __TI_doflush                   
00006205  atoi                           
00006251  exit                           
00006299  __aeabi_d2iz                   
000062e1  HOSTclose                      
00006325  HOSTunlink                     
00006369  __TI_auto_init_nobinit_nopinit 
000063ad  getdevice                      
00006431  __TI_writemsg                  
0000645f  C$$IO$$                        
00006469  strncpy                        
000064a1  __TI_cleanup                   
000064d5  __TI_readmsg                   
00006509  _c_int00_noargs                
0000653d  freopen                        
00006571  finddevice                     
000065a1  __aeabi_i2d                    
000065d1  remove                         
000065d1  unlink                         
00006625  lseek                          
0000664d  write                          
00006675  memchr                         
000066b1  memccpy                        
000066cd  copysign                       
000066cd  copysignl                      
000066e7  strcmp                         
000066ff  strchr                         
00006715  strcpy                         
00006729  strlen                         
0000673d  wcslen                         
0000674f  __TI_decompress_none           
0000675d  Reset_Handler                  
00006769  ADC14_IRQHandler               
00006769  AES256_IRQHandler              
00006769  BusFault_Handler               
00006769  COMP_E0_IRQHandler             
00006769  COMP_E1_IRQHandler             
00006769  CS_IRQHandler                  
00006769  DMA_ERR_IRQHandler             
00006769  DMA_INT0_IRQHandler            
00006769  DMA_INT1_IRQHandler            
00006769  DMA_INT2_IRQHandler            
00006769  DMA_INT3_IRQHandler            
00006769  DebugMon_Handler               
00006769  Default_Handler                
00006769  EUSCIA0_IRQHandler             
00006769  EUSCIA1_IRQHandler             
00006769  EUSCIA2_IRQHandler             
00006769  EUSCIA3_IRQHandler             
00006769  EUSCIB0_IRQHandler             
00006769  EUSCIB1_IRQHandler             
00006769  EUSCIB2_IRQHandler             
00006769  EUSCIB3_IRQHandler             
00006769  FLCTL_IRQHandler               
00006769  FPU_IRQHandler                 
00006769  HardFault_Handler              
00006769  MemManage_Handler              
00006769  NMI_Handler                    
00006769  PCM_IRQHandler                 
00006769  PORT1_IRQHandler               
00006769  PORT2_IRQHandler               
00006769  PORT3_IRQHandler               
00006769  PORT4_IRQHandler               
00006769  PORT5_IRQHandler               
00006769  PORT6_IRQHandler               
00006769  PSS_IRQHandler                 
00006769  PendSV_Handler                 
00006769  RTC_C_IRQHandler               
00006769  SVC_Handler                    
00006769  SysTick_Handler                
00006769  T32_INT1_IRQHandler            
00006769  T32_INT2_IRQHandler            
00006769  T32_INTC_IRQHandler            
00006769  TA0_0_IRQHandler               
00006769  TA0_N_IRQHandler               
00006769  TA1_N_IRQHandler               
00006769  TA2_0_IRQHandler               
00006769  TA2_N_IRQHandler               
00006769  UsageFault_Handler             
00006769  WDT_A_IRQHandler               
0000676b  __TI_zero_init                 
00006779  __aeabi_errno_addr             
00006781  malloc                         
00006791  _system_pre_init               
00006795  C$$EXIT                        
00006795  abort                          
00006798  SinTab2                        
00008798  SinTab                         
000095c0  _ctypes_                       
00009790  __TI_Handler_Table_Base        
0000979c  __TI_Handler_Table_Limit       
000097a8  __TI_CINIT_Base                
000097b8  __TI_CINIT_Limit               
20000000  __start___llvm_prf_cnts        
20000000  __stop___llvm_prf_cnts         
20000000  buffer                         
20000400  __CIOBUF_                      
20000520  __TI_tmpnams                   
200005c0  Messageb                       
200005c8  parmbuf                        
200005d0  Error                          
200005d4  L                              
200005d8  LastLeftSteps                  
200005dc  LastRightSteps                 
200005e0  LeftSteps                      
200005e4  Lr                             
200005e8  Messageindexb                  
200005ec  MyTheta                        
200005f0  MyX                            
200005f4  MyY                            
200005f8  R                              
200005fc  RightSteps                     
20000600  Robottheta                     
20000604  Robotx                         
20000608  Roboty                         
2000060c  Rr                             
20000610  TimerA1Task                    
20000614  TotalLeftSteps                 
20000618  TotalRightSteps                
2000061c  badCount                       
20000620  desiredTh                      
20000624  desiredX                       
20000628  desiredY                       
2000062c  dtheta                         
20000630  dz                             
20000634  goal                           
20000638  lastgoal                       
2000063c  result                         
20000640  rotation                       
20000644  vccstate                       
20000648  LeftTach                       
2000064a  RightTach                      
2000064c  StartX                         
2000064e  StartY                         
20000650  Tachometer_FirstLeftTime       
20000652  Tachometer_FirstRightTime      
20000654  Tachometer_SecondLeftTime      
20000656  Tachometer_SecondRightTime     
20000658  Action                         
20000659  Goal                           
2000065a  LeftDir                        
2000065b  RightDir                       
20000660  _sys_memory                    
20000a60  _ftable                        
20000b50  _device                        
20000bc8  _stream                        
20000c18  ClockFrequency                 
20000c1c  Prewait                        
20000c20  CPMwait                        
20000c24  Postwait                       
20000c28  IFlags                         
20000c2c  Crystalstable                  
20000c30  __TI_ft_end                    
20000c34  __aeabi_stdin                  
20000c38  __aeabi_stdout                 
20000c3c  __aeabi_stderr                 
20000c40  __TI_cleanup_ptr               
20000c44  __TI_dtors_ptr                 
20000c48  __TI_enable_exit_profile_output
20000c4c  CaptureTask0                   
20000c50  CaptureTask1                   
20000c54  CaptureTask2                   
20000c58  Tachometer_RightSteps          
20000c5c  Tachometer_LeftSteps           
20000c60  Tachometer_RightDir            
20000c61  Tachometer_LeftDir             
20000c64  _lock                          
20000c68  _unlock                        
20000c74  MotorFast                      
20000c78  MotorSlow                      
20000c7c  CurrentX                       
20000c7e  CurrentY                       
20000c84  errno                          
20000c90  SystemCoreClock                
2000fe00  __stack                        
20010000  __STACK_END                    
4000480c  WDTCTL_SYM                     
ffffffff  __TI_pprof_out_hndl            
ffffffff  __TI_prof_data_size            
ffffffff  __TI_prof_data_start           
ffffffff  __binit__                      
ffffffff  __c_args__                     
ffffffff  binit                          
UNDEFED   __mpu_init                     
UNDEFED   _system_post_cinit             

[387 symbols]
