******************************************************************************
                  TI ARM Linker PC v20.2.7                     
******************************************************************************
>> Linked Sat Apr 22 18:51:15 2023

OUTPUT FILE NAME:   <Odometry.out>
ENTRY POINT SYMBOL: "_c_int00_noargs"  address: 00006275


MEMORY CONFIGURATION

         name            origin    length      used     unused   attr    fill
----------------------  --------  ---------  --------  --------  ----  --------
  MAIN                  00000000   00040000  00009545  00036abb  R  X
  INFO                  00200000   00004000  00000000  00004000  R  X
  SRAM_CODE             01000000   00010000  00000e80  0000f180  RW X
  SRAM_DATA             20000000   00010000  00000e80  0000f180  RW  


SEGMENT ALLOCATION MAP

run origin  load origin   length   init length attrs members
----------  ----------- ---------- ----------- ----- -------
00000000    00000000    00009548   00009548    r-x
  00000000    00000000    000000e4   000000e4    r-- .intvecs
  000000e4    000000e4    00006458   00006458    r-x .text
  0000653c    0000653c    00002f69   00002f69    r-- .const
  000094a8    000094a8    000000a0   000000a0    r-- .cinit
20000000    20000000    00000c80   00000000    rw-
  20000000    20000000    00000658   00000000    rw- .bss
  20000658    20000658    00000400   00000000    rw- .sysmem
  20000a58    20000a58    00000228   00000000    rw- .data
2000fe00    2000fe00    00000200   00000000    rw-
  2000fe00    2000fe00    00000200   00000000    rw- .stack


SECTION ALLOCATION MAP

 output                                  attributes/
section   page    origin      length       input sections
--------  ----  ----------  ----------   ----------------
.intvecs   0    00000000    000000e4     
                  00000000    000000e4     startup_msp432p401r_ccs.obj (.intvecs:retain)

.text      0    000000e4    00006458     
                  000000e4    00001340     SSD1306.obj (.text)
                  00001424    00000bf8     odometry.obj (.text)
                  0000201c    00000a4e     rtsv7M4_T_le_v4SPD16_eabi.lib : _printfi.c.obj (.text:__TI_printfi)
                  00002a6a    00000002                                   : _lock.c.obj (.text:_nop)
                  00002a6c    000006c8     UART0.obj (.text)
                  00003134    000003f0     PWM.obj (.text)
                  00003524    0000032c     system_msp432p401r.obj (.text)
                  00003850    00000270     rtsv7M4_T_le_v4SPD16_eabi.lib : _printfi.c.obj (.text:_pconv_a)
                  00003ac0    00000230     fixed.obj (.text)
                  00003cf0    000001e0     Clock.obj (.text)
                  00003ed0    000001d0     rtsv7M4_T_le_v4SPD16_eabi.lib : _printfi.c.obj (.text:_pconv_g)
                  000040a0    000001b6                                   : fd_add_t2.asm.obj (.text)
                  00004256    00000002                                   : div0.asm.obj (.text)
                  00004258    0000018c     Motor.obj (.text)
                  000043e4    0000013c     Tachometer.obj (.text)
                  00004520    0000013c     rtsv7M4_T_le_v4SPD16_eabi.lib : _printfi.c.obj (.text:_pconv_e)
                  0000465c    00000136                                   : fd_div_t2.asm.obj (.text)
                  00004792    00000002     --HOLE-- [fill = 0]
                  00004794    00000128     OdometryTest-Bronco.obj (.text)
                  000048bc    00000124     rtsv7M4_T_le_v4SPD16_eabi.lib : _printfi.c.obj (.text:fcvt)
                  000049e0    00000114                                   : fputs.c.obj (.text:fputs)
                  00004af4    00000110                                   : fopen.c.obj (.text:_openfile)
                  00004c04    00000110                                   : s_scalbn.c.obj (.text:scalbn)
                  00004d14    00000100                                   : memory.c.obj (.text:aligned_alloc)
                  00004e14    000000fc                                   : fd_mul_t2.asm.obj (.text)
                  00004f10    000000f8     LaunchPad.obj (.text)
                  00005008    000000e4     rtsv7M4_T_le_v4SPD16_eabi.lib : memory.c.obj (.text:free)
                  000050ec    000000dc                                   : setvbuf.c.obj (.text:setvbuf)
                  000051c8    000000bc                                   : open.c.obj (.text:open)
                  00005284    000000b8                                   : add_device.c.obj (.text:add_device)
                  0000533c    000000b1                                   : _printfi.c.obj (.text:_ltostr)
                  000053ed    00000003     --HOLE-- [fill = 0]
                  000053f0    0000009c                                   : fopen.c.obj (.text:fopen)
                  0000548c    0000009c                                   : memcpy_t2.asm.obj (.text)
                  00005528    00000096                                   : ull_div_t2.asm.obj (.text)
                  000055be    00000002     --HOLE-- [fill = 0]
                  000055c0    0000008c                                   : fputc.c.obj (.text:fputc)
                  0000564c    00000086                                   : fd_cmp_t2.asm.obj (.text:__aeabi_cdcmple)
                  000056d2    00000086                                   : fd_cmp_t2.asm.obj (.text:__aeabi_cdrcmple)
                  00005758    0000007a                                   : memset_t2.asm.obj (.text)
                  000057d2    00000002     --HOLE-- [fill = 0]
                  000057d4    00000074                                   : fclose.c.obj (.text:__TI_closefile)
                  00005848    00000070                                   : memory.c.obj (.text:split)
                  000058b8    0000006e                                   : _printfi.c.obj (.text:_mcpy)
                  00005926    00000002     --HOLE-- [fill = 0]
                  00005928    0000006c     Bump.obj (.text)
                  00005994    0000006c     rtsv7M4_T_le_v4SPD16_eabi.lib : hostrename.c.obj (.text:HOSTrename)
                  00005a00    00000068                                   : hostlseek.c.obj (.text:HOSTlseek)
                  00005a68    00000068                                   : copy_decompress_lzss.c.obj (.text:decompress:lzss:__TI_decompress_lzss)
                  00005ad0    00000068                                   : printf.c.obj (.text:printf)
                  00005b38    00000064                                   : s_frexp.c.obj (.text:frexp)
                  00005b9c    00000064                                   : fseek.c.obj (.text:fseek)
                  00005c00    00000062                                   : _io_perm.c.obj (.text:__TI_wrt_ok)
                  00005c62    00000002     --HOLE-- [fill = 0]
                  00005c64    00000060                                   : hostopen.c.obj (.text:HOSTopen)
                  00005cc4    0000005c                                   : close.c.obj (.text:close)
                  00005d20    00000058                                   : hostread.c.obj (.text:HOSTread)
                  00005d78    00000058                                   : hostwrite.c.obj (.text:HOSTwrite)
                  00005dd0    00000058     blinker.obj (.text)
                  00005e28    00000056     rtsv7M4_T_le_v4SPD16_eabi.lib : _printfi.c.obj (.text:_pconv_f)
                  00005e7e    00000054                                   : _ltoa.c.obj (.text:__TI_ltoa)
                  00005ed2    00000052                                   : _printfi.c.obj (.text:_ecpy)
                  00005f24    0000004c                                   : fflush.c.obj (.text:__TI_doflush)
                  00005f70    0000004c                                   : atoi.c.obj (.text:atoi)
                  00005fbc    00000048                                   : exit.c.obj (.text:exit)
                  00006004    00000048                                   : fd_toi_t2.asm.obj (.text)
                  0000604c    00000044                                   : hostclose.c.obj (.text:HOSTclose)
                  00006090    00000044                                   : hostunlink.c.obj (.text:HOSTunlink)
                  000060d4    00000044                                   : autoinit.c.obj (.text:__TI_auto_init_nobinit_nopinit:__TI_auto_init_nobinit_nopinit)
                  00006118    00000044                                   : getdevice.c.obj (.text:getdevice)
                  0000615c    0000003e                                   : _printfi.c.obj (.text:_fcpy)
                  0000619a    00000002     --HOLE-- [fill = 0]
                  0000619c    00000038                                   : trgmsg.c.obj (.text:__TI_writemsg)
                  000061d4    00000036                                   : strncpy.c.obj (.text:strncpy)
                  0000620a    00000002     --HOLE-- [fill = 0]
                  0000620c    00000034                                   : fopen.c.obj (.text:__TI_cleanup)
                  00006240    00000034                                   : trgmsg.c.obj (.text:__TI_readmsg)
                  00006274    00000034                                   : boot_cortex_m.c.obj (.text:_c_int00_noargs:_c_int00_noargs)
                  000062a8    00000034                                   : fopen.c.obj (.text:freopen)
                  000062dc    00000030                                   : getdevice.c.obj (.text:finddevice)
                  0000630c    0000002e                                   : i_tofd_t2.asm.obj (.text)
                  0000633a    00000002     --HOLE-- [fill = 0]
                  0000633c    0000002c                                   : unlink.c.obj (.text:unlink)
                  00006368    00000028     TA3InputCapture.obj (.text)
                  00006390    00000028     rtsv7M4_T_le_v4SPD16_eabi.lib : memory.c.obj (.text:free_list_insert)
                  000063b8    00000028                                   : lseek.c.obj (.text:lseek)
                  000063e0    00000028                                   : write.c.obj (.text:write)
                  00006408    00000020                                   : memchr.c.obj (.text:memchr)
                  00006428    0000001c                                   : memory.c.obj (.text:free_list_remove)
                  00006444    0000001c                                   : memccpy.c.obj (.text:memccpy)
                  00006460    0000001a                                   : s_copysign.c.obj (.text:copysign)
                  0000647a    00000018                                   : strcmp.c.obj (.text:strcmp)
                  00006492    00000016                                   : strchr.c.obj (.text:strchr)
                  000064a8    00000014                                   : strcpy.c.obj (.text:strcpy)
                  000064bc    00000014                                   : strlen.c.obj (.text:strlen)
                  000064d0    00000012     TimerA1.obj (.text)
                  000064e2    00000012     rtsv7M4_T_le_v4SPD16_eabi.lib : wcslen.c.obj (.text:wcslen)
                  000064f4    0000000e                                   : copy_decompress_none.c.obj (.text:decompress:none:__TI_decompress_none)
                  00006502    0000000e     startup_msp432p401r_ccs.obj (.text)
                  00006510    0000000c     rtsv7M4_T_le_v4SPD16_eabi.lib : copy_zero_init.c.obj (.text:decompress:ZI:__TI_zero_init)
                  0000651c    00000008                                   : errno.c.obj (.text:__aeabi_errno_addr)
                  00006524    00000008                                   : memory.c.obj (.text:malloc)
                  0000652c    00000004                                   : printf.c.obj (.text:_outc)
                  00006530    00000004                                   : printf.c.obj (.text:_outs)
                  00006534    00000004                                   : pre_init.c.obj (.text:_system_pre_init)
                  00006538    00000004                                   : exit.c.obj (.text:abort:abort)

.const     0    0000653c    00002f69     
                  0000653c    00002000     fixed.obj (.const:SinTab2)
                  0000853c    00000c48     fixed.obj (.const:SinTab)
                  00009184    000001e0     SSD1306.obj (.const:ASCII)
                  00009364    00000101     rtsv7M4_T_le_v4SPD16_eabi.lib : ctype.c.obj (.const:.string:_ctypes_)
                  00009465    00000008     SSD1306.obj (.const:.string:postmask)
                  0000946d    00000008     SSD1306.obj (.const:.string:premask)
                  00009475    00000006     SSD1306.obj (.const:.string:init5)
                  0000947b    00000005     SSD1306.obj (.const:.string:dlist1)
                  00009480    00000004     SSD1306.obj (.const:.string:init1)
                  00009484    00000004     SSD1306.obj (.const:.string:init2)
                  00009488    00000004     SSD1306.obj (.const:.string:init3)
                  0000948c    00000003     SSD1306.obj (.const:.string:init4b)
                  0000948f    00000003     SSD1306.obj (.const:.string:scrollList1b)
                  00009492    00000003     SSD1306.obj (.const:.string:scrollList2b)
                  00009495    00000002     SSD1306.obj (.const:.string:scrollList1a)
                  00009497    00000002     SSD1306.obj (.const:.string:scrollList2a)
                  00009499    00000002     SSD1306.obj (.const:.string:scrollList3a)
                  0000949b    00000002     SSD1306.obj (.const:.string:scrollList3b)
                  0000949d    00000002     SSD1306.obj (.const:.string:scrollList3c)
                  0000949f    00000002     SSD1306.obj (.const:.string:scrollList4a)
                  000094a1    00000002     SSD1306.obj (.const:.string:scrollList4b)
                  000094a3    00000002     SSD1306.obj (.const:.string:scrollList4c)

.cinit     0    000094a8    000000a0     
                  000094a8    0000007b     (.cinit..data.load) [load image, compression = lzss]
                  00009523    00000001     --HOLE-- [fill = 0]
                  00009524    0000000c     (__TI_handler_table)
                  00009530    00000008     (.cinit..bss.load) [load image, compression = zero_init]
                  00009538    00000010     (__TI_cinit_table)

.init_array 
*          0    00000000    00000000     UNINITIALIZED

.binit     0    00000000    00000000     

.bss       0    20000000    00000658     UNINITIALIZED
                  20000000    00000400     (.common:buffer)
                  20000400    00000120     rtsv7M4_T_le_v4SPD16_eabi.lib : trgmsg.c.obj (.bss:_CIOBUF_)
                  20000520    000000a0     (.common:__TI_tmpnams)
                  200005c0    00000008     (.common:Messageb)
                  200005c8    00000008     (.common:parmbuf)
                  200005d0    00000004     (.common:Error)
                  200005d4    00000004     (.common:L)
                  200005d8    00000004     (.common:LastLeftSteps)
                  200005dc    00000004     (.common:LastRightSteps)
                  200005e0    00000004     (.common:LeftSteps)
                  200005e4    00000004     (.common:Lr)
                  200005e8    00000004     (.common:Messageindexb)
                  200005ec    00000004     (.common:MyTheta)
                  200005f0    00000004     (.common:MyX)
                  200005f4    00000004     (.common:MyY)
                  200005f8    00000004     (.common:R)
                  200005fc    00000004     (.common:RightSteps)
                  20000600    00000004     (.common:Robottheta)
                  20000604    00000004     (.common:Robotx)
                  20000608    00000004     (.common:Roboty)
                  2000060c    00000004     (.common:Rr)
                  20000610    00000004     (.common:TotalLeftSteps)
                  20000614    00000004     (.common:TotalRightSteps)
                  20000618    00000004     (.common:badCount)
                  2000061c    00000004     (.common:desiredTh)
                  20000620    00000004     (.common:desiredX)
                  20000624    00000004     (.common:desiredY)
                  20000628    00000004     (.common:dtheta)
                  2000062c    00000004     (.common:dz)
                  20000630    00000004     (.common:goal)
                  20000634    00000004     (.common:lastgoal)
                  20000638    00000004     (.common:result)
                  2000063c    00000004     (.common:rotation)
                  20000640    00000004     (.common:vccstate)
                  20000644    00000002     (.common:LeftTach)
                  20000646    00000002     (.common:RightTach)
                  20000648    00000002     (.common:StartX)
                  2000064a    00000002     (.common:StartY)
                  2000064c    00000002     (.common:Tachometer_FirstLeftTime)
                  2000064e    00000002     (.common:Tachometer_FirstRightTime)
                  20000650    00000002     (.common:Tachometer_SecondLeftTime)
                  20000652    00000002     (.common:Tachometer_SecondRightTime)
                  20000654    00000001     (.common:Action)
                  20000655    00000001     (.common:Goal)
                  20000656    00000001     (.common:LeftDir)
                  20000657    00000001     (.common:RightDir)

.sysmem    0    20000658    00000400     UNINITIALIZED
                  20000658    00000010     rtsv7M4_T_le_v4SPD16_eabi.lib : memory.c.obj (.sysmem)
                  20000668    000003f0     --HOLE--

.data      0    20000a58    00000228     UNINITIALIZED
                  20000a58    000000f0     rtsv7M4_T_le_v4SPD16_eabi.lib : defs.c.obj (.data:_ftable)
                  20000b48    00000078                                   : host_device.c.obj (.data:_device)
                  20000bc0    00000050                                   : host_device.c.obj (.data:_stream)
                  20000c10    00000018     Clock.obj (.data)
                  20000c28    00000010     rtsv7M4_T_le_v4SPD16_eabi.lib : defs.c.obj (.data)
                  20000c38    0000000c                                   : exit.c.obj (.data:$O1$$)
                  20000c44    0000000a     Tachometer.obj (.data)
                  20000c4e    00000002     --HOLE--
                  20000c50    00000008     rtsv7M4_T_le_v4SPD16_eabi.lib : _lock.c.obj (.data:$O1$$)
                  20000c58    00000008                                   : memory.c.obj (.data:$O1$$)
                  20000c60    00000008     odometry.obj (.data)
                  20000c68    00000004     SSD1306.obj (.data)
                  20000c6c    00000004     rtsv7M4_T_le_v4SPD16_eabi.lib : add_device.c.obj (.data)
                  20000c70    00000004                                   : errno.c.obj (.data)
                  20000c74    00000004                                   : fopen.c.obj (.data)
                  20000c78    00000004                                   : open.c.obj (.data)
                  20000c7c    00000004     system_msp432p401r.obj (.data)

.stack     0    2000fe00    00000200     UNINITIALIZED
                  2000fe00    00000004     rtsv7M4_T_le_v4SPD16_eabi.lib : boot_cortex_m.c.obj (.stack)
                  2000fe04    000001fc     --HOLE--

__llvm_prf_cnts 
*          0    20000000    00000000     UNINITIALIZED

MODULE SUMMARY

       Module                        code    ro data   rw data
       ------                        ----    -------   -------
    .\
       fixed.obj                     560     11336     0      
       SSD1306.obj                   4928    544       2080   
       odometry.obj                  3064    0         232    
       UART0.obj                     1736    0         24     
       PWM.obj                       1008    0         0      
       system_msp432p401r.obj        812     0         8      
       Clock.obj                     480     0         48     
       Motor.obj                     396     0         0      
       Tachometer.obj                316     0         36     
       OdometryTest-Bronco.obj       296     0         8      
       LaunchPad.obj                 248     0         0      
       startup_msp432p401r_ccs.obj   14      228       0      
       Bump.obj                      108     0         0      
       blinker.obj                   88      0         0      
       TA3InputCapture.obj           40      0         0      
       TimerA1.obj                   18      0         0      
    +--+-----------------------------+-------+---------+---------+
       Total:                        14112   12108     2436   
                                                              
    C:\ti\ccs1210\ccs\tools\compiler\ti-cgt-arm_20.2.7.LTS\lib\rtsv7M4_T_le_v4SPD16_eabi.lib
       _printfi.c.obj                4851    0         0      
       defs.c.obj                    0       0         832    
       memory.c.obj                  672     0         16     
       trgmsg.c.obj                  108     0         576    
       fopen.c.obj                   532     0         8      
       fd_add_t2.asm.obj             438     0         0      
       host_device.c.obj             0       0         400    
       fd_div_t2.asm.obj             310     0         0      
       fputs.c.obj                   276     0         0      
       s_scalbn.c.obj                272     0         0      
       fd_cmp_t2.asm.obj             268     0         0      
       ctype.c.obj                   0       257       0      
       fd_mul_t2.asm.obj             252     0         0      
       setvbuf.c.obj                 220     0         0      
       open.c.obj                    188     0         8      
       add_device.c.obj              184     0         8      
       memcpy_t2.asm.obj             156     0         0      
       ull_div_t2.asm.obj            150     0         0      
       fputc.c.obj                   140     0         0      
       memset_t2.asm.obj             122     0         0      
       fclose.c.obj                  116     0         0      
       getdevice.c.obj               116     0         0      
       hostopen.c.obj                96      0         16     
       printf.c.obj                  112     0         0      
       hostrename.c.obj              108     0         0      
       copy_decompress_lzss.c.obj    104     0         0      
       hostlseek.c.obj               104     0         0      
       exit.c.obj                    76      0         24     
       fseek.c.obj                   100     0         0      
       s_frexp.c.obj                 100     0         0      
       _io_perm.c.obj                98      0         0      
       close.c.obj                   92      0         0      
       hostread.c.obj                88      0         0      
       hostwrite.c.obj               88      0         0      
       _ltoa.c.obj                   84      0         0      
       atoi.c.obj                    76      0         0      
       fflush.c.obj                  76      0         0      
       fd_toi_t2.asm.obj             72      0         0      
       autoinit.c.obj                68      0         0      
       hostclose.c.obj               68      0         0      
       hostunlink.c.obj              68      0         0      
       strncpy.c.obj                 54      0         0      
       boot_cortex_m.c.obj           52      0         0      
       i_tofd_t2.asm.obj             46      0         0      
       unlink.c.obj                  44      0         0      
       lseek.c.obj                   40      0         0      
       write.c.obj                   40      0         0      
       memchr.c.obj                  32      0         0      
       memccpy.c.obj                 28      0         0      
       s_copysign.c.obj              26      0         0      
       strcmp.c.obj                  24      0         0      
       strchr.c.obj                  22      0         0      
       strcpy.c.obj                  20      0         0      
       strlen.c.obj                  20      0         0      
       _lock.c.obj                   2       0         16     
       wcslen.c.obj                  18      0         0      
       errno.c.obj                   8       0         8      
       copy_decompress_none.c.obj    14      0         0      
       copy_zero_init.c.obj          12      0         0      
       pre_init.c.obj                4       0         0      
       div0.asm.obj                  2       0         0      
    +--+-----------------------------+-------+---------+---------+
       Total:                        11557   257       1912   
                                                              
       Heap:                         0       0         2048   
       Stack:                        0       0         1024   
       Linker Generated:             0       159       0      
    +--+-----------------------------+-------+---------+---------+
       Grand Total:                  25669   12524     7420   


LINKER GENERATED COPY TABLES

__TI_cinit_table @ 00009538 records: 2, size/record: 8, table size: 16
	.data: load addr=000094a8, load size=0000007b bytes, run addr=20000a58, run size=00000228 bytes, compression=lzss
	.bss: load addr=00009530, load size=00000008 bytes, run addr=20000000, run size=00000658 bytes, compression=zero_init


LINKER GENERATED HANDLER TABLE

__TI_handler_table @ 00009524 records: 3, size/record: 4, table size: 12
	index: 0, handler: __TI_decompress_lzss
	index: 1, handler: __TI_decompress_none
	index: 2, handler: __TI_zero_init


GLOBAL SYMBOLS: SORTED ALPHABETICALLY BY Name 

address   name                           
-------   ----                           
0000650f  ADC14_IRQHandler               
0000650f  AES256_IRQHandler              
20000654  Action                         
00005dd1  Blinker_Init                   
00005dfb  Blinker_Output                 
00005929  Bump_Init                      
00005973  Bump_Read                      
0000650f  BusFault_Handler               
00006539  C$$EXIT                        
000061cb  C$$IO$$                        
0000650f  COMP_E0_IRQHandler             
0000650f  COMP_E1_IRQHandler             
20000c18  CPMwait                        
0000650f  CS_IRQHandler                  
00001fbd  CheckGoal                      
20000c10  ClockFrequency                 
00003e45  Clock_Delay1ms                 
00003e1b  Clock_Delay1us                 
00003e07  Clock_GetFreq                  
00003cf1  Clock_Init48MHz                
20000c24  Crystalstable                  
20000c68  CurrentX                       
20000c6a  CurrentY                       
0000650f  DMA_ERR_IRQHandler             
0000650f  DMA_INT0_IRQHandler            
0000650f  DMA_INT1_IRQHandler            
0000650f  DMA_INT2_IRQHandler            
0000650f  DMA_INT3_IRQHandler            
0000650f  DebugMon_Handler               
0000650f  Default_Handler                
000017e5  Display                        
000018eb  Display_Serial                 
0000650f  EUSCIA0_IRQHandler             
0000650f  EUSCIA1_IRQHandler             
0000650f  EUSCIA2_IRQHandler             
0000650f  EUSCIA3_IRQHandler             
0000650f  EUSCIB0_IRQHandler             
0000650f  EUSCIB1_IRQHandler             
0000650f  EUSCIB2_IRQHandler             
0000650f  EUSCIB3_IRQHandler             
200005d0  Error                          
0000650f  FLCTL_IRQHandler               
0000650f  FPU_IRQHandler                 
00001a5b  Forward                        
00001b23  ForwardUntilCrash              
00001f1d  ForwardUntilThStatus           
00001b97  ForwardUntilX                  
00001c19  ForwardUntilXStart             
00001c93  ForwardUntilXStatus            
00001d0d  ForwardUntilY                  
00001d8d  ForwardUntilYStart             
00001dbb  ForwardUntilYStatus            
20000655  Goal                           
0000604d  HOSTclose                      
00005a01  HOSTlseek                      
00005c65  HOSTopen                       
00005d21  HOSTread                       
00005995  HOSTrename                     
00006091  HOSTunlink                     
00005d79  HOSTwrite                      
0000650f  HardFault_Handler              
00001a7b  HardLeft                       
00001a9b  HardRight                      
20000c20  IFlags                         
200005d4  L                              
200005d8  LastLeftSteps                  
200005dc  LastRightSteps                 
00004f11  LaunchPad_Init                 
00004f81  LaunchPad_Input                
00004f9f  LaunchPad_LED                  
00004fbd  LaunchPad_Output               
20000656  LeftDir                        
200005e0  LeftSteps                      
20000644  LeftTach                       
200005e4  Lr                             
0000650f  MemManage_Handler              
200005c0  Messageb                       
200005e8  Messageindexb                  
20000c60  MotorFast                      
20000c64  MotorSlow                      
00004393  Motor_Backward                 
00004307  Motor_Forward                  
00004259  Motor_Init                     
00004365  Motor_Left                     
00004337  Motor_Right                    
000042ed  Motor_Stop                     
200005ec  MyTheta                        
200005f0  MyX                            
200005f4  MyY                            
0000650f  NMI_Handler                    
00001711  Odometry_Get                   
00001701  Odometry_GetAngle              
000016f5  Odometry_GetX                  
000016fb  Odometry_GetY                  
0000143d  Odometry_Init                  
00001425  Odometry_SetPower              
0000145d  Odometry_Update                
0000650f  PCM_IRQHandler                 
0000650f  PORT1_IRQHandler               
0000650f  PORT2_IRQHandler               
0000650f  PORT3_IRQHandler               
0000650f  PORT4_IRQHandler               
0000650f  PORT5_IRQHandler               
0000650f  PORT6_IRQHandler               
0000650f  PSS_IRQHandler                 
000032b3  PWM_Duty1                      
000032d3  PWM_Duty2                      
0000328b  PWM_Duty3                      
0000329f  PWM_Duty4                      
00003135  PWM_Init1                      
0000319b  PWM_Init12                     
0000321f  PWM_Init34                     
0000341b  PWM_RobotArmDuty0              
00003441  PWM_RobotArmDuty1              
00003467  PWM_RobotArmDuty2              
0000343b  PWM_RobotArmGetDuty0           
00003461  PWM_RobotArmGetDuty1           
00003487  PWM_RobotArmGetDuty2           
000032f3  PWM_RobotArmInit               
0000650f  PendSV_Handler                 
20000c1c  Postwait                       
20000c14  Prewait                        
200005f8  R                              
0000650f  RTC_C_IRQHandler               
00006503  Reset_Handler                  
20000657  RightDir                       
200005fc  RightSteps                     
20000646  RightTach                      
20000600  Robottheta                     
20000604  Robotx                         
20000608  Roboty                         
2000060c  Rr                             
00000501  SSD1306_Clear                  
000004c1  SSD1306_ClearBuffer            
00000f1d  SSD1306_Dim                    
00000dd7  SSD1306_DisplayBuffer          
000003c3  SSD1306_DrawChar               
00000799  SSD1306_DrawFastHLine          
000009bd  SSD1306_DrawFastVLine          
00000555  SSD1306_DrawFullImage          
00000255  SSD1306_DrawPixel              
00000471  SSD1306_DrawString             
00000dd3  SSD1306_GetBuffer              
00000cd5  SSD1306_GetPixel               
0000014f  SSD1306_Init                   
00000f07  SSD1306_InvertDisplay          
00000fc9  SSD1306_OutChar                
000012cb  SSD1306_OutHex7                
00001105  SSD1306_OutSDec                
000011dd  SSD1306_OutSFix1               
000010ef  SSD1306_OutString              
000010f9  SSD1306_OutUDec                
00001329  SSD1306_OutUDec16              
000013c5  SSD1306_OutUDec2               
00001129  SSD1306_OutUFix1               
00001301  SSD1306_OutUHex7               
000005b9  SSD1306_PrintBMP               
00000f4f  SSD1306_SetCursor              
000008ab  SSD1306_drawFastHLineInternal  
00000ad5  SSD1306_drawFastVLineInternal  
00000ebd  SSD1306_startscrolldiagleft    
00000e79  SSD1306_startscrolldiagright   
00000e43  SSD1306_startscrollleft        
00000e11  SSD1306_startscrollright       
00000efd  SSD1306_stopscroll             
0000650f  SVC_Handler                    
0000853c  SinTab                         
0000653c  SinTab2                        
00001ac1  SoftLeft                       
00001e35  SoftLeftUntilTh                
00001eed  SoftLeftUntilThStart           
00001ae5  SoftRight                      
20000648  StartX                         
2000064a  StartY                         
00001a45  StopUntilBumperTouched         
0000650f  SysTick_Handler                
20000c7c  SystemCoreClock                
00003525  SystemCoreClockUpdate          
00003799  SystemInit                     
0000650f  T32_INT1_IRQHandler            
0000650f  T32_INT2_IRQHandler            
0000650f  T32_INTC_IRQHandler            
0000650f  TA0_0_IRQHandler               
0000650f  TA0_N_IRQHandler               
000064e1  TA1_0_IRQHandler               
000064e1  TA1_0_IRQHandler               
0000650f  TA1_N_IRQHandler               
0000650f  TA2_0_IRQHandler               
0000650f  TA2_N_IRQHandler               
00006381  TA3_0_IRQHandler               
00006381  TA3_0_IRQHandler               
00006383  TA3_N_IRQHandler               
00006383  TA3_N_IRQHandler               
2000064c  Tachometer_FirstLeftTime       
2000064e  Tachometer_FirstRightTime      
0000449b  Tachometer_Get                 
00004471  Tachometer_Init                
20000c4d  Tachometer_LeftDir             
20000c48  Tachometer_LeftSteps           
20000c4c  Tachometer_RightDir            
20000c44  Tachometer_RightSteps          
20000650  Tachometer_SecondLeftTime      
20000652  Tachometer_SecondRightTime     
000064d1  TimerA1_Init                   
000064df  TimerA1_Stop                   
00006375  TimerA3Capture_Init01          
00006385  TimerA3Capture_Init02          
20000610  TotalLeftSteps                 
20000614  TotalRightSteps                
00002ab5  UART0_InChar                   
00002f49  UART0_InString                 
00002aff  UART0_InUDec                   
00002dfd  UART0_InUHex                   
00002a6d  UART0_Init                     
000030a9  UART0_Initprintf               
00002ac5  UART0_OutChar                  
00002bb3  UART0_OutSDec                  
00002ae1  UART0_OutString                
00002b83  UART0_OutUDec                  
00002cf9  UART0_OutUDec4                 
00002d51  UART0_OutUDec5                 
00002d89  UART0_OutUFix1                 
00002db1  UART0_OutUFix2                 
00002ec1  UART0_OutUHex                  
00002f2d  UART0_OutUHex2                 
00001771  UpdatePosition                 
0000650f  UsageFault_Handler             
4000480c  WDTCTL_SYM                     
0000650f  WDT_A_IRQHandler               
000019d1  WaitUntilBumperTouched         
20000400  __CIOBUF_                      
20010000  __STACK_END                    
00000200  __STACK_SIZE                   
00000400  __SYSMEM_SIZE                  
00009538  __TI_CINIT_Base                
00009548  __TI_CINIT_Limit               
00009524  __TI_Handler_Table_Base        
00009530  __TI_Handler_Table_Limit       
000060d5  __TI_auto_init_nobinit_nopinit 
0000620d  __TI_cleanup                   
20000c38  __TI_cleanup_ptr               
000057d5  __TI_closefile                 
00005a69  __TI_decompress_lzss           
000064f5  __TI_decompress_none           
00005f25  __TI_doflush                   
20000c3c  __TI_dtors_ptr                 
20000c40  __TI_enable_exit_profile_output
20000c28  __TI_ft_end                    
00005e7f  __TI_ltoa                      
ffffffff  __TI_pprof_out_hndl            
0000201d  __TI_printfi                   
ffffffff  __TI_prof_data_size            
ffffffff  __TI_prof_data_start           
00006241  __TI_readmsg                   
00000000  __TI_static_base__             
20000520  __TI_tmpnams                   
0000619d  __TI_writemsg                  
00005c01  __TI_wrt_ok                    
00006511  __TI_zero_init                 
0000564d  __aeabi_cdcmpeq                
0000564d  __aeabi_cdcmple                
000056d3  __aeabi_cdrcmple               
00006005  __aeabi_d2iz                   
000040ab  __aeabi_dadd                   
0000465d  __aeabi_ddiv                   
00004e15  __aeabi_dmul                   
000040a1  __aeabi_dsub                   
0000651d  __aeabi_errno_addr             
0000630d  __aeabi_i2d                    
00004257  __aeabi_idiv0                  
00004257  __aeabi_ldiv0                  
00005759  __aeabi_memclr                 
00005759  __aeabi_memclr4                
00005759  __aeabi_memclr8                
0000548d  __aeabi_memcpy                 
0000548d  __aeabi_memcpy4                
0000548d  __aeabi_memcpy8                
0000575b  __aeabi_memset                 
0000575b  __aeabi_memset4                
0000575b  __aeabi_memset8                
20000c34  __aeabi_stderr                 
20000c2c  __aeabi_stdin                  
20000c30  __aeabi_stdout                 
00005529  __aeabi_uldivmod               
ffffffff  __binit__                      
ffffffff  __c_args__                     
UNDEFED   __mpu_init                     
2000fe00  __stack                        
20000000  __start___llvm_prf_cnts        
20000000  __stop___llvm_prf_cnts         
00006275  _c_int00_noargs                
00009364  _ctypes_                       
20000b48  _device                        
20000a58  _ftable                        
20000c50  _lock                          
00002a6b  _nop                           
20000bc0  _stream                        
20000658  _sys_memory                    
UNDEFED   _system_post_cinit             
00006535  _system_pre_init               
20000c54  _unlock                        
00006539  abort                          
0000174d  abs                            
00005285  add_device                     
00004d15  aligned_alloc                  
00005f71  atoi                           
20000618  badCount                       
ffffffff  binit                          
20000000  buffer                         
00005cc5  close                          
00006461  copysign                       
00006461  copysignl                      
00003e0d  delay                          
2000061c  desiredTh                      
20000620  desiredX                       
20000624  desiredY                       
20000628  dtheta                         
2000062c  dz                             
20000c70  errno                          
00005fbd  exit                           
00002fe3  ferror                         
00002fc3  fgetc                          
000062dd  finddevice                     
00003b39  fixed_cos                      
00003c43  fixed_cos2                     
00003ac1  fixed_sin                      
00003bb5  fixed_sin2                     
000053f1  fopen                          
000055c1  fputc                          
000049e1  fputs                          
00005009  free                           
000062a9  freopen                        
00005b39  frexp                          
00005b39  frexpl                         
00005b9d  fseek                          
00006119  getdevice                      
20000630  goal                           
00000000  interruptVectors               
20000634  lastgoal                       
00004c05  ldexp                          
00004c05  ldexpl                         
000063b9  lseek                          
00004795  main                           
00006525  malloc                         
00004d15  memalign                       
00006445  memccpy                        
00006409  memchr                         
0000548d  memcpy                         
00005761  memset                         
000051c9  open                           
00002f05  outnibble                      
200005c8  parmbuf                        
00005ad1  printf                         
000055c1  putc                           
0000633d  remove                         
20000638  result                         
2000063c  rotation                       
00004c05  scalbn                         
00004c05  scalbnl                        
000050ed  setvbuf                        
000000f1  ssd1306_Testcommandwrite       
00000107  ssd1306_command                
00000117  ssd1306_command1               
00000127  ssd1306_commandList            
00006493  strchr                         
0000647b  strcmp                         
000064a9  strcpy                         
000064bd  strlen                         
000061d5  strncpy                        
00006369  ta3dummy                       
0000442b  tachometerLeftInt              
000043e5  tachometerRightInt             
00003001  uart_close                     
0000307f  uart_lseek                     
00002ff1  uart_open                      
00003013  uart_read                      
0000309b  uart_rename                    
0000308f  uart_unlink                    
0000303d  uart_write                     
0000633d  unlink                         
20000640  vccstate                       
000064e3  wcslen                         
000063e1  write                          


GLOBAL SYMBOLS: SORTED BY Symbol Address 

address   name                           
-------   ----                           
00000000  __TI_static_base__             
00000000  interruptVectors               
000000f1  ssd1306_Testcommandwrite       
00000107  ssd1306_command                
00000117  ssd1306_command1               
00000127  ssd1306_commandList            
0000014f  SSD1306_Init                   
00000200  __STACK_SIZE                   
00000255  SSD1306_DrawPixel              
000003c3  SSD1306_DrawChar               
00000400  __SYSMEM_SIZE                  
00000471  SSD1306_DrawString             
000004c1  SSD1306_ClearBuffer            
00000501  SSD1306_Clear                  
00000555  SSD1306_DrawFullImage          
000005b9  SSD1306_PrintBMP               
00000799  SSD1306_DrawFastHLine          
000008ab  SSD1306_drawFastHLineInternal  
000009bd  SSD1306_DrawFastVLine          
00000ad5  SSD1306_drawFastVLineInternal  
00000cd5  SSD1306_GetPixel               
00000dd3  SSD1306_GetBuffer              
00000dd7  SSD1306_DisplayBuffer          
00000e11  SSD1306_startscrollright       
00000e43  SSD1306_startscrollleft        
00000e79  SSD1306_startscrolldiagright   
00000ebd  SSD1306_startscrolldiagleft    
00000efd  SSD1306_stopscroll             
00000f07  SSD1306_InvertDisplay          
00000f1d  SSD1306_Dim                    
00000f4f  SSD1306_SetCursor              
00000fc9  SSD1306_OutChar                
000010ef  SSD1306_OutString              
000010f9  SSD1306_OutUDec                
00001105  SSD1306_OutSDec                
00001129  SSD1306_OutUFix1               
000011dd  SSD1306_OutSFix1               
000012cb  SSD1306_OutHex7                
00001301  SSD1306_OutUHex7               
00001329  SSD1306_OutUDec16              
000013c5  SSD1306_OutUDec2               
00001425  Odometry_SetPower              
0000143d  Odometry_Init                  
0000145d  Odometry_Update                
000016f5  Odometry_GetX                  
000016fb  Odometry_GetY                  
00001701  Odometry_GetAngle              
00001711  Odometry_Get                   
0000174d  abs                            
00001771  UpdatePosition                 
000017e5  Display                        
000018eb  Display_Serial                 
000019d1  WaitUntilBumperTouched         
00001a45  StopUntilBumperTouched         
00001a5b  Forward                        
00001a7b  HardLeft                       
00001a9b  HardRight                      
00001ac1  SoftLeft                       
00001ae5  SoftRight                      
00001b23  ForwardUntilCrash              
00001b97  ForwardUntilX                  
00001c19  ForwardUntilXStart             
00001c93  ForwardUntilXStatus            
00001d0d  ForwardUntilY                  
00001d8d  ForwardUntilYStart             
00001dbb  ForwardUntilYStatus            
00001e35  SoftLeftUntilTh                
00001eed  SoftLeftUntilThStart           
00001f1d  ForwardUntilThStatus           
00001fbd  CheckGoal                      
0000201d  __TI_printfi                   
00002a6b  _nop                           
00002a6d  UART0_Init                     
00002ab5  UART0_InChar                   
00002ac5  UART0_OutChar                  
00002ae1  UART0_OutString                
00002aff  UART0_InUDec                   
00002b83  UART0_OutUDec                  
00002bb3  UART0_OutSDec                  
00002cf9  UART0_OutUDec4                 
00002d51  UART0_OutUDec5                 
00002d89  UART0_OutUFix1                 
00002db1  UART0_OutUFix2                 
00002dfd  UART0_InUHex                   
00002ec1  UART0_OutUHex                  
00002f05  outnibble                      
00002f2d  UART0_OutUHex2                 
00002f49  UART0_InString                 
00002fc3  fgetc                          
00002fe3  ferror                         
00002ff1  uart_open                      
00003001  uart_close                     
00003013  uart_read                      
0000303d  uart_write                     
0000307f  uart_lseek                     
0000308f  uart_unlink                    
0000309b  uart_rename                    
000030a9  UART0_Initprintf               
00003135  PWM_Init1                      
0000319b  PWM_Init12                     
0000321f  PWM_Init34                     
0000328b  PWM_Duty3                      
0000329f  PWM_Duty4                      
000032b3  PWM_Duty1                      
000032d3  PWM_Duty2                      
000032f3  PWM_RobotArmInit               
0000341b  PWM_RobotArmDuty0              
0000343b  PWM_RobotArmGetDuty0           
00003441  PWM_RobotArmDuty1              
00003461  PWM_RobotArmGetDuty1           
00003467  PWM_RobotArmDuty2              
00003487  PWM_RobotArmGetDuty2           
00003525  SystemCoreClockUpdate          
00003799  SystemInit                     
00003ac1  fixed_sin                      
00003b39  fixed_cos                      
00003bb5  fixed_sin2                     
00003c43  fixed_cos2                     
00003cf1  Clock_Init48MHz                
00003e07  Clock_GetFreq                  
00003e0d  delay                          
00003e1b  Clock_Delay1us                 
00003e45  Clock_Delay1ms                 
000040a1  __aeabi_dsub                   
000040ab  __aeabi_dadd                   
00004257  __aeabi_idiv0                  
00004257  __aeabi_ldiv0                  
00004259  Motor_Init                     
000042ed  Motor_Stop                     
00004307  Motor_Forward                  
00004337  Motor_Right                    
00004365  Motor_Left                     
00004393  Motor_Backward                 
000043e5  tachometerRightInt             
0000442b  tachometerLeftInt              
00004471  Tachometer_Init                
0000449b  Tachometer_Get                 
0000465d  __aeabi_ddiv                   
00004795  main                           
000049e1  fputs                          
00004c05  ldexp                          
00004c05  ldexpl                         
00004c05  scalbn                         
00004c05  scalbnl                        
00004d15  aligned_alloc                  
00004d15  memalign                       
00004e15  __aeabi_dmul                   
00004f11  LaunchPad_Init                 
00004f81  LaunchPad_Input                
00004f9f  LaunchPad_LED                  
00004fbd  LaunchPad_Output               
00005009  free                           
000050ed  setvbuf                        
000051c9  open                           
00005285  add_device                     
000053f1  fopen                          
0000548d  __aeabi_memcpy                 
0000548d  __aeabi_memcpy4                
0000548d  __aeabi_memcpy8                
0000548d  memcpy                         
00005529  __aeabi_uldivmod               
000055c1  fputc                          
000055c1  putc                           
0000564d  __aeabi_cdcmpeq                
0000564d  __aeabi_cdcmple                
000056d3  __aeabi_cdrcmple               
00005759  __aeabi_memclr                 
00005759  __aeabi_memclr4                
00005759  __aeabi_memclr8                
0000575b  __aeabi_memset                 
0000575b  __aeabi_memset4                
0000575b  __aeabi_memset8                
00005761  memset                         
000057d5  __TI_closefile                 
00005929  Bump_Init                      
00005973  Bump_Read                      
00005995  HOSTrename                     
00005a01  HOSTlseek                      
00005a69  __TI_decompress_lzss           
00005ad1  printf                         
00005b39  frexp                          
00005b39  frexpl                         
00005b9d  fseek                          
00005c01  __TI_wrt_ok                    
00005c65  HOSTopen                       
00005cc5  close                          
00005d21  HOSTread                       
00005d79  HOSTwrite                      
00005dd1  Blinker_Init                   
00005dfb  Blinker_Output                 
00005e7f  __TI_ltoa                      
00005f25  __TI_doflush                   
00005f71  atoi                           
00005fbd  exit                           
00006005  __aeabi_d2iz                   
0000604d  HOSTclose                      
00006091  HOSTunlink                     
000060d5  __TI_auto_init_nobinit_nopinit 
00006119  getdevice                      
0000619d  __TI_writemsg                  
000061cb  C$$IO$$                        
000061d5  strncpy                        
0000620d  __TI_cleanup                   
00006241  __TI_readmsg                   
00006275  _c_int00_noargs                
000062a9  freopen                        
000062dd  finddevice                     
0000630d  __aeabi_i2d                    
0000633d  remove                         
0000633d  unlink                         
00006369  ta3dummy                       
00006375  TimerA3Capture_Init01          
00006381  TA3_0_IRQHandler               
00006381  TA3_0_IRQHandler               
00006383  TA3_N_IRQHandler               
00006383  TA3_N_IRQHandler               
00006385  TimerA3Capture_Init02          
000063b9  lseek                          
000063e1  write                          
00006409  memchr                         
00006445  memccpy                        
00006461  copysign                       
00006461  copysignl                      
0000647b  strcmp                         
00006493  strchr                         
000064a9  strcpy                         
000064bd  strlen                         
000064d1  TimerA1_Init                   
000064df  TimerA1_Stop                   
000064e1  TA1_0_IRQHandler               
000064e1  TA1_0_IRQHandler               
000064e3  wcslen                         
000064f5  __TI_decompress_none           
00006503  Reset_Handler                  
0000650f  ADC14_IRQHandler               
0000650f  AES256_IRQHandler              
0000650f  BusFault_Handler               
0000650f  COMP_E0_IRQHandler             
0000650f  COMP_E1_IRQHandler             
0000650f  CS_IRQHandler                  
0000650f  DMA_ERR_IRQHandler             
0000650f  DMA_INT0_IRQHandler            
0000650f  DMA_INT1_IRQHandler            
0000650f  DMA_INT2_IRQHandler            
0000650f  DMA_INT3_IRQHandler            
0000650f  DebugMon_Handler               
0000650f  Default_Handler                
0000650f  EUSCIA0_IRQHandler             
0000650f  EUSCIA1_IRQHandler             
0000650f  EUSCIA2_IRQHandler             
0000650f  EUSCIA3_IRQHandler             
0000650f  EUSCIB0_IRQHandler             
0000650f  EUSCIB1_IRQHandler             
0000650f  EUSCIB2_IRQHandler             
0000650f  EUSCIB3_IRQHandler             
0000650f  FLCTL_IRQHandler               
0000650f  FPU_IRQHandler                 
0000650f  HardFault_Handler              
0000650f  MemManage_Handler              
0000650f  NMI_Handler                    
0000650f  PCM_IRQHandler                 
0000650f  PORT1_IRQHandler               
0000650f  PORT2_IRQHandler               
0000650f  PORT3_IRQHandler               
0000650f  PORT4_IRQHandler               
0000650f  PORT5_IRQHandler               
0000650f  PORT6_IRQHandler               
0000650f  PSS_IRQHandler                 
0000650f  PendSV_Handler                 
0000650f  RTC_C_IRQHandler               
0000650f  SVC_Handler                    
0000650f  SysTick_Handler                
0000650f  T32_INT1_IRQHandler            
0000650f  T32_INT2_IRQHandler            
0000650f  T32_INTC_IRQHandler            
0000650f  TA0_0_IRQHandler               
0000650f  TA0_N_IRQHandler               
0000650f  TA1_N_IRQHandler               
0000650f  TA2_0_IRQHandler               
0000650f  TA2_N_IRQHandler               
0000650f  UsageFault_Handler             
0000650f  WDT_A_IRQHandler               
00006511  __TI_zero_init                 
0000651d  __aeabi_errno_addr             
00006525  malloc                         
00006535  _system_pre_init               
00006539  C$$EXIT                        
00006539  abort                          
0000653c  SinTab2                        
0000853c  SinTab                         
00009364  _ctypes_                       
00009524  __TI_Handler_Table_Base        
00009530  __TI_Handler_Table_Limit       
00009538  __TI_CINIT_Base                
00009548  __TI_CINIT_Limit               
20000000  __start___llvm_prf_cnts        
20000000  __stop___llvm_prf_cnts         
20000000  buffer                         
20000400  __CIOBUF_                      
20000520  __TI_tmpnams                   
200005c0  Messageb                       
200005c8  parmbuf                        
200005d0  Error                          
200005d4  L                              
200005d8  LastLeftSteps                  
200005dc  LastRightSteps                 
200005e0  LeftSteps                      
200005e4  Lr                             
200005e8  Messageindexb                  
200005ec  MyTheta                        
200005f0  MyX                            
200005f4  MyY                            
200005f8  R                              
200005fc  RightSteps                     
20000600  Robottheta                     
20000604  Robotx                         
20000608  Roboty                         
2000060c  Rr                             
20000610  TotalLeftSteps                 
20000614  TotalRightSteps                
20000618  badCount                       
2000061c  desiredTh                      
20000620  desiredX                       
20000624  desiredY                       
20000628  dtheta                         
2000062c  dz                             
20000630  goal                           
20000634  lastgoal                       
20000638  result                         
2000063c  rotation                       
20000640  vccstate                       
20000644  LeftTach                       
20000646  RightTach                      
20000648  StartX                         
2000064a  StartY                         
2000064c  Tachometer_FirstLeftTime       
2000064e  Tachometer_FirstRightTime      
20000650  Tachometer_SecondLeftTime      
20000652  Tachometer_SecondRightTime     
20000654  Action                         
20000655  Goal                           
20000656  LeftDir                        
20000657  RightDir                       
20000658  _sys_memory                    
20000a58  _ftable                        
20000b48  _device                        
20000bc0  _stream                        
20000c10  ClockFrequency                 
20000c14  Prewait                        
20000c18  CPMwait                        
20000c1c  Postwait                       
20000c20  IFlags                         
20000c24  Crystalstable                  
20000c28  __TI_ft_end                    
20000c2c  __aeabi_stdin                  
20000c30  __aeabi_stdout                 
20000c34  __aeabi_stderr                 
20000c38  __TI_cleanup_ptr               
20000c3c  __TI_dtors_ptr                 
20000c40  __TI_enable_exit_profile_output
20000c44  Tachometer_RightSteps          
20000c48  Tachometer_LeftSteps           
20000c4c  Tachometer_RightDir            
20000c4d  Tachometer_LeftDir             
20000c50  _lock                          
20000c54  _unlock                        
20000c60  MotorFast                      
20000c64  MotorSlow                      
20000c68  CurrentX                       
20000c6a  CurrentY                       
20000c70  errno                          
20000c7c  SystemCoreClock                
2000fe00  __stack                        
20010000  __STACK_END                    
4000480c  WDTCTL_SYM                     
ffffffff  __TI_pprof_out_hndl            
ffffffff  __TI_prof_data_size            
ffffffff  __TI_prof_data_start           
ffffffff  __binit__                      
ffffffff  __c_args__                     
ffffffff  binit                          
UNDEFED   __mpu_init                     
UNDEFED   _system_post_cinit             

[383 symbols]
