******************************************************************************
                  TI ARM Linker PC v20.2.7                     
******************************************************************************
>> Linked Sun Apr 23 13:55:17 2023

OUTPUT FILE NAME:   <_Hulk_Master.out>
ENTRY POINT SYMBOL: "_c_int00_noargs"  address: 0000378d


MEMORY CONFIGURATION

         name            origin    length      used     unused   attr    fill
----------------------  --------  ---------  --------  --------  ----  --------
  MAIN                  00000000   00040000  00003a0e  0003c5f2  R  X
  INFO                  00200000   00004000  00000000  00004000  R  X
  SRAM_CODE             01000000   00010000  00003a88  0000c578  RW X
  SRAM_DATA             20000000   00010000  00003a88  0000c578  RW  


SEGMENT ALLOCATION MAP

run origin  load origin   length   init length attrs members
----------  ----------- ---------- ----------- ----- -------
00000000    00000000    00003a10   00003a10    r-x
  00000000    00000000    000000e4   000000e4    r-- .intvecs
  000000e4    000000e4    0000388a   0000388a    r-x .text
  00003970    00003970    000000a0   000000a0    r-- .cinit
20000000    20000000    0000388c   00000000    rw-
  20000000    20000000    0000326c   00000000    rw- .bss
  20003270    20003270    00000400   00000000    rw- .sysmem
  20003670    20003670    0000021c   00000000    rw- .data
2000fe00    2000fe00    00000200   00000000    rw-
  2000fe00    2000fe00    00000200   00000000    rw- .stack


SECTION ALLOCATION MAP

 output                                  attributes/
section   page    origin      length       input sections
--------  ----  ----------  ----------   ----------------
.intvecs   0    00000000    000000e4     
                  00000000    000000e4     startup_msp432p401r_ccs.obj (.intvecs:retain)

.text      0    000000e4    0000388a     
                  000000e4    00000808     main.obj (.text)
                  000008ec    000006c8     UART0.obj (.text)
                  00000fb4    000005d0     LPF.obj (.text)
                  00001584    0000051c     opt3101.obj (.text)
                  00001aa0    000003f0     PWM.obj (.text)
                  00001e90    000003a8     I2CB1.obj (.text)
                  00002238    00000334     system_msp432p401r.obj (.text)
                  0000256c    000001e0     Clock.obj (.text)
                  0000274c    0000018c     Motor.obj (.text)
                  000028d8    00000110     rtsv7M4_T_le_v4SPD16_eabi.lib : fopen.c.obj (.text:_openfile)
                  000029e8    00000100                                   : memory.c.obj (.text:aligned_alloc)
                  00002ae8    000000f8     LaunchPad.obj (.text)
                  00002be0    000000e4     rtsv7M4_T_le_v4SPD16_eabi.lib : memory.c.obj (.text:free)
                  00002cc4    000000dc                                   : setvbuf.c.obj (.text:setvbuf)
                  00002da0    000000bc     BumpInt.obj (.text)
                  00002e5c    000000bc     rtsv7M4_T_le_v4SPD16_eabi.lib : open.c.obj (.text:open)
                  00002f18    000000b8                                   : add_device.c.obj (.text:add_device)
                  00002fd0    0000009c                                   : fopen.c.obj (.text:fopen)
                  0000306c    0000009c                                   : memcpy_t2.asm.obj (.text)
                  00003108    0000007a                                   : memset_t2.asm.obj (.text)
                  00003182    00000002                                   : _lock.c.obj (.text:_nop)
                  00003184    00000074                                   : fclose.c.obj (.text:__TI_closefile)
                  000031f8    00000070                                   : memory.c.obj (.text:split)
                  00003268    0000006c                                   : hostrename.c.obj (.text:HOSTrename)
                  000032d4    00000068                                   : hostlseek.c.obj (.text:HOSTlseek)
                  0000333c    00000068                                   : copy_decompress_lzss.c.obj (.text:decompress:lzss:__TI_decompress_lzss)
                  000033a4    00000060                                   : hostopen.c.obj (.text:HOSTopen)
                  00003404    0000005c                                   : close.c.obj (.text:close)
                  00003460    00000058                                   : hostread.c.obj (.text:HOSTread)
                  000034b8    00000058                                   : hostwrite.c.obj (.text:HOSTwrite)
                  00003510    0000004c                                   : fflush.c.obj (.text:__TI_doflush)
                  0000355c    00000048                                   : exit.c.obj (.text:exit)
                  000035a4    00000044                                   : hostclose.c.obj (.text:HOSTclose)
                  000035e8    00000044                                   : hostunlink.c.obj (.text:HOSTunlink)
                  0000362c    00000044                                   : autoinit.c.obj (.text:__TI_auto_init_nobinit_nopinit:__TI_auto_init_nobinit_nopinit)
                  00003670    00000044                                   : getdevice.c.obj (.text:getdevice)
                  000036b4    00000038                                   : trgmsg.c.obj (.text:__TI_writemsg)
                  000036ec    00000036                                   : strncpy.c.obj (.text:strncpy)
                  00003722    00000002     --HOLE-- [fill = 0]
                  00003724    00000034                                   : fopen.c.obj (.text:__TI_cleanup)
                  00003758    00000034                                   : trgmsg.c.obj (.text:__TI_readmsg)
                  0000378c    00000034                                   : boot_cortex_m.c.obj (.text:_c_int00_noargs:_c_int00_noargs)
                  000037c0    00000034                                   : fopen.c.obj (.text:freopen)
                  000037f4    00000030                                   : getdevice.c.obj (.text:finddevice)
                  00003824    0000002c                                   : unlink.c.obj (.text:unlink)
                  00003850    00000028                                   : memory.c.obj (.text:free_list_insert)
                  00003878    00000028                                   : write.c.obj (.text:write)
                  000038a0    00000024     CortexM.obj (.text)
                  000038c4    0000001c     rtsv7M4_T_le_v4SPD16_eabi.lib : memory.c.obj (.text:free_list_remove)
                  000038e0    00000018                                   : strcmp.c.obj (.text:strcmp)
                  000038f8    00000016                                   : strchr.c.obj (.text:strchr)
                  0000390e    00000014                                   : strcpy.c.obj (.text:strcpy)
                  00003922    00000014                                   : strlen.c.obj (.text:strlen)
                  00003936    0000000e                                   : copy_decompress_none.c.obj (.text:decompress:none:__TI_decompress_none)
                  00003944    0000000e     startup_msp432p401r_ccs.obj (.text)
                  00003952    0000000c     rtsv7M4_T_le_v4SPD16_eabi.lib : copy_zero_init.c.obj (.text:decompress:ZI:__TI_zero_init)
                  0000395e    00000008                                   : memory.c.obj (.text:malloc)
                  00003966    00000004                                   : pre_init.c.obj (.text:_system_pre_init)
                  0000396a    00000004                                   : exit.c.obj (.text:abort:abort)

.cinit     0    00003970    000000a0     
                  00003970    0000007b     (.cinit..data.load) [load image, compression = lzss]
                  000039eb    00000001     --HOLE-- [fill = 0]
                  000039ec    0000000c     (__TI_handler_table)
                  000039f8    00000008     (.cinit..bss.load) [load image, compression = zero_init]
                  00003a00    00000010     (__TI_cinit_table)

.init_array 
*          0    00000000    00000000     UNINITIALIZED

.binit     0    00000000    00000000     

.bss       0    20000000    0000326c     UNINITIALIZED
                  20000000    00001000     (.common:x)
                  20001000    00001000     (.common:x2)
                  20002000    00001000     (.common:x3)
                  20003000    00000120     rtsv7M4_T_le_v4SPD16_eabi.lib : trgmsg.c.obj (.bss:_CIOBUF_)
                  20003120    000000a0     (.common:__TI_tmpnams)
                  200031c0    0000000c     (.common:Amplitudes)
                  200031cc    0000000c     (.common:ChannelCount)
                  200031d8    0000000c     (.common:Distances)
                  200031e4    0000000c     (.common:FilteredDistances)
                  200031f0    00000008     opt3101.obj (.bss)
                  200031f8    00000008     (.common:Messageb)
                  20003200    00000008     (.common:parmbuf)
                  20003208    00000004     (.common:CenterDistance)
                  2000320c    00000004     (.common:Error)
                  20003210    00000004     (.common:I1)
                  20003214    00000004     (.common:ISRLast)
                  20003218    00000004     (.common:ISRPeriod)
                  2000321c    00000004     (.common:ISRTime)
                  20003220    00000004     (.common:LPFSum)
                  20003224    00000004     (.common:LPFSum2)
                  20003228    00000004     (.common:LPFSum3)
                  2000322c    00000004     (.common:LeftDistance)
                  20003230    00000004     (.common:Messageindexb)
                  20003234    00000004     (.common:PTxChan)
                  20003238    00000004     (.common:Pamplitudes)
                  2000323c    00000004     (.common:Pdistances)
                  20003240    00000004     (.common:Pt)
                  20003244    00000004     (.common:Pt2)
                  20003248    00000004     (.common:Pt3)
                  2000324c    00000004     (.common:RightDistance)
                  20003250    00000004     (.common:Size)
                  20003254    00000004     (.common:TxChannel)
                  20003258    00000004     (.common:UL)
                  2000325c    00000004     (.common:UR)
                  20003260    00000004     (.common:u1)
                  20003264    00000004     (.common:u2)
                  20003268    00000004     (.common:u3)

.sysmem    0    20003270    00000400     UNINITIALIZED
                  20003270    00000010     rtsv7M4_T_le_v4SPD16_eabi.lib : memory.c.obj (.sysmem)
                  20003280    000003f0     --HOLE--

.data      0    20003670    0000021c     UNINITIALIZED
                  20003670    000000f0     rtsv7M4_T_le_v4SPD16_eabi.lib : defs.c.obj (.data:_ftable)
                  20003760    00000078                                   : host_device.c.obj (.data:_device)
                  200037d8    00000050                                   : host_device.c.obj (.data:_stream)
                  20003828    00000018     Clock.obj (.data)
                  20003840    00000010     main.obj (.data)
                  20003850    00000010     rtsv7M4_T_le_v4SPD16_eabi.lib : defs.c.obj (.data)
                  20003860    0000000c                                   : exit.c.obj (.data:$O1$$)
                  2000386c    00000008                                   : _lock.c.obj (.data:$O1$$)
                  20003874    00000008                                   : memory.c.obj (.data:$O1$$)
                  2000387c    00000004                                   : add_device.c.obj (.data)
                  20003880    00000004                                   : fopen.c.obj (.data)
                  20003884    00000004                                   : open.c.obj (.data)
                  20003888    00000004     system_msp432p401r.obj (.data)

.stack     0    2000fe00    00000200     UNINITIALIZED
                  2000fe00    00000004     rtsv7M4_T_le_v4SPD16_eabi.lib : boot_cortex_m.c.obj (.stack)
                  2000fe04    000001fc     --HOLE--

__llvm_prf_cnts 
*          0    20000000    00000000     UNINITIALIZED

MODULE SUMMARY

       Module                        code    ro data   rw data
       ------                        ----    -------   -------
    .\
       LPF.obj                       1488    0         24664  
       main.obj                      2056    0         160    
       UART0.obj                     1736    0         24     
       opt3101.obj                   1308    0         88     
       PWM.obj                       1008    0         0      
       I2CB1.obj                     936     0         0      
       system_msp432p401r.obj        820     0         8      
       Clock.obj                     480     0         48     
       Motor.obj                     396     0         0      
       LaunchPad.obj                 248     0         0      
       startup_msp432p401r_ccs.obj   14      228       0      
       BumpInt.obj                   188     0         0      
       CortexM.obj                   36      0         0      
    +--+-----------------------------+-------+---------+---------+
       Total:                        10714   228       24992  
                                                              
    C:\ti\ccs1210\ccs\tools\compiler\ti-cgt-arm_20.2.7.LTS\lib\rtsv7M4_T_le_v4SPD16_eabi.lib
       defs.c.obj                    0       0         832    
       memory.c.obj                  672     0         16     
       trgmsg.c.obj                  108     0         576    
       fopen.c.obj                   532     0         8      
       host_device.c.obj             0       0         400    
       setvbuf.c.obj                 220     0         0      
       open.c.obj                    188     0         8      
       add_device.c.obj              184     0         8      
       memcpy_t2.asm.obj             156     0         0      
       memset_t2.asm.obj             122     0         0      
       fclose.c.obj                  116     0         0      
       getdevice.c.obj               116     0         0      
       hostopen.c.obj                96      0         16     
       hostrename.c.obj              108     0         0      
       copy_decompress_lzss.c.obj    104     0         0      
       hostlseek.c.obj               104     0         0      
       exit.c.obj                    76      0         24     
       close.c.obj                   92      0         0      
       hostread.c.obj                88      0         0      
       hostwrite.c.obj               88      0         0      
       fflush.c.obj                  76      0         0      
       autoinit.c.obj                68      0         0      
       hostclose.c.obj               68      0         0      
       hostunlink.c.obj              68      0         0      
       strncpy.c.obj                 54      0         0      
       boot_cortex_m.c.obj           52      0         0      
       unlink.c.obj                  44      0         0      
       write.c.obj                   40      0         0      
       strcmp.c.obj                  24      0         0      
       strchr.c.obj                  22      0         0      
       strcpy.c.obj                  20      0         0      
       strlen.c.obj                  20      0         0      
       _lock.c.obj                   2       0         16     
       copy_decompress_none.c.obj    14      0         0      
       copy_zero_init.c.obj          12      0         0      
       pre_init.c.obj                4       0         0      
    +--+-----------------------------+-------+---------+---------+
       Total:                        3758    0         1904   
                                                              
       Heap:                         0       0         2048   
       Stack:                        0       0         1024   
       Linker Generated:             0       159       0      
    +--+-----------------------------+-------+---------+---------+
       Grand Total:                  14472   387       29968  


LINKER GENERATED COPY TABLES

__TI_cinit_table @ 00003a00 records: 2, size/record: 8, table size: 16
	.data: load addr=00003970, load size=0000007b bytes, run addr=20003670, run size=0000021c bytes, compression=lzss
	.bss: load addr=000039f8, load size=00000008 bytes, run addr=20000000, run size=0000326c bytes, compression=zero_init


LINKER GENERATED HANDLER TABLE

__TI_handler_table @ 000039ec records: 3, size/record: 4, table size: 12
	index: 0, handler: __TI_decompress_lzss
	index: 1, handler: __TI_decompress_none
	index: 2, handler: __TI_zero_init


GLOBAL SYMBOLS: SORTED ALPHABETICALLY BY Name 

address   name                              
-------   ----                              
00003951  ADC14_IRQHandler                  
00003951  AES256_IRQHandler                 
200031c0  Amplitudes                        
00002da1  BumpInt_Init                      
00002e25  BumpInt_Read                      
00003951  BusFault_Handler                  
0000396b  C$$EXIT                           
000036e3  C$$IO$$                           
00003951  COMP_E0_IRQHandler                
00003951  COMP_E1_IRQHandler                
20003830  CPMwait                           
00003951  CS_IRQHandler                     
20003208  CenterDistance                    
200031cc  ChannelCount                      
20003828  ClockFrequency                    
000026c1  Clock_Delay1ms                    
00002697  Clock_Delay1us                    
00002683  Clock_GetFreq                     
0000256d  Clock_Init48MHz                   
0000017b  Controller                        
00000445  Controller_Left                   
000002e5  Controller_Right                  
2000383c  Crystalstable                     
00003951  DMA_ERR_IRQHandler                
00003951  DMA_INT0_IRQHandler               
00003951  DMA_INT1_IRQHandler               
00003951  DMA_INT2_IRQHandler               
00003951  DMA_INT3_IRQHandler               
00003951  DebugMon_Handler                  
00003951  Default_Handler                   
000038a1  DisableInterrupts                 
200031d8  Distances                         
00003951  EUSCIA0_IRQHandler                
00003951  EUSCIA1_IRQHandler                
00003951  EUSCIA2_IRQHandler                
00003951  EUSCIA3_IRQHandler                
00003951  EUSCIB0_IRQHandler                
00003951  EUSCIB1_IRQHandler                
00003951  EUSCIB2_IRQHandler                
00003951  EUSCIB3_IRQHandler                
000038a7  EnableInterrupts                  
000038b7  EndCritical                       
2000320c  Error                             
00003951  FLCTL_IRQHandler                  
00003951  FPU_IRQHandler                    
200031e4  FilteredDistances                 
000035a5  HOSTclose                         
000032d5  HOSTlseek                         
000033a5  HOSTopen                          
00003461  HOSTread                          
00003269  HOSTrename                        
000035e9  HOSTunlink                        
000034b9  HOSTwrite                         
00003951  HardFault_Handler                 
20003210  I1                                
00001e91  I2CB1_Init                        
00001f57  I2CB1_Recv                        
000021af  I2CB1_Recv1                       
00001edf  I2CB1_Send                        
00001fd7  I2CB1_Send1                       
00002033  I2CB1_Send2                       
000020a3  I2CB1_Send3                       
00002121  I2CB1_Send4                       
20003838  IFlags                            
20003214  ISRLast                           
20003218  ISRPeriod                         
2000321c  ISRTime                           
20003844  Ki                                
20003848  Kp                                
20003220  LPFSum                            
20003224  LPFSum2                           
20003228  LPFSum3                           
00001109  LPF_Calc                          
0000125d  LPF_Calc2                         
000013c9  LPF_Calc3                         
00001049  LPF_Calc_old                      
000010ab  LPF_Init                          
00001201  LPF_Init2                         
00001375  LPF_Init3                         
00000ff5  LPF_Init_old                      
00002ae9  LaunchPad_Init                    
00002b59  LaunchPad_Input                   
00002b77  LaunchPad_LED                     
00002b95  LaunchPad_Output                  
0000015f  Left                              
2000322c  LeftDistance                      
000014e1  Median                            
00003951  MemManage_Handler                 
200031f8  Messageb                          
20003230  Messageindexb                     
20003840  Mode                              
00002887  Motor_Backward                    
000027fb  Motor_Forward                     
0000274d  Motor_Init                        
00002859  Motor_Left                        
0000282b  Motor_Right                       
000027e1  Motor_Stop                        
00003951  NMI_Handler                       
0000115d  Noise                             
000012d1  Noise2                            
00001435  Noise3                            
000019b7  OPT3101_ArmInterrupts             
00001777  OPT3101_CalibrateInternalCrosstalk
0000191d  OPT3101_CheckDistanceSensor       
000018e9  OPT3101_GetAmplitude              
00001907  OPT3101_GetDistanceMillimeters    
00001935  OPT3101_GetMeasurement            
000018fd  OPT3101_GetPhase                  
000018df  OPT3101_GetTxChannel              
000015ef  OPT3101_Init                      
000018bf  OPT3101_MeasurementError          
000018a7  OPT3101_ReadMeasurement           
00001585  OPT3101_ReadRegister              
0000164d  OPT3101_Setup                     
00001859  OPT3101_StartMeasurement          
00001867  OPT3101_StartMeasurementChannel   
000015b5  OPT3101_WriteRegister             
00003951  PCM_IRQHandler                    
00003951  PORT1_IRQHandler                  
00003951  PORT2_IRQHandler                  
00003951  PORT3_IRQHandler                  
000005cd  PORT4_IRQHandler                  
000005cd  PORT4_IRQHandler                  
00003951  PORT5_IRQHandler                  
00001a0d  PORT6_IRQHandler                  
00001a0d  PORT6_IRQHandler                  
00003951  PSS_IRQHandler                    
20003234  PTxChan                           
00001c1f  PWM_Duty1                         
00001c3f  PWM_Duty2                         
00001bf7  PWM_Duty3                         
00001c0b  PWM_Duty4                         
00001aa1  PWM_Init1                         
00001b07  PWM_Init12                        
00001b8b  PWM_Init34                        
00001d87  PWM_RobotArmDuty0                 
00001dad  PWM_RobotArmDuty1                 
00001dd3  PWM_RobotArmDuty2                 
00001da7  PWM_RobotArmGetDuty0              
00001dcd  PWM_RobotArmGetDuty1              
00001df3  PWM_RobotArmGetDuty2              
00001c5f  PWM_RobotArmInit                  
20003238  Pamplitudes                       
2000323c  Pdistances                        
00003951  PendSV_Handler                    
20003834  Postwait                          
2000382c  Prewait                           
20003240  Pt                                
20003244  Pt2                               
20003248  Pt3                               
00003951  RTC_C_IRQHandler                  
00003945  Reset_Handler                     
0000013d  Right                             
2000324c  RightDistance                     
00003951  SVC_Handler                       
2000384c  SetPoint                          
20003250  Size                              
000038ad  StartCritical                     
00003951  SysTick_Handler                   
20003888  SystemCoreClock                   
00002239  SystemCoreClockUpdate             
000024b1  SystemInit                        
00003951  T32_INT1_IRQHandler               
00003951  T32_INT2_IRQHandler               
00003951  T32_INTC_IRQHandler               
00003951  TA0_0_IRQHandler                  
00003951  TA0_N_IRQHandler                  
00003951  TA1_0_IRQHandler                  
00003951  TA1_N_IRQHandler                  
00003951  TA2_0_IRQHandler                  
00003951  TA2_N_IRQHandler                  
00003951  TA3_0_IRQHandler                  
00003951  TA3_N_IRQHandler                  
20003254  TxChannel                         
00000933  UART0_InChar                      
00000dc9  UART0_InString                    
0000097d  UART0_InUDec                      
00000c7d  UART0_InUHex                      
000008ed  UART0_Init                        
00000f29  UART0_Initprintf                  
00000943  UART0_OutChar                     
00000a31  UART0_OutSDec                     
0000095f  UART0_OutString                   
00000a01  UART0_OutUDec                     
00000b77  UART0_OutUDec4                    
00000bd1  UART0_OutUDec5                    
00000c09  UART0_OutUFix1                    
00000c31  UART0_OutUFix2                    
00000d41  UART0_OutUHex                     
00000dad  UART0_OutUHex2                    
00000605  UART_Init_Print                   
20003258  UL                                
2000325c  UR                                
00000117  UartClear                         
000000e5  UartSetCur                        
00003951  UsageFault_Handler                
4000480c  WDTCTL_SYM                        
00003951  WDT_A_IRQHandler                  
000038bf  WaitForInterrupt                  
20003000  __CIOBUF_                         
20010000  __STACK_END                       
00000200  __STACK_SIZE                      
00000400  __SYSMEM_SIZE                     
00003a00  __TI_CINIT_Base                   
00003a10  __TI_CINIT_Limit                  
000039ec  __TI_Handler_Table_Base           
000039f8  __TI_Handler_Table_Limit          
0000362d  __TI_auto_init_nobinit_nopinit    
00003725  __TI_cleanup                      
20003860  __TI_cleanup_ptr                  
00003185  __TI_closefile                    
0000333d  __TI_decompress_lzss              
00003937  __TI_decompress_none              
00003511  __TI_doflush                      
20003864  __TI_dtors_ptr                    
20003868  __TI_enable_exit_profile_output   
20003850  __TI_ft_end                       
ffffffff  __TI_pprof_out_hndl               
ffffffff  __TI_prof_data_size               
ffffffff  __TI_prof_data_start              
00003759  __TI_readmsg                      
00000000  __TI_static_base__                
20003120  __TI_tmpnams                      
000036b5  __TI_writemsg                     
00003953  __TI_zero_init                    
00003109  __aeabi_memclr                    
00003109  __aeabi_memclr4                   
00003109  __aeabi_memclr8                   
0000306d  __aeabi_memcpy                    
0000306d  __aeabi_memcpy4                   
0000306d  __aeabi_memcpy8                   
0000310b  __aeabi_memset                    
0000310b  __aeabi_memset4                   
0000310b  __aeabi_memset8                   
2000385c  __aeabi_stderr                    
20003854  __aeabi_stdin                     
20003858  __aeabi_stdout                    
ffffffff  __binit__                         
ffffffff  __c_args__                        
UNDEFED   __mpu_init                        
2000fe00  __stack                           
20000000  __start___llvm_prf_cnts           
20000000  __stop___llvm_prf_cnts            
0000378d  _c_int00_noargs                   
20003760  _device                           
20003670  _ftable                           
2000386c  _lock                             
00003183  _nop                              
200037d8  _stream                           
20003270  _sys_memory                       
UNDEFED   _system_post_cinit                
00003967  _system_pre_init                  
20003870  _unlock                           
0000396b  abort                             
00002f19  add_device                        
000029e9  aligned_alloc                     
ffffffff  binit                             
00003405  close                             
00002689  delay                             
0000355d  exit                              
00000e63  ferror                            
00000e43  fgetc                             
000037f5  finddevice                        
00002fd1  fopen                             
00002be1  free                              
000037c1  freopen                           
00003671  getdevice                         
00000000  interruptVectors                  
00000fb5  isqrt                             
00000689  main                              
0000395f  malloc                            
000029e9  memalign                          
0000306d  memcpy                            
00003111  memset                            
00002e5d  open                              
00000d85  outnibble                         
20003200  parmbuf                           
00000121  pollDistanceSensor                
00003825  remove                            
00002cc5  setvbuf                           
000038f9  strchr                            
000038e1  strcmp                            
0000390f  strcpy                            
00003923  strlen                            
000036ed  strncpy                           
20003260  u1                                
20003264  u2                                
20003268  u3                                
00000e81  uart_close                        
00000eff  uart_lseek                        
00000e71  uart_open                         
00000e93  uart_read                         
00000f1b  uart_rename                       
00000f0f  uart_unlink                       
00000ebd  uart_write                        
00003825  unlink                            
00003879  write                             
20000000  x                                 
20001000  x2                                
20002000  x3                                


GLOBAL SYMBOLS: SORTED BY Symbol Address 

address   name                              
-------   ----                              
00000000  __TI_static_base__                
00000000  interruptVectors                  
000000e5  UartSetCur                        
00000117  UartClear                         
00000121  pollDistanceSensor                
0000013d  Right                             
0000015f  Left                              
0000017b  Controller                        
00000200  __STACK_SIZE                      
000002e5  Controller_Right                  
00000400  __SYSMEM_SIZE                     
00000445  Controller_Left                   
000005cd  PORT4_IRQHandler                  
000005cd  PORT4_IRQHandler                  
00000605  UART_Init_Print                   
00000689  main                              
000008ed  UART0_Init                        
00000933  UART0_InChar                      
00000943  UART0_OutChar                     
0000095f  UART0_OutString                   
0000097d  UART0_InUDec                      
00000a01  UART0_OutUDec                     
00000a31  UART0_OutSDec                     
00000b77  UART0_OutUDec4                    
00000bd1  UART0_OutUDec5                    
00000c09  UART0_OutUFix1                    
00000c31  UART0_OutUFix2                    
00000c7d  UART0_InUHex                      
00000d41  UART0_OutUHex                     
00000d85  outnibble                         
00000dad  UART0_OutUHex2                    
00000dc9  UART0_InString                    
00000e43  fgetc                             
00000e63  ferror                            
00000e71  uart_open                         
00000e81  uart_close                        
00000e93  uart_read                         
00000ebd  uart_write                        
00000eff  uart_lseek                        
00000f0f  uart_unlink                       
00000f1b  uart_rename                       
00000f29  UART0_Initprintf                  
00000fb5  isqrt                             
00000ff5  LPF_Init_old                      
00001049  LPF_Calc_old                      
000010ab  LPF_Init                          
00001109  LPF_Calc                          
0000115d  Noise                             
00001201  LPF_Init2                         
0000125d  LPF_Calc2                         
000012d1  Noise2                            
00001375  LPF_Init3                         
000013c9  LPF_Calc3                         
00001435  Noise3                            
000014e1  Median                            
00001585  OPT3101_ReadRegister              
000015b5  OPT3101_WriteRegister             
000015ef  OPT3101_Init                      
0000164d  OPT3101_Setup                     
00001777  OPT3101_CalibrateInternalCrosstalk
00001859  OPT3101_StartMeasurement          
00001867  OPT3101_StartMeasurementChannel   
000018a7  OPT3101_ReadMeasurement           
000018bf  OPT3101_MeasurementError          
000018df  OPT3101_GetTxChannel              
000018e9  OPT3101_GetAmplitude              
000018fd  OPT3101_GetPhase                  
00001907  OPT3101_GetDistanceMillimeters    
0000191d  OPT3101_CheckDistanceSensor       
00001935  OPT3101_GetMeasurement            
000019b7  OPT3101_ArmInterrupts             
00001a0d  PORT6_IRQHandler                  
00001a0d  PORT6_IRQHandler                  
00001aa1  PWM_Init1                         
00001b07  PWM_Init12                        
00001b8b  PWM_Init34                        
00001bf7  PWM_Duty3                         
00001c0b  PWM_Duty4                         
00001c1f  PWM_Duty1                         
00001c3f  PWM_Duty2                         
00001c5f  PWM_RobotArmInit                  
00001d87  PWM_RobotArmDuty0                 
00001da7  PWM_RobotArmGetDuty0              
00001dad  PWM_RobotArmDuty1                 
00001dcd  PWM_RobotArmGetDuty1              
00001dd3  PWM_RobotArmDuty2                 
00001df3  PWM_RobotArmGetDuty2              
00001e91  I2CB1_Init                        
00001edf  I2CB1_Send                        
00001f57  I2CB1_Recv                        
00001fd7  I2CB1_Send1                       
00002033  I2CB1_Send2                       
000020a3  I2CB1_Send3                       
00002121  I2CB1_Send4                       
000021af  I2CB1_Recv1                       
00002239  SystemCoreClockUpdate             
000024b1  SystemInit                        
0000256d  Clock_Init48MHz                   
00002683  Clock_GetFreq                     
00002689  delay                             
00002697  Clock_Delay1us                    
000026c1  Clock_Delay1ms                    
0000274d  Motor_Init                        
000027e1  Motor_Stop                        
000027fb  Motor_Forward                     
0000282b  Motor_Right                       
00002859  Motor_Left                        
00002887  Motor_Backward                    
000029e9  aligned_alloc                     
000029e9  memalign                          
00002ae9  LaunchPad_Init                    
00002b59  LaunchPad_Input                   
00002b77  LaunchPad_LED                     
00002b95  LaunchPad_Output                  
00002be1  free                              
00002cc5  setvbuf                           
00002da1  BumpInt_Init                      
00002e25  BumpInt_Read                      
00002e5d  open                              
00002f19  add_device                        
00002fd1  fopen                             
0000306d  __aeabi_memcpy                    
0000306d  __aeabi_memcpy4                   
0000306d  __aeabi_memcpy8                   
0000306d  memcpy                            
00003109  __aeabi_memclr                    
00003109  __aeabi_memclr4                   
00003109  __aeabi_memclr8                   
0000310b  __aeabi_memset                    
0000310b  __aeabi_memset4                   
0000310b  __aeabi_memset8                   
00003111  memset                            
00003183  _nop                              
00003185  __TI_closefile                    
00003269  HOSTrename                        
000032d5  HOSTlseek                         
0000333d  __TI_decompress_lzss              
000033a5  HOSTopen                          
00003405  close                             
00003461  HOSTread                          
000034b9  HOSTwrite                         
00003511  __TI_doflush                      
0000355d  exit                              
000035a5  HOSTclose                         
000035e9  HOSTunlink                        
0000362d  __TI_auto_init_nobinit_nopinit    
00003671  getdevice                         
000036b5  __TI_writemsg                     
000036e3  C$$IO$$                           
000036ed  strncpy                           
00003725  __TI_cleanup                      
00003759  __TI_readmsg                      
0000378d  _c_int00_noargs                   
000037c1  freopen                           
000037f5  finddevice                        
00003825  remove                            
00003825  unlink                            
00003879  write                             
000038a1  DisableInterrupts                 
000038a7  EnableInterrupts                  
000038ad  StartCritical                     
000038b7  EndCritical                       
000038bf  WaitForInterrupt                  
000038e1  strcmp                            
000038f9  strchr                            
0000390f  strcpy                            
00003923  strlen                            
00003937  __TI_decompress_none              
00003945  Reset_Handler                     
00003951  ADC14_IRQHandler                  
00003951  AES256_IRQHandler                 
00003951  BusFault_Handler                  
00003951  COMP_E0_IRQHandler                
00003951  COMP_E1_IRQHandler                
00003951  CS_IRQHandler                     
00003951  DMA_ERR_IRQHandler                
00003951  DMA_INT0_IRQHandler               
00003951  DMA_INT1_IRQHandler               
00003951  DMA_INT2_IRQHandler               
00003951  DMA_INT3_IRQHandler               
00003951  DebugMon_Handler                  
00003951  Default_Handler                   
00003951  EUSCIA0_IRQHandler                
00003951  EUSCIA1_IRQHandler                
00003951  EUSCIA2_IRQHandler                
00003951  EUSCIA3_IRQHandler                
00003951  EUSCIB0_IRQHandler                
00003951  EUSCIB1_IRQHandler                
00003951  EUSCIB2_IRQHandler                
00003951  EUSCIB3_IRQHandler                
00003951  FLCTL_IRQHandler                  
00003951  FPU_IRQHandler                    
00003951  HardFault_Handler                 
00003951  MemManage_Handler                 
00003951  NMI_Handler                       
00003951  PCM_IRQHandler                    
00003951  PORT1_IRQHandler                  
00003951  PORT2_IRQHandler                  
00003951  PORT3_IRQHandler                  
00003951  PORT5_IRQHandler                  
00003951  PSS_IRQHandler                    
00003951  PendSV_Handler                    
00003951  RTC_C_IRQHandler                  
00003951  SVC_Handler                       
00003951  SysTick_Handler                   
00003951  T32_INT1_IRQHandler               
00003951  T32_INT2_IRQHandler               
00003951  T32_INTC_IRQHandler               
00003951  TA0_0_IRQHandler                  
00003951  TA0_N_IRQHandler                  
00003951  TA1_0_IRQHandler                  
00003951  TA1_N_IRQHandler                  
00003951  TA2_0_IRQHandler                  
00003951  TA2_N_IRQHandler                  
00003951  TA3_0_IRQHandler                  
00003951  TA3_N_IRQHandler                  
00003951  UsageFault_Handler                
00003951  WDT_A_IRQHandler                  
00003953  __TI_zero_init                    
0000395f  malloc                            
00003967  _system_pre_init                  
0000396b  C$$EXIT                           
0000396b  abort                             
000039ec  __TI_Handler_Table_Base           
000039f8  __TI_Handler_Table_Limit          
00003a00  __TI_CINIT_Base                   
00003a10  __TI_CINIT_Limit                  
20000000  __start___llvm_prf_cnts           
20000000  __stop___llvm_prf_cnts            
20000000  x                                 
20001000  x2                                
20002000  x3                                
20003000  __CIOBUF_                         
20003120  __TI_tmpnams                      
200031c0  Amplitudes                        
200031cc  ChannelCount                      
200031d8  Distances                         
200031e4  FilteredDistances                 
200031f8  Messageb                          
20003200  parmbuf                           
20003208  CenterDistance                    
2000320c  Error                             
20003210  I1                                
20003214  ISRLast                           
20003218  ISRPeriod                         
2000321c  ISRTime                           
20003220  LPFSum                            
20003224  LPFSum2                           
20003228  LPFSum3                           
2000322c  LeftDistance                      
20003230  Messageindexb                     
20003234  PTxChan                           
20003238  Pamplitudes                       
2000323c  Pdistances                        
20003240  Pt                                
20003244  Pt2                               
20003248  Pt3                               
2000324c  RightDistance                     
20003250  Size                              
20003254  TxChannel                         
20003258  UL                                
2000325c  UR                                
20003260  u1                                
20003264  u2                                
20003268  u3                                
20003270  _sys_memory                       
20003670  _ftable                           
20003760  _device                           
200037d8  _stream                           
20003828  ClockFrequency                    
2000382c  Prewait                           
20003830  CPMwait                           
20003834  Postwait                          
20003838  IFlags                            
2000383c  Crystalstable                     
20003840  Mode                              
20003844  Ki                                
20003848  Kp                                
2000384c  SetPoint                          
20003850  __TI_ft_end                       
20003854  __aeabi_stdin                     
20003858  __aeabi_stdout                    
2000385c  __aeabi_stderr                    
20003860  __TI_cleanup_ptr                  
20003864  __TI_dtors_ptr                    
20003868  __TI_enable_exit_profile_output   
2000386c  _lock                             
20003870  _unlock                           
20003888  SystemCoreClock                   
2000fe00  __stack                           
20010000  __STACK_END                       
4000480c  WDTCTL_SYM                        
ffffffff  __TI_pprof_out_hndl               
ffffffff  __TI_prof_data_size               
ffffffff  __TI_prof_data_start              
ffffffff  __binit__                         
ffffffff  __c_args__                        
ffffffff  binit                             
UNDEFED   __mpu_init                        
UNDEFED   _system_post_cinit                

[300 symbols]
