******************************************************************************
                  TI ARM Linker PC v20.2.7                     
******************************************************************************
>> Linked Sat Apr 22 12:10:13 2023

OUTPUT FILE NAME:   <_Hulk_Master.out>
ENTRY POINT SYMBOL: "_c_int00_noargs"  address: 0000355d


MEMORY CONFIGURATION

         name            origin    length      used     unused   attr    fill
----------------------  --------  ---------  --------  --------  ----  --------
  MAIN                  00000000   00040000  000037de  0003c822  R  X
  INFO                  00200000   00004000  00000000  00004000  R  X
  SRAM_CODE             01000000   00010000  00003a88  0000c578  RW X
  SRAM_DATA             20000000   00010000  00003a88  0000c578  RW  


SEGMENT ALLOCATION MAP

run origin  load origin   length   init length attrs members
----------  ----------- ---------- ----------- ----- -------
00000000    00000000    000037e0   000037e0    r-x
  00000000    00000000    000000e4   000000e4    r-- .intvecs
  000000e4    000000e4    0000365a   0000365a    r-x .text
  00003740    00003740    000000a0   000000a0    r-- .cinit
20000000    20000000    0000388c   00000000    rw-
  20000000    20000000    0000326c   00000000    rw- .bss
  20003270    20003270    00000400   00000000    rw- .sysmem
  20003670    20003670    0000021c   00000000    rw- .data
2000fe00    2000fe00    00000200   00000000    rw-
  2000fe00    2000fe00    00000200   00000000    rw- .stack


SECTION ALLOCATION MAP

 output                                  attributes/
section   page    origin      length       input sections
--------  ----  ----------  ----------   ----------------
.intvecs   0    00000000    000000e4     
                  00000000    000000e4     startup_msp432p401r_ccs.obj (.intvecs:retain)

.text      0    000000e4    0000365a     
                  000000e4    00000678     UART0.obj (.text)
                  0000075c    00000628     main.obj (.text)
                  00000d84    000005d0     LPF.obj (.text)
                  00001354    0000051c     opt3101.obj (.text)
                  00001870    000003f0     PWM.obj (.text)
                  00001c60    000003a8     I2CB1.obj (.text)
                  00002008    00000334     system_msp432p401r.obj (.text)
                  0000233c    000001e0     Clock.obj (.text)
                  0000251c    0000018c     Motor.obj (.text)
                  000026a8    00000110     rtsv7M4_T_le_v4SPD16_eabi.lib : fopen.c.obj (.text:_openfile)
                  000027b8    00000100                                   : memory.c.obj (.text:aligned_alloc)
                  000028b8    000000f8     LaunchPad.obj (.text)
                  000029b0    000000e4     rtsv7M4_T_le_v4SPD16_eabi.lib : memory.c.obj (.text:free)
                  00002a94    000000dc                                   : setvbuf.c.obj (.text:setvbuf)
                  00002b70    000000bc     BumpInt.obj (.text)
                  00002c2c    000000bc     rtsv7M4_T_le_v4SPD16_eabi.lib : open.c.obj (.text:open)
                  00002ce8    000000b8                                   : add_device.c.obj (.text:add_device)
                  00002da0    0000009c                                   : fopen.c.obj (.text:fopen)
                  00002e3c    0000009c                                   : memcpy_t2.asm.obj (.text)
                  00002ed8    0000007a                                   : memset_t2.asm.obj (.text)
                  00002f52    00000002                                   : _lock.c.obj (.text:_nop)
                  00002f54    00000074                                   : fclose.c.obj (.text:__TI_closefile)
                  00002fc8    00000070                                   : memory.c.obj (.text:split)
                  00003038    0000006c                                   : hostrename.c.obj (.text:HOSTrename)
                  000030a4    00000068                                   : hostlseek.c.obj (.text:HOSTlseek)
                  0000310c    00000068                                   : copy_decompress_lzss.c.obj (.text:decompress:lzss:__TI_decompress_lzss)
                  00003174    00000060                                   : hostopen.c.obj (.text:HOSTopen)
                  000031d4    0000005c                                   : close.c.obj (.text:close)
                  00003230    00000058                                   : hostread.c.obj (.text:HOSTread)
                  00003288    00000058                                   : hostwrite.c.obj (.text:HOSTwrite)
                  000032e0    0000004c                                   : fflush.c.obj (.text:__TI_doflush)
                  0000332c    00000048                                   : exit.c.obj (.text:exit)
                  00003374    00000044                                   : hostclose.c.obj (.text:HOSTclose)
                  000033b8    00000044                                   : hostunlink.c.obj (.text:HOSTunlink)
                  000033fc    00000044                                   : autoinit.c.obj (.text:__TI_auto_init_nobinit_nopinit:__TI_auto_init_nobinit_nopinit)
                  00003440    00000044                                   : getdevice.c.obj (.text:getdevice)
                  00003484    00000038                                   : trgmsg.c.obj (.text:__TI_writemsg)
                  000034bc    00000036                                   : strncpy.c.obj (.text:strncpy)
                  000034f2    00000002     --HOLE-- [fill = 0]
                  000034f4    00000034                                   : fopen.c.obj (.text:__TI_cleanup)
                  00003528    00000034                                   : trgmsg.c.obj (.text:__TI_readmsg)
                  0000355c    00000034                                   : boot_cortex_m.c.obj (.text:_c_int00_noargs:_c_int00_noargs)
                  00003590    00000034                                   : fopen.c.obj (.text:freopen)
                  000035c4    00000030                                   : getdevice.c.obj (.text:finddevice)
                  000035f4    0000002c                                   : unlink.c.obj (.text:unlink)
                  00003620    00000028                                   : memory.c.obj (.text:free_list_insert)
                  00003648    00000028                                   : write.c.obj (.text:write)
                  00003670    00000024     CortexM.obj (.text)
                  00003694    0000001c     rtsv7M4_T_le_v4SPD16_eabi.lib : memory.c.obj (.text:free_list_remove)
                  000036b0    00000018                                   : strcmp.c.obj (.text:strcmp)
                  000036c8    00000016                                   : strchr.c.obj (.text:strchr)
                  000036de    00000014                                   : strcpy.c.obj (.text:strcpy)
                  000036f2    00000014                                   : strlen.c.obj (.text:strlen)
                  00003706    0000000e                                   : copy_decompress_none.c.obj (.text:decompress:none:__TI_decompress_none)
                  00003714    0000000e     startup_msp432p401r_ccs.obj (.text)
                  00003722    0000000c     rtsv7M4_T_le_v4SPD16_eabi.lib : copy_zero_init.c.obj (.text:decompress:ZI:__TI_zero_init)
                  0000372e    00000008                                   : memory.c.obj (.text:malloc)
                  00003736    00000004                                   : pre_init.c.obj (.text:_system_pre_init)
                  0000373a    00000004                                   : exit.c.obj (.text:abort:abort)

.cinit     0    00003740    000000a0     
                  00003740    0000007b     (.cinit..data.load) [load image, compression = lzss]
                  000037bb    00000001     --HOLE-- [fill = 0]
                  000037bc    0000000c     (__TI_handler_table)
                  000037c8    00000008     (.cinit..bss.load) [load image, compression = zero_init]
                  000037d0    00000010     (__TI_cinit_table)

.init_array 
*          0    00000000    00000000     UNINITIALIZED

.binit     0    00000000    00000000     

.bss       0    20000000    0000326c     UNINITIALIZED
                  20000000    00001000     (.common:x)
                  20001000    00001000     (.common:x2)
                  20002000    00001000     (.common:x3)
                  20003000    00000120     rtsv7M4_T_le_v4SPD16_eabi.lib : trgmsg.c.obj (.bss:_CIOBUF_)
                  20003120    000000a0     (.common:__TI_tmpnams)
                  200031c0    0000000c     (.common:Amplitudes)
                  200031cc    0000000c     (.common:ChannelCount)
                  200031d8    0000000c     (.common:Distances)
                  200031e4    0000000c     (.common:FilteredDistances)
                  200031f0    00000008     opt3101.obj (.bss)
                  200031f8    00000008     (.common:Messageb)
                  20003200    00000008     (.common:parmbuf)
                  20003208    00000004     (.common:CenterDistance)
                  2000320c    00000004     (.common:Error)
                  20003210    00000004     (.common:I1)
                  20003214    00000004     (.common:ISRLast)
                  20003218    00000004     (.common:ISRPeriod)
                  2000321c    00000004     (.common:ISRTime)
                  20003220    00000004     (.common:LPFSum)
                  20003224    00000004     (.common:LPFSum2)
                  20003228    00000004     (.common:LPFSum3)
                  2000322c    00000004     (.common:LeftDistance)
                  20003230    00000004     (.common:Messageindexb)
                  20003234    00000004     (.common:PTxChan)
                  20003238    00000004     (.common:Pamplitudes)
                  2000323c    00000004     (.common:Pdistances)
                  20003240    00000004     (.common:Pt)
                  20003244    00000004     (.common:Pt2)
                  20003248    00000004     (.common:Pt3)
                  2000324c    00000004     (.common:RightDistance)
                  20003250    00000004     (.common:Size)
                  20003254    00000004     (.common:TxChannel)
                  20003258    00000004     (.common:UL)
                  2000325c    00000004     (.common:UR)
                  20003260    00000004     (.common:u1)
                  20003264    00000004     (.common:u2)
                  20003268    00000004     (.common:u3)

.sysmem    0    20003270    00000400     UNINITIALIZED
                  20003270    00000010     rtsv7M4_T_le_v4SPD16_eabi.lib : memory.c.obj (.sysmem)
                  20003280    000003f0     --HOLE--

.data      0    20003670    0000021c     UNINITIALIZED
                  20003670    000000f0     rtsv7M4_T_le_v4SPD16_eabi.lib : defs.c.obj (.data:_ftable)
                  20003760    00000078                                   : host_device.c.obj (.data:_device)
                  200037d8    00000050                                   : host_device.c.obj (.data:_stream)
                  20003828    00000018     Clock.obj (.data)
                  20003840    00000010     main.obj (.data)
                  20003850    00000010     rtsv7M4_T_le_v4SPD16_eabi.lib : defs.c.obj (.data)
                  20003860    0000000c                                   : exit.c.obj (.data:$O1$$)
                  2000386c    00000008                                   : _lock.c.obj (.data:$O1$$)
                  20003874    00000008                                   : memory.c.obj (.data:$O1$$)
                  2000387c    00000004                                   : add_device.c.obj (.data)
                  20003880    00000004                                   : fopen.c.obj (.data)
                  20003884    00000004                                   : open.c.obj (.data)
                  20003888    00000004     system_msp432p401r.obj (.data)

.stack     0    2000fe00    00000200     UNINITIALIZED
                  2000fe00    00000004     rtsv7M4_T_le_v4SPD16_eabi.lib : boot_cortex_m.c.obj (.stack)
                  2000fe04    000001fc     --HOLE--

__llvm_prf_cnts 
*          0    20000000    00000000     UNINITIALIZED

MODULE SUMMARY

       Module                        code    ro data   rw data
       ------                        ----    -------   -------
    .\
       LPF.obj                       1488    0         24664  
       main.obj                      1576    0         160    
       UART0.obj                     1656    0         24     
       opt3101.obj                   1308    0         88     
       PWM.obj                       1008    0         0      
       I2CB1.obj                     936     0         0      
       system_msp432p401r.obj        820     0         8      
       Clock.obj                     480     0         48     
       Motor.obj                     396     0         0      
       LaunchPad.obj                 248     0         0      
       startup_msp432p401r_ccs.obj   14      228       0      
       BumpInt.obj                   188     0         0      
       CortexM.obj                   36      0         0      
    +--+-----------------------------+-------+---------+---------+
       Total:                        10154   228       24992  
                                                              
    C:\ti\ccs1210\ccs\tools\compiler\ti-cgt-arm_20.2.7.LTS\lib\rtsv7M4_T_le_v4SPD16_eabi.lib
       defs.c.obj                    0       0         832    
       memory.c.obj                  672     0         16     
       trgmsg.c.obj                  108     0         576    
       fopen.c.obj                   532     0         8      
       host_device.c.obj             0       0         400    
       setvbuf.c.obj                 220     0         0      
       open.c.obj                    188     0         8      
       add_device.c.obj              184     0         8      
       memcpy_t2.asm.obj             156     0         0      
       memset_t2.asm.obj             122     0         0      
       fclose.c.obj                  116     0         0      
       getdevice.c.obj               116     0         0      
       hostopen.c.obj                96      0         16     
       hostrename.c.obj              108     0         0      
       copy_decompress_lzss.c.obj    104     0         0      
       hostlseek.c.obj               104     0         0      
       exit.c.obj                    76      0         24     
       close.c.obj                   92      0         0      
       hostread.c.obj                88      0         0      
       hostwrite.c.obj               88      0         0      
       fflush.c.obj                  76      0         0      
       autoinit.c.obj                68      0         0      
       hostclose.c.obj               68      0         0      
       hostunlink.c.obj              68      0         0      
       strncpy.c.obj                 54      0         0      
       boot_cortex_m.c.obj           52      0         0      
       unlink.c.obj                  44      0         0      
       write.c.obj                   40      0         0      
       strcmp.c.obj                  24      0         0      
       strchr.c.obj                  22      0         0      
       strcpy.c.obj                  20      0         0      
       strlen.c.obj                  20      0         0      
       _lock.c.obj                   2       0         16     
       copy_decompress_none.c.obj    14      0         0      
       copy_zero_init.c.obj          12      0         0      
       pre_init.c.obj                4       0         0      
    +--+-----------------------------+-------+---------+---------+
       Total:                        3758    0         1904   
                                                              
       Heap:                         0       0         2048   
       Stack:                        0       0         1024   
       Linker Generated:             0       159       0      
    +--+-----------------------------+-------+---------+---------+
       Grand Total:                  13912   387       29968  


LINKER GENERATED COPY TABLES

__TI_cinit_table @ 000037d0 records: 2, size/record: 8, table size: 16
	.data: load addr=00003740, load size=0000007b bytes, run addr=20003670, run size=0000021c bytes, compression=lzss
	.bss: load addr=000037c8, load size=00000008 bytes, run addr=20000000, run size=0000326c bytes, compression=zero_init


LINKER GENERATED HANDLER TABLE

__TI_handler_table @ 000037bc records: 3, size/record: 4, table size: 12
	index: 0, handler: __TI_decompress_lzss
	index: 1, handler: __TI_decompress_none
	index: 2, handler: __TI_zero_init


GLOBAL SYMBOLS: SORTED ALPHABETICALLY BY Name 

address   name                              
-------   ----                              
00003721  ADC14_IRQHandler                  
00003721  AES256_IRQHandler                 
200031c0  Amplitudes                        
00002b71  BumpInt_Init                      
00002bf5  Bump_Read                         
00003721  BusFault_Handler                  
0000373b  C$$EXIT                           
000034b3  C$$IO$$                           
00003721  COMP_E0_IRQHandler                
00003721  COMP_E1_IRQHandler                
20003830  CPMwait                           
00003721  CS_IRQHandler                     
20003208  CenterDistance                    
200031cc  ChannelCount                      
20003828  ClockFrequency                    
00002491  Clock_Delay1ms                    
00002467  Clock_Delay1us                    
00002453  Clock_GetFreq                     
0000233d  Clock_Init48MHz                   
000007f3  Controller                        
000008d9  Controller_Right                  
2000383c  Crystalstable                     
00003721  DMA_ERR_IRQHandler                
00003721  DMA_INT0_IRQHandler               
00003721  DMA_INT1_IRQHandler               
00003721  DMA_INT2_IRQHandler               
00003721  DMA_INT3_IRQHandler               
00003721  DebugMon_Handler                  
00003721  Default_Handler                   
00003671  DisableInterrupts                 
200031d8  Distances                         
00003721  EUSCIA0_IRQHandler                
00003721  EUSCIA1_IRQHandler                
00003721  EUSCIA2_IRQHandler                
00003721  EUSCIA3_IRQHandler                
00003721  EUSCIB0_IRQHandler                
00003721  EUSCIB1_IRQHandler                
00003721  EUSCIB2_IRQHandler                
00003721  EUSCIB3_IRQHandler                
00003677  EnableInterrupts                  
00003687  EndCritical                       
2000320c  Error                             
00003721  FLCTL_IRQHandler                  
00003721  FPU_IRQHandler                    
200031e4  FilteredDistances                 
00003375  HOSTclose                         
000030a5  HOSTlseek                         
00003175  HOSTopen                          
00003231  HOSTread                          
00003039  HOSTrename                        
000033b9  HOSTunlink                        
00003289  HOSTwrite                         
00003721  HardFault_Handler                 
20003210  I1                                
00001c61  I2CB1_Init                        
00001d27  I2CB1_Recv                        
00001f7f  I2CB1_Recv1                       
00001caf  I2CB1_Send                        
00001da7  I2CB1_Send1                       
00001e03  I2CB1_Send2                       
00001e73  I2CB1_Send3                       
00001ef1  I2CB1_Send4                       
20003838  IFlags                            
20003214  ISRLast                           
20003218  ISRPeriod                         
2000321c  ISRTime                           
20003844  Ki                                
20003848  Kp                                
20003220  LPFSum                            
20003224  LPFSum2                           
20003228  LPFSum3                           
00000ed9  LPF_Calc                          
0000102d  LPF_Calc2                         
00001199  LPF_Calc3                         
00000e19  LPF_Calc_old                      
00000e7b  LPF_Init                          
00000fd1  LPF_Init2                         
00001145  LPF_Init3                         
00000dc5  LPF_Init_old                      
000028b9  LaunchPad_Init                    
00002929  LaunchPad_Input                   
00002947  LaunchPad_LED                     
00002965  LaunchPad_Output                  
000007d7  Left                              
2000322c  LeftDistance                      
000012b1  Median                            
00003721  MemManage_Handler                 
200031f8  Messageb                          
20003230  Messageindexb                     
20003840  Mode                              
00002657  Motor_Backward                    
000025cb  Motor_Forward                     
0000251d  Motor_Init                        
00002629  Motor_Left                        
000025fb  Motor_Right                       
000025b1  Motor_Stop                        
00003721  NMI_Handler                       
00000f2d  Noise                             
000010a1  Noise2                            
00001205  Noise3                            
00001787  OPT3101_ArmInterrupts             
00001547  OPT3101_CalibrateInternalCrosstalk
000016ed  OPT3101_CheckDistanceSensor       
000016b9  OPT3101_GetAmplitude              
000016d7  OPT3101_GetDistanceMillimeters    
00001705  OPT3101_GetMeasurement            
000016cd  OPT3101_GetPhase                  
000016af  OPT3101_GetTxChannel              
000013bf  OPT3101_Init                      
0000168f  OPT3101_MeasurementError          
00001677  OPT3101_ReadMeasurement           
00001355  OPT3101_ReadRegister              
0000141d  OPT3101_Setup                     
00001629  OPT3101_StartMeasurement          
00001637  OPT3101_StartMeasurementChannel   
00001385  OPT3101_WriteRegister             
00003721  PCM_IRQHandler                    
00003721  PORT1_IRQHandler                  
00003721  PORT2_IRQHandler                  
00003721  PORT3_IRQHandler                  
00003721  PORT4_IRQHandler                  
00003721  PORT5_IRQHandler                  
000017dd  PORT6_IRQHandler                  
000017dd  PORT6_IRQHandler                  
00003721  PSS_IRQHandler                    
20003234  PTxChan                           
000019ef  PWM_Duty1                         
00001a0f  PWM_Duty2                         
000019c7  PWM_Duty3                         
000019db  PWM_Duty4                         
00001871  PWM_Init1                         
000018d7  PWM_Init12                        
0000195b  PWM_Init34                        
00001b57  PWM_RobotArmDuty0                 
00001b7d  PWM_RobotArmDuty1                 
00001ba3  PWM_RobotArmDuty2                 
00001b77  PWM_RobotArmGetDuty0              
00001b9d  PWM_RobotArmGetDuty1              
00001bc3  PWM_RobotArmGetDuty2              
00001a2f  PWM_RobotArmInit                  
20003238  Pamplitudes                       
000009f1  Pause                             
2000323c  Pdistances                        
00003721  PendSV_Handler                    
20003834  Postwait                          
2000382c  Prewait                           
20003240  Pt                                
20003244  Pt2                               
20003248  Pt3                               
00003721  RTC_C_IRQHandler                  
00003715  Reset_Handler                     
000007b5  Right                             
2000324c  RightDistance                     
00003721  SVC_Handler                       
2000384c  SetPoint                          
20003250  Size                              
0000367d  StartCritical                     
00003721  SysTick_Handler                   
20003888  SystemCoreClock                   
00002009  SystemCoreClockUpdate             
00002281  SystemInit                        
00003721  T32_INT1_IRQHandler               
00003721  T32_INT2_IRQHandler               
00003721  T32_INTC_IRQHandler               
00003721  TA0_0_IRQHandler                  
00003721  TA0_N_IRQHandler                  
00003721  TA1_0_IRQHandler                  
00003721  TA1_N_IRQHandler                  
00003721  TA2_0_IRQHandler                  
00003721  TA2_N_IRQHandler                  
00003721  TA3_0_IRQHandler                  
00003721  TA3_N_IRQHandler                  
20003254  TxChannel                         
0000012b  UART0_InChar                      
00000571  UART0_InString                    
00000151  UART0_InUDec                      
00000425  UART0_InUHex                      
000000e5  UART0_Init                        
000006d1  UART0_Initprintf                  
0000013b  UART0_OutChar                     
000001df  UART0_OutSDec                     
00000147  UART0_OutString                   
000001d5  UART0_OutUDec                     
00000325  UART0_OutUDec4                    
00000359  UART0_OutUDec5                    
0000038b  UART0_OutUFix1                    
000003d9  UART0_OutUFix2                    
000004e9  UART0_OutUHex                     
00000555  UART0_OutUHex2                    
20003258  UL                                
2000325c  UR                                
0000078f  UartClear                         
0000075d  UartSetCur                        
00003721  UsageFault_Handler                
4000480c  WDTCTL_SYM                        
00003721  WDT_A_IRQHandler                  
0000368f  WaitForInterrupt                  
20003000  __CIOBUF_                         
20010000  __STACK_END                       
00000200  __STACK_SIZE                      
00000400  __SYSMEM_SIZE                     
000037d0  __TI_CINIT_Base                   
000037e0  __TI_CINIT_Limit                  
000037bc  __TI_Handler_Table_Base           
000037c8  __TI_Handler_Table_Limit          
000033fd  __TI_auto_init_nobinit_nopinit    
000034f5  __TI_cleanup                      
20003860  __TI_cleanup_ptr                  
00002f55  __TI_closefile                    
0000310d  __TI_decompress_lzss              
00003707  __TI_decompress_none              
000032e1  __TI_doflush                      
20003864  __TI_dtors_ptr                    
20003868  __TI_enable_exit_profile_output   
20003850  __TI_ft_end                       
ffffffff  __TI_pprof_out_hndl               
ffffffff  __TI_prof_data_size               
ffffffff  __TI_prof_data_start              
00003529  __TI_readmsg                      
00000000  __TI_static_base__                
20003120  __TI_tmpnams                      
00003485  __TI_writemsg                     
00003723  __TI_zero_init                    
00002ed9  __aeabi_memclr                    
00002ed9  __aeabi_memclr4                   
00002ed9  __aeabi_memclr8                   
00002e3d  __aeabi_memcpy                    
00002e3d  __aeabi_memcpy4                   
00002e3d  __aeabi_memcpy8                   
00002edb  __aeabi_memset                    
00002edb  __aeabi_memset4                   
00002edb  __aeabi_memset8                   
2000385c  __aeabi_stderr                    
20003854  __aeabi_stdin                     
20003858  __aeabi_stdout                    
ffffffff  __binit__                         
ffffffff  __c_args__                        
UNDEFED   __mpu_init                        
2000fe00  __stack                           
20000000  __start___llvm_prf_cnts           
20000000  __stop___llvm_prf_cnts            
0000355d  _c_int00_noargs                   
20003760  _device                           
20003670  _ftable                           
2000386c  _lock                             
00002f53  _nop                              
200037d8  _stream                           
20003270  _sys_memory                       
UNDEFED   _system_post_cinit                
00003737  _system_pre_init                  
20003870  _unlock                           
0000373b  abort                             
00002ce9  add_device                        
000027b9  aligned_alloc                     
ffffffff  binit                             
000031d5  close                             
00002459  delay                             
0000332d  exit                              
0000060b  ferror                            
000005eb  fgetc                             
000035c5  finddevice                        
00002da1  fopen                             
000029b1  free                              
00003591  freopen                           
00003441  getdevice                         
00000000  interruptVectors                  
00000d85  isqrt                             
00000ad1  main                              
0000372f  malloc                            
000027b9  memalign                          
00002e3d  memcpy                            
00002ee1  memset                            
00002c2d  open                              
0000052d  outnibble                         
20003200  parmbuf                           
00000799  pollDistanceSensor                
000035f5  remove                            
00002a95  setvbuf                           
000036c9  strchr                            
000036b1  strcmp                            
000036df  strcpy                            
000036f3  strlen                            
000034bd  strncpy                           
20003260  u1                                
20003264  u2                                
20003268  u3                                
00000629  uart_close                        
000006a7  uart_lseek                        
00000619  uart_open                         
0000063b  uart_read                         
000006c3  uart_rename                       
000006b7  uart_unlink                       
00000665  uart_write                        
000035f5  unlink                            
00003649  write                             
20000000  x                                 
20001000  x2                                
20002000  x3                                


GLOBAL SYMBOLS: SORTED BY Symbol Address 

address   name                              
-------   ----                              
00000000  __TI_static_base__                
00000000  interruptVectors                  
000000e5  UART0_Init                        
0000012b  UART0_InChar                      
0000013b  UART0_OutChar                     
00000147  UART0_OutString                   
00000151  UART0_InUDec                      
000001d5  UART0_OutUDec                     
000001df  UART0_OutSDec                     
00000200  __STACK_SIZE                      
00000325  UART0_OutUDec4                    
00000359  UART0_OutUDec5                    
0000038b  UART0_OutUFix1                    
000003d9  UART0_OutUFix2                    
00000400  __SYSMEM_SIZE                     
00000425  UART0_InUHex                      
000004e9  UART0_OutUHex                     
0000052d  outnibble                         
00000555  UART0_OutUHex2                    
00000571  UART0_InString                    
000005eb  fgetc                             
0000060b  ferror                            
00000619  uart_open                         
00000629  uart_close                        
0000063b  uart_read                         
00000665  uart_write                        
000006a7  uart_lseek                        
000006b7  uart_unlink                       
000006c3  uart_rename                       
000006d1  UART0_Initprintf                  
0000075d  UartSetCur                        
0000078f  UartClear                         
00000799  pollDistanceSensor                
000007b5  Right                             
000007d7  Left                              
000007f3  Controller                        
000008d9  Controller_Right                  
000009f1  Pause                             
00000ad1  main                              
00000d85  isqrt                             
00000dc5  LPF_Init_old                      
00000e19  LPF_Calc_old                      
00000e7b  LPF_Init                          
00000ed9  LPF_Calc                          
00000f2d  Noise                             
00000fd1  LPF_Init2                         
0000102d  LPF_Calc2                         
000010a1  Noise2                            
00001145  LPF_Init3                         
00001199  LPF_Calc3                         
00001205  Noise3                            
000012b1  Median                            
00001355  OPT3101_ReadRegister              
00001385  OPT3101_WriteRegister             
000013bf  OPT3101_Init                      
0000141d  OPT3101_Setup                     
00001547  OPT3101_CalibrateInternalCrosstalk
00001629  OPT3101_StartMeasurement          
00001637  OPT3101_StartMeasurementChannel   
00001677  OPT3101_ReadMeasurement           
0000168f  OPT3101_MeasurementError          
000016af  OPT3101_GetTxChannel              
000016b9  OPT3101_GetAmplitude              
000016cd  OPT3101_GetPhase                  
000016d7  OPT3101_GetDistanceMillimeters    
000016ed  OPT3101_CheckDistanceSensor       
00001705  OPT3101_GetMeasurement            
00001787  OPT3101_ArmInterrupts             
000017dd  PORT6_IRQHandler                  
000017dd  PORT6_IRQHandler                  
00001871  PWM_Init1                         
000018d7  PWM_Init12                        
0000195b  PWM_Init34                        
000019c7  PWM_Duty3                         
000019db  PWM_Duty4                         
000019ef  PWM_Duty1                         
00001a0f  PWM_Duty2                         
00001a2f  PWM_RobotArmInit                  
00001b57  PWM_RobotArmDuty0                 
00001b77  PWM_RobotArmGetDuty0              
00001b7d  PWM_RobotArmDuty1                 
00001b9d  PWM_RobotArmGetDuty1              
00001ba3  PWM_RobotArmDuty2                 
00001bc3  PWM_RobotArmGetDuty2              
00001c61  I2CB1_Init                        
00001caf  I2CB1_Send                        
00001d27  I2CB1_Recv                        
00001da7  I2CB1_Send1                       
00001e03  I2CB1_Send2                       
00001e73  I2CB1_Send3                       
00001ef1  I2CB1_Send4                       
00001f7f  I2CB1_Recv1                       
00002009  SystemCoreClockUpdate             
00002281  SystemInit                        
0000233d  Clock_Init48MHz                   
00002453  Clock_GetFreq                     
00002459  delay                             
00002467  Clock_Delay1us                    
00002491  Clock_Delay1ms                    
0000251d  Motor_Init                        
000025b1  Motor_Stop                        
000025cb  Motor_Forward                     
000025fb  Motor_Right                       
00002629  Motor_Left                        
00002657  Motor_Backward                    
000027b9  aligned_alloc                     
000027b9  memalign                          
000028b9  LaunchPad_Init                    
00002929  LaunchPad_Input                   
00002947  LaunchPad_LED                     
00002965  LaunchPad_Output                  
000029b1  free                              
00002a95  setvbuf                           
00002b71  BumpInt_Init                      
00002bf5  Bump_Read                         
00002c2d  open                              
00002ce9  add_device                        
00002da1  fopen                             
00002e3d  __aeabi_memcpy                    
00002e3d  __aeabi_memcpy4                   
00002e3d  __aeabi_memcpy8                   
00002e3d  memcpy                            
00002ed9  __aeabi_memclr                    
00002ed9  __aeabi_memclr4                   
00002ed9  __aeabi_memclr8                   
00002edb  __aeabi_memset                    
00002edb  __aeabi_memset4                   
00002edb  __aeabi_memset8                   
00002ee1  memset                            
00002f53  _nop                              
00002f55  __TI_closefile                    
00003039  HOSTrename                        
000030a5  HOSTlseek                         
0000310d  __TI_decompress_lzss              
00003175  HOSTopen                          
000031d5  close                             
00003231  HOSTread                          
00003289  HOSTwrite                         
000032e1  __TI_doflush                      
0000332d  exit                              
00003375  HOSTclose                         
000033b9  HOSTunlink                        
000033fd  __TI_auto_init_nobinit_nopinit    
00003441  getdevice                         
00003485  __TI_writemsg                     
000034b3  C$$IO$$                           
000034bd  strncpy                           
000034f5  __TI_cleanup                      
00003529  __TI_readmsg                      
0000355d  _c_int00_noargs                   
00003591  freopen                           
000035c5  finddevice                        
000035f5  remove                            
000035f5  unlink                            
00003649  write                             
00003671  DisableInterrupts                 
00003677  EnableInterrupts                  
0000367d  StartCritical                     
00003687  EndCritical                       
0000368f  WaitForInterrupt                  
000036b1  strcmp                            
000036c9  strchr                            
000036df  strcpy                            
000036f3  strlen                            
00003707  __TI_decompress_none              
00003715  Reset_Handler                     
00003721  ADC14_IRQHandler                  
00003721  AES256_IRQHandler                 
00003721  BusFault_Handler                  
00003721  COMP_E0_IRQHandler                
00003721  COMP_E1_IRQHandler                
00003721  CS_IRQHandler                     
00003721  DMA_ERR_IRQHandler                
00003721  DMA_INT0_IRQHandler               
00003721  DMA_INT1_IRQHandler               
00003721  DMA_INT2_IRQHandler               
00003721  DMA_INT3_IRQHandler               
00003721  DebugMon_Handler                  
00003721  Default_Handler                   
00003721  EUSCIA0_IRQHandler                
00003721  EUSCIA1_IRQHandler                
00003721  EUSCIA2_IRQHandler                
00003721  EUSCIA3_IRQHandler                
00003721  EUSCIB0_IRQHandler                
00003721  EUSCIB1_IRQHandler                
00003721  EUSCIB2_IRQHandler                
00003721  EUSCIB3_IRQHandler                
00003721  FLCTL_IRQHandler                  
00003721  FPU_IRQHandler                    
00003721  HardFault_Handler                 
00003721  MemManage_Handler                 
00003721  NMI_Handler                       
00003721  PCM_IRQHandler                    
00003721  PORT1_IRQHandler                  
00003721  PORT2_IRQHandler                  
00003721  PORT3_IRQHandler                  
00003721  PORT4_IRQHandler                  
00003721  PORT5_IRQHandler                  
00003721  PSS_IRQHandler                    
00003721  PendSV_Handler                    
00003721  RTC_C_IRQHandler                  
00003721  SVC_Handler                       
00003721  SysTick_Handler                   
00003721  T32_INT1_IRQHandler               
00003721  T32_INT2_IRQHandler               
00003721  T32_INTC_IRQHandler               
00003721  TA0_0_IRQHandler                  
00003721  TA0_N_IRQHandler                  
00003721  TA1_0_IRQHandler                  
00003721  TA1_N_IRQHandler                  
00003721  TA2_0_IRQHandler                  
00003721  TA2_N_IRQHandler                  
00003721  TA3_0_IRQHandler                  
00003721  TA3_N_IRQHandler                  
00003721  UsageFault_Handler                
00003721  WDT_A_IRQHandler                  
00003723  __TI_zero_init                    
0000372f  malloc                            
00003737  _system_pre_init                  
0000373b  C$$EXIT                           
0000373b  abort                             
000037bc  __TI_Handler_Table_Base           
000037c8  __TI_Handler_Table_Limit          
000037d0  __TI_CINIT_Base                   
000037e0  __TI_CINIT_Limit                  
20000000  __start___llvm_prf_cnts           
20000000  __stop___llvm_prf_cnts            
20000000  x                                 
20001000  x2                                
20002000  x3                                
20003000  __CIOBUF_                         
20003120  __TI_tmpnams                      
200031c0  Amplitudes                        
200031cc  ChannelCount                      
200031d8  Distances                         
200031e4  FilteredDistances                 
200031f8  Messageb                          
20003200  parmbuf                           
20003208  CenterDistance                    
2000320c  Error                             
20003210  I1                                
20003214  ISRLast                           
20003218  ISRPeriod                         
2000321c  ISRTime                           
20003220  LPFSum                            
20003224  LPFSum2                           
20003228  LPFSum3                           
2000322c  LeftDistance                      
20003230  Messageindexb                     
20003234  PTxChan                           
20003238  Pamplitudes                       
2000323c  Pdistances                        
20003240  Pt                                
20003244  Pt2                               
20003248  Pt3                               
2000324c  RightDistance                     
20003250  Size                              
20003254  TxChannel                         
20003258  UL                                
2000325c  UR                                
20003260  u1                                
20003264  u2                                
20003268  u3                                
20003270  _sys_memory                       
20003670  _ftable                           
20003760  _device                           
200037d8  _stream                           
20003828  ClockFrequency                    
2000382c  Prewait                           
20003830  CPMwait                           
20003834  Postwait                          
20003838  IFlags                            
2000383c  Crystalstable                     
20003840  Mode                              
20003844  Ki                                
20003848  Kp                                
2000384c  SetPoint                          
20003850  __TI_ft_end                       
20003854  __aeabi_stdin                     
20003858  __aeabi_stdout                    
2000385c  __aeabi_stderr                    
20003860  __TI_cleanup_ptr                  
20003864  __TI_dtors_ptr                    
20003868  __TI_enable_exit_profile_output   
2000386c  _lock                             
20003870  _unlock                           
20003888  SystemCoreClock                   
2000fe00  __stack                           
20010000  __STACK_END                       
4000480c  WDTCTL_SYM                        
ffffffff  __TI_pprof_out_hndl               
ffffffff  __TI_prof_data_size               
ffffffff  __TI_prof_data_start              
ffffffff  __binit__                         
ffffffff  __c_args__                        
ffffffff  binit                             
UNDEFED   __mpu_init                        
UNDEFED   _system_post_cinit                

[298 symbols]
