******************************************************************************
                  TI ARM Linker PC v20.2.7                     
******************************************************************************
>> Linked Sat Apr 22 12:32:26 2023

OUTPUT FILE NAME:   <_Hulk_Master.out>
ENTRY POINT SYMBOL: "_c_int00_noargs"  address: 00003521


MEMORY CONFIGURATION

         name            origin    length      used     unused   attr    fill
----------------------  --------  ---------  --------  --------  ----  --------
  MAIN                  00000000   00040000  000037a2  0003c85e  R  X
  INFO                  00200000   00004000  00000000  00004000  R  X
  SRAM_CODE             01000000   00010000  00003a88  0000c578  RW X
  SRAM_DATA             20000000   00010000  00003a88  0000c578  RW  


SEGMENT ALLOCATION MAP

run origin  load origin   length   init length attrs members
----------  ----------- ---------- ----------- ----- -------
00000000    00000000    000037a8   000037a8    r-x
  00000000    00000000    000000e4   000000e4    r-- .intvecs
  000000e4    000000e4    0000361e   0000361e    r-x .text
  00003708    00003708    000000a0   000000a0    r-- .cinit
20000000    20000000    0000388c   00000000    rw-
  20000000    20000000    0000326c   00000000    rw- .bss
  20003270    20003270    00000400   00000000    rw- .sysmem
  20003670    20003670    0000021c   00000000    rw- .data
2000fe00    2000fe00    00000200   00000000    rw-
  2000fe00    2000fe00    00000200   00000000    rw- .stack


SECTION ALLOCATION MAP

 output                                  attributes/
section   page    origin      length       input sections
--------  ----  ----------  ----------   ----------------
.intvecs   0    00000000    000000e4     
                  00000000    000000e4     startup_msp432p401r_ccs.obj (.intvecs:retain)

.text      0    000000e4    0000361e     
                  000000e4    000006c8     UART0.obj (.text)
                  000007ac    000005d0     LPF.obj (.text)
                  00000d7c    0000059c     main.obj (.text)
                  00001318    0000051c     opt3101.obj (.text)
                  00001834    000003f0     PWM.obj (.text)
                  00001c24    000003a8     I2CB1.obj (.text)
                  00001fcc    00000334     system_msp432p401r.obj (.text)
                  00002300    000001e0     Clock.obj (.text)
                  000024e0    0000018c     Motor.obj (.text)
                  0000266c    00000110     rtsv7M4_T_le_v4SPD16_eabi.lib : fopen.c.obj (.text:_openfile)
                  0000277c    00000100                                   : memory.c.obj (.text:aligned_alloc)
                  0000287c    000000f8     LaunchPad.obj (.text)
                  00002974    000000e4     rtsv7M4_T_le_v4SPD16_eabi.lib : memory.c.obj (.text:free)
                  00002a58    000000dc                                   : setvbuf.c.obj (.text:setvbuf)
                  00002b34    000000bc     BumpInt.obj (.text)
                  00002bf0    000000bc     rtsv7M4_T_le_v4SPD16_eabi.lib : open.c.obj (.text:open)
                  00002cac    000000b8                                   : add_device.c.obj (.text:add_device)
                  00002d64    0000009c                                   : fopen.c.obj (.text:fopen)
                  00002e00    0000009c                                   : memcpy_t2.asm.obj (.text)
                  00002e9c    0000007a                                   : memset_t2.asm.obj (.text)
                  00002f16    00000002                                   : _lock.c.obj (.text:_nop)
                  00002f18    00000074                                   : fclose.c.obj (.text:__TI_closefile)
                  00002f8c    00000070                                   : memory.c.obj (.text:split)
                  00002ffc    0000006c                                   : hostrename.c.obj (.text:HOSTrename)
                  00003068    00000068                                   : hostlseek.c.obj (.text:HOSTlseek)
                  000030d0    00000068                                   : copy_decompress_lzss.c.obj (.text:decompress:lzss:__TI_decompress_lzss)
                  00003138    00000060                                   : hostopen.c.obj (.text:HOSTopen)
                  00003198    0000005c                                   : close.c.obj (.text:close)
                  000031f4    00000058                                   : hostread.c.obj (.text:HOSTread)
                  0000324c    00000058                                   : hostwrite.c.obj (.text:HOSTwrite)
                  000032a4    0000004c                                   : fflush.c.obj (.text:__TI_doflush)
                  000032f0    00000048                                   : exit.c.obj (.text:exit)
                  00003338    00000044                                   : hostclose.c.obj (.text:HOSTclose)
                  0000337c    00000044                                   : hostunlink.c.obj (.text:HOSTunlink)
                  000033c0    00000044                                   : autoinit.c.obj (.text:__TI_auto_init_nobinit_nopinit:__TI_auto_init_nobinit_nopinit)
                  00003404    00000044                                   : getdevice.c.obj (.text:getdevice)
                  00003448    00000038                                   : trgmsg.c.obj (.text:__TI_writemsg)
                  00003480    00000036                                   : strncpy.c.obj (.text:strncpy)
                  000034b6    00000002     --HOLE-- [fill = 0]
                  000034b8    00000034                                   : fopen.c.obj (.text:__TI_cleanup)
                  000034ec    00000034                                   : trgmsg.c.obj (.text:__TI_readmsg)
                  00003520    00000034                                   : boot_cortex_m.c.obj (.text:_c_int00_noargs:_c_int00_noargs)
                  00003554    00000034                                   : fopen.c.obj (.text:freopen)
                  00003588    00000030                                   : getdevice.c.obj (.text:finddevice)
                  000035b8    0000002c                                   : unlink.c.obj (.text:unlink)
                  000035e4    00000028                                   : memory.c.obj (.text:free_list_insert)
                  0000360c    00000028                                   : write.c.obj (.text:write)
                  00003634    00000024     CortexM.obj (.text)
                  00003658    0000001c     rtsv7M4_T_le_v4SPD16_eabi.lib : memory.c.obj (.text:free_list_remove)
                  00003674    00000018                                   : strcmp.c.obj (.text:strcmp)
                  0000368c    00000016                                   : strchr.c.obj (.text:strchr)
                  000036a2    00000014                                   : strcpy.c.obj (.text:strcpy)
                  000036b6    00000014                                   : strlen.c.obj (.text:strlen)
                  000036ca    0000000e                                   : copy_decompress_none.c.obj (.text:decompress:none:__TI_decompress_none)
                  000036d8    0000000e     startup_msp432p401r_ccs.obj (.text)
                  000036e6    0000000c     rtsv7M4_T_le_v4SPD16_eabi.lib : copy_zero_init.c.obj (.text:decompress:ZI:__TI_zero_init)
                  000036f2    00000008                                   : memory.c.obj (.text:malloc)
                  000036fa    00000004                                   : pre_init.c.obj (.text:_system_pre_init)
                  000036fe    00000004                                   : exit.c.obj (.text:abort:abort)

.cinit     0    00003708    000000a0     
                  00003708    0000007b     (.cinit..data.load) [load image, compression = lzss]
                  00003783    00000001     --HOLE-- [fill = 0]
                  00003784    0000000c     (__TI_handler_table)
                  00003790    00000008     (.cinit..bss.load) [load image, compression = zero_init]
                  00003798    00000010     (__TI_cinit_table)

.init_array 
*          0    00000000    00000000     UNINITIALIZED

.binit     0    00000000    00000000     

.bss       0    20000000    0000326c     UNINITIALIZED
                  20000000    00001000     (.common:x)
                  20001000    00001000     (.common:x2)
                  20002000    00001000     (.common:x3)
                  20003000    00000120     rtsv7M4_T_le_v4SPD16_eabi.lib : trgmsg.c.obj (.bss:_CIOBUF_)
                  20003120    000000a0     (.common:__TI_tmpnams)
                  200031c0    0000000c     (.common:Amplitudes)
                  200031cc    0000000c     (.common:ChannelCount)
                  200031d8    0000000c     (.common:Distances)
                  200031e4    0000000c     (.common:FilteredDistances)
                  200031f0    00000008     opt3101.obj (.bss)
                  200031f8    00000008     (.common:Messageb)
                  20003200    00000008     (.common:parmbuf)
                  20003208    00000004     (.common:CenterDistance)
                  2000320c    00000004     (.common:Error)
                  20003210    00000004     (.common:I1)
                  20003214    00000004     (.common:ISRLast)
                  20003218    00000004     (.common:ISRPeriod)
                  2000321c    00000004     (.common:ISRTime)
                  20003220    00000004     (.common:LPFSum)
                  20003224    00000004     (.common:LPFSum2)
                  20003228    00000004     (.common:LPFSum3)
                  2000322c    00000004     (.common:LeftDistance)
                  20003230    00000004     (.common:Messageindexb)
                  20003234    00000004     (.common:PTxChan)
                  20003238    00000004     (.common:Pamplitudes)
                  2000323c    00000004     (.common:Pdistances)
                  20003240    00000004     (.common:Pt)
                  20003244    00000004     (.common:Pt2)
                  20003248    00000004     (.common:Pt3)
                  2000324c    00000004     (.common:RightDistance)
                  20003250    00000004     (.common:Size)
                  20003254    00000004     (.common:TxChannel)
                  20003258    00000004     (.common:UL)
                  2000325c    00000004     (.common:UR)
                  20003260    00000004     (.common:u1)
                  20003264    00000004     (.common:u2)
                  20003268    00000004     (.common:u3)

.sysmem    0    20003270    00000400     UNINITIALIZED
                  20003270    00000010     rtsv7M4_T_le_v4SPD16_eabi.lib : memory.c.obj (.sysmem)
                  20003280    000003f0     --HOLE--

.data      0    20003670    0000021c     UNINITIALIZED
                  20003670    000000f0     rtsv7M4_T_le_v4SPD16_eabi.lib : defs.c.obj (.data:_ftable)
                  20003760    00000078                                   : host_device.c.obj (.data:_device)
                  200037d8    00000050                                   : host_device.c.obj (.data:_stream)
                  20003828    00000018     Clock.obj (.data)
                  20003840    00000010     main.obj (.data)
                  20003850    00000010     rtsv7M4_T_le_v4SPD16_eabi.lib : defs.c.obj (.data)
                  20003860    0000000c                                   : exit.c.obj (.data:$O1$$)
                  2000386c    00000008                                   : _lock.c.obj (.data:$O1$$)
                  20003874    00000008                                   : memory.c.obj (.data:$O1$$)
                  2000387c    00000004                                   : add_device.c.obj (.data)
                  20003880    00000004                                   : fopen.c.obj (.data)
                  20003884    00000004                                   : open.c.obj (.data)
                  20003888    00000004     system_msp432p401r.obj (.data)

.stack     0    2000fe00    00000200     UNINITIALIZED
                  2000fe00    00000004     rtsv7M4_T_le_v4SPD16_eabi.lib : boot_cortex_m.c.obj (.stack)
                  2000fe04    000001fc     --HOLE--

__llvm_prf_cnts 
*          0    20000000    00000000     UNINITIALIZED

MODULE SUMMARY

       Module                        code    ro data   rw data
       ------                        ----    -------   -------
    .\
       LPF.obj                       1488    0         24664  
       UART0.obj                     1736    0         24     
       main.obj                      1436    0         160    
       opt3101.obj                   1308    0         88     
       PWM.obj                       1008    0         0      
       I2CB1.obj                     936     0         0      
       system_msp432p401r.obj        820     0         8      
       Clock.obj                     480     0         48     
       Motor.obj                     396     0         0      
       LaunchPad.obj                 248     0         0      
       startup_msp432p401r_ccs.obj   14      228       0      
       BumpInt.obj                   188     0         0      
       CortexM.obj                   36      0         0      
    +--+-----------------------------+-------+---------+---------+
       Total:                        10094   228       24992  
                                                              
    C:\ti\ccs1210\ccs\tools\compiler\ti-cgt-arm_20.2.7.LTS\lib\rtsv7M4_T_le_v4SPD16_eabi.lib
       defs.c.obj                    0       0         832    
       memory.c.obj                  672     0         16     
       trgmsg.c.obj                  108     0         576    
       fopen.c.obj                   532     0         8      
       host_device.c.obj             0       0         400    
       setvbuf.c.obj                 220     0         0      
       open.c.obj                    188     0         8      
       add_device.c.obj              184     0         8      
       memcpy_t2.asm.obj             156     0         0      
       memset_t2.asm.obj             122     0         0      
       fclose.c.obj                  116     0         0      
       getdevice.c.obj               116     0         0      
       hostopen.c.obj                96      0         16     
       hostrename.c.obj              108     0         0      
       copy_decompress_lzss.c.obj    104     0         0      
       hostlseek.c.obj               104     0         0      
       exit.c.obj                    76      0         24     
       close.c.obj                   92      0         0      
       hostread.c.obj                88      0         0      
       hostwrite.c.obj               88      0         0      
       fflush.c.obj                  76      0         0      
       autoinit.c.obj                68      0         0      
       hostclose.c.obj               68      0         0      
       hostunlink.c.obj              68      0         0      
       strncpy.c.obj                 54      0         0      
       boot_cortex_m.c.obj           52      0         0      
       unlink.c.obj                  44      0         0      
       write.c.obj                   40      0         0      
       strcmp.c.obj                  24      0         0      
       strchr.c.obj                  22      0         0      
       strcpy.c.obj                  20      0         0      
       strlen.c.obj                  20      0         0      
       _lock.c.obj                   2       0         16     
       copy_decompress_none.c.obj    14      0         0      
       copy_zero_init.c.obj          12      0         0      
       pre_init.c.obj                4       0         0      
    +--+-----------------------------+-------+---------+---------+
       Total:                        3758    0         1904   
                                                              
       Heap:                         0       0         2048   
       Stack:                        0       0         1024   
       Linker Generated:             0       159       0      
    +--+-----------------------------+-------+---------+---------+
       Grand Total:                  13852   387       29968  


LINKER GENERATED COPY TABLES

__TI_cinit_table @ 00003798 records: 2, size/record: 8, table size: 16
	.data: load addr=00003708, load size=0000007b bytes, run addr=20003670, run size=0000021c bytes, compression=lzss
	.bss: load addr=00003790, load size=00000008 bytes, run addr=20000000, run size=0000326c bytes, compression=zero_init


LINKER GENERATED HANDLER TABLE

__TI_handler_table @ 00003784 records: 3, size/record: 4, table size: 12
	index: 0, handler: __TI_decompress_lzss
	index: 1, handler: __TI_decompress_none
	index: 2, handler: __TI_zero_init


GLOBAL SYMBOLS: SORTED ALPHABETICALLY BY Name 

address   name                              
-------   ----                              
000036e5  ADC14_IRQHandler                  
000036e5  AES256_IRQHandler                 
200031c0  Amplitudes                        
00002b35  BumpInt_Init                      
00002bb9  BumpInt_Read                      
000036e5  BusFault_Handler                  
000036ff  C$$EXIT                           
00003477  C$$IO$$                           
000036e5  COMP_E0_IRQHandler                
000036e5  COMP_E1_IRQHandler                
20003830  CPMwait                           
000036e5  CS_IRQHandler                     
20003208  CenterDistance                    
200031cc  ChannelCount                      
20003828  ClockFrequency                    
00002455  Clock_Delay1ms                    
0000242b  Clock_Delay1us                    
00002417  Clock_GetFreq                     
00002301  Clock_Init48MHz                   
00000e13  Controller                        
00000ef9  Controller_Right                  
2000383c  Crystalstable                     
000036e5  DMA_ERR_IRQHandler                
000036e5  DMA_INT0_IRQHandler               
000036e5  DMA_INT1_IRQHandler               
000036e5  DMA_INT2_IRQHandler               
000036e5  DMA_INT3_IRQHandler               
000036e5  DebugMon_Handler                  
000036e5  Default_Handler                   
00003635  DisableInterrupts                 
200031d8  Distances                         
000036e5  EUSCIA0_IRQHandler                
000036e5  EUSCIA1_IRQHandler                
000036e5  EUSCIA2_IRQHandler                
000036e5  EUSCIA3_IRQHandler                
000036e5  EUSCIB0_IRQHandler                
000036e5  EUSCIB1_IRQHandler                
000036e5  EUSCIB2_IRQHandler                
000036e5  EUSCIB3_IRQHandler                
0000363b  EnableInterrupts                  
0000364b  EndCritical                       
2000320c  Error                             
000036e5  FLCTL_IRQHandler                  
000036e5  FPU_IRQHandler                    
200031e4  FilteredDistances                 
00003339  HOSTclose                         
00003069  HOSTlseek                         
00003139  HOSTopen                          
000031f5  HOSTread                          
00002ffd  HOSTrename                        
0000337d  HOSTunlink                        
0000324d  HOSTwrite                         
000036e5  HardFault_Handler                 
20003210  I1                                
00001c25  I2CB1_Init                        
00001ceb  I2CB1_Recv                        
00001f43  I2CB1_Recv1                       
00001c73  I2CB1_Send                        
00001d6b  I2CB1_Send1                       
00001dc7  I2CB1_Send2                       
00001e37  I2CB1_Send3                       
00001eb5  I2CB1_Send4                       
20003838  IFlags                            
20003214  ISRLast                           
20003218  ISRPeriod                         
2000321c  ISRTime                           
20003844  Ki                                
20003848  Kp                                
20003220  LPFSum                            
20003224  LPFSum2                           
20003228  LPFSum3                           
00000901  LPF_Calc                          
00000a55  LPF_Calc2                         
00000bc1  LPF_Calc3                         
00000841  LPF_Calc_old                      
000008a3  LPF_Init                          
000009f9  LPF_Init2                         
00000b6d  LPF_Init3                         
000007ed  LPF_Init_old                      
0000287d  LaunchPad_Init                    
000028ed  LaunchPad_Input                   
0000290b  LaunchPad_LED                     
00002929  LaunchPad_Output                  
00000df7  Left                              
2000322c  LeftDistance                      
00000cd9  Median                            
000036e5  MemManage_Handler                 
200031f8  Messageb                          
20003230  Messageindexb                     
20003840  Mode                              
0000261b  Motor_Backward                    
0000258f  Motor_Forward                     
000024e1  Motor_Init                        
000025ed  Motor_Left                        
000025bf  Motor_Right                       
00002575  Motor_Stop                        
000036e5  NMI_Handler                       
00000955  Noise                             
00000ac9  Noise2                            
00000c2d  Noise3                            
0000174b  OPT3101_ArmInterrupts             
0000150b  OPT3101_CalibrateInternalCrosstalk
000016b1  OPT3101_CheckDistanceSensor       
0000167d  OPT3101_GetAmplitude              
0000169b  OPT3101_GetDistanceMillimeters    
000016c9  OPT3101_GetMeasurement            
00001691  OPT3101_GetPhase                  
00001673  OPT3101_GetTxChannel              
00001383  OPT3101_Init                      
00001653  OPT3101_MeasurementError          
0000163b  OPT3101_ReadMeasurement           
00001319  OPT3101_ReadRegister              
000013e1  OPT3101_Setup                     
000015ed  OPT3101_StartMeasurement          
000015fb  OPT3101_StartMeasurementChannel   
00001349  OPT3101_WriteRegister             
000036e5  PCM_IRQHandler                    
000036e5  PORT1_IRQHandler                  
000036e5  PORT2_IRQHandler                  
000036e5  PORT3_IRQHandler                  
00000fe5  PORT4_IRQHandler                  
00000fe5  PORT4_IRQHandler                  
000036e5  PORT5_IRQHandler                  
000017a1  PORT6_IRQHandler                  
000017a1  PORT6_IRQHandler                  
000036e5  PSS_IRQHandler                    
20003234  PTxChan                           
000019b3  PWM_Duty1                         
000019d3  PWM_Duty2                         
0000198b  PWM_Duty3                         
0000199f  PWM_Duty4                         
00001835  PWM_Init1                         
0000189b  PWM_Init12                        
0000191f  PWM_Init34                        
00001b1b  PWM_RobotArmDuty0                 
00001b41  PWM_RobotArmDuty1                 
00001b67  PWM_RobotArmDuty2                 
00001b3b  PWM_RobotArmGetDuty0              
00001b61  PWM_RobotArmGetDuty1              
00001b87  PWM_RobotArmGetDuty2              
000019f3  PWM_RobotArmInit                  
20003238  Pamplitudes                       
2000323c  Pdistances                        
000036e5  PendSV_Handler                    
20003834  Postwait                          
2000382c  Prewait                           
20003240  Pt                                
20003244  Pt2                               
20003248  Pt3                               
000036e5  RTC_C_IRQHandler                  
000036d9  Reset_Handler                     
00000dd5  Right                             
2000324c  RightDistance                     
000036e5  SVC_Handler                       
2000384c  SetPoint                          
20003250  Size                              
00003641  StartCritical                     
000036e5  SysTick_Handler                   
20003888  SystemCoreClock                   
00001fcd  SystemCoreClockUpdate             
00002245  SystemInit                        
000036e5  T32_INT1_IRQHandler               
000036e5  T32_INT2_IRQHandler               
000036e5  T32_INTC_IRQHandler               
000036e5  TA0_0_IRQHandler                  
000036e5  TA0_N_IRQHandler                  
000036e5  TA1_0_IRQHandler                  
000036e5  TA1_N_IRQHandler                  
000036e5  TA2_0_IRQHandler                  
000036e5  TA2_N_IRQHandler                  
000036e5  TA3_0_IRQHandler                  
000036e5  TA3_N_IRQHandler                  
20003254  TxChannel                         
0000012b  UART0_InChar                      
000005c1  UART0_InString                    
00000175  UART0_InUDec                      
00000475  UART0_InUHex                      
000000e5  UART0_Init                        
00000721  UART0_Initprintf                  
0000013b  UART0_OutChar                     
00000229  UART0_OutSDec                     
00000157  UART0_OutString                   
000001f9  UART0_OutUDec                     
0000036f  UART0_OutUDec4                    
000003c9  UART0_OutUDec5                    
00000401  UART0_OutUFix1                    
00000429  UART0_OutUFix2                    
00000539  UART0_OutUHex                     
000005a5  UART0_OutUHex2                    
00001045  UART_Init_Print                   
20003258  UL                                
2000325c  UR                                
00000daf  UartClear                         
00000d7d  UartSetCur                        
000036e5  UsageFault_Handler                
4000480c  WDTCTL_SYM                        
000036e5  WDT_A_IRQHandler                  
00003653  WaitForInterrupt                  
20003000  __CIOBUF_                         
20010000  __STACK_END                       
00000200  __STACK_SIZE                      
00000400  __SYSMEM_SIZE                     
00003798  __TI_CINIT_Base                   
000037a8  __TI_CINIT_Limit                  
00003784  __TI_Handler_Table_Base           
00003790  __TI_Handler_Table_Limit          
000033c1  __TI_auto_init_nobinit_nopinit    
000034b9  __TI_cleanup                      
20003860  __TI_cleanup_ptr                  
00002f19  __TI_closefile                    
000030d1  __TI_decompress_lzss              
000036cb  __TI_decompress_none              
000032a5  __TI_doflush                      
20003864  __TI_dtors_ptr                    
20003868  __TI_enable_exit_profile_output   
20003850  __TI_ft_end                       
ffffffff  __TI_pprof_out_hndl               
ffffffff  __TI_prof_data_size               
ffffffff  __TI_prof_data_start              
000034ed  __TI_readmsg                      
00000000  __TI_static_base__                
20003120  __TI_tmpnams                      
00003449  __TI_writemsg                     
000036e7  __TI_zero_init                    
00002e9d  __aeabi_memclr                    
00002e9d  __aeabi_memclr4                   
00002e9d  __aeabi_memclr8                   
00002e01  __aeabi_memcpy                    
00002e01  __aeabi_memcpy4                   
00002e01  __aeabi_memcpy8                   
00002e9f  __aeabi_memset                    
00002e9f  __aeabi_memset4                   
00002e9f  __aeabi_memset8                   
2000385c  __aeabi_stderr                    
20003854  __aeabi_stdin                     
20003858  __aeabi_stdout                    
ffffffff  __binit__                         
ffffffff  __c_args__                        
UNDEFED   __mpu_init                        
2000fe00  __stack                           
20000000  __start___llvm_prf_cnts           
20000000  __stop___llvm_prf_cnts            
00003521  _c_int00_noargs                   
20003760  _device                           
20003670  _ftable                           
2000386c  _lock                             
00002f17  _nop                              
200037d8  _stream                           
20003270  _sys_memory                       
UNDEFED   _system_post_cinit                
000036fb  _system_pre_init                  
20003870  _unlock                           
000036ff  abort                             
00002cad  add_device                        
0000277d  aligned_alloc                     
ffffffff  binit                             
00003199  close                             
0000241d  delay                             
000032f1  exit                              
0000065b  ferror                            
0000063b  fgetc                             
00003589  finddevice                        
00002d65  fopen                             
00002975  free                              
00003555  freopen                           
00003405  getdevice                         
00000000  interruptVectors                  
000007ad  isqrt                             
000010d5  main                              
000036f3  malloc                            
0000277d  memalign                          
00002e01  memcpy                            
00002ea5  memset                            
00002bf1  open                              
0000057d  outnibble                         
20003200  parmbuf                           
00000db9  pollDistanceSensor                
000035b9  remove                            
00002a59  setvbuf                           
0000368d  strchr                            
00003675  strcmp                            
000036a3  strcpy                            
000036b7  strlen                            
00003481  strncpy                           
20003260  u1                                
20003264  u2                                
20003268  u3                                
00000679  uart_close                        
000006f7  uart_lseek                        
00000669  uart_open                         
0000068b  uart_read                         
00000713  uart_rename                       
00000707  uart_unlink                       
000006b5  uart_write                        
000035b9  unlink                            
0000360d  write                             
20000000  x                                 
20001000  x2                                
20002000  x3                                


GLOBAL SYMBOLS: SORTED BY Symbol Address 

address   name                              
-------   ----                              
00000000  __TI_static_base__                
00000000  interruptVectors                  
000000e5  UART0_Init                        
0000012b  UART0_InChar                      
0000013b  UART0_OutChar                     
00000157  UART0_OutString                   
00000175  UART0_InUDec                      
000001f9  UART0_OutUDec                     
00000200  __STACK_SIZE                      
00000229  UART0_OutSDec                     
0000036f  UART0_OutUDec4                    
000003c9  UART0_OutUDec5                    
00000400  __SYSMEM_SIZE                     
00000401  UART0_OutUFix1                    
00000429  UART0_OutUFix2                    
00000475  UART0_InUHex                      
00000539  UART0_OutUHex                     
0000057d  outnibble                         
000005a5  UART0_OutUHex2                    
000005c1  UART0_InString                    
0000063b  fgetc                             
0000065b  ferror                            
00000669  uart_open                         
00000679  uart_close                        
0000068b  uart_read                         
000006b5  uart_write                        
000006f7  uart_lseek                        
00000707  uart_unlink                       
00000713  uart_rename                       
00000721  UART0_Initprintf                  
000007ad  isqrt                             
000007ed  LPF_Init_old                      
00000841  LPF_Calc_old                      
000008a3  LPF_Init                          
00000901  LPF_Calc                          
00000955  Noise                             
000009f9  LPF_Init2                         
00000a55  LPF_Calc2                         
00000ac9  Noise2                            
00000b6d  LPF_Init3                         
00000bc1  LPF_Calc3                         
00000c2d  Noise3                            
00000cd9  Median                            
00000d7d  UartSetCur                        
00000daf  UartClear                         
00000db9  pollDistanceSensor                
00000dd5  Right                             
00000df7  Left                              
00000e13  Controller                        
00000ef9  Controller_Right                  
00000fe5  PORT4_IRQHandler                  
00000fe5  PORT4_IRQHandler                  
00001045  UART_Init_Print                   
000010d5  main                              
00001319  OPT3101_ReadRegister              
00001349  OPT3101_WriteRegister             
00001383  OPT3101_Init                      
000013e1  OPT3101_Setup                     
0000150b  OPT3101_CalibrateInternalCrosstalk
000015ed  OPT3101_StartMeasurement          
000015fb  OPT3101_StartMeasurementChannel   
0000163b  OPT3101_ReadMeasurement           
00001653  OPT3101_MeasurementError          
00001673  OPT3101_GetTxChannel              
0000167d  OPT3101_GetAmplitude              
00001691  OPT3101_GetPhase                  
0000169b  OPT3101_GetDistanceMillimeters    
000016b1  OPT3101_CheckDistanceSensor       
000016c9  OPT3101_GetMeasurement            
0000174b  OPT3101_ArmInterrupts             
000017a1  PORT6_IRQHandler                  
000017a1  PORT6_IRQHandler                  
00001835  PWM_Init1                         
0000189b  PWM_Init12                        
0000191f  PWM_Init34                        
0000198b  PWM_Duty3                         
0000199f  PWM_Duty4                         
000019b3  PWM_Duty1                         
000019d3  PWM_Duty2                         
000019f3  PWM_RobotArmInit                  
00001b1b  PWM_RobotArmDuty0                 
00001b3b  PWM_RobotArmGetDuty0              
00001b41  PWM_RobotArmDuty1                 
00001b61  PWM_RobotArmGetDuty1              
00001b67  PWM_RobotArmDuty2                 
00001b87  PWM_RobotArmGetDuty2              
00001c25  I2CB1_Init                        
00001c73  I2CB1_Send                        
00001ceb  I2CB1_Recv                        
00001d6b  I2CB1_Send1                       
00001dc7  I2CB1_Send2                       
00001e37  I2CB1_Send3                       
00001eb5  I2CB1_Send4                       
00001f43  I2CB1_Recv1                       
00001fcd  SystemCoreClockUpdate             
00002245  SystemInit                        
00002301  Clock_Init48MHz                   
00002417  Clock_GetFreq                     
0000241d  delay                             
0000242b  Clock_Delay1us                    
00002455  Clock_Delay1ms                    
000024e1  Motor_Init                        
00002575  Motor_Stop                        
0000258f  Motor_Forward                     
000025bf  Motor_Right                       
000025ed  Motor_Left                        
0000261b  Motor_Backward                    
0000277d  aligned_alloc                     
0000277d  memalign                          
0000287d  LaunchPad_Init                    
000028ed  LaunchPad_Input                   
0000290b  LaunchPad_LED                     
00002929  LaunchPad_Output                  
00002975  free                              
00002a59  setvbuf                           
00002b35  BumpInt_Init                      
00002bb9  BumpInt_Read                      
00002bf1  open                              
00002cad  add_device                        
00002d65  fopen                             
00002e01  __aeabi_memcpy                    
00002e01  __aeabi_memcpy4                   
00002e01  __aeabi_memcpy8                   
00002e01  memcpy                            
00002e9d  __aeabi_memclr                    
00002e9d  __aeabi_memclr4                   
00002e9d  __aeabi_memclr8                   
00002e9f  __aeabi_memset                    
00002e9f  __aeabi_memset4                   
00002e9f  __aeabi_memset8                   
00002ea5  memset                            
00002f17  _nop                              
00002f19  __TI_closefile                    
00002ffd  HOSTrename                        
00003069  HOSTlseek                         
000030d1  __TI_decompress_lzss              
00003139  HOSTopen                          
00003199  close                             
000031f5  HOSTread                          
0000324d  HOSTwrite                         
000032a5  __TI_doflush                      
000032f1  exit                              
00003339  HOSTclose                         
0000337d  HOSTunlink                        
000033c1  __TI_auto_init_nobinit_nopinit    
00003405  getdevice                         
00003449  __TI_writemsg                     
00003477  C$$IO$$                           
00003481  strncpy                           
000034b9  __TI_cleanup                      
000034ed  __TI_readmsg                      
00003521  _c_int00_noargs                   
00003555  freopen                           
00003589  finddevice                        
000035b9  remove                            
000035b9  unlink                            
0000360d  write                             
00003635  DisableInterrupts                 
0000363b  EnableInterrupts                  
00003641  StartCritical                     
0000364b  EndCritical                       
00003653  WaitForInterrupt                  
00003675  strcmp                            
0000368d  strchr                            
000036a3  strcpy                            
000036b7  strlen                            
000036cb  __TI_decompress_none              
000036d9  Reset_Handler                     
000036e5  ADC14_IRQHandler                  
000036e5  AES256_IRQHandler                 
000036e5  BusFault_Handler                  
000036e5  COMP_E0_IRQHandler                
000036e5  COMP_E1_IRQHandler                
000036e5  CS_IRQHandler                     
000036e5  DMA_ERR_IRQHandler                
000036e5  DMA_INT0_IRQHandler               
000036e5  DMA_INT1_IRQHandler               
000036e5  DMA_INT2_IRQHandler               
000036e5  DMA_INT3_IRQHandler               
000036e5  DebugMon_Handler                  
000036e5  Default_Handler                   
000036e5  EUSCIA0_IRQHandler                
000036e5  EUSCIA1_IRQHandler                
000036e5  EUSCIA2_IRQHandler                
000036e5  EUSCIA3_IRQHandler                
000036e5  EUSCIB0_IRQHandler                
000036e5  EUSCIB1_IRQHandler                
000036e5  EUSCIB2_IRQHandler                
000036e5  EUSCIB3_IRQHandler                
000036e5  FLCTL_IRQHandler                  
000036e5  FPU_IRQHandler                    
000036e5  HardFault_Handler                 
000036e5  MemManage_Handler                 
000036e5  NMI_Handler                       
000036e5  PCM_IRQHandler                    
000036e5  PORT1_IRQHandler                  
000036e5  PORT2_IRQHandler                  
000036e5  PORT3_IRQHandler                  
000036e5  PORT5_IRQHandler                  
000036e5  PSS_IRQHandler                    
000036e5  PendSV_Handler                    
000036e5  RTC_C_IRQHandler                  
000036e5  SVC_Handler                       
000036e5  SysTick_Handler                   
000036e5  T32_INT1_IRQHandler               
000036e5  T32_INT2_IRQHandler               
000036e5  T32_INTC_IRQHandler               
000036e5  TA0_0_IRQHandler                  
000036e5  TA0_N_IRQHandler                  
000036e5  TA1_0_IRQHandler                  
000036e5  TA1_N_IRQHandler                  
000036e5  TA2_0_IRQHandler                  
000036e5  TA2_N_IRQHandler                  
000036e5  TA3_0_IRQHandler                  
000036e5  TA3_N_IRQHandler                  
000036e5  UsageFault_Handler                
000036e5  WDT_A_IRQHandler                  
000036e7  __TI_zero_init                    
000036f3  malloc                            
000036fb  _system_pre_init                  
000036ff  C$$EXIT                           
000036ff  abort                             
00003784  __TI_Handler_Table_Base           
00003790  __TI_Handler_Table_Limit          
00003798  __TI_CINIT_Base                   
000037a8  __TI_CINIT_Limit                  
20000000  __start___llvm_prf_cnts           
20000000  __stop___llvm_prf_cnts            
20000000  x                                 
20001000  x2                                
20002000  x3                                
20003000  __CIOBUF_                         
20003120  __TI_tmpnams                      
200031c0  Amplitudes                        
200031cc  ChannelCount                      
200031d8  Distances                         
200031e4  FilteredDistances                 
200031f8  Messageb                          
20003200  parmbuf                           
20003208  CenterDistance                    
2000320c  Error                             
20003210  I1                                
20003214  ISRLast                           
20003218  ISRPeriod                         
2000321c  ISRTime                           
20003220  LPFSum                            
20003224  LPFSum2                           
20003228  LPFSum3                           
2000322c  LeftDistance                      
20003230  Messageindexb                     
20003234  PTxChan                           
20003238  Pamplitudes                       
2000323c  Pdistances                        
20003240  Pt                                
20003244  Pt2                               
20003248  Pt3                               
2000324c  RightDistance                     
20003250  Size                              
20003254  TxChannel                         
20003258  UL                                
2000325c  UR                                
20003260  u1                                
20003264  u2                                
20003268  u3                                
20003270  _sys_memory                       
20003670  _ftable                           
20003760  _device                           
200037d8  _stream                           
20003828  ClockFrequency                    
2000382c  Prewait                           
20003830  CPMwait                           
20003834  Postwait                          
20003838  IFlags                            
2000383c  Crystalstable                     
20003840  Mode                              
20003844  Ki                                
20003848  Kp                                
2000384c  SetPoint                          
20003850  __TI_ft_end                       
20003854  __aeabi_stdin                     
20003858  __aeabi_stdout                    
2000385c  __aeabi_stderr                    
20003860  __TI_cleanup_ptr                  
20003864  __TI_dtors_ptr                    
20003868  __TI_enable_exit_profile_output   
2000386c  _lock                             
20003870  _unlock                           
20003888  SystemCoreClock                   
2000fe00  __stack                           
20010000  __STACK_END                       
4000480c  WDTCTL_SYM                        
ffffffff  __TI_pprof_out_hndl               
ffffffff  __TI_prof_data_size               
ffffffff  __TI_prof_data_start              
ffffffff  __binit__                         
ffffffff  __c_args__                        
ffffffff  binit                             
UNDEFED   __mpu_init                        
UNDEFED   _system_post_cinit                

[299 symbols]
