******************************************************************************
                  TI ARM Linker PC v20.2.7                     
******************************************************************************
>> Linked Mon Apr 24 13:46:47 2023

OUTPUT FILE NAME:   <_Hulk_Master.out>
ENTRY POINT SYMBOL: "_c_int00_noargs"  address: 000037ed


MEMORY CONFIGURATION

         name            origin    length      used     unused   attr    fill
----------------------  --------  ---------  --------  --------  ----  --------
  MAIN                  00000000   00040000  00003a76  0003c58a  R  X
  INFO                  00200000   00004000  00000000  00004000  R  X
  SRAM_CODE             01000000   00010000  00003a8c  0000c574  RW X
  SRAM_DATA             20000000   00010000  00003a8c  0000c574  RW  


SEGMENT ALLOCATION MAP

run origin  load origin   length   init length attrs members
----------  ----------- ---------- ----------- ----- -------
00000000    00000000    00003a78   00003a78    r-x
  00000000    00000000    000000e4   000000e4    r-- .intvecs
  000000e4    000000e4    000038ea   000038ea    r-x .text
  000039d0    000039d0    000000a8   000000a8    r-- .cinit
20000000    20000000    00003890   00000000    rw-
  20000000    20000000    0000326c   00000000    rw- .bss
  20003270    20003270    00000400   00000000    rw- .sysmem
  20003670    20003670    00000220   00000000    rw- .data
2000fe00    2000fe00    00000200   00000000    rw-
  2000fe00    2000fe00    00000200   00000000    rw- .stack


SECTION ALLOCATION MAP

 output                                  attributes/
section   page    origin      length       input sections
--------  ----  ----------  ----------   ----------------
.intvecs   0    00000000    000000e4     
                  00000000    000000e4     startup_msp432p401r_ccs.obj (.intvecs:retain)

.text      0    000000e4    000038ea     
                  000000e4    00000868     main.obj (.text)
                  0000094c    000006c8     UART0.obj (.text)
                  00001014    000005d0     LPF.obj (.text)
                  000015e4    0000051c     opt3101.obj (.text)
                  00001b00    000003f0     PWM.obj (.text)
                  00001ef0    000003a8     I2CB1.obj (.text)
                  00002298    00000334     system_msp432p401r.obj (.text)
                  000025cc    000001e0     Clock.obj (.text)
                  000027ac    0000018c     Motor.obj (.text)
                  00002938    00000110     rtsv7M4_T_le_v4SPD16_eabi.lib : fopen.c.obj (.text:_openfile)
                  00002a48    00000100                                   : memory.c.obj (.text:aligned_alloc)
                  00002b48    000000f8     LaunchPad.obj (.text)
                  00002c40    000000e4     rtsv7M4_T_le_v4SPD16_eabi.lib : memory.c.obj (.text:free)
                  00002d24    000000dc                                   : setvbuf.c.obj (.text:setvbuf)
                  00002e00    000000bc     BumpInt.obj (.text)
                  00002ebc    000000bc     rtsv7M4_T_le_v4SPD16_eabi.lib : open.c.obj (.text:open)
                  00002f78    000000b8                                   : add_device.c.obj (.text:add_device)
                  00003030    0000009c                                   : fopen.c.obj (.text:fopen)
                  000030cc    0000009c                                   : memcpy_t2.asm.obj (.text)
                  00003168    0000007a                                   : memset_t2.asm.obj (.text)
                  000031e2    00000002                                   : _lock.c.obj (.text:_nop)
                  000031e4    00000074                                   : fclose.c.obj (.text:__TI_closefile)
                  00003258    00000070                                   : memory.c.obj (.text:split)
                  000032c8    0000006c                                   : hostrename.c.obj (.text:HOSTrename)
                  00003334    00000068                                   : hostlseek.c.obj (.text:HOSTlseek)
                  0000339c    00000068                                   : copy_decompress_lzss.c.obj (.text:decompress:lzss:__TI_decompress_lzss)
                  00003404    00000060                                   : hostopen.c.obj (.text:HOSTopen)
                  00003464    0000005c                                   : close.c.obj (.text:close)
                  000034c0    00000058                                   : hostread.c.obj (.text:HOSTread)
                  00003518    00000058                                   : hostwrite.c.obj (.text:HOSTwrite)
                  00003570    0000004c                                   : fflush.c.obj (.text:__TI_doflush)
                  000035bc    00000048                                   : exit.c.obj (.text:exit)
                  00003604    00000044                                   : hostclose.c.obj (.text:HOSTclose)
                  00003648    00000044                                   : hostunlink.c.obj (.text:HOSTunlink)
                  0000368c    00000044                                   : autoinit.c.obj (.text:__TI_auto_init_nobinit_nopinit:__TI_auto_init_nobinit_nopinit)
                  000036d0    00000044                                   : getdevice.c.obj (.text:getdevice)
                  00003714    00000038                                   : trgmsg.c.obj (.text:__TI_writemsg)
                  0000374c    00000036                                   : strncpy.c.obj (.text:strncpy)
                  00003782    00000002     --HOLE-- [fill = 0]
                  00003784    00000034                                   : fopen.c.obj (.text:__TI_cleanup)
                  000037b8    00000034                                   : trgmsg.c.obj (.text:__TI_readmsg)
                  000037ec    00000034                                   : boot_cortex_m.c.obj (.text:_c_int00_noargs:_c_int00_noargs)
                  00003820    00000034                                   : fopen.c.obj (.text:freopen)
                  00003854    00000030                                   : getdevice.c.obj (.text:finddevice)
                  00003884    0000002c                                   : unlink.c.obj (.text:unlink)
                  000038b0    00000028                                   : memory.c.obj (.text:free_list_insert)
                  000038d8    00000028                                   : write.c.obj (.text:write)
                  00003900    00000024     CortexM.obj (.text)
                  00003924    0000001c     rtsv7M4_T_le_v4SPD16_eabi.lib : memory.c.obj (.text:free_list_remove)
                  00003940    00000018                                   : strcmp.c.obj (.text:strcmp)
                  00003958    00000016                                   : strchr.c.obj (.text:strchr)
                  0000396e    00000014                                   : strcpy.c.obj (.text:strcpy)
                  00003982    00000014                                   : strlen.c.obj (.text:strlen)
                  00003996    0000000e                                   : copy_decompress_none.c.obj (.text:decompress:none:__TI_decompress_none)
                  000039a4    0000000e     startup_msp432p401r_ccs.obj (.text)
                  000039b2    0000000c     rtsv7M4_T_le_v4SPD16_eabi.lib : copy_zero_init.c.obj (.text:decompress:ZI:__TI_zero_init)
                  000039be    00000008                                   : memory.c.obj (.text:malloc)
                  000039c6    00000004                                   : pre_init.c.obj (.text:_system_pre_init)
                  000039ca    00000004                                   : exit.c.obj (.text:abort:abort)

.cinit     0    000039d0    000000a8     
                  000039d0    00000080     (.cinit..data.load) [load image, compression = lzss]
                  00003a50    0000000c     (__TI_handler_table)
                  00003a5c    00000004     --HOLE-- [fill = 0]
                  00003a60    00000008     (.cinit..bss.load) [load image, compression = zero_init]
                  00003a68    00000010     (__TI_cinit_table)

.init_array 
*          0    00000000    00000000     UNINITIALIZED

.binit     0    00000000    00000000     

.bss       0    20000000    0000326c     UNINITIALIZED
                  20000000    00001000     (.common:x)
                  20001000    00001000     (.common:x2)
                  20002000    00001000     (.common:x3)
                  20003000    00000120     rtsv7M4_T_le_v4SPD16_eabi.lib : trgmsg.c.obj (.bss:_CIOBUF_)
                  20003120    000000a0     (.common:__TI_tmpnams)
                  200031c0    0000000c     (.common:Amplitudes)
                  200031cc    0000000c     (.common:ChannelCount)
                  200031d8    0000000c     (.common:Distances)
                  200031e4    0000000c     (.common:FilteredDistances)
                  200031f0    00000008     opt3101.obj (.bss)
                  200031f8    00000008     (.common:Messageb)
                  20003200    00000008     (.common:parmbuf)
                  20003208    00000004     (.common:CenterDistance)
                  2000320c    00000004     (.common:Error)
                  20003210    00000004     (.common:I1)
                  20003214    00000004     (.common:ISRLast)
                  20003218    00000004     (.common:ISRPeriod)
                  2000321c    00000004     (.common:ISRTime)
                  20003220    00000004     (.common:LPFSum)
                  20003224    00000004     (.common:LPFSum2)
                  20003228    00000004     (.common:LPFSum3)
                  2000322c    00000004     (.common:LeftDistance)
                  20003230    00000004     (.common:Messageindexb)
                  20003234    00000004     (.common:PTxChan)
                  20003238    00000004     (.common:Pamplitudes)
                  2000323c    00000004     (.common:Pdistances)
                  20003240    00000004     (.common:Pt)
                  20003244    00000004     (.common:Pt2)
                  20003248    00000004     (.common:Pt3)
                  2000324c    00000004     (.common:RightDistance)
                  20003250    00000004     (.common:Size)
                  20003254    00000004     (.common:TxChannel)
                  20003258    00000004     (.common:UL)
                  2000325c    00000004     (.common:UR)
                  20003260    00000004     (.common:u1)
                  20003264    00000004     (.common:u2)
                  20003268    00000004     (.common:u3)

.sysmem    0    20003270    00000400     UNINITIALIZED
                  20003270    00000010     rtsv7M4_T_le_v4SPD16_eabi.lib : memory.c.obj (.sysmem)
                  20003280    000003f0     --HOLE--

.data      0    20003670    00000220     UNINITIALIZED
                  20003670    000000f0     rtsv7M4_T_le_v4SPD16_eabi.lib : defs.c.obj (.data:_ftable)
                  20003760    00000078                                   : host_device.c.obj (.data:_device)
                  200037d8    00000050                                   : host_device.c.obj (.data:_stream)
                  20003828    00000018     Clock.obj (.data)
                  20003840    00000014     main.obj (.data)
                  20003854    00000010     rtsv7M4_T_le_v4SPD16_eabi.lib : defs.c.obj (.data)
                  20003864    0000000c                                   : exit.c.obj (.data:$O1$$)
                  20003870    00000008                                   : _lock.c.obj (.data:$O1$$)
                  20003878    00000008                                   : memory.c.obj (.data:$O1$$)
                  20003880    00000004                                   : add_device.c.obj (.data)
                  20003884    00000004                                   : fopen.c.obj (.data)
                  20003888    00000004                                   : open.c.obj (.data)
                  2000388c    00000004     system_msp432p401r.obj (.data)

.stack     0    2000fe00    00000200     UNINITIALIZED
                  2000fe00    00000004     rtsv7M4_T_le_v4SPD16_eabi.lib : boot_cortex_m.c.obj (.stack)
                  2000fe04    000001fc     --HOLE--

__llvm_prf_cnts 
*          0    20000000    00000000     UNINITIALIZED

MODULE SUMMARY

       Module                        code    ro data   rw data
       ------                        ----    -------   -------
    .\
       LPF.obj                       1488    0         24664  
       main.obj                      2152    0         168    
       UART0.obj                     1736    0         24     
       opt3101.obj                   1308    0         88     
       PWM.obj                       1008    0         0      
       I2CB1.obj                     936     0         0      
       system_msp432p401r.obj        820     0         8      
       Clock.obj                     480     0         48     
       Motor.obj                     396     0         0      
       LaunchPad.obj                 248     0         0      
       startup_msp432p401r_ccs.obj   14      228       0      
       BumpInt.obj                   188     0         0      
       CortexM.obj                   36      0         0      
    +--+-----------------------------+-------+---------+---------+
       Total:                        10810   228       25000  
                                                              
    C:\ti\ccs1210\ccs\tools\compiler\ti-cgt-arm_20.2.7.LTS\lib\rtsv7M4_T_le_v4SPD16_eabi.lib
       defs.c.obj                    0       0         832    
       memory.c.obj                  672     0         16     
       trgmsg.c.obj                  108     0         576    
       fopen.c.obj                   532     0         8      
       host_device.c.obj             0       0         400    
       setvbuf.c.obj                 220     0         0      
       open.c.obj                    188     0         8      
       add_device.c.obj              184     0         8      
       memcpy_t2.asm.obj             156     0         0      
       memset_t2.asm.obj             122     0         0      
       fclose.c.obj                  116     0         0      
       getdevice.c.obj               116     0         0      
       hostopen.c.obj                96      0         16     
       hostrename.c.obj              108     0         0      
       copy_decompress_lzss.c.obj    104     0         0      
       hostlseek.c.obj               104     0         0      
       exit.c.obj                    76      0         24     
       close.c.obj                   92      0         0      
       hostread.c.obj                88      0         0      
       hostwrite.c.obj               88      0         0      
       fflush.c.obj                  76      0         0      
       autoinit.c.obj                68      0         0      
       hostclose.c.obj               68      0         0      
       hostunlink.c.obj              68      0         0      
       strncpy.c.obj                 54      0         0      
       boot_cortex_m.c.obj           52      0         0      
       unlink.c.obj                  44      0         0      
       write.c.obj                   40      0         0      
       strcmp.c.obj                  24      0         0      
       strchr.c.obj                  22      0         0      
       strcpy.c.obj                  20      0         0      
       strlen.c.obj                  20      0         0      
       _lock.c.obj                   2       0         16     
       copy_decompress_none.c.obj    14      0         0      
       copy_zero_init.c.obj          12      0         0      
       pre_init.c.obj                4       0         0      
    +--+-----------------------------+-------+---------+---------+
       Total:                        3758    0         1904   
                                                              
       Heap:                         0       0         2048   
       Stack:                        0       0         1024   
       Linker Generated:             0       164       0      
    +--+-----------------------------+-------+---------+---------+
       Grand Total:                  14568   392       29976  


LINKER GENERATED COPY TABLES

__TI_cinit_table @ 00003a68 records: 2, size/record: 8, table size: 16
	.data: load addr=000039d0, load size=00000080 bytes, run addr=20003670, run size=00000220 bytes, compression=lzss
	.bss: load addr=00003a60, load size=00000008 bytes, run addr=20000000, run size=0000326c bytes, compression=zero_init


LINKER GENERATED HANDLER TABLE

__TI_handler_table @ 00003a50 records: 3, size/record: 4, table size: 12
	index: 0, handler: __TI_decompress_lzss
	index: 1, handler: __TI_decompress_none
	index: 2, handler: __TI_zero_init


GLOBAL SYMBOLS: SORTED ALPHABETICALLY BY Name 

address   name                              
-------   ----                              
000039b1  ADC14_IRQHandler                  
000039b1  AES256_IRQHandler                 
200031c0  Amplitudes                        
00002e01  BumpInt_Init                      
00002e85  BumpInt_Read                      
000039b1  BusFault_Handler                  
000039cb  C$$EXIT                           
00003743  C$$IO$$                           
000039b1  COMP_E0_IRQHandler                
000039b1  COMP_E1_IRQHandler                
20003830  CPMwait                           
000039b1  CS_IRQHandler                     
20003208  CenterDistance                    
200031cc  ChannelCount                      
20003828  ClockFrequency                    
00002721  Clock_Delay1ms                    
000026f7  Clock_Delay1us                    
000026e3  Clock_GetFreq                     
000025cd  Clock_Init48MHz                   
0000017b  Controller                        
000005e5  Controller_Corner                 
000005e7  Controller_Corner_Switch          
00000461  Controller_Left                   
000002f1  Controller_Right                  
2000383c  Crystalstable                     
000039b1  DMA_ERR_IRQHandler                
000039b1  DMA_INT0_IRQHandler               
000039b1  DMA_INT1_IRQHandler               
000039b1  DMA_INT2_IRQHandler               
000039b1  DMA_INT3_IRQHandler               
000039b1  DebugMon_Handler                  
000039b1  Default_Handler                   
00003901  DisableInterrupts                 
200031d8  Distances                         
000039b1  EUSCIA0_IRQHandler                
000039b1  EUSCIA1_IRQHandler                
000039b1  EUSCIA2_IRQHandler                
000039b1  EUSCIA3_IRQHandler                
000039b1  EUSCIB0_IRQHandler                
000039b1  EUSCIB1_IRQHandler                
000039b1  EUSCIB2_IRQHandler                
000039b1  EUSCIB3_IRQHandler                
00003907  EnableInterrupts                  
00003917  EndCritical                       
2000320c  Error                             
000039b1  FLCTL_IRQHandler                  
000039b1  FPU_IRQHandler                    
200031e4  FilteredDistances                 
00003605  HOSTclose                         
00003335  HOSTlseek                         
00003405  HOSTopen                          
000034c1  HOSTread                          
000032c9  HOSTrename                        
00003649  HOSTunlink                        
00003519  HOSTwrite                         
000039b1  HardFault_Handler                 
20003210  I1                                
00001ef1  I2CB1_Init                        
00001fb7  I2CB1_Recv                        
0000220f  I2CB1_Recv1                       
00001f3f  I2CB1_Send                        
00002037  I2CB1_Send1                       
00002093  I2CB1_Send2                       
00002103  I2CB1_Send3                       
00002181  I2CB1_Send4                       
20003838  IFlags                            
20003214  ISRLast                           
20003218  ISRPeriod                         
2000321c  ISRTime                           
20003848  Ki                                
2000384c  Kp                                
20003220  LPFSum                            
20003224  LPFSum2                           
20003228  LPFSum3                           
00001169  LPF_Calc                          
000012bd  LPF_Calc2                         
00001429  LPF_Calc3                         
000010a9  LPF_Calc_old                      
0000110b  LPF_Init                          
00001261  LPF_Init2                         
000013d5  LPF_Init3                         
00001055  LPF_Init_old                      
00002b49  LaunchPad_Init                    
00002bb9  LaunchPad_Input                   
00002bd7  LaunchPad_LED                     
00002bf5  LaunchPad_Output                  
0000015f  Left                              
2000322c  LeftDistance                      
00001541  Median                            
000039b1  MemManage_Handler                 
200031f8  Messageb                          
20003230  Messageindexb                     
20003844  Mode                              
000028e7  Motor_Backward                    
0000285b  Motor_Forward                     
000027ad  Motor_Init                        
000028b9  Motor_Left                        
0000288b  Motor_Right                       
00002841  Motor_Stop                        
000039b1  NMI_Handler                       
000011bd  Noise                             
00001331  Noise2                            
00001495  Noise3                            
00001a17  OPT3101_ArmInterrupts             
000017d7  OPT3101_CalibrateInternalCrosstalk
0000197d  OPT3101_CheckDistanceSensor       
00001949  OPT3101_GetAmplitude              
00001967  OPT3101_GetDistanceMillimeters    
00001995  OPT3101_GetMeasurement            
0000195d  OPT3101_GetPhase                  
0000193f  OPT3101_GetTxChannel              
0000164f  OPT3101_Init                      
0000191f  OPT3101_MeasurementError          
00001907  OPT3101_ReadMeasurement           
000015e5  OPT3101_ReadRegister              
000016ad  OPT3101_Setup                     
000018b9  OPT3101_StartMeasurement          
000018c7  OPT3101_StartMeasurementChannel   
00001615  OPT3101_WriteRegister             
000039b1  PCM_IRQHandler                    
000039b1  PORT1_IRQHandler                  
000039b1  PORT2_IRQHandler                  
000039b1  PORT3_IRQHandler                  
000005e9  PORT4_IRQHandler                  
000005e9  PORT4_IRQHandler                  
000039b1  PORT5_IRQHandler                  
00001a6d  PORT6_IRQHandler                  
00001a6d  PORT6_IRQHandler                  
000039b1  PSS_IRQHandler                    
20003234  PTxChan                           
00001c7f  PWM_Duty1                         
00001c9f  PWM_Duty2                         
00001c57  PWM_Duty3                         
00001c6b  PWM_Duty4                         
00001b01  PWM_Init1                         
00001b67  PWM_Init12                        
00001beb  PWM_Init34                        
00001de7  PWM_RobotArmDuty0                 
00001e0d  PWM_RobotArmDuty1                 
00001e33  PWM_RobotArmDuty2                 
00001e07  PWM_RobotArmGetDuty0              
00001e2d  PWM_RobotArmGetDuty1              
00001e53  PWM_RobotArmGetDuty2              
00001cbf  PWM_RobotArmInit                  
20003238  Pamplitudes                       
2000323c  Pdistances                        
000039b1  PendSV_Handler                    
20003834  Postwait                          
2000382c  Prewait                           
20003240  Pt                                
20003244  Pt2                               
20003248  Pt3                               
000039b1  RTC_C_IRQHandler                  
000039a5  Reset_Handler                     
0000013d  Right                             
2000324c  RightDistance                     
000039b1  SVC_Handler                       
20003850  SetPoint                          
20003250  Size                              
0000390d  StartCritical                     
000039b1  SysTick_Handler                   
2000388c  SystemCoreClock                   
00002299  SystemCoreClockUpdate             
00002511  SystemInit                        
000039b1  T32_INT1_IRQHandler               
000039b1  T32_INT2_IRQHandler               
000039b1  T32_INTC_IRQHandler               
000039b1  TA0_0_IRQHandler                  
000039b1  TA0_N_IRQHandler                  
000039b1  TA1_0_IRQHandler                  
000039b1  TA1_N_IRQHandler                  
000039b1  TA2_0_IRQHandler                  
000039b1  TA2_N_IRQHandler                  
000039b1  TA3_0_IRQHandler                  
000039b1  TA3_N_IRQHandler                  
20003254  TxChannel                         
00000993  UART0_InChar                      
00000e29  UART0_InString                    
000009dd  UART0_InUDec                      
00000cdd  UART0_InUHex                      
0000094d  UART0_Init                        
00000f89  UART0_Initprintf                  
000009a3  UART0_OutChar                     
00000a91  UART0_OutSDec                     
000009bf  UART0_OutString                   
00000a61  UART0_OutUDec                     
00000bd7  UART0_OutUDec4                    
00000c31  UART0_OutUDec5                    
00000c69  UART0_OutUFix1                    
00000c91  UART0_OutUFix2                    
00000da1  UART0_OutUHex                     
00000e0d  UART0_OutUHex2                    
00000621  UART_Init_Print                   
20003258  UL                                
2000325c  UR                                
00000117  UartClear                         
000000e5  UartSetCur                        
000039b1  UsageFault_Handler                
4000480c  WDTCTL_SYM                        
000039b1  WDT_A_IRQHandler                  
0000391f  WaitForInterrupt                  
20003000  __CIOBUF_                         
20010000  __STACK_END                       
00000200  __STACK_SIZE                      
00000400  __SYSMEM_SIZE                     
00003a68  __TI_CINIT_Base                   
00003a78  __TI_CINIT_Limit                  
00003a50  __TI_Handler_Table_Base           
00003a5c  __TI_Handler_Table_Limit          
0000368d  __TI_auto_init_nobinit_nopinit    
00003785  __TI_cleanup                      
20003864  __TI_cleanup_ptr                  
000031e5  __TI_closefile                    
0000339d  __TI_decompress_lzss              
00003997  __TI_decompress_none              
00003571  __TI_doflush                      
20003868  __TI_dtors_ptr                    
2000386c  __TI_enable_exit_profile_output   
20003854  __TI_ft_end                       
ffffffff  __TI_pprof_out_hndl               
ffffffff  __TI_prof_data_size               
ffffffff  __TI_prof_data_start              
000037b9  __TI_readmsg                      
00000000  __TI_static_base__                
20003120  __TI_tmpnams                      
00003715  __TI_writemsg                     
000039b3  __TI_zero_init                    
00003169  __aeabi_memclr                    
00003169  __aeabi_memclr4                   
00003169  __aeabi_memclr8                   
000030cd  __aeabi_memcpy                    
000030cd  __aeabi_memcpy4                   
000030cd  __aeabi_memcpy8                   
0000316b  __aeabi_memset                    
0000316b  __aeabi_memset4                   
0000316b  __aeabi_memset8                   
20003860  __aeabi_stderr                    
20003858  __aeabi_stdin                     
2000385c  __aeabi_stdout                    
ffffffff  __binit__                         
ffffffff  __c_args__                        
UNDEFED   __mpu_init                        
2000fe00  __stack                           
20000000  __start___llvm_prf_cnts           
20000000  __stop___llvm_prf_cnts            
000037ed  _c_int00_noargs                   
20003760  _device                           
20003670  _ftable                           
20003870  _lock                             
000031e3  _nop                              
200037d8  _stream                           
20003270  _sys_memory                       
UNDEFED   _system_post_cinit                
000039c7  _system_pre_init                  
20003874  _unlock                           
000039cb  abort                             
00002f79  add_device                        
00002a49  aligned_alloc                     
ffffffff  binit                             
00003465  close                             
000026e9  delay                             
000035bd  exit                              
00000ec3  ferror                            
00000ea3  fgetc                             
00003855  finddevice                        
00003031  fopen                             
00002c41  free                              
00003821  freopen                           
000036d1  getdevice                         
00000000  interruptVectors                  
00001015  isqrt                             
000006a9  main                              
000039bf  malloc                            
00002a49  memalign                          
000030cd  memcpy                            
00003171  memset                            
00002ebd  open                              
00000de5  outnibble                         
20003200  parmbuf                           
00000121  pollDistanceSensor                
00003885  remove                            
00002d25  setvbuf                           
00003959  strchr                            
00003941  strcmp                            
0000396f  strcpy                            
00003983  strlen                            
0000374d  strncpy                           
20003260  u1                                
20003264  u2                                
20003268  u3                                
00000ee1  uart_close                        
00000f5f  uart_lseek                        
00000ed1  uart_open                         
00000ef3  uart_read                         
00000f7b  uart_rename                       
00000f6f  uart_unlink                       
00000f1d  uart_write                        
00003885  unlink                            
20003840  wallControl                       
000038d9  write                             
20000000  x                                 
20001000  x2                                
20002000  x3                                


GLOBAL SYMBOLS: SORTED BY Symbol Address 

address   name                              
-------   ----                              
00000000  __TI_static_base__                
00000000  interruptVectors                  
000000e5  UartSetCur                        
00000117  UartClear                         
00000121  pollDistanceSensor                
0000013d  Right                             
0000015f  Left                              
0000017b  Controller                        
00000200  __STACK_SIZE                      
000002f1  Controller_Right                  
00000400  __SYSMEM_SIZE                     
00000461  Controller_Left                   
000005e5  Controller_Corner                 
000005e7  Controller_Corner_Switch          
000005e9  PORT4_IRQHandler                  
000005e9  PORT4_IRQHandler                  
00000621  UART_Init_Print                   
000006a9  main                              
0000094d  UART0_Init                        
00000993  UART0_InChar                      
000009a3  UART0_OutChar                     
000009bf  UART0_OutString                   
000009dd  UART0_InUDec                      
00000a61  UART0_OutUDec                     
00000a91  UART0_OutSDec                     
00000bd7  UART0_OutUDec4                    
00000c31  UART0_OutUDec5                    
00000c69  UART0_OutUFix1                    
00000c91  UART0_OutUFix2                    
00000cdd  UART0_InUHex                      
00000da1  UART0_OutUHex                     
00000de5  outnibble                         
00000e0d  UART0_OutUHex2                    
00000e29  UART0_InString                    
00000ea3  fgetc                             
00000ec3  ferror                            
00000ed1  uart_open                         
00000ee1  uart_close                        
00000ef3  uart_read                         
00000f1d  uart_write                        
00000f5f  uart_lseek                        
00000f6f  uart_unlink                       
00000f7b  uart_rename                       
00000f89  UART0_Initprintf                  
00001015  isqrt                             
00001055  LPF_Init_old                      
000010a9  LPF_Calc_old                      
0000110b  LPF_Init                          
00001169  LPF_Calc                          
000011bd  Noise                             
00001261  LPF_Init2                         
000012bd  LPF_Calc2                         
00001331  Noise2                            
000013d5  LPF_Init3                         
00001429  LPF_Calc3                         
00001495  Noise3                            
00001541  Median                            
000015e5  OPT3101_ReadRegister              
00001615  OPT3101_WriteRegister             
0000164f  OPT3101_Init                      
000016ad  OPT3101_Setup                     
000017d7  OPT3101_CalibrateInternalCrosstalk
000018b9  OPT3101_StartMeasurement          
000018c7  OPT3101_StartMeasurementChannel   
00001907  OPT3101_ReadMeasurement           
0000191f  OPT3101_MeasurementError          
0000193f  OPT3101_GetTxChannel              
00001949  OPT3101_GetAmplitude              
0000195d  OPT3101_GetPhase                  
00001967  OPT3101_GetDistanceMillimeters    
0000197d  OPT3101_CheckDistanceSensor       
00001995  OPT3101_GetMeasurement            
00001a17  OPT3101_ArmInterrupts             
00001a6d  PORT6_IRQHandler                  
00001a6d  PORT6_IRQHandler                  
00001b01  PWM_Init1                         
00001b67  PWM_Init12                        
00001beb  PWM_Init34                        
00001c57  PWM_Duty3                         
00001c6b  PWM_Duty4                         
00001c7f  PWM_Duty1                         
00001c9f  PWM_Duty2                         
00001cbf  PWM_RobotArmInit                  
00001de7  PWM_RobotArmDuty0                 
00001e07  PWM_RobotArmGetDuty0              
00001e0d  PWM_RobotArmDuty1                 
00001e2d  PWM_RobotArmGetDuty1              
00001e33  PWM_RobotArmDuty2                 
00001e53  PWM_RobotArmGetDuty2              
00001ef1  I2CB1_Init                        
00001f3f  I2CB1_Send                        
00001fb7  I2CB1_Recv                        
00002037  I2CB1_Send1                       
00002093  I2CB1_Send2                       
00002103  I2CB1_Send3                       
00002181  I2CB1_Send4                       
0000220f  I2CB1_Recv1                       
00002299  SystemCoreClockUpdate             
00002511  SystemInit                        
000025cd  Clock_Init48MHz                   
000026e3  Clock_GetFreq                     
000026e9  delay                             
000026f7  Clock_Delay1us                    
00002721  Clock_Delay1ms                    
000027ad  Motor_Init                        
00002841  Motor_Stop                        
0000285b  Motor_Forward                     
0000288b  Motor_Right                       
000028b9  Motor_Left                        
000028e7  Motor_Backward                    
00002a49  aligned_alloc                     
00002a49  memalign                          
00002b49  LaunchPad_Init                    
00002bb9  LaunchPad_Input                   
00002bd7  LaunchPad_LED                     
00002bf5  LaunchPad_Output                  
00002c41  free                              
00002d25  setvbuf                           
00002e01  BumpInt_Init                      
00002e85  BumpInt_Read                      
00002ebd  open                              
00002f79  add_device                        
00003031  fopen                             
000030cd  __aeabi_memcpy                    
000030cd  __aeabi_memcpy4                   
000030cd  __aeabi_memcpy8                   
000030cd  memcpy                            
00003169  __aeabi_memclr                    
00003169  __aeabi_memclr4                   
00003169  __aeabi_memclr8                   
0000316b  __aeabi_memset                    
0000316b  __aeabi_memset4                   
0000316b  __aeabi_memset8                   
00003171  memset                            
000031e3  _nop                              
000031e5  __TI_closefile                    
000032c9  HOSTrename                        
00003335  HOSTlseek                         
0000339d  __TI_decompress_lzss              
00003405  HOSTopen                          
00003465  close                             
000034c1  HOSTread                          
00003519  HOSTwrite                         
00003571  __TI_doflush                      
000035bd  exit                              
00003605  HOSTclose                         
00003649  HOSTunlink                        
0000368d  __TI_auto_init_nobinit_nopinit    
000036d1  getdevice                         
00003715  __TI_writemsg                     
00003743  C$$IO$$                           
0000374d  strncpy                           
00003785  __TI_cleanup                      
000037b9  __TI_readmsg                      
000037ed  _c_int00_noargs                   
00003821  freopen                           
00003855  finddevice                        
00003885  remove                            
00003885  unlink                            
000038d9  write                             
00003901  DisableInterrupts                 
00003907  EnableInterrupts                  
0000390d  StartCritical                     
00003917  EndCritical                       
0000391f  WaitForInterrupt                  
00003941  strcmp                            
00003959  strchr                            
0000396f  strcpy                            
00003983  strlen                            
00003997  __TI_decompress_none              
000039a5  Reset_Handler                     
000039b1  ADC14_IRQHandler                  
000039b1  AES256_IRQHandler                 
000039b1  BusFault_Handler                  
000039b1  COMP_E0_IRQHandler                
000039b1  COMP_E1_IRQHandler                
000039b1  CS_IRQHandler                     
000039b1  DMA_ERR_IRQHandler                
000039b1  DMA_INT0_IRQHandler               
000039b1  DMA_INT1_IRQHandler               
000039b1  DMA_INT2_IRQHandler               
000039b1  DMA_INT3_IRQHandler               
000039b1  DebugMon_Handler                  
000039b1  Default_Handler                   
000039b1  EUSCIA0_IRQHandler                
000039b1  EUSCIA1_IRQHandler                
000039b1  EUSCIA2_IRQHandler                
000039b1  EUSCIA3_IRQHandler                
000039b1  EUSCIB0_IRQHandler                
000039b1  EUSCIB1_IRQHandler                
000039b1  EUSCIB2_IRQHandler                
000039b1  EUSCIB3_IRQHandler                
000039b1  FLCTL_IRQHandler                  
000039b1  FPU_IRQHandler                    
000039b1  HardFault_Handler                 
000039b1  MemManage_Handler                 
000039b1  NMI_Handler                       
000039b1  PCM_IRQHandler                    
000039b1  PORT1_IRQHandler                  
000039b1  PORT2_IRQHandler                  
000039b1  PORT3_IRQHandler                  
000039b1  PORT5_IRQHandler                  
000039b1  PSS_IRQHandler                    
000039b1  PendSV_Handler                    
000039b1  RTC_C_IRQHandler                  
000039b1  SVC_Handler                       
000039b1  SysTick_Handler                   
000039b1  T32_INT1_IRQHandler               
000039b1  T32_INT2_IRQHandler               
000039b1  T32_INTC_IRQHandler               
000039b1  TA0_0_IRQHandler                  
000039b1  TA0_N_IRQHandler                  
000039b1  TA1_0_IRQHandler                  
000039b1  TA1_N_IRQHandler                  
000039b1  TA2_0_IRQHandler                  
000039b1  TA2_N_IRQHandler                  
000039b1  TA3_0_IRQHandler                  
000039b1  TA3_N_IRQHandler                  
000039b1  UsageFault_Handler                
000039b1  WDT_A_IRQHandler                  
000039b3  __TI_zero_init                    
000039bf  malloc                            
000039c7  _system_pre_init                  
000039cb  C$$EXIT                           
000039cb  abort                             
00003a50  __TI_Handler_Table_Base           
00003a5c  __TI_Handler_Table_Limit          
00003a68  __TI_CINIT_Base                   
00003a78  __TI_CINIT_Limit                  
20000000  __start___llvm_prf_cnts           
20000000  __stop___llvm_prf_cnts            
20000000  x                                 
20001000  x2                                
20002000  x3                                
20003000  __CIOBUF_                         
20003120  __TI_tmpnams                      
200031c0  Amplitudes                        
200031cc  ChannelCount                      
200031d8  Distances                         
200031e4  FilteredDistances                 
200031f8  Messageb                          
20003200  parmbuf                           
20003208  CenterDistance                    
2000320c  Error                             
20003210  I1                                
20003214  ISRLast                           
20003218  ISRPeriod                         
2000321c  ISRTime                           
20003220  LPFSum                            
20003224  LPFSum2                           
20003228  LPFSum3                           
2000322c  LeftDistance                      
20003230  Messageindexb                     
20003234  PTxChan                           
20003238  Pamplitudes                       
2000323c  Pdistances                        
20003240  Pt                                
20003244  Pt2                               
20003248  Pt3                               
2000324c  RightDistance                     
20003250  Size                              
20003254  TxChannel                         
20003258  UL                                
2000325c  UR                                
20003260  u1                                
20003264  u2                                
20003268  u3                                
20003270  _sys_memory                       
20003670  _ftable                           
20003760  _device                           
200037d8  _stream                           
20003828  ClockFrequency                    
2000382c  Prewait                           
20003830  CPMwait                           
20003834  Postwait                          
20003838  IFlags                            
2000383c  Crystalstable                     
20003840  wallControl                       
20003844  Mode                              
20003848  Ki                                
2000384c  Kp                                
20003850  SetPoint                          
20003854  __TI_ft_end                       
20003858  __aeabi_stdin                     
2000385c  __aeabi_stdout                    
20003860  __aeabi_stderr                    
20003864  __TI_cleanup_ptr                  
20003868  __TI_dtors_ptr                    
2000386c  __TI_enable_exit_profile_output   
20003870  _lock                             
20003874  _unlock                           
2000388c  SystemCoreClock                   
2000fe00  __stack                           
20010000  __STACK_END                       
4000480c  WDTCTL_SYM                        
ffffffff  __TI_pprof_out_hndl               
ffffffff  __TI_prof_data_size               
ffffffff  __TI_prof_data_start              
ffffffff  __binit__                         
ffffffff  __c_args__                        
ffffffff  binit                             
UNDEFED   __mpu_init                        
UNDEFED   _system_post_cinit                

[303 symbols]
