<?xml version="1.0" encoding="ISO-8859-1" ?>
<link_info>
   <banner>TI ARM Linker PC v20.2.7.LTS</banner>
   <copyright>Copyright (c) 1996-2018 Texas Instruments Incorporated</copyright>
   <link_time>0x64440879</link_time>
   <link_errors>0x0</link_errors>
   <output_file>_Hulk_Master.out</output_file>
   <entry_point>
      <name>_c_int00_noargs</name>
      <address>0x34c9</address>
   </entry_point>
   <input_file_list>
      <input_file id="fl-2">
         <path>.\</path>
         <kind>object</kind>
         <file>BumpInt.obj</file>
         <name>BumpInt.obj</name>
      </input_file>
      <input_file id="fl-3">
         <path>.\</path>
         <kind>object</kind>
         <file>Clock.obj</file>
         <name>Clock.obj</name>
      </input_file>
      <input_file id="fl-4">
         <path>.\</path>
         <kind>object</kind>
         <file>CortexM.obj</file>
         <name>CortexM.obj</name>
      </input_file>
      <input_file id="fl-5">
         <path>.\</path>
         <kind>object</kind>
         <file>FFT.obj</file>
         <name>FFT.obj</name>
      </input_file>
      <input_file id="fl-6">
         <path>.\</path>
         <kind>object</kind>
         <file>I2CB1.obj</file>
         <name>I2CB1.obj</name>
      </input_file>
      <input_file id="fl-7">
         <path>.\</path>
         <kind>object</kind>
         <file>LPF.obj</file>
         <name>LPF.obj</name>
      </input_file>
      <input_file id="fl-8">
         <path>.\</path>
         <kind>object</kind>
         <file>LaunchPad.obj</file>
         <name>LaunchPad.obj</name>
      </input_file>
      <input_file id="fl-9">
         <path>.\</path>
         <kind>object</kind>
         <file>Motor.obj</file>
         <name>Motor.obj</name>
      </input_file>
      <input_file id="fl-a">
         <path>.\</path>
         <kind>object</kind>
         <file>PWM.obj</file>
         <name>PWM.obj</name>
      </input_file>
      <input_file id="fl-b">
         <path>.\</path>
         <kind>object</kind>
         <file>UART0.obj</file>
         <name>UART0.obj</name>
      </input_file>
      <input_file id="fl-c">
         <path>.\</path>
         <kind>object</kind>
         <file>main.obj</file>
         <name>main.obj</name>
      </input_file>
      <input_file id="fl-d">
         <path>.\</path>
         <kind>object</kind>
         <file>opt3101.obj</file>
         <name>opt3101.obj</name>
      </input_file>
      <input_file id="fl-e">
         <path>.\</path>
         <kind>object</kind>
         <file>startup_msp432p401r_ccs.obj</file>
         <name>startup_msp432p401r_ccs.obj</name>
      </input_file>
      <input_file id="fl-f">
         <path>.\</path>
         <kind>object</kind>
         <file>system_msp432p401r.obj</file>
         <name>system_msp432p401r.obj</name>
      </input_file>
      <input_file id="fl-13">
         <kind>object</kind>
         <file>&lt;internal&gt;</file>
         <name>&lt;internal&gt;</name>
      </input_file>
      <input_file id="fl-c9">
         <path>C:\ti\ccs1210\ccs\tools\compiler\ti-cgt-arm_20.2.7.LTS\lib\</path>
         <kind>archive</kind>
         <file>rtsv7M4_T_le_v4SPD16_eabi.lib</file>
         <name>fopen.c.obj</name>
      </input_file>
      <input_file id="fl-ca">
         <path>C:\ti\ccs1210\ccs\tools\compiler\ti-cgt-arm_20.2.7.LTS\lib\</path>
         <kind>archive</kind>
         <file>rtsv7M4_T_le_v4SPD16_eabi.lib</file>
         <name>setvbuf.c.obj</name>
      </input_file>
      <input_file id="fl-cb">
         <path>C:\ti\ccs1210\ccs\tools\compiler\ti-cgt-arm_20.2.7.LTS\lib\</path>
         <kind>archive</kind>
         <file>rtsv7M4_T_le_v4SPD16_eabi.lib</file>
         <name>memset_t2.asm.obj</name>
      </input_file>
      <input_file id="fl-cc">
         <path>C:\ti\ccs1210\ccs\tools\compiler\ti-cgt-arm_20.2.7.LTS\lib\</path>
         <kind>archive</kind>
         <file>rtsv7M4_T_le_v4SPD16_eabi.lib</file>
         <name>copy_zero_init.c.obj</name>
      </input_file>
      <input_file id="fl-cd">
         <path>C:\ti\ccs1210\ccs\tools\compiler\ti-cgt-arm_20.2.7.LTS\lib\</path>
         <kind>archive</kind>
         <file>rtsv7M4_T_le_v4SPD16_eabi.lib</file>
         <name>copy_decompress_none.c.obj</name>
      </input_file>
      <input_file id="fl-ce">
         <path>C:\ti\ccs1210\ccs\tools\compiler\ti-cgt-arm_20.2.7.LTS\lib\</path>
         <kind>archive</kind>
         <file>rtsv7M4_T_le_v4SPD16_eabi.lib</file>
         <name>copy_decompress_lzss.c.obj</name>
      </input_file>
      <input_file id="fl-cf">
         <path>C:\ti\ccs1210\ccs\tools\compiler\ti-cgt-arm_20.2.7.LTS\lib\</path>
         <kind>archive</kind>
         <file>rtsv7M4_T_le_v4SPD16_eabi.lib</file>
         <name>exit.c.obj</name>
      </input_file>
      <input_file id="fl-d0">
         <path>C:\ti\ccs1210\ccs\tools\compiler\ti-cgt-arm_20.2.7.LTS\lib\</path>
         <kind>archive</kind>
         <file>rtsv7M4_T_le_v4SPD16_eabi.lib</file>
         <name>_lock.c.obj</name>
      </input_file>
      <input_file id="fl-d1">
         <path>C:\ti\ccs1210\ccs\tools\compiler\ti-cgt-arm_20.2.7.LTS\lib\</path>
         <kind>archive</kind>
         <file>rtsv7M4_T_le_v4SPD16_eabi.lib</file>
         <name>defs.c.obj</name>
      </input_file>
      <input_file id="fl-d2">
         <path>C:\ti\ccs1210\ccs\tools\compiler\ti-cgt-arm_20.2.7.LTS\lib\</path>
         <kind>archive</kind>
         <file>rtsv7M4_T_le_v4SPD16_eabi.lib</file>
         <name>memory.c.obj</name>
      </input_file>
      <input_file id="fl-d3">
         <path>C:\ti\ccs1210\ccs\tools\compiler\ti-cgt-arm_20.2.7.LTS\lib\</path>
         <kind>archive</kind>
         <file>rtsv7M4_T_le_v4SPD16_eabi.lib</file>
         <name>boot_cortex_m.c.obj</name>
      </input_file>
      <input_file id="fl-d4">
         <path>C:\ti\ccs1210\ccs\tools\compiler\ti-cgt-arm_20.2.7.LTS\lib\</path>
         <kind>archive</kind>
         <file>rtsv7M4_T_le_v4SPD16_eabi.lib</file>
         <name>open.c.obj</name>
      </input_file>
      <input_file id="fl-d5">
         <path>C:\ti\ccs1210\ccs\tools\compiler\ti-cgt-arm_20.2.7.LTS\lib\</path>
         <kind>archive</kind>
         <file>rtsv7M4_T_le_v4SPD16_eabi.lib</file>
         <name>add_device.c.obj</name>
      </input_file>
      <input_file id="fl-d6">
         <path>C:\ti\ccs1210\ccs\tools\compiler\ti-cgt-arm_20.2.7.LTS\lib\</path>
         <kind>archive</kind>
         <file>rtsv7M4_T_le_v4SPD16_eabi.lib</file>
         <name>fclose.c.obj</name>
      </input_file>
      <input_file id="fl-d7">
         <path>C:\ti\ccs1210\ccs\tools\compiler\ti-cgt-arm_20.2.7.LTS\lib\</path>
         <kind>archive</kind>
         <file>rtsv7M4_T_le_v4SPD16_eabi.lib</file>
         <name>fflush.c.obj</name>
      </input_file>
      <input_file id="fl-d8">
         <path>C:\ti\ccs1210\ccs\tools\compiler\ti-cgt-arm_20.2.7.LTS\lib\</path>
         <kind>archive</kind>
         <file>rtsv7M4_T_le_v4SPD16_eabi.lib</file>
         <name>getdevice.c.obj</name>
      </input_file>
      <input_file id="fl-d9">
         <path>C:\ti\ccs1210\ccs\tools\compiler\ti-cgt-arm_20.2.7.LTS\lib\</path>
         <kind>archive</kind>
         <file>rtsv7M4_T_le_v4SPD16_eabi.lib</file>
         <name>memcpy_t2.asm.obj</name>
      </input_file>
      <input_file id="fl-da">
         <path>C:\ti\ccs1210\ccs\tools\compiler\ti-cgt-arm_20.2.7.LTS\lib\</path>
         <kind>archive</kind>
         <file>rtsv7M4_T_le_v4SPD16_eabi.lib</file>
         <name>autoinit.c.obj</name>
      </input_file>
      <input_file id="fl-db">
         <path>C:\ti\ccs1210\ccs\tools\compiler\ti-cgt-arm_20.2.7.LTS\lib\</path>
         <kind>archive</kind>
         <file>rtsv7M4_T_le_v4SPD16_eabi.lib</file>
         <name>pre_init.c.obj</name>
      </input_file>
      <input_file id="fl-dc">
         <path>C:\ti\ccs1210\ccs\tools\compiler\ti-cgt-arm_20.2.7.LTS\lib\</path>
         <kind>archive</kind>
         <file>rtsv7M4_T_le_v4SPD16_eabi.lib</file>
         <name>cpy_tbl.c.obj</name>
      </input_file>
      <input_file id="fl-dd">
         <path>C:\ti\ccs1210\ccs\tools\compiler\ti-cgt-arm_20.2.7.LTS\lib\</path>
         <kind>archive</kind>
         <file>rtsv7M4_T_le_v4SPD16_eabi.lib</file>
         <name>args_main.c.obj</name>
      </input_file>
      <input_file id="fl-de">
         <path>C:\ti\ccs1210\ccs\tools\compiler\ti-cgt-arm_20.2.7.LTS\lib\</path>
         <kind>archive</kind>
         <file>rtsv7M4_T_le_v4SPD16_eabi.lib</file>
         <name>strchr.c.obj</name>
      </input_file>
      <input_file id="fl-df">
         <path>C:\ti\ccs1210\ccs\tools\compiler\ti-cgt-arm_20.2.7.LTS\lib\</path>
         <kind>archive</kind>
         <file>rtsv7M4_T_le_v4SPD16_eabi.lib</file>
         <name>strcmp.c.obj</name>
      </input_file>
      <input_file id="fl-e0">
         <path>C:\ti\ccs1210\ccs\tools\compiler\ti-cgt-arm_20.2.7.LTS\lib\</path>
         <kind>archive</kind>
         <file>rtsv7M4_T_le_v4SPD16_eabi.lib</file>
         <name>strncpy.c.obj</name>
      </input_file>
      <input_file id="fl-e1">
         <path>C:\ti\ccs1210\ccs\tools\compiler\ti-cgt-arm_20.2.7.LTS\lib\</path>
         <kind>archive</kind>
         <file>rtsv7M4_T_le_v4SPD16_eabi.lib</file>
         <name>write.c.obj</name>
      </input_file>
      <input_file id="fl-e2">
         <path>C:\ti\ccs1210\ccs\tools\compiler\ti-cgt-arm_20.2.7.LTS\lib\</path>
         <kind>archive</kind>
         <file>rtsv7M4_T_le_v4SPD16_eabi.lib</file>
         <name>host_device.c.obj</name>
      </input_file>
      <input_file id="fl-e3">
         <path>C:\ti\ccs1210\ccs\tools\compiler\ti-cgt-arm_20.2.7.LTS\lib\</path>
         <kind>archive</kind>
         <file>rtsv7M4_T_le_v4SPD16_eabi.lib</file>
         <name>remove.c.obj</name>
      </input_file>
      <input_file id="fl-e4">
         <path>C:\ti\ccs1210\ccs\tools\compiler\ti-cgt-arm_20.2.7.LTS\lib\</path>
         <kind>archive</kind>
         <file>rtsv7M4_T_le_v4SPD16_eabi.lib</file>
         <name>close.c.obj</name>
      </input_file>
      <input_file id="fl-e5">
         <path>C:\ti\ccs1210\ccs\tools\compiler\ti-cgt-arm_20.2.7.LTS\lib\</path>
         <kind>archive</kind>
         <file>rtsv7M4_T_le_v4SPD16_eabi.lib</file>
         <name>unlink.c.obj</name>
      </input_file>
      <input_file id="fl-e6">
         <path>C:\ti\ccs1210\ccs\tools\compiler\ti-cgt-arm_20.2.7.LTS\lib\</path>
         <kind>archive</kind>
         <file>rtsv7M4_T_le_v4SPD16_eabi.lib</file>
         <name>hostclose.c.obj</name>
      </input_file>
      <input_file id="fl-e7">
         <path>C:\ti\ccs1210\ccs\tools\compiler\ti-cgt-arm_20.2.7.LTS\lib\</path>
         <kind>archive</kind>
         <file>rtsv7M4_T_le_v4SPD16_eabi.lib</file>
         <name>hostlseek.c.obj</name>
      </input_file>
      <input_file id="fl-e8">
         <path>C:\ti\ccs1210\ccs\tools\compiler\ti-cgt-arm_20.2.7.LTS\lib\</path>
         <kind>archive</kind>
         <file>rtsv7M4_T_le_v4SPD16_eabi.lib</file>
         <name>hostopen.c.obj</name>
      </input_file>
      <input_file id="fl-e9">
         <path>C:\ti\ccs1210\ccs\tools\compiler\ti-cgt-arm_20.2.7.LTS\lib\</path>
         <kind>archive</kind>
         <file>rtsv7M4_T_le_v4SPD16_eabi.lib</file>
         <name>hostread.c.obj</name>
      </input_file>
      <input_file id="fl-ea">
         <path>C:\ti\ccs1210\ccs\tools\compiler\ti-cgt-arm_20.2.7.LTS\lib\</path>
         <kind>archive</kind>
         <file>rtsv7M4_T_le_v4SPD16_eabi.lib</file>
         <name>hostrename.c.obj</name>
      </input_file>
      <input_file id="fl-eb">
         <path>C:\ti\ccs1210\ccs\tools\compiler\ti-cgt-arm_20.2.7.LTS\lib\</path>
         <kind>archive</kind>
         <file>rtsv7M4_T_le_v4SPD16_eabi.lib</file>
         <name>hostunlink.c.obj</name>
      </input_file>
      <input_file id="fl-ec">
         <path>C:\ti\ccs1210\ccs\tools\compiler\ti-cgt-arm_20.2.7.LTS\lib\</path>
         <kind>archive</kind>
         <file>rtsv7M4_T_le_v4SPD16_eabi.lib</file>
         <name>hostwrite.c.obj</name>
      </input_file>
      <input_file id="fl-ed">
         <path>C:\ti\ccs1210\ccs\tools\compiler\ti-cgt-arm_20.2.7.LTS\lib\</path>
         <kind>archive</kind>
         <file>rtsv7M4_T_le_v4SPD16_eabi.lib</file>
         <name>trgmsg.c.obj</name>
      </input_file>
      <input_file id="fl-ee">
         <path>C:\ti\ccs1210\ccs\tools\compiler\ti-cgt-arm_20.2.7.LTS\lib\</path>
         <kind>archive</kind>
         <file>rtsv7M4_T_le_v4SPD16_eabi.lib</file>
         <name>strcpy.c.obj</name>
      </input_file>
      <input_file id="fl-ef">
         <path>C:\ti\ccs1210\ccs\tools\compiler\ti-cgt-arm_20.2.7.LTS\lib\</path>
         <kind>archive</kind>
         <file>rtsv7M4_T_le_v4SPD16_eabi.lib</file>
         <name>strlen.c.obj</name>
      </input_file>
   </input_file_list>
   <object_component_list>
      <object_component id="oc-26">
         <name>.intvecs:retain</name>
         <load_address>0x0</load_address>
         <run_address>0x0</run_address>
         <size>0xe4</size>
         <input_file_ref idref="fl-e"/>
      </object_component>
      <object_component id="oc-b9">
         <name>.text</name>
         <load_address>0xe4</load_address>
         <run_address>0xe4</run_address>
         <size>0x678</size>
         <input_file_ref idref="fl-b"/>
      </object_component>
      <object_component id="oc-ee">
         <name>.text</name>
         <load_address>0x75c</load_address>
         <run_address>0x75c</run_address>
         <size>0x5d0</size>
         <input_file_ref idref="fl-7"/>
      </object_component>
      <object_component id="oc-70">
         <name>.text</name>
         <load_address>0xd2c</load_address>
         <run_address>0xd2c</run_address>
         <size>0x594</size>
         <input_file_ref idref="fl-c"/>
      </object_component>
      <object_component id="oc-76">
         <name>.text</name>
         <load_address>0x12c0</load_address>
         <run_address>0x12c0</run_address>
         <size>0x51c</size>
         <input_file_ref idref="fl-d"/>
      </object_component>
      <object_component id="oc-19a">
         <name>.text</name>
         <load_address>0x17dc</load_address>
         <run_address>0x17dc</run_address>
         <size>0x3f0</size>
         <input_file_ref idref="fl-a"/>
      </object_component>
      <object_component id="oc-e8">
         <name>.text</name>
         <load_address>0x1bcc</load_address>
         <run_address>0x1bcc</run_address>
         <size>0x3a8</size>
         <input_file_ref idref="fl-6"/>
      </object_component>
      <object_component id="oc-b2">
         <name>.text</name>
         <load_address>0x1f74</load_address>
         <run_address>0x1f74</run_address>
         <size>0x334</size>
         <input_file_ref idref="fl-f"/>
      </object_component>
      <object_component id="oc-c5">
         <name>.text</name>
         <load_address>0x22a8</load_address>
         <run_address>0x22a8</run_address>
         <size>0x1e0</size>
         <input_file_ref idref="fl-3"/>
      </object_component>
      <object_component id="oc-bf">
         <name>.text</name>
         <load_address>0x2488</load_address>
         <run_address>0x2488</run_address>
         <size>0x18c</size>
         <input_file_ref idref="fl-9"/>
      </object_component>
      <object_component id="oc-20e">
         <name>.text:_openfile</name>
         <load_address>0x2614</load_address>
         <run_address>0x2614</run_address>
         <size>0x110</size>
         <input_file_ref idref="fl-c9"/>
      </object_component>
      <object_component id="oc-2dd">
         <name>.text:aligned_alloc</name>
         <load_address>0x2724</load_address>
         <run_address>0x2724</run_address>
         <size>0x100</size>
         <input_file_ref idref="fl-d2"/>
      </object_component>
      <object_component id="oc-e2">
         <name>.text</name>
         <load_address>0x2824</load_address>
         <run_address>0x2824</run_address>
         <size>0xf8</size>
         <input_file_ref idref="fl-8"/>
      </object_component>
      <object_component id="oc-221">
         <name>.text:free</name>
         <load_address>0x291c</load_address>
         <run_address>0x291c</run_address>
         <size>0xe4</size>
         <input_file_ref idref="fl-d2"/>
      </object_component>
      <object_component id="oc-18b">
         <name>.text:setvbuf</name>
         <load_address>0x2a00</load_address>
         <run_address>0x2a00</run_address>
         <size>0xdc</size>
         <input_file_ref idref="fl-ca"/>
      </object_component>
      <object_component id="oc-dc">
         <name>.text</name>
         <load_address>0x2adc</load_address>
         <run_address>0x2adc</run_address>
         <size>0xbc</size>
         <input_file_ref idref="fl-2"/>
      </object_component>
      <object_component id="oc-2ab">
         <name>.text:open</name>
         <load_address>0x2b98</load_address>
         <run_address>0x2b98</run_address>
         <size>0xbc</size>
         <input_file_ref idref="fl-d4"/>
      </object_component>
      <object_component id="oc-179">
         <name>.text:add_device</name>
         <load_address>0x2c54</load_address>
         <run_address>0x2c54</run_address>
         <size>0xb8</size>
         <input_file_ref idref="fl-d5"/>
      </object_component>
      <object_component id="oc-17f">
         <name>.text:fopen</name>
         <load_address>0x2d0c</load_address>
         <run_address>0x2d0c</run_address>
         <size>0x9c</size>
         <input_file_ref idref="fl-c9"/>
      </object_component>
      <object_component id="oc-3a">
         <name>.text</name>
         <load_address>0x2da8</load_address>
         <run_address>0x2da8</run_address>
         <size>0x9c</size>
         <input_file_ref idref="fl-d9"/>
      </object_component>
      <object_component id="oc-9a">
         <name>.text</name>
         <load_address>0x2e44</load_address>
         <run_address>0x2e44</run_address>
         <size>0x7a</size>
         <input_file_ref idref="fl-cb"/>
      </object_component>
      <object_component id="oc-249">
         <name>.text:_nop</name>
         <load_address>0x2ebe</load_address>
         <run_address>0x2ebe</run_address>
         <size>0x2</size>
         <input_file_ref idref="fl-d0"/>
      </object_component>
      <object_component id="oc-21a">
         <name>.text:__TI_closefile</name>
         <load_address>0x2ec0</load_address>
         <run_address>0x2ec0</run_address>
         <size>0x74</size>
         <input_file_ref idref="fl-d6"/>
      </object_component>
      <object_component id="oc-34c">
         <name>.text:split</name>
         <load_address>0x2f34</load_address>
         <run_address>0x2f34</run_address>
         <size>0x70</size>
         <input_file_ref idref="fl-d2"/>
      </object_component>
      <object_component id="oc-296">
         <name>.text:HOSTrename</name>
         <load_address>0x2fa4</load_address>
         <run_address>0x2fa4</run_address>
         <size>0x6c</size>
         <input_file_ref idref="fl-ea"/>
      </object_component>
      <object_component id="oc-28a">
         <name>.text:HOSTlseek</name>
         <load_address>0x3010</load_address>
         <run_address>0x3010</run_address>
         <size>0x68</size>
         <input_file_ref idref="fl-e7"/>
      </object_component>
      <object_component id="oc-17">
         <name>.text:decompress:lzss:__TI_decompress_lzss</name>
         <load_address>0x3078</load_address>
         <run_address>0x3078</run_address>
         <size>0x68</size>
         <input_file_ref idref="fl-ce"/>
      </object_component>
      <object_component id="oc-272">
         <name>.text:HOSTopen</name>
         <load_address>0x30e0</load_address>
         <run_address>0x30e0</run_address>
         <size>0x60</size>
         <input_file_ref idref="fl-e8"/>
      </object_component>
      <object_component id="oc-2c1">
         <name>.text:close</name>
         <load_address>0x3140</load_address>
         <run_address>0x3140</run_address>
         <size>0x5c</size>
         <input_file_ref idref="fl-e4"/>
      </object_component>
      <object_component id="oc-27e">
         <name>.text:HOSTread</name>
         <load_address>0x319c</load_address>
         <run_address>0x319c</run_address>
         <size>0x58</size>
         <input_file_ref idref="fl-e9"/>
      </object_component>
      <object_component id="oc-284">
         <name>.text:HOSTwrite</name>
         <load_address>0x31f4</load_address>
         <run_address>0x31f4</run_address>
         <size>0x58</size>
         <input_file_ref idref="fl-ec"/>
      </object_component>
      <object_component id="oc-2bb">
         <name>.text:__TI_doflush</name>
         <load_address>0x324c</load_address>
         <run_address>0x324c</run_address>
         <size>0x4c</size>
         <input_file_ref idref="fl-d7"/>
      </object_component>
      <object_component id="oc-139">
         <name>.text:exit</name>
         <load_address>0x3298</load_address>
         <run_address>0x3298</run_address>
         <size>0x48</size>
         <input_file_ref idref="fl-cf"/>
      </object_component>
      <object_component id="oc-278">
         <name>.text:HOSTclose</name>
         <load_address>0x32e0</load_address>
         <run_address>0x32e0</run_address>
         <size>0x44</size>
         <input_file_ref idref="fl-e6"/>
      </object_component>
      <object_component id="oc-290">
         <name>.text:HOSTunlink</name>
         <load_address>0x3324</load_address>
         <run_address>0x3324</run_address>
         <size>0x44</size>
         <input_file_ref idref="fl-eb"/>
      </object_component>
      <object_component id="oc-13f">
         <name>.text:__TI_auto_init_nobinit_nopinit:__TI_auto_init_nobinit_nopinit</name>
         <load_address>0x3368</load_address>
         <run_address>0x3368</run_address>
         <size>0x44</size>
         <input_file_ref idref="fl-da"/>
      </object_component>
      <object_component id="oc-32d">
         <name>.text:getdevice</name>
         <load_address>0x33ac</load_address>
         <run_address>0x33ac</run_address>
         <size>0x44</size>
         <input_file_ref idref="fl-d8"/>
      </object_component>
      <object_component id="oc-304">
         <name>.text:__TI_writemsg</name>
         <load_address>0x33f0</load_address>
         <run_address>0x33f0</run_address>
         <size>0x38</size>
         <input_file_ref idref="fl-ed"/>
      </object_component>
      <object_component id="oc-202">
         <name>.text:strncpy</name>
         <load_address>0x3428</load_address>
         <run_address>0x3428</run_address>
         <size>0x36</size>
         <input_file_ref idref="fl-e0"/>
      </object_component>
      <object_component id="oc-22d">
         <name>.text:__TI_cleanup</name>
         <load_address>0x3460</load_address>
         <run_address>0x3460</run_address>
         <size>0x34</size>
         <input_file_ref idref="fl-c9"/>
      </object_component>
      <object_component id="oc-30a">
         <name>.text:__TI_readmsg</name>
         <load_address>0x3494</load_address>
         <run_address>0x3494</run_address>
         <size>0x34</size>
         <input_file_ref idref="fl-ed"/>
      </object_component>
      <object_component id="oc-58">
         <name>.text:_c_int00_noargs:_c_int00_noargs</name>
         <load_address>0x34c8</load_address>
         <run_address>0x34c8</run_address>
         <size>0x34</size>
         <input_file_ref idref="fl-d3"/>
      </object_component>
      <object_component id="oc-185">
         <name>.text:freopen</name>
         <load_address>0x34fc</load_address>
         <run_address>0x34fc</run_address>
         <size>0x34</size>
         <input_file_ref idref="fl-c9"/>
      </object_component>
      <object_component id="oc-1fc">
         <name>.text:finddevice</name>
         <load_address>0x3530</load_address>
         <run_address>0x3530</run_address>
         <size>0x30</size>
         <input_file_ref idref="fl-d8"/>
      </object_component>
      <object_component id="oc-2c7">
         <name>.text:unlink</name>
         <load_address>0x3560</load_address>
         <run_address>0x3560</run_address>
         <size>0x2c</size>
         <input_file_ref idref="fl-e5"/>
      </object_component>
      <object_component id="oc-2d6">
         <name>.text:free_list_insert</name>
         <load_address>0x358c</load_address>
         <run_address>0x358c</run_address>
         <size>0x28</size>
         <input_file_ref idref="fl-d2"/>
      </object_component>
      <object_component id="oc-339">
         <name>.text:write</name>
         <load_address>0x35b4</load_address>
         <run_address>0x35b4</run_address>
         <size>0x28</size>
         <input_file_ref idref="fl-e1"/>
      </object_component>
      <object_component id="oc-d6">
         <name>.text</name>
         <load_address>0x35dc</load_address>
         <run_address>0x35dc</run_address>
         <size>0x24</size>
         <input_file_ref idref="fl-4"/>
      </object_component>
      <object_component id="oc-2d0">
         <name>.text:free_list_remove</name>
         <load_address>0x3600</load_address>
         <run_address>0x3600</run_address>
         <size>0x1c</size>
         <input_file_ref idref="fl-d2"/>
      </object_component>
      <object_component id="oc-268">
         <name>.text:strcmp</name>
         <load_address>0x361c</load_address>
         <run_address>0x361c</run_address>
         <size>0x18</size>
         <input_file_ref idref="fl-df"/>
      </object_component>
      <object_component id="oc-36d">
         <name>.text:strchr</name>
         <load_address>0x3634</load_address>
         <run_address>0x3634</run_address>
         <size>0x16</size>
         <input_file_ref idref="fl-de"/>
      </object_component>
      <object_component id="oc-31e">
         <name>.text:strcpy</name>
         <load_address>0x364a</load_address>
         <run_address>0x364a</run_address>
         <size>0x14</size>
         <input_file_ref idref="fl-ee"/>
      </object_component>
      <object_component id="oc-2fe">
         <name>.text:strlen</name>
         <load_address>0x365e</load_address>
         <run_address>0x365e</run_address>
         <size>0x14</size>
         <input_file_ref idref="fl-ef"/>
      </object_component>
      <object_component id="oc-1d">
         <name>.text:decompress:none:__TI_decompress_none</name>
         <load_address>0x3672</load_address>
         <run_address>0x3672</run_address>
         <size>0xe</size>
         <input_file_ref idref="fl-cd"/>
      </object_component>
      <object_component id="oc-6a">
         <name>.text</name>
         <load_address>0x3680</load_address>
         <run_address>0x3680</run_address>
         <size>0xe</size>
         <input_file_ref idref="fl-e"/>
      </object_component>
      <object_component id="oc-4c">
         <name>.text:decompress:ZI:__TI_zero_init</name>
         <load_address>0x368e</load_address>
         <run_address>0x368e</run_address>
         <size>0xc</size>
         <input_file_ref idref="fl-cc"/>
      </object_component>
      <object_component id="oc-227">
         <name>.text:malloc</name>
         <load_address>0x369a</load_address>
         <run_address>0x369a</run_address>
         <size>0x8</size>
         <input_file_ref idref="fl-d2"/>
      </object_component>
      <object_component id="oc-a0">
         <name>.text:_system_pre_init</name>
         <load_address>0x36a2</load_address>
         <run_address>0x36a2</run_address>
         <size>0x4</size>
         <input_file_ref idref="fl-db"/>
      </object_component>
      <object_component id="oc-133">
         <name>.text:abort:abort</name>
         <load_address>0x36a6</load_address>
         <run_address>0x36a6</run_address>
         <size>0x4</size>
         <input_file_ref idref="fl-cf"/>
      </object_component>
      <object_component id="oc-3c2">
         <name>.cinit..data.load</name>
         <load_address>0x36b0</load_address>
         <run_address>0x36b0</run_address>
         <size>0x7a</size>
      </object_component>
      <object_component id="oc-3c0">
         <name>__TI_handler_table</name>
         <load_address>0x372c</load_address>
         <run_address>0x372c</run_address>
         <size>0xc</size>
      </object_component>
      <object_component id="oc-3c3">
         <name>.cinit..bss.load</name>
         <load_address>0x3738</load_address>
         <run_address>0x3738</run_address>
         <size>0x8</size>
      </object_component>
      <object_component id="oc-3c1">
         <name>__TI_cinit_table</name>
         <load_address>0x3740</load_address>
         <run_address>0x3740</run_address>
         <size>0x10</size>
      </object_component>
      <object_component id="oc-394">
         <name>.binit</name>
         <load_address>0x0</load_address>
         <run_address>0x0</run_address>
         <size>0x0</size>
      </object_component>
      <object_component id="oc-1a1">
         <name>.data</name>
         <load_address>0x20003828</load_address>
         <run_address>0x20003828</run_address>
         <size>0x18</size>
         <input_file_ref idref="fl-3"/>
      </object_component>
      <object_component id="oc-d2">
         <name>.data</name>
         <load_address>0x20003840</load_address>
         <run_address>0x20003840</run_address>
         <size>0x10</size>
         <input_file_ref idref="fl-c"/>
      </object_component>
      <object_component id="oc-171">
         <name>.data</name>
         <load_address>0x20003888</load_address>
         <run_address>0x20003888</run_address>
         <size>0x4</size>
         <input_file_ref idref="fl-f"/>
      </object_component>
      <object_component id="oc-214">
         <name>.data</name>
         <load_address>0x20003880</load_address>
         <run_address>0x20003880</run_address>
         <size>0x4</size>
         <input_file_ref idref="fl-c9"/>
      </object_component>
      <object_component id="oc-1d4">
         <name>.data:$O1$$</name>
         <load_address>0x20003860</load_address>
         <run_address>0x20003860</run_address>
         <size>0xc</size>
         <input_file_ref idref="fl-cf"/>
      </object_component>
      <object_component id="oc-1d7">
         <name>.data:$O1$$</name>
         <load_address>0x2000386c</load_address>
         <run_address>0x2000386c</run_address>
         <size>0x8</size>
         <input_file_ref idref="fl-d0"/>
      </object_component>
      <object_component id="oc-191">
         <name>.data:_ftable</name>
         <load_address>0x20003670</load_address>
         <run_address>0x20003670</run_address>
         <size>0xf0</size>
         <input_file_ref idref="fl-d1"/>
      </object_component>
      <object_component id="oc-215">
         <name>.data</name>
         <load_address>0x20003850</load_address>
         <run_address>0x20003850</run_address>
         <size>0x10</size>
         <input_file_ref idref="fl-d1"/>
      </object_component>
      <object_component id="oc-347">
         <name>.data:$O1$$</name>
         <load_address>0x20003874</load_address>
         <run_address>0x20003874</run_address>
         <size>0x8</size>
         <input_file_ref idref="fl-d2"/>
      </object_component>
      <object_component id="oc-333">
         <name>.data</name>
         <load_address>0x20003884</load_address>
         <run_address>0x20003884</run_address>
         <size>0x4</size>
         <input_file_ref idref="fl-d4"/>
      </object_component>
      <object_component id="oc-208">
         <name>.data</name>
         <load_address>0x2000387c</load_address>
         <run_address>0x2000387c</run_address>
         <size>0x4</size>
         <input_file_ref idref="fl-d5"/>
      </object_component>
      <object_component id="oc-209">
         <name>.data:_device</name>
         <load_address>0x20003760</load_address>
         <run_address>0x20003760</run_address>
         <size>0x78</size>
         <input_file_ref idref="fl-e2"/>
      </object_component>
      <object_component id="oc-334">
         <name>.data:_stream</name>
         <load_address>0x200037d8</load_address>
         <run_address>0x200037d8</run_address>
         <size>0x50</size>
         <input_file_ref idref="fl-e2"/>
      </object_component>
      <object_component id="oc-103">
         <name>.bss</name>
         <uninitialized>true</uninitialized>
         <run_address>0x200031f0</run_address>
         <size>0x8</size>
         <input_file_ref idref="fl-d"/>
      </object_component>
      <object_component id="oc-357">
         <name>.bss:_CIOBUF_</name>
         <uninitialized>true</uninitialized>
         <run_address>0x20003000</run_address>
         <size>0x120</size>
         <input_file_ref idref="fl-ed"/>
      </object_component>
      <object_component id="oc-1bc">
         <name>.common:Size</name>
         <uninitialized>true</uninitialized>
         <run_address>0x20003250</run_address>
         <size>0x4</size>
      </object_component>
      <object_component id="oc-1bb">
         <name>.common:x</name>
         <uninitialized>true</uninitialized>
         <run_address>0x20000000</run_address>
         <size>0x1000</size>
      </object_component>
      <object_component id="oc-1b8">
         <name>.common:Pt</name>
         <uninitialized>true</uninitialized>
         <run_address>0x20003240</run_address>
         <size>0x4</size>
      </object_component>
      <object_component id="oc-1be">
         <name>.common:I1</name>
         <uninitialized>true</uninitialized>
         <run_address>0x20003210</run_address>
         <size>0x4</size>
      </object_component>
      <object_component id="oc-1bd">
         <name>.common:LPFSum</name>
         <uninitialized>true</uninitialized>
         <run_address>0x20003220</run_address>
         <size>0x4</size>
      </object_component>
      <object_component id="oc-1c0">
         <name>.common:x2</name>
         <uninitialized>true</uninitialized>
         <run_address>0x20001000</run_address>
         <size>0x1000</size>
      </object_component>
      <object_component id="oc-1bf">
         <name>.common:Pt2</name>
         <uninitialized>true</uninitialized>
         <run_address>0x20003244</run_address>
         <size>0x4</size>
      </object_component>
      <object_component id="oc-1c1">
         <name>.common:LPFSum2</name>
         <uninitialized>true</uninitialized>
         <run_address>0x20003224</run_address>
         <size>0x4</size>
      </object_component>
      <object_component id="oc-1c3">
         <name>.common:x3</name>
         <uninitialized>true</uninitialized>
         <run_address>0x20002000</run_address>
         <size>0x1000</size>
      </object_component>
      <object_component id="oc-1c2">
         <name>.common:Pt3</name>
         <uninitialized>true</uninitialized>
         <run_address>0x20003248</run_address>
         <size>0x4</size>
      </object_component>
      <object_component id="oc-1c4">
         <name>.common:LPFSum3</name>
         <uninitialized>true</uninitialized>
         <run_address>0x20003228</run_address>
         <size>0x4</size>
      </object_component>
      <object_component id="oc-1c7">
         <name>.common:u1</name>
         <uninitialized>true</uninitialized>
         <run_address>0x20003260</run_address>
         <size>0x4</size>
      </object_component>
      <object_component id="oc-1c6">
         <name>.common:u2</name>
         <uninitialized>true</uninitialized>
         <run_address>0x20003264</run_address>
         <size>0x4</size>
      </object_component>
      <object_component id="oc-1c5">
         <name>.common:u3</name>
         <uninitialized>true</uninitialized>
         <run_address>0x20003268</run_address>
         <size>0x4</size>
      </object_component>
      <object_component id="oc-178">
         <name>.common:Messageindexb</name>
         <uninitialized>true</uninitialized>
         <run_address>0x20003230</run_address>
         <size>0x4</size>
      </object_component>
      <object_component id="oc-175">
         <name>.common:Messageb</name>
         <uninitialized>true</uninitialized>
         <run_address>0x200031f8</run_address>
         <size>0x8</size>
      </object_component>
      <object_component id="oc-ce">
         <name>.common:Distances</name>
         <uninitialized>true</uninitialized>
         <run_address>0x200031d8</run_address>
         <size>0xc</size>
      </object_component>
      <object_component id="oc-f7">
         <name>.common:FilteredDistances</name>
         <uninitialized>true</uninitialized>
         <run_address>0x200031e4</run_address>
         <size>0xc</size>
      </object_component>
      <object_component id="oc-cf">
         <name>.common:Amplitudes</name>
         <uninitialized>true</uninitialized>
         <run_address>0x200031c0</run_address>
         <size>0xc</size>
      </object_component>
      <object_component id="oc-cb">
         <name>.common:TxChannel</name>
         <uninitialized>true</uninitialized>
         <run_address>0x20003254</run_address>
         <size>0x4</size>
      </object_component>
      <object_component id="oc-d5">
         <name>.common:Error</name>
         <uninitialized>true</uninitialized>
         <run_address>0x2000320c</run_address>
         <size>0x4</size>
      </object_component>
      <object_component id="oc-f4">
         <name>.common:UR</name>
         <uninitialized>true</uninitialized>
         <run_address>0x2000325c</run_address>
         <size>0x4</size>
      </object_component>
      <object_component id="oc-f5">
         <name>.common:UL</name>
         <uninitialized>true</uninitialized>
         <run_address>0x20003258</run_address>
         <size>0x4</size>
      </object_component>
      <object_component id="oc-d0">
         <name>.common:LeftDistance</name>
         <uninitialized>true</uninitialized>
         <run_address>0x2000322c</run_address>
         <size>0x4</size>
      </object_component>
      <object_component id="oc-f6">
         <name>.common:CenterDistance</name>
         <uninitialized>true</uninitialized>
         <run_address>0x20003208</run_address>
         <size>0x4</size>
      </object_component>
      <object_component id="oc-d1">
         <name>.common:RightDistance</name>
         <uninitialized>true</uninitialized>
         <run_address>0x2000324c</run_address>
         <size>0x4</size>
      </object_component>
      <object_component id="oc-106">
         <name>.common:ChannelCount</name>
         <uninitialized>true</uninitialized>
         <run_address>0x200031cc</run_address>
         <size>0xc</size>
      </object_component>
      <object_component id="oc-109">
         <name>.common:PTxChan</name>
         <uninitialized>true</uninitialized>
         <run_address>0x20003234</run_address>
         <size>0x4</size>
      </object_component>
      <object_component id="oc-10a">
         <name>.common:Pdistances</name>
         <uninitialized>true</uninitialized>
         <run_address>0x2000323c</run_address>
         <size>0x4</size>
      </object_component>
      <object_component id="oc-10b">
         <name>.common:Pamplitudes</name>
         <uninitialized>true</uninitialized>
         <run_address>0x20003238</run_address>
         <size>0x4</size>
      </object_component>
      <object_component id="oc-10c">
         <name>.common:ISRTime</name>
         <uninitialized>true</uninitialized>
         <run_address>0x2000321c</run_address>
         <size>0x4</size>
      </object_component>
      <object_component id="oc-10e">
         <name>.common:ISRLast</name>
         <uninitialized>true</uninitialized>
         <run_address>0x20003214</run_address>
         <size>0x4</size>
      </object_component>
      <object_component id="oc-10d">
         <name>.common:ISRPeriod</name>
         <uninitialized>true</uninitialized>
         <run_address>0x20003218</run_address>
         <size>0x4</size>
      </object_component>
      <object_component id="oc-2cd">
         <name>.common:__TI_tmpnams</name>
         <uninitialized>true</uninitialized>
         <run_address>0x20003120</run_address>
         <size>0xa0</size>
      </object_component>
      <object_component id="oc-310">
         <name>.common:parmbuf</name>
         <uninitialized>true</uninitialized>
         <run_address>0x20003200</run_address>
         <size>0x8</size>
      </object_component>
      <object_component id="oc-29">
         <name>.sysmem</name>
         <uninitialized>true</uninitialized>
         <run_address>0x20003270</run_address>
         <size>0x10</size>
         <input_file_ref idref="fl-d2"/>
      </object_component>
      <object_component id="oc-3c6">
         <name>.sysmem</name>
         <uninitialized>true</uninitialized>
         <run_address>0x20003270</run_address>
         <size>0x0</size>
      </object_component>
      <object_component id="oc-2c">
         <name>.stack</name>
         <uninitialized>true</uninitialized>
         <run_address>0x2000fe00</run_address>
         <size>0x4</size>
         <input_file_ref idref="fl-d3"/>
      </object_component>
      <object_component id="oc-3c5">
         <name>.stack</name>
         <uninitialized>true</uninitialized>
         <run_address>0x2000fe00</run_address>
         <size>0x0</size>
      </object_component>
      <object_component id="oc-1d2">
         <name>.debug_info</name>
         <load_address>0x0</load_address>
         <run_address>0x0</run_address>
         <size>0x58b</size>
         <input_file_ref idref="fl-2"/>
      </object_component>
      <object_component id="oc-dd">
         <name>.debug_info</name>
         <load_address>0x58b</load_address>
         <run_address>0x58b</run_address>
         <size>0x1c6</size>
         <input_file_ref idref="fl-2"/>
      </object_component>
      <object_component id="oc-1a7">
         <name>.debug_info</name>
         <load_address>0x751</load_address>
         <run_address>0x751</run_address>
         <size>0x37e2</size>
         <input_file_ref idref="fl-2"/>
      </object_component>
      <object_component id="oc-1ac">
         <name>.debug_info</name>
         <load_address>0x3f33</load_address>
         <run_address>0x3f33</run_address>
         <size>0x1055</size>
         <input_file_ref idref="fl-2"/>
      </object_component>
      <object_component id="oc-112">
         <name>.debug_info</name>
         <load_address>0x4f88</load_address>
         <run_address>0x4f88</run_address>
         <size>0x26b</size>
         <input_file_ref idref="fl-2"/>
      </object_component>
      <object_component id="oc-35">
         <name>.debug_info</name>
         <load_address>0x51f3</load_address>
         <run_address>0x51f3</run_address>
         <size>0x84</size>
         <input_file_ref idref="fl-2"/>
      </object_component>
      <object_component id="oc-1c9">
         <name>.debug_info</name>
         <load_address>0x5277</load_address>
         <run_address>0x5277</run_address>
         <size>0x2a4</size>
         <input_file_ref idref="fl-2"/>
      </object_component>
      <object_component id="oc-fe">
         <name>.debug_info</name>
         <load_address>0x551b</load_address>
         <run_address>0x551b</run_address>
         <size>0xbb</size>
         <input_file_ref idref="fl-2"/>
      </object_component>
      <object_component id="oc-1a2">
         <name>.debug_info</name>
         <load_address>0x55d6</load_address>
         <run_address>0x55d6</run_address>
         <size>0x1bd</size>
         <input_file_ref idref="fl-3"/>
      </object_component>
      <object_component id="oc-c6">
         <name>.debug_info</name>
         <load_address>0x5793</load_address>
         <run_address>0x5793</run_address>
         <size>0x2e1</size>
         <input_file_ref idref="fl-3"/>
      </object_component>
      <object_component id="oc-d8">
         <name>.debug_info</name>
         <load_address>0x5a74</load_address>
         <run_address>0x5a74</run_address>
         <size>0x2a2</size>
         <input_file_ref idref="fl-4"/>
      </object_component>
      <object_component id="oc-1b7">
         <name>.debug_info</name>
         <load_address>0x5d16</load_address>
         <run_address>0x5d16</run_address>
         <size>0x567</size>
         <input_file_ref idref="fl-6"/>
      </object_component>
      <object_component id="oc-ec">
         <name>.debug_info</name>
         <load_address>0x627d</load_address>
         <run_address>0x627d</run_address>
         <size>0x6d6</size>
         <input_file_ref idref="fl-6"/>
      </object_component>
      <object_component id="oc-1b9">
         <name>.debug_info</name>
         <load_address>0x6953</load_address>
         <run_address>0x6953</run_address>
         <size>0x6bd</size>
         <input_file_ref idref="fl-7"/>
      </object_component>
      <object_component id="oc-f0">
         <name>.debug_info</name>
         <load_address>0x7010</load_address>
         <run_address>0x7010</run_address>
         <size>0x7f6</size>
         <input_file_ref idref="fl-7"/>
      </object_component>
      <object_component id="oc-e5">
         <name>.debug_info</name>
         <load_address>0x7806</load_address>
         <run_address>0x7806</run_address>
         <size>0x2a7</size>
         <input_file_ref idref="fl-8"/>
      </object_component>
      <object_component id="oc-c0">
         <name>.debug_info</name>
         <load_address>0x7aad</load_address>
         <run_address>0x7aad</run_address>
         <size>0x5b2</size>
         <input_file_ref idref="fl-9"/>
      </object_component>
      <object_component id="oc-19b">
         <name>.debug_info</name>
         <load_address>0x805f</load_address>
         <run_address>0x805f</run_address>
         <size>0x82c</size>
         <input_file_ref idref="fl-a"/>
      </object_component>
      <object_component id="oc-176">
         <name>.debug_info</name>
         <load_address>0x888b</load_address>
         <run_address>0x888b</run_address>
         <size>0x7ae</size>
         <input_file_ref idref="fl-b"/>
      </object_component>
      <object_component id="oc-bc">
         <name>.debug_info</name>
         <load_address>0x9039</load_address>
         <run_address>0x9039</run_address>
         <size>0x1344</size>
         <input_file_ref idref="fl-b"/>
      </object_component>
      <object_component id="oc-1f7">
         <name>.debug_info</name>
         <load_address>0xa37d</load_address>
         <run_address>0xa37d</run_address>
         <size>0xcc</size>
         <input_file_ref idref="fl-b"/>
      </object_component>
      <object_component id="oc-195">
         <name>.debug_info</name>
         <load_address>0xa449</load_address>
         <run_address>0xa449</run_address>
         <size>0x2c</size>
         <input_file_ref idref="fl-b"/>
      </object_component>
      <object_component id="oc-cc">
         <name>.debug_info</name>
         <load_address>0xa475</load_address>
         <run_address>0xa475</run_address>
         <size>0xca4</size>
         <input_file_ref idref="fl-c"/>
      </object_component>
      <object_component id="oc-d3">
         <name>.debug_info</name>
         <load_address>0xb119</load_address>
         <run_address>0xb119</run_address>
         <size>0x14c</size>
         <input_file_ref idref="fl-c"/>
      </object_component>
      <object_component id="oc-72">
         <name>.debug_info</name>
         <load_address>0xb265</load_address>
         <run_address>0xb265</run_address>
         <size>0x973</size>
         <input_file_ref idref="fl-c"/>
      </object_component>
      <object_component id="oc-f9">
         <name>.debug_info</name>
         <load_address>0xbbd8</load_address>
         <run_address>0xbbd8</run_address>
         <size>0x8b</size>
         <input_file_ref idref="fl-c"/>
      </object_component>
      <object_component id="oc-107">
         <name>.debug_info</name>
         <load_address>0xbc63</load_address>
         <run_address>0xbc63</run_address>
         <size>0x715</size>
         <input_file_ref idref="fl-d"/>
      </object_component>
      <object_component id="oc-104">
         <name>.debug_info</name>
         <load_address>0xc378</load_address>
         <run_address>0xc378</run_address>
         <size>0x11f</size>
         <input_file_ref idref="fl-d"/>
      </object_component>
      <object_component id="oc-78">
         <name>.debug_info</name>
         <load_address>0xc497</load_address>
         <run_address>0xc497</run_address>
         <size>0x11a8</size>
         <input_file_ref idref="fl-d"/>
      </object_component>
      <object_component id="oc-7e">
         <name>.debug_info</name>
         <load_address>0xd63f</load_address>
         <run_address>0xd63f</run_address>
         <size>0x300</size>
         <input_file_ref idref="fl-e"/>
      </object_component>
      <object_component id="oc-27">
         <name>.debug_info</name>
         <load_address>0xd93f</load_address>
         <run_address>0xd93f</run_address>
         <size>0x12c</size>
         <input_file_ref idref="fl-e"/>
      </object_component>
      <object_component id="oc-6d">
         <name>.debug_info</name>
         <load_address>0xda6b</load_address>
         <run_address>0xda6b</run_address>
         <size>0x1f3</size>
         <input_file_ref idref="fl-e"/>
      </object_component>
      <object_component id="oc-172">
         <name>.debug_info</name>
         <load_address>0xdc5e</load_address>
         <run_address>0xdc5e</run_address>
         <size>0x125</size>
         <input_file_ref idref="fl-f"/>
      </object_component>
      <object_component id="oc-b6">
         <name>.debug_info</name>
         <load_address>0xdd83</load_address>
         <run_address>0xdd83</run_address>
         <size>0x297</size>
         <input_file_ref idref="fl-f"/>
      </object_component>
      <object_component id="oc-219">
         <name>.debug_info</name>
         <load_address>0xe01a</load_address>
         <run_address>0xe01a</run_address>
         <size>0x3f5</size>
         <input_file_ref idref="fl-c9"/>
      </object_component>
      <object_component id="oc-20f">
         <name>.debug_info</name>
         <load_address>0xe40f</load_address>
         <run_address>0xe40f</run_address>
         <size>0x20e</size>
         <input_file_ref idref="fl-c9"/>
      </object_component>
      <object_component id="oc-22e">
         <name>.debug_info</name>
         <load_address>0xe61d</load_address>
         <run_address>0xe61d</run_address>
         <size>0x176</size>
         <input_file_ref idref="fl-c9"/>
      </object_component>
      <object_component id="oc-186">
         <name>.debug_info</name>
         <load_address>0xe793</load_address>
         <run_address>0xe793</run_address>
         <size>0x1e4</size>
         <input_file_ref idref="fl-c9"/>
      </object_component>
      <object_component id="oc-180">
         <name>.debug_info</name>
         <load_address>0xe977</load_address>
         <run_address>0xe977</run_address>
         <size>0x1cd</size>
         <input_file_ref idref="fl-c9"/>
      </object_component>
      <object_component id="oc-119">
         <name>.debug_info</name>
         <load_address>0xeb44</load_address>
         <run_address>0xeb44</run_address>
         <size>0x2c</size>
         <input_file_ref idref="fl-c9"/>
      </object_component>
      <object_component id="oc-2b6">
         <name>.debug_info</name>
         <load_address>0xeb70</load_address>
         <run_address>0xeb70</run_address>
         <size>0xb2</size>
         <input_file_ref idref="fl-c9"/>
      </object_component>
      <object_component id="oc-234">
         <name>.debug_info</name>
         <load_address>0xec22</load_address>
         <run_address>0xec22</run_address>
         <size>0x374</size>
         <input_file_ref idref="fl-ca"/>
      </object_component>
      <object_component id="oc-18c">
         <name>.debug_info</name>
         <load_address>0xef96</load_address>
         <run_address>0xef96</run_address>
         <size>0x20b</size>
         <input_file_ref idref="fl-ca"/>
      </object_component>
      <object_component id="oc-235">
         <name>.debug_info</name>
         <load_address>0xf1a1</load_address>
         <run_address>0xf1a1</run_address>
         <size>0xbf</size>
         <input_file_ref idref="fl-ca"/>
      </object_component>
      <object_component id="oc-9b">
         <name>.debug_info</name>
         <load_address>0xf260</load_address>
         <run_address>0xf260</run_address>
         <size>0x147</size>
         <input_file_ref idref="fl-cb"/>
      </object_component>
      <object_component id="oc-99">
         <name>.debug_info</name>
         <load_address>0xf3a7</load_address>
         <run_address>0xf3a7</run_address>
         <size>0x2d4</size>
         <input_file_ref idref="fl-cc"/>
      </object_component>
      <object_component id="oc-50">
         <name>.debug_info</name>
         <load_address>0xf67b</load_address>
         <run_address>0xf67b</run_address>
         <size>0x1b5</size>
         <input_file_ref idref="fl-cc"/>
      </object_component>
      <object_component id="oc-94">
         <name>.debug_info</name>
         <load_address>0xf830</load_address>
         <run_address>0xf830</run_address>
         <size>0x46</size>
         <input_file_ref idref="fl-cc"/>
      </object_component>
      <object_component id="oc-12a">
         <name>.debug_info</name>
         <load_address>0xf876</load_address>
         <run_address>0xf876</run_address>
         <size>0x2c</size>
         <input_file_ref idref="fl-cc"/>
      </object_component>
      <object_component id="oc-45">
         <name>.debug_info</name>
         <load_address>0xf8a2</load_address>
         <run_address>0xf8a2</run_address>
         <size>0x2a8</size>
         <input_file_ref idref="fl-cd"/>
      </object_component>
      <object_component id="oc-1f">
         <name>.debug_info</name>
         <load_address>0xfb4a</load_address>
         <run_address>0xfb4a</run_address>
         <size>0x1ea</size>
         <input_file_ref idref="fl-cd"/>
      </object_component>
      <object_component id="oc-40">
         <name>.debug_info</name>
         <load_address>0xfd34</load_address>
         <run_address>0xfd34</run_address>
         <size>0x46</size>
         <input_file_ref idref="fl-cd"/>
      </object_component>
      <object_component id="oc-8c">
         <name>.debug_info</name>
         <load_address>0xfd7a</load_address>
         <run_address>0xfd7a</run_address>
         <size>0x2c</size>
         <input_file_ref idref="fl-cd"/>
      </object_component>
      <object_component id="oc-8a">
         <name>.debug_info</name>
         <load_address>0xfda6</load_address>
         <run_address>0xfda6</run_address>
         <size>0x29e</size>
         <input_file_ref idref="fl-ce"/>
      </object_component>
      <object_component id="oc-1a">
         <name>.debug_info</name>
         <load_address>0x10044</load_address>
         <run_address>0x10044</run_address>
         <size>0x250</size>
         <input_file_ref idref="fl-ce"/>
      </object_component>
      <object_component id="oc-30">
         <name>.debug_info</name>
         <load_address>0x10294</load_address>
         <run_address>0x10294</run_address>
         <size>0x60</size>
         <input_file_ref idref="fl-ce"/>
      </object_component>
      <object_component id="oc-123">
         <name>.debug_info</name>
         <load_address>0x102f4</load_address>
         <run_address>0x102f4</run_address>
         <size>0x46</size>
         <input_file_ref idref="fl-ce"/>
      </object_component>
      <object_component id="oc-85">
         <name>.debug_info</name>
         <load_address>0x1033a</load_address>
         <run_address>0x1033a</run_address>
         <size>0x39</size>
         <input_file_ref idref="fl-ce"/>
      </object_component>
      <object_component id="oc-1db">
         <name>.debug_info</name>
         <load_address>0x10373</load_address>
         <run_address>0x10373</run_address>
         <size>0x3ad</size>
         <input_file_ref idref="fl-cf"/>
      </object_component>
      <object_component id="oc-1d5">
         <name>.debug_info</name>
         <load_address>0x10720</load_address>
         <run_address>0x10720</run_address>
         <size>0x190</size>
         <input_file_ref idref="fl-cf"/>
      </object_component>
      <object_component id="oc-136">
         <name>.debug_info</name>
         <load_address>0x108b0</load_address>
         <run_address>0x108b0</run_address>
         <size>0x122</size>
         <input_file_ref idref="fl-cf"/>
      </object_component>
      <object_component id="oc-13a">
         <name>.debug_info</name>
         <load_address>0x109d2</load_address>
         <run_address>0x109d2</run_address>
         <size>0x184</size>
         <input_file_ref idref="fl-cf"/>
      </object_component>
      <object_component id="oc-251">
         <name>.debug_info</name>
         <load_address>0x10b56</load_address>
         <run_address>0x10b56</run_address>
         <size>0x2c9</size>
         <input_file_ref idref="fl-d0"/>
      </object_component>
      <object_component id="oc-1d8">
         <name>.debug_info</name>
         <load_address>0x10e1f</load_address>
         <run_address>0x10e1f</run_address>
         <size>0x11e</size>
         <input_file_ref idref="fl-d0"/>
      </object_component>
      <object_component id="oc-24a">
         <name>.debug_info</name>
         <load_address>0x10f3d</load_address>
         <run_address>0x10f3d</run_address>
         <size>0x12e</size>
         <input_file_ref idref="fl-d0"/>
      </object_component>
      <object_component id="oc-23c">
         <name>.debug_info</name>
         <load_address>0x1106b</load_address>
         <run_address>0x1106b</run_address>
         <size>0x144</size>
         <input_file_ref idref="fl-d1"/>
      </object_component>
      <object_component id="oc-192">
         <name>.debug_info</name>
         <load_address>0x111af</load_address>
         <run_address>0x111af</run_address>
         <size>0x102</size>
         <input_file_ref idref="fl-d1"/>
      </object_component>
      <object_component id="oc-216">
         <name>.debug_info</name>
         <load_address>0x112b1</load_address>
         <run_address>0x112b1</run_address>
         <size>0x18f</size>
         <input_file_ref idref="fl-d1"/>
      </object_component>
      <object_component id="oc-81">
         <name>.debug_info</name>
         <load_address>0x11440</load_address>
         <run_address>0x11440</run_address>
         <size>0x3b2</size>
         <input_file_ref idref="fl-d2"/>
      </object_component>
      <object_component id="oc-2a">
         <name>.debug_info</name>
         <load_address>0x117f2</load_address>
         <run_address>0x117f2</run_address>
         <size>0x10c</size>
         <input_file_ref idref="fl-d2"/>
      </object_component>
      <object_component id="oc-348">
         <name>.debug_info</name>
         <load_address>0x118fe</load_address>
         <run_address>0x118fe</run_address>
         <size>0x13f</size>
         <input_file_ref idref="fl-d2"/>
      </object_component>
      <object_component id="oc-22a">
         <name>.debug_info</name>
         <load_address>0x11a3d</load_address>
         <run_address>0x11a3d</run_address>
         <size>0x168</size>
         <input_file_ref idref="fl-d2"/>
      </object_component>
      <object_component id="oc-2d2">
         <name>.debug_info</name>
         <load_address>0x11ba5</load_address>
         <run_address>0x11ba5</run_address>
         <size>0x18e</size>
         <input_file_ref idref="fl-d2"/>
      </object_component>
      <object_component id="oc-2d7">
         <name>.debug_info</name>
         <load_address>0x11d33</load_address>
         <run_address>0x11d33</run_address>
         <size>0x19f</size>
         <input_file_ref idref="fl-d2"/>
      </object_component>
      <object_component id="oc-223">
         <name>.debug_info</name>
         <load_address>0x11ed2</load_address>
         <run_address>0x11ed2</run_address>
         <size>0x203</size>
         <input_file_ref idref="fl-d2"/>
      </object_component>
      <object_component id="oc-34d">
         <name>.debug_info</name>
         <load_address>0x120d5</load_address>
         <run_address>0x120d5</run_address>
         <size>0x1db</size>
         <input_file_ref idref="fl-d2"/>
      </object_component>
      <object_component id="oc-2de">
         <name>.debug_info</name>
         <load_address>0x122b0</load_address>
         <run_address>0x122b0</run_address>
         <size>0x299</size>
         <input_file_ref idref="fl-d2"/>
      </object_component>
      <object_component id="oc-11e">
         <name>.debug_info</name>
         <load_address>0x12549</load_address>
         <run_address>0x12549</run_address>
         <size>0xb2</size>
         <input_file_ref idref="fl-d2"/>
      </object_component>
      <object_component id="oc-2d">
         <name>.debug_info</name>
         <load_address>0x125fb</load_address>
         <run_address>0x125fb</run_address>
         <size>0x10b</size>
         <input_file_ref idref="fl-d3"/>
      </object_component>
      <object_component id="oc-5a">
         <name>.debug_info</name>
         <load_address>0x12706</load_address>
         <run_address>0x12706</run_address>
         <size>0x1a9</size>
         <input_file_ref idref="fl-d3"/>
      </object_component>
      <object_component id="oc-338">
         <name>.debug_info</name>
         <load_address>0x128af</load_address>
         <run_address>0x128af</run_address>
         <size>0x402</size>
         <input_file_ref idref="fl-d4"/>
      </object_component>
      <object_component id="oc-2ae">
         <name>.debug_info</name>
         <load_address>0x12cb1</load_address>
         <run_address>0x12cb1</run_address>
         <size>0x245</size>
         <input_file_ref idref="fl-d4"/>
      </object_component>
      <object_component id="oc-328">
         <name>.debug_info</name>
         <load_address>0x12ef6</load_address>
         <run_address>0x12ef6</run_address>
         <size>0x120</size>
         <input_file_ref idref="fl-d4"/>
      </object_component>
      <object_component id="oc-20d">
         <name>.debug_info</name>
         <load_address>0x13016</load_address>
         <run_address>0x13016</run_address>
         <size>0x445</size>
         <input_file_ref idref="fl-d5"/>
      </object_component>
      <object_component id="oc-17a">
         <name>.debug_info</name>
         <load_address>0x1345b</load_address>
         <run_address>0x1345b</run_address>
         <size>0x2db</size>
         <input_file_ref idref="fl-d5"/>
      </object_component>
      <object_component id="oc-2a6">
         <name>.debug_info</name>
         <load_address>0x13736</load_address>
         <run_address>0x13736</run_address>
         <size>0xea</size>
         <input_file_ref idref="fl-d5"/>
      </object_component>
      <object_component id="oc-2a1">
         <name>.debug_info</name>
         <load_address>0x13820</load_address>
         <run_address>0x13820</run_address>
         <size>0x2c</size>
         <input_file_ref idref="fl-d5"/>
      </object_component>
      <object_component id="oc-2cf">
         <name>.debug_info</name>
         <load_address>0x1384c</load_address>
         <run_address>0x1384c</run_address>
         <size>0x3a5</size>
         <input_file_ref idref="fl-d6"/>
      </object_component>
      <object_component id="oc-21d">
         <name>.debug_info</name>
         <load_address>0x13bf1</load_address>
         <run_address>0x13bf1</run_address>
         <size>0x1f3</size>
         <input_file_ref idref="fl-d6"/>
      </object_component>
      <object_component id="oc-340">
         <name>.debug_info</name>
         <load_address>0x13de4</load_address>
         <run_address>0x13de4</run_address>
         <size>0x347</size>
         <input_file_ref idref="fl-d7"/>
      </object_component>
      <object_component id="oc-2bf">
         <name>.debug_info</name>
         <load_address>0x1412b</load_address>
         <run_address>0x1412b</run_address>
         <size>0x18a</size>
         <input_file_ref idref="fl-d7"/>
      </object_component>
      <object_component id="oc-26f">
         <name>.debug_info</name>
         <load_address>0x142b5</load_address>
         <run_address>0x142b5</run_address>
         <size>0x42c</size>
         <input_file_ref idref="fl-d8"/>
      </object_component>
      <object_component id="oc-1ff">
         <name>.debug_info</name>
         <load_address>0x146e1</load_address>
         <run_address>0x146e1</run_address>
         <size>0x192</size>
         <input_file_ref idref="fl-d8"/>
      </object_component>
      <object_component id="oc-331">
         <name>.debug_info</name>
         <load_address>0x14873</load_address>
         <run_address>0x14873</run_address>
         <size>0x1eb</size>
         <input_file_ref idref="fl-d8"/>
      </object_component>
      <object_component id="oc-3d">
         <name>.debug_info</name>
         <load_address>0x14a5e</load_address>
         <run_address>0x14a5e</run_address>
         <size>0x119</size>
         <input_file_ref idref="fl-d9"/>
      </object_component>
      <object_component id="oc-1de">
         <name>.debug_info</name>
         <load_address>0x14b77</load_address>
         <run_address>0x14b77</run_address>
         <size>0x4b3</size>
         <input_file_ref idref="fl-da"/>
      </object_component>
      <object_component id="oc-143">
         <name>.debug_info</name>
         <load_address>0x1502a</load_address>
         <run_address>0x1502a</run_address>
         <size>0x1a6</size>
         <input_file_ref idref="fl-da"/>
      </object_component>
      <object_component id="oc-257">
         <name>.debug_info</name>
         <load_address>0x151d0</load_address>
         <run_address>0x151d0</run_address>
         <size>0x39</size>
         <input_file_ref idref="fl-da"/>
      </object_component>
      <object_component id="oc-2ec">
         <name>.debug_info</name>
         <load_address>0x15209</load_address>
         <run_address>0x15209</run_address>
         <size>0x39</size>
         <input_file_ref idref="fl-da"/>
      </object_component>
      <object_component id="oc-25c">
         <name>.debug_info</name>
         <load_address>0x15242</load_address>
         <run_address>0x15242</run_address>
         <size>0x39</size>
         <input_file_ref idref="fl-da"/>
      </object_component>
      <object_component id="oc-261">
         <name>.debug_info</name>
         <load_address>0x1527b</load_address>
         <run_address>0x1527b</run_address>
         <size>0xcd</size>
         <input_file_ref idref="fl-da"/>
      </object_component>
      <object_component id="oc-a1">
         <name>.debug_info</name>
         <load_address>0x15348</load_address>
         <run_address>0x15348</run_address>
         <size>0x153</size>
         <input_file_ref idref="fl-db"/>
      </object_component>
      <object_component id="oc-38c">
         <name>.debug_info</name>
         <load_address>0x1549b</load_address>
         <run_address>0x1549b</run_address>
         <size>0x29a</size>
         <input_file_ref idref="fl-de"/>
      </object_component>
      <object_component id="oc-36e">
         <name>.debug_info</name>
         <load_address>0x15735</load_address>
         <run_address>0x15735</run_address>
         <size>0x262</size>
         <input_file_ref idref="fl-de"/>
      </object_component>
      <object_component id="oc-2f9">
         <name>.debug_info</name>
         <load_address>0x15997</load_address>
         <run_address>0x15997</run_address>
         <size>0x28a</size>
         <input_file_ref idref="fl-df"/>
      </object_component>
      <object_component id="oc-269">
         <name>.debug_info</name>
         <load_address>0x15c21</load_address>
         <run_address>0x15c21</run_address>
         <size>0x273</size>
         <input_file_ref idref="fl-df"/>
      </object_component>
      <object_component id="oc-271">
         <name>.debug_info</name>
         <load_address>0x15e94</load_address>
         <run_address>0x15e94</run_address>
         <size>0x2af</size>
         <input_file_ref idref="fl-e0"/>
      </object_component>
      <object_component id="oc-203">
         <name>.debug_info</name>
         <load_address>0x16143</load_address>
         <run_address>0x16143</run_address>
         <size>0x277</size>
         <input_file_ref idref="fl-e0"/>
      </object_component>
      <object_component id="oc-379">
         <name>.debug_info</name>
         <load_address>0x163ba</load_address>
         <run_address>0x163ba</run_address>
         <size>0x397</size>
         <input_file_ref idref="fl-e1"/>
      </object_component>
      <object_component id="oc-33b">
         <name>.debug_info</name>
         <load_address>0x16751</load_address>
         <run_address>0x16751</run_address>
         <size>0x18f</size>
         <input_file_ref idref="fl-e1"/>
      </object_component>
      <object_component id="oc-29e">
         <name>.debug_info</name>
         <load_address>0x168e0</load_address>
         <run_address>0x168e0</run_address>
         <size>0x337</size>
         <input_file_ref idref="fl-e2"/>
      </object_component>
      <object_component id="oc-20a">
         <name>.debug_info</name>
         <load_address>0x16c17</load_address>
         <run_address>0x16c17</run_address>
         <size>0x109</size>
         <input_file_ref idref="fl-e2"/>
      </object_component>
      <object_component id="oc-335">
         <name>.debug_info</name>
         <load_address>0x16d20</load_address>
         <run_address>0x16d20</run_address>
         <size>0x109</size>
         <input_file_ref idref="fl-e2"/>
      </object_component>
      <object_component id="oc-342">
         <name>.debug_info</name>
         <load_address>0x16e29</load_address>
         <run_address>0x16e29</run_address>
         <size>0x3cf</size>
         <input_file_ref idref="fl-e4"/>
      </object_component>
      <object_component id="oc-2c2">
         <name>.debug_info</name>
         <load_address>0x171f8</load_address>
         <run_address>0x171f8</run_address>
         <size>0x195</size>
         <input_file_ref idref="fl-e4"/>
      </object_component>
      <object_component id="oc-344">
         <name>.debug_info</name>
         <load_address>0x1738d</load_address>
         <run_address>0x1738d</run_address>
         <size>0x3d1</size>
         <input_file_ref idref="fl-e5"/>
      </object_component>
      <object_component id="oc-2c8">
         <name>.debug_info</name>
         <load_address>0x1775e</load_address>
         <run_address>0x1775e</run_address>
         <size>0x1a5</size>
         <input_file_ref idref="fl-e5"/>
      </object_component>
      <object_component id="oc-315">
         <name>.debug_info</name>
         <load_address>0x17903</load_address>
         <run_address>0x17903</run_address>
         <size>0x373</size>
         <input_file_ref idref="fl-e6"/>
      </object_component>
      <object_component id="oc-27c">
         <name>.debug_info</name>
         <load_address>0x17c76</load_address>
         <run_address>0x17c76</run_address>
         <size>0x1bc</size>
         <input_file_ref idref="fl-e6"/>
      </object_component>
      <object_component id="oc-31b">
         <name>.debug_info</name>
         <load_address>0x17e32</load_address>
         <run_address>0x17e32</run_address>
         <size>0x378</size>
         <input_file_ref idref="fl-e7"/>
      </object_component>
      <object_component id="oc-28d">
         <name>.debug_info</name>
         <load_address>0x181aa</load_address>
         <run_address>0x181aa</run_address>
         <size>0x210</size>
         <input_file_ref idref="fl-e7"/>
      </object_component>
      <object_component id="oc-311">
         <name>.debug_info</name>
         <load_address>0x183ba</load_address>
         <run_address>0x183ba</run_address>
         <size>0x3a3</size>
         <input_file_ref idref="fl-e8"/>
      </object_component>
      <object_component id="oc-273">
         <name>.debug_info</name>
         <load_address>0x1875d</load_address>
         <run_address>0x1875d</run_address>
         <size>0x20c</size>
         <input_file_ref idref="fl-e8"/>
      </object_component>
      <object_component id="oc-317">
         <name>.debug_info</name>
         <load_address>0x18969</load_address>
         <run_address>0x18969</run_address>
         <size>0x377</size>
         <input_file_ref idref="fl-e9"/>
      </object_component>
      <object_component id="oc-280">
         <name>.debug_info</name>
         <load_address>0x18ce0</load_address>
         <run_address>0x18ce0</run_address>
         <size>0x1fb</size>
         <input_file_ref idref="fl-e9"/>
      </object_component>
      <object_component id="oc-325">
         <name>.debug_info</name>
         <load_address>0x18edb</load_address>
         <run_address>0x18edb</run_address>
         <size>0x3d5</size>
         <input_file_ref idref="fl-ea"/>
      </object_component>
      <object_component id="oc-299">
         <name>.debug_info</name>
         <load_address>0x192b0</load_address>
         <run_address>0x192b0</run_address>
         <size>0x236</size>
         <input_file_ref idref="fl-ea"/>
      </object_component>
      <object_component id="oc-31d">
         <name>.debug_info</name>
         <load_address>0x194e6</load_address>
         <run_address>0x194e6</run_address>
         <size>0x396</size>
         <input_file_ref idref="fl-eb"/>
      </object_component>
      <object_component id="oc-293">
         <name>.debug_info</name>
         <load_address>0x1987c</load_address>
         <run_address>0x1987c</run_address>
         <size>0x1c6</size>
         <input_file_ref idref="fl-eb"/>
      </object_component>
      <object_component id="oc-319">
         <name>.debug_info</name>
         <load_address>0x19a42</load_address>
         <run_address>0x19a42</run_address>
         <size>0x378</size>
         <input_file_ref idref="fl-ec"/>
      </object_component>
      <object_component id="oc-285">
         <name>.debug_info</name>
         <load_address>0x19dba</load_address>
         <run_address>0x19dba</run_address>
         <size>0x200</size>
         <input_file_ref idref="fl-ec"/>
      </object_component>
      <object_component id="oc-35b">
         <name>.debug_info</name>
         <load_address>0x19fba</load_address>
         <run_address>0x19fba</run_address>
         <size>0x2bb</size>
         <input_file_ref idref="fl-ed"/>
      </object_component>
      <object_component id="oc-358">
         <name>.debug_info</name>
         <load_address>0x1a275</load_address>
         <run_address>0x1a275</run_address>
         <size>0x108</size>
         <input_file_ref idref="fl-ed"/>
      </object_component>
      <object_component id="oc-305">
         <name>.debug_info</name>
         <load_address>0x1a37d</load_address>
         <run_address>0x1a37d</run_address>
         <size>0x1df</size>
         <input_file_ref idref="fl-ed"/>
      </object_component>
      <object_component id="oc-30c">
         <name>.debug_info</name>
         <load_address>0x1a55c</load_address>
         <run_address>0x1a55c</run_address>
         <size>0x19a</size>
         <input_file_ref idref="fl-ed"/>
      </object_component>
      <object_component id="oc-36a">
         <name>.debug_info</name>
         <load_address>0x1a6f6</load_address>
         <run_address>0x1a6f6</run_address>
         <size>0x2a4</size>
         <input_file_ref idref="fl-ee"/>
      </object_component>
      <object_component id="oc-320">
         <name>.debug_info</name>
         <load_address>0x1a99a</load_address>
         <run_address>0x1a99a</run_address>
         <size>0x24d</size>
         <input_file_ref idref="fl-ee"/>
      </object_component>
      <object_component id="oc-356">
         <name>.debug_info</name>
         <load_address>0x1abe7</load_address>
         <run_address>0x1abe7</run_address>
         <size>0x28f</size>
         <input_file_ref idref="fl-ef"/>
      </object_component>
      <object_component id="oc-2ff">
         <name>.debug_info</name>
         <load_address>0x1ae76</load_address>
         <run_address>0x1ae76</run_address>
         <size>0x245</size>
         <input_file_ref idref="fl-ef"/>
      </object_component>
      <object_component id="oc-3c7">
         <name>.debug_info</name>
         <load_address>0x1b0bb</load_address>
         <run_address>0x1b0bb</run_address>
         <size>0xd8</size>
      </object_component>
      <object_component id="oc-246">
         <name>.debug_line</name>
         <load_address>0x0</load_address>
         <run_address>0x0</run_address>
         <size>0x30</size>
         <input_file_ref idref="fl-2"/>
      </object_component>
      <object_component id="oc-e0">
         <name>.debug_line</name>
         <load_address>0x30</load_address>
         <run_address>0x30</run_address>
         <size>0x6f</size>
         <input_file_ref idref="fl-2"/>
      </object_component>
      <object_component id="oc-1aa">
         <name>.debug_line</name>
         <load_address>0x9f</load_address>
         <run_address>0x9f</run_address>
         <size>0x58</size>
         <input_file_ref idref="fl-2"/>
      </object_component>
      <object_component id="oc-1af">
         <name>.debug_line</name>
         <load_address>0xf7</load_address>
         <run_address>0xf7</run_address>
         <size>0x5b</size>
         <input_file_ref idref="fl-2"/>
      </object_component>
      <object_component id="oc-115">
         <name>.debug_line</name>
         <load_address>0x152</load_address>
         <run_address>0x152</run_address>
         <size>0x6f</size>
         <input_file_ref idref="fl-2"/>
      </object_component>
      <object_component id="oc-38">
         <name>.debug_line</name>
         <load_address>0x1c1</load_address>
         <run_address>0x1c1</run_address>
         <size>0x20</size>
         <input_file_ref idref="fl-2"/>
      </object_component>
      <object_component id="oc-1cc">
         <name>.debug_line</name>
         <load_address>0x1e1</load_address>
         <run_address>0x1e1</run_address>
         <size>0x73</size>
         <input_file_ref idref="fl-2"/>
      </object_component>
      <object_component id="oc-101">
         <name>.debug_line</name>
         <load_address>0x254</load_address>
         <run_address>0x254</run_address>
         <size>0x70</size>
         <input_file_ref idref="fl-2"/>
      </object_component>
      <object_component id="oc-240">
         <name>.debug_line</name>
         <load_address>0x2c4</load_address>
         <run_address>0x2c4</run_address>
         <size>0x2e</size>
         <input_file_ref idref="fl-3"/>
      </object_component>
      <object_component id="oc-ca">
         <name>.debug_line</name>
         <load_address>0x2f2</load_address>
         <run_address>0x2f2</run_address>
         <size>0xfb</size>
         <input_file_ref idref="fl-3"/>
      </object_component>
      <object_component id="oc-db">
         <name>.debug_line</name>
         <load_address>0x3ed</load_address>
         <run_address>0x3ed</run_address>
         <size>0xaf</size>
         <input_file_ref idref="fl-4"/>
      </object_component>
      <object_component id="oc-242">
         <name>.debug_line</name>
         <load_address>0x49c</load_address>
         <run_address>0x49c</run_address>
         <size>0x20</size>
         <input_file_ref idref="fl-6"/>
[...]
      </symbol>
      <symbol id="sm-38f">
         <name>OPT3101_Setup</name>
         <value>0x1389</value>
         <object_component_ref idref="oc-76"/>
      </symbol>
      <symbol id="sm-390">
         <name>OPT3101_MeasurementError</name>
         <value>0x15fb</value>
         <object_component_ref idref="oc-76"/>
      </symbol>
      <symbol id="sm-391">
         <name>OPT3101_ArmInterrupts</name>
         <value>0x16f3</value>
         <object_component_ref idref="oc-76"/>
      </symbol>
      <symbol id="sm-392">
         <name>OPT3101_ReadRegister</name>
         <value>0x12c1</value>
         <object_component_ref idref="oc-76"/>
      </symbol>
      <symbol id="sm-393">
         <name>OPT3101_GetDistanceMillimeters</name>
         <value>0x1643</value>
         <object_component_ref idref="oc-76"/>
      </symbol>
      <symbol id="sm-394">
         <name>OPT3101_Init</name>
         <value>0x132b</value>
         <object_component_ref idref="oc-76"/>
      </symbol>
      <symbol id="sm-395">
         <name>OPT3101_GetAmplitude</name>
         <value>0x1625</value>
         <object_component_ref idref="oc-76"/>
      </symbol>
      <symbol id="sm-396">
         <name>PORT6_IRQHandler</name>
         <value>0x1749</value>
         <object_component_ref idref="oc-76"/>
      </symbol>
      <symbol id="sm-397">
         <name>OPT3101_StartMeasurementChannel</name>
         <value>0x15a3</value>
         <object_component_ref idref="oc-76"/>
      </symbol>
      <symbol id="sm-398">
         <name>OPT3101_GetPhase</name>
         <value>0x1639</value>
         <object_component_ref idref="oc-76"/>
      </symbol>
      <symbol id="sm-399">
         <name>OPT3101_WriteRegister</name>
         <value>0x12f1</value>
         <object_component_ref idref="oc-76"/>
      </symbol>
      <symbol id="sm-39a">
         <name>OPT3101_GetTxChannel</name>
         <value>0x161b</value>
         <object_component_ref idref="oc-76"/>
      </symbol>
      <symbol id="sm-3af">
         <name>Reset_Handler</name>
         <value>0x3681</value>
         <object_component_ref idref="oc-6a"/>
      </symbol>
      <symbol id="sm-3b0">
         <name>Default_Handler</name>
         <value>0x368d</value>
         <object_component_ref idref="oc-6a"/>
      </symbol>
      <symbol id="sm-3b1">
         <name>interruptVectors</name>
         <value>0x0</value>
         <object_component_ref idref="oc-26"/>
      </symbol>
      <symbol id="sm-3f9">
         <name>SystemInit</name>
         <value>0x21ed</value>
         <object_component_ref idref="oc-b2"/>
      </symbol>
      <symbol id="sm-3fa">
         <name>SystemCoreClockUpdate</name>
         <value>0x1f75</value>
         <object_component_ref idref="oc-b2"/>
      </symbol>
      <symbol id="sm-3fb">
         <name>SystemCoreClock</name>
         <value>0x20003888</value>
         <object_component_ref idref="oc-171"/>
      </symbol>
      <symbol id="sm-457">
         <name>__TI_cleanup</name>
         <value>0x3461</value>
         <object_component_ref idref="oc-22d"/>
      </symbol>
      <symbol id="sm-458">
         <name>freopen</name>
         <value>0x34fd</value>
         <object_component_ref idref="oc-185"/>
      </symbol>
      <symbol id="sm-459">
         <name>fopen</name>
         <value>0x2d0d</value>
         <object_component_ref idref="oc-17f"/>
      </symbol>
      <symbol id="sm-47a">
         <name>setvbuf</name>
         <value>0x2a01</value>
         <object_component_ref idref="oc-18b"/>
      </symbol>
      <symbol id="sm-489">
         <name>__aeabi_memset</name>
         <value>0x2e47</value>
         <object_component_ref idref="oc-9a"/>
      </symbol>
      <symbol id="sm-48a">
         <name>memset</name>
         <value>0x2e4d</value>
         <object_component_ref idref="oc-9a"/>
      </symbol>
      <symbol id="sm-48b">
         <name>__aeabi_memset8</name>
         <value>0x2e47</value>
         <object_component_ref idref="oc-9a"/>
      </symbol>
      <symbol id="sm-48c">
         <name>__aeabi_memset4</name>
         <value>0x2e47</value>
         <object_component_ref idref="oc-9a"/>
      </symbol>
      <symbol id="sm-48d">
         <name>__aeabi_memclr8</name>
         <value>0x2e45</value>
         <object_component_ref idref="oc-9a"/>
      </symbol>
      <symbol id="sm-48e">
         <name>__aeabi_memclr4</name>
         <value>0x2e45</value>
         <object_component_ref idref="oc-9a"/>
      </symbol>
      <symbol id="sm-48f">
         <name>__aeabi_memclr</name>
         <value>0x2e45</value>
         <object_component_ref idref="oc-9a"/>
      </symbol>
      <symbol id="sm-4a6">
         <name>__TI_zero_init</name>
         <value>0x368f</value>
         <object_component_ref idref="oc-4c"/>
      </symbol>
      <symbol id="sm-4bd">
         <name>__TI_decompress_none</name>
         <value>0x3673</value>
         <object_component_ref idref="oc-1d"/>
      </symbol>
      <symbol id="sm-4e0">
         <name>__TI_decompress_lzss</name>
         <value>0x3079</value>
         <object_component_ref idref="oc-17"/>
      </symbol>
      <symbol id="sm-506">
         <name>C$$EXIT</name>
         <value>0x36a7</value>
         <object_component_ref idref="oc-133"/>
      </symbol>
      <symbol id="sm-507">
         <name>abort</name>
         <value>0x36a7</value>
         <object_component_ref idref="oc-133"/>
      </symbol>
      <symbol id="sm-508">
         <name>__TI_dtors_ptr</name>
         <value>0x20003864</value>
         <object_component_ref idref="oc-1d4"/>
      </symbol>
      <symbol id="sm-509">
         <name>__TI_cleanup_ptr</name>
         <value>0x20003860</value>
         <object_component_ref idref="oc-1d4"/>
      </symbol>
      <symbol id="sm-50a">
         <name>__TI_enable_exit_profile_output</name>
         <value>0x20003868</value>
         <object_component_ref idref="oc-1d4"/>
      </symbol>
      <symbol id="sm-50b">
         <name>exit</name>
         <value>0x3299</value>
         <object_component_ref idref="oc-139"/>
      </symbol>
      <symbol id="sm-520">
         <name>_nop</name>
         <value>0x2ebf</value>
         <object_component_ref idref="oc-249"/>
      </symbol>
      <symbol id="sm-521">
         <name>_lock</name>
         <value>0x2000386c</value>
         <object_component_ref idref="oc-1d7"/>
      </symbol>
      <symbol id="sm-522">
         <name>_unlock</name>
         <value>0x20003870</value>
         <object_component_ref idref="oc-1d7"/>
      </symbol>
      <symbol id="sm-537">
         <name>__TI_tmpnams</name>
         <value>0x20003120</value>
      </symbol>
      <symbol id="sm-538">
         <name>__aeabi_stdout</name>
         <value>0x20003858</value>
         <object_component_ref idref="oc-215"/>
      </symbol>
      <symbol id="sm-539">
         <name>__aeabi_stderr</name>
         <value>0x2000385c</value>
         <object_component_ref idref="oc-215"/>
      </symbol>
      <symbol id="sm-53a">
         <name>__aeabi_stdin</name>
         <value>0x20003854</value>
         <object_component_ref idref="oc-215"/>
      </symbol>
      <symbol id="sm-53b">
         <name>_ftable</name>
         <value>0x20003670</value>
         <object_component_ref idref="oc-191"/>
      </symbol>
      <symbol id="sm-53c">
         <name>__TI_ft_end</name>
         <value>0x20003850</value>
         <object_component_ref idref="oc-215"/>
      </symbol>
      <symbol id="sm-5c0">
         <name>_sys_memory</name>
         <value>0x20003270</value>
         <object_component_ref idref="oc-29"/>
      </symbol>
      <symbol id="sm-5c1">
         <name>free</name>
         <value>0x291d</value>
         <object_component_ref idref="oc-221"/>
      </symbol>
      <symbol id="sm-5c2">
         <name>memalign</name>
         <value>0x2725</value>
         <object_component_ref idref="oc-2dd"/>
      </symbol>
      <symbol id="sm-5c3">
         <name>malloc</name>
         <value>0x369b</value>
         <object_component_ref idref="oc-227"/>
      </symbol>
      <symbol id="sm-5c4">
         <name>aligned_alloc</name>
         <value>0x2725</value>
         <object_component_ref idref="oc-2dd"/>
      </symbol>
      <symbol id="sm-5d7">
         <name>__stack</name>
         <value>0x2000fe00</value>
         <object_component_ref idref="oc-2c"/>
      </symbol>
      <symbol id="sm-5d8">
         <name>_c_int00_noargs</name>
         <value>0x34c9</value>
         <object_component_ref idref="oc-58"/>
      </symbol>
      <symbol id="sm-5fa">
         <name>open</name>
         <value>0x2b99</value>
         <object_component_ref idref="oc-2ab"/>
      </symbol>
      <symbol id="sm-61f">
         <name>add_device</name>
         <value>0x2c55</value>
         <object_component_ref idref="oc-179"/>
      </symbol>
      <symbol id="sm-634">
         <name>__TI_closefile</name>
         <value>0x2ec1</value>
         <object_component_ref idref="oc-21a"/>
      </symbol>
      <symbol id="sm-644">
         <name>__TI_doflush</name>
         <value>0x324d</value>
         <object_component_ref idref="oc-2bb"/>
      </symbol>
      <symbol id="sm-662">
         <name>finddevice</name>
         <value>0x3531</value>
         <object_component_ref idref="oc-1fc"/>
      </symbol>
      <symbol id="sm-663">
         <name>getdevice</name>
         <value>0x33ad</value>
         <object_component_ref idref="oc-32d"/>
      </symbol>
      <symbol id="sm-67e">
         <name>memcpy</name>
         <value>0x2da9</value>
         <object_component_ref idref="oc-3a"/>
      </symbol>
      <symbol id="sm-67f">
         <name>__aeabi_memcpy</name>
         <value>0x2da9</value>
         <object_component_ref idref="oc-3a"/>
      </symbol>
      <symbol id="sm-680">
         <name>__aeabi_memcpy8</name>
         <value>0x2da9</value>
         <object_component_ref idref="oc-3a"/>
      </symbol>
      <symbol id="sm-681">
         <name>__aeabi_memcpy4</name>
         <value>0x2da9</value>
         <object_component_ref idref="oc-3a"/>
      </symbol>
      <symbol id="sm-6a9">
         <name>__TI_auto_init_nobinit_nopinit</name>
         <value>0x3369</value>
         <object_component_ref idref="oc-13f"/>
      </symbol>
      <symbol id="sm-6b3">
         <name>_system_pre_init</name>
         <value>0x36a3</value>
         <object_component_ref idref="oc-a0"/>
      </symbol>
      <symbol id="sm-6c5">
         <name>strchr</name>
         <value>0x3635</value>
         <object_component_ref idref="oc-36d"/>
      </symbol>
      <symbol id="sm-6d4">
         <name>strcmp</name>
         <value>0x361d</value>
         <object_component_ref idref="oc-268"/>
      </symbol>
      <symbol id="sm-6e4">
         <name>strncpy</name>
         <value>0x3429</value>
         <object_component_ref idref="oc-202"/>
      </symbol>
      <symbol id="sm-6f4">
         <name>write</name>
         <value>0x35b5</value>
         <object_component_ref idref="oc-339"/>
      </symbol>
      <symbol id="sm-705">
         <name>_stream</name>
         <value>0x200037d8</value>
         <object_component_ref idref="oc-334"/>
      </symbol>
      <symbol id="sm-706">
         <name>_device</name>
         <value>0x20003760</value>
         <object_component_ref idref="oc-209"/>
      </symbol>
      <symbol id="sm-71b">
         <name>close</name>
         <value>0x3141</value>
         <object_component_ref idref="oc-2c1"/>
      </symbol>
      <symbol id="sm-72b">
         <name>unlink</name>
         <value>0x3561</value>
         <object_component_ref idref="oc-2c7"/>
      </symbol>
      <symbol id="sm-73c">
         <name>HOSTclose</name>
         <value>0x32e1</value>
         <object_component_ref idref="oc-278"/>
      </symbol>
      <symbol id="sm-74d">
         <name>HOSTlseek</name>
         <value>0x3011</value>
         <object_component_ref idref="oc-28a"/>
      </symbol>
      <symbol id="sm-75f">
         <name>parmbuf</name>
         <value>0x20003200</value>
      </symbol>
      <symbol id="sm-760">
         <name>HOSTopen</name>
         <value>0x30e1</value>
         <object_component_ref idref="oc-272"/>
      </symbol>
      <symbol id="sm-771">
         <name>HOSTread</name>
         <value>0x319d</value>
         <object_component_ref idref="oc-27e"/>
      </symbol>
      <symbol id="sm-782">
         <name>HOSTrename</name>
         <value>0x2fa5</value>
         <object_component_ref idref="oc-296"/>
      </symbol>
      <symbol id="sm-793">
         <name>HOSTunlink</name>
         <value>0x3325</value>
         <object_component_ref idref="oc-290"/>
      </symbol>
      <symbol id="sm-7a4">
         <name>HOSTwrite</name>
         <value>0x31f5</value>
         <object_component_ref idref="oc-284"/>
      </symbol>
      <symbol id="sm-7c8">
         <name>__TI_readmsg</name>
         <value>0x3495</value>
         <object_component_ref idref="oc-30a"/>
      </symbol>
      <symbol id="sm-7c9">
         <name>C$$IO$$</name>
         <value>0x341f</value>
         <object_component_ref idref="oc-304"/>
      </symbol>
      <symbol id="sm-7ca">
         <name>__CIOBUF_</name>
         <value>0x20003000</value>
         <object_component_ref idref="oc-357"/>
      </symbol>
      <symbol id="sm-7cb">
         <name>__TI_writemsg</name>
         <value>0x33f1</value>
         <object_component_ref idref="oc-304"/>
      </symbol>
      <symbol id="sm-7d9">
         <name>strcpy</name>
         <value>0x364b</value>
         <object_component_ref idref="oc-31e"/>
      </symbol>
      <symbol id="sm-7e7">
         <name>strlen</name>
         <value>0x365f</value>
         <object_component_ref idref="oc-2fe"/>
      </symbol>
      <symbol id="sm-7e8">
         <name>__TI_static_base__</name>
         <value>0x0</value>
      </symbol>
      <symbol id="sm-7eb">
         <name>__mpu_init</name>
         <value>0x0</value>
      </symbol>
      <symbol id="sm-7ec">
         <name>_system_post_cinit</name>
         <value>0x0</value>
      </symbol>
      <symbol id="sm-7ed">
         <name>NMI_Handler</name>
         <value>0x368d</value>
      </symbol>
      <symbol id="sm-7ee">
         <name>HardFault_Handler</name>
         <value>0x368d</value>
      </symbol>
      <symbol id="sm-7ef">
         <name>MemManage_Handler</name>
         <value>0x368d</value>
      </symbol>
      <symbol id="sm-7f0">
         <name>BusFault_Handler</name>
         <value>0x368d</value>
      </symbol>
      <symbol id="sm-7f1">
         <name>UsageFault_Handler</name>
         <value>0x368d</value>
      </symbol>
      <symbol id="sm-7f2">
         <name>SVC_Handler</name>
         <value>0x368d</value>
      </symbol>
      <symbol id="sm-7f3">
         <name>DebugMon_Handler</name>
         <value>0x368d</value>
      </symbol>
      <symbol id="sm-7f4">
         <name>PendSV_Handler</name>
         <value>0x368d</value>
      </symbol>
      <symbol id="sm-7f5">
         <name>SysTick_Handler</name>
         <value>0x368d</value>
      </symbol>
      <symbol id="sm-7f6">
         <name>PSS_IRQHandler</name>
         <value>0x368d</value>
      </symbol>
      <symbol id="sm-7f7">
         <name>CS_IRQHandler</name>
         <value>0x368d</value>
      </symbol>
      <symbol id="sm-7f8">
         <name>PCM_IRQHandler</name>
         <value>0x368d</value>
      </symbol>
      <symbol id="sm-7f9">
         <name>WDT_A_IRQHandler</name>
         <value>0x368d</value>
      </symbol>
      <symbol id="sm-7fa">
         <name>FPU_IRQHandler</name>
         <value>0x368d</value>
      </symbol>
      <symbol id="sm-7fb">
         <name>FLCTL_IRQHandler</name>
         <value>0x368d</value>
      </symbol>
      <symbol id="sm-7fc">
         <name>COMP_E0_IRQHandler</name>
         <value>0x368d</value>
      </symbol>
      <symbol id="sm-7fd">
         <name>COMP_E1_IRQHandler</name>
         <value>0x368d</value>
      </symbol>
      <symbol id="sm-7fe">
         <name>TA0_0_IRQHandler</name>
         <value>0x368d</value>
      </symbol>
      <symbol id="sm-7ff">
         <name>TA0_N_IRQHandler</name>
         <value>0x368d</value>
      </symbol>
      <symbol id="sm-800">
         <name>TA1_0_IRQHandler</name>
         <value>0x368d</value>
      </symbol>
      <symbol id="sm-801">
         <name>TA1_N_IRQHandler</name>
         <value>0x368d</value>
      </symbol>
      <symbol id="sm-802">
         <name>TA2_0_IRQHandler</name>
         <value>0x368d</value>
      </symbol>
      <symbol id="sm-803">
         <name>TA2_N_IRQHandler</name>
         <value>0x368d</value>
      </symbol>
      <symbol id="sm-804">
         <name>TA3_0_IRQHandler</name>
         <value>0x368d</value>
      </symbol>
      <symbol id="sm-805">
         <name>TA3_N_IRQHandler</name>
         <value>0x368d</value>
      </symbol>
      <symbol id="sm-806">
         <name>EUSCIA0_IRQHandler</name>
         <value>0x368d</value>
      </symbol>
      <symbol id="sm-807">
         <name>EUSCIA1_IRQHandler</name>
         <value>0x368d</value>
      </symbol>
      <symbol id="sm-808">
         <name>EUSCIA2_IRQHandler</name>
         <value>0x368d</value>
      </symbol>
      <symbol id="sm-809">
         <name>EUSCIA3_IRQHandler</name>
         <value>0x368d</value>
      </symbol>
      <symbol id="sm-80a">
         <name>EUSCIB0_IRQHandler</name>
         <value>0x368d</value>
      </symbol>
      <symbol id="sm-80b">
         <name>EUSCIB1_IRQHandler</name>
         <value>0x368d</value>
      </symbol>
      <symbol id="sm-80c">
         <name>EUSCIB2_IRQHandler</name>
         <value>0x368d</value>
      </symbol>
      <symbol id="sm-80d">
         <name>EUSCIB3_IRQHandler</name>
         <value>0x368d</value>
      </symbol>
      <symbol id="sm-80e">
         <name>ADC14_IRQHandler</name>
         <value>0x368d</value>
      </symbol>
      <symbol id="sm-80f">
         <name>T32_INT1_IRQHandler</name>
         <value>0x368d</value>
      </symbol>
      <symbol id="sm-810">
         <name>T32_INT2_IRQHandler</name>
         <value>0x368d</value>
      </symbol>
      <symbol id="sm-811">
         <name>T32_INTC_IRQHandler</name>
         <value>0x368d</value>
      </symbol>
      <symbol id="sm-812">
         <name>AES256_IRQHandler</name>
         <value>0x368d</value>
      </symbol>
      <symbol id="sm-813">
         <name>RTC_C_IRQHandler</name>
         <value>0x368d</value>
      </symbol>
      <symbol id="sm-814">
         <name>DMA_ERR_IRQHandler</name>
         <value>0x368d</value>
      </symbol>
      <symbol id="sm-815">
         <name>DMA_INT3_IRQHandler</name>
         <value>0x368d</value>
      </symbol>
      <symbol id="sm-816">
         <name>DMA_INT2_IRQHandler</name>
         <value>0x368d</value>
      </symbol>
      <symbol id="sm-817">
         <name>DMA_INT1_IRQHandler</name>
         <value>0x368d</value>
      </symbol>
      <symbol id="sm-818">
         <name>DMA_INT0_IRQHandler</name>
         <value>0x368d</value>
      </symbol>
      <symbol id="sm-819">
         <name>PORT1_IRQHandler</name>
         <value>0x368d</value>
      </symbol>
      <symbol id="sm-81a">
         <name>PORT2_IRQHandler</name>
         <value>0x368d</value>
      </symbol>
      <symbol id="sm-81b">
         <name>PORT3_IRQHandler</name>
         <value>0x368d</value>
      </symbol>
      <symbol id="sm-81c">
         <name>PORT4_IRQHandler</name>
         <value>0xf95</value>
      </symbol>
      <symbol id="sm-81d">
         <name>PORT5_IRQHandler</name>
         <value>0x368d</value>
      </symbol>
      <symbol id="sm-81e">
         <name>PORT6_IRQHandler</name>
         <value>0x1749</value>
      </symbol>
      <symbol id="sm-81f">
         <name>remove</name>
         <value>0x3561</value>
      </symbol>
   </symbol_table>
   <title>Link successful</title>
</link_info>
